üöÄ Uruchamianie aplikacji Eclesiar...
üìä Komenda: daily-report
üìÅ Katalog wyj≈õciowy: test_reports
‚è∞ Czas rozpoczƒôcia: 2025-09-08 09:35:05
------------------------------------------------------------
üìã Generowanie dziennego raportu...
üóÑÔ∏è Baza danych zainicjalizowana
üöÄ Start procesu: pobieranie danych i generowanie raportu...
‚ö° Zawsze pobieram ≈õwie≈ºe dane z API (cache wy≈ÇƒÖczony)
Pobieram ≈õwie≈ºe dane z API...
   0% [------------------------------] 0/1 ETA --:--Pobieranie danych: wojnach z URL: https://api.eclesiar.com/wars...
--- Dane o wojnach ---
{
  "code": 200,
  "description": "Success",
  "data": [
    {
      "id": 13217,
      "attackers": {
        "id": 32,
        "name": "Ukraine",
        "avatar": "https://storage.eclesiar.com/medias/657.svg?v=6d31da67eabbf9a2d233df29aa96f136"
      },
      "defenders": {
        "id": 18,
        "name": "Poland",
        "avatar": "https://storage.eclesiar.com/medias/628.svg?v=4bda60451676299d17c3b3cac63e41d7"
      },
      "region": {
        "id": 182,
        "name": "Chernihiv"
      },
      "attackers_score": 0,
      "defenders_score": 0,
      "current_round_number": 1,
      "current_round_id": 118945,
      "flags": {
        "is_revolution": 1
      }
    },
    {
      "id": 13216,
      "attackers": {
        "id": 28,
        "name": "Romania",
        "avatar": "https://storage.eclesiar.com/medias/638.svg?v=0ee27255285c3880c25ea770e0844f13"
      },
      "defenders": {
        "id": 18,
        "name": "Poland",
        "avatar": "https://storage.eclesiar.com/medias/628.svg?v=4bda60451676299d17c3b3cac63e41d7"
      },
      "region": {
        "id": 159,
        "name": "Iasi"
      },
      "attackers_score": 0,
      "defenders_score": 0,
      "current_round_number": 1,
      "current_round_id": 118936,
      "flags": {
        "is_revolution": 1
      }
    },
    {
      "id": 13215,
      "attackers": {
        "id": 18,
        "name": "Poland",
        "avatar": "https://storage.eclesiar.com/medias/628.svg?v=4bda60451676299d17c3b3cac63e41d7"
      },
      "defenders": {
        "id": 30,
        "name": "Bulgaria",
        "avatar": "https://storage.eclesiar.com/medias/639.svg?v=25c2ba700cc703b47c451adc0263b160"
      },
      "region": {
        "id": 168,
        "name": "Vidin"
      },
      "attackers_score": 0,
      "defenders_score": 0,
      "current_round_number": 1,
      "current_round_id": 118927,
      "flags": {
        "is_revolution": 0
      }
    },
    {
      "id": 13214,
      "attackers": {
        "id": 37,
        "name": "South Africa",
        "avatar": "https://storage.eclesiar.com/medias/668.svg?v=1ba7fa2cbef954aa43442e9b8c5bfbe2"
      },
      "defenders": {
        "id": 13,
        "name": "Portugal",
        "avatar": "https://storage.eclesiar.com/medias/619.svg?v=9f4d71de9d86404a517fcffaa46da2b6"
      },
      "region": {
        "id": 211,
        "name": "Cape Town"
      },
      "attackers_score": 0,
      "defenders_score": 2,
      "current_round_number": 3,
      "current_round_id": 118920,
      "flags": {
        "is_revolution": 1
      }
    },
    {
      "id": 13213,
      "attackers": {
        "id": -2,
        "name": "Black",
        "avatar": "https://storage.eclesiar.com/medias/placeholder_black_country.jpg"
      },
      "defenders": {
        "id": -1,
        "name": "White",
        "avatar": "https://storage.eclesiar.com/medias/placeholder_white_country.jpg"
      },
      "region": {
        "id": 0,
        "name": "Stadium"
      },
      "attackers_sc... (truncated)

 100% [##############################] 1/1 ETA 00:00 - Lista wojenPobieranie danych: rundach wojny 13217 z URL: https://api.eclesiar.com/war/rounds?war_id=13217...
Pobieranie danych: rundach wojny 13216 z URL: https://api.eclesiar.com/war/rounds?war_id=13216...
Pobieranie danych: rundach wojny 13215 z URL: https://api.eclesiar.com/war/rounds?war_id=13215...
Pobieranie danych: rundach wojny 13214 z URL: https://api.eclesiar.com/war/rounds?war_id=13214...
Pobieranie danych: rundach wojny 13213 z URL: https://api.eclesiar.com/war/rounds?war_id=13213...
Pobieranie danych: rundach wojny 13212 z URL: https://api.eclesiar.com/war/rounds?war_id=13212...
Pobieranie danych: rundach wojny 13211 z URL: https://api.eclesiar.com/war/rounds?war_id=13211...
Pobieranie danych: rundach wojny 13210 z URL: https://api.eclesiar.com/war/rounds?war_id=13210...
Pobieranie danych: rundach wojny 13209 z URL: https://api.eclesiar.com/war/rounds?war_id=13209...
Pobieranie danych: rundach wojny 13201 z URL: https://api.eclesiar.com/war/rounds?war_id=13201...
--- Dane o rundach wojny 13217 ---
{
  "code": 200,
  "description": "Success",
  "data": [
    {
      "id": 118945,
      "end_date": "2025-09-08 10:10:06",
      "attackers_score": 0,
      "defenders_score": 83517,
      "attackers_points": 0,
      "defenders_points": 40,
      "attackers_hero": null,
      "defenders_hero": {
        "id": 1756,
        "username": "GhostOfForest",
        "avatar": "https://storage.eclesiar.com/medias/1116.jpg?v=d944e6ed1fa698a8c72c1cb9016181e0?v=d944e6ed1fa698a8c72c1cb9016181e0",
        "damage": 58358
      }
    },
    {
      "id": 118946,
      "end_date": "2025-09-08 12:50:06",
      "attackers_score": 0,
      "defenders_score": 0,
      "attackers_points": 0,
      "defenders_points": 0,
      "attackers_hero": null,
      "defenders_hero": null
    },
    {
      "id": 118947,
      "end_date": "2025-09-08 15:30:06",
      "attackers_score": 0,
      "defenders_score": 0,
      "attackers_points": 0,
      "defenders_points": 0,
      "attackers_hero": null,
      "defenders_hero": null
    },
    {
      "id": 118948,
      "end_date": "2025-09-08 18:10:06",
      "attackers_score": 0,
      "defenders_score": 0,
      "attackers_points": 0,
      "defenders_points": 0,
      "attackers_hero": null,
      "defenders_hero": null
    },
    {
      "id": 118949,
      "end_date": "2025-09-08 20:50:06",
      "attackers_score": 0,
      "defenders_score": 0,
      "attackers_points": 0,
      "defenders_points": 0,
      "attackers_hero": null,
      "defenders_hero": null
    },
    {
      "id": 118950,
      "end_date": "2025-09-08 23:30:06",
      "attackers_score": 0,
      "defenders_score": 0,
      "attackers_points": 0,
      "defenders_points": 0,
      "attackers_hero": null,
      "defenders_hero": null
    },
    {
      "id": 118951,
      "end_date": "2025-09-09 02:10:06",
      "attackers_score": 0,
      "defenders_score": 0,
      "attackers_points": 0,
      "defenders_points": 0,
      "attackers_hero": null,
      "defenders_hero": null
    },
    {
      "id": 118952,
      "end_date": "2025-09-09 04:50:06",
      "attackers_score": 0,
      "defenders_score": 0,
      "attackers_points": 0,
      "defenders_points": 0,
      "attackers_hero": null,
      "defenders_hero": null
    },
    {
      "id": 118953,
      "end_date": "2025-09-09 07:30:06",
      "attackers_score": 0,
      "defenders_score": 0,
      "attackers_points": 0,
      "defenders_points": 0,
      "attackers_hero": null,
      "defenders_hero": null
    }
  ]
}

Pobieranie danych: rundach wojny 13144 z URL: https://api.eclesiar.com/war/rounds?war_id=13144...
Pobieranie danych: rundach wojny 13124 z URL: https://api.eclesiar.com/war/rounds?war_id=13124...
   7% [##----------------------------] 1/13 ETA 00:04             --- Dane o rundach wojny 13201 ---
{
  "code": 200,
  "description": "Success",
  "data": [
    {
      "id": 118801,
      "end_date": "2025-09-07 15:28:05",
      "attackers_score": 2096767,
      "defenders_score": 2817195,
      "attackers_points": 960,
      "defenders_points": 3840,
      "attackers_hero": {
        "id": 12499,
        "username": "Colon3lBruce",
        "avatar": "https://storage.eclesiar.com/medias/12230.jpg?v=a24c3b840785cb412ebd2bbd8d820823?v=a24c3b840785cb412ebd2bbd8d820823",
        "damage": 1201330
      },
      "defenders_hero": {
        "id": 6555,
        "username": "martial_ant",
        "avatar": "https://storage.eclesiar.com/medias/5588.jpg?v=0d02f195685e92f7f09deab4513e4b02?v=0d02f195685e92f7f09deab4513e4b02",
        "damage": 1135285
      }
    },
    {
      "id": 118802,
      "end_date": "2025-09-07 18:08:05",
      "attackers_score": 4027354,
      "defenders_score": 6474303,
      "attackers_points": 3290,
      "defenders_points": 1490,
      "attackers_hero": {
        "id": 12499,
        "username": "Colon3lBruce",
        "avatar": "https://storage.eclesiar.com/medias/12230.jpg?v=a24c3b840785cb412ebd2bbd8d820823?v=a24c3b840785cb412ebd2bbd8d820823",
        "damage": 1815555
      },
      "defenders_hero": {
        "id": 82,
        "username": "Jiren",
        "avatar": "https://storage.eclesiar.com/medias/2378.jpg?v=f9ef9a23be52f5ab00e8cb1cf431c5a1?v=f9ef9a23be52f5ab00e8cb1cf431c5a1",
        "damage": 3335473
      }
    },
    {
      "id": 118803,
      "end_date": "2025-09-07 20:48:05",
      "attackers_score": 2657484,
      "defenders_score": 4221371,
      "attackers_points": 1940,
      "defenders_points": 2820,
      "attackers_hero": {
        "id": 6964,
        "username": "Zoki",
        "avatar": "https://storage.eclesiar.com/medias/5787.jpg?v=e8ef382836f48fa587fd4bbc77e664fb?v=e8ef382836f48fa587fd4bbc77e664fb",
        "damage": 1518091
      },
      "defenders_hero": {
        "id": 960,
        "username": "El Scorpion",
        "avatar": "https://storage.eclesiar.com/medias/1007.jpg?v=051cd12708b38a204ff5896968e11fd3?v=051cd12708b38a204ff5896968e11fd3",
        "damage": 1985732
      }
    },
    {
      "id": 118804,
      "end_date": "2025-09-07 23:28:05",
      "attackers_score": 1796996,
      "defenders_score": 2924419,
      "attackers_points": 1410,
      "defenders_points": 3330,
      "attackers_hero": {
        "id": 1784,
        "username": "maher",
        "avatar": "https://storage.eclesiar.com/medias/955.jpg?v=f6fce1ede6b019c4122e64249c8f1e17?v=f6fce1ede6b019c4122e64249c8f1e17",
        "damage": 1091594
      },
      "defenders_hero": {
        "id": 11062,
        "username": "p0tfur",
        "avatar": "https://storage.eclesiar.com/medias/10270.jpg?v=b47f373ab7ea055d21b0f0231cb1f8c2?v=b47f373ab7ea055d21b0f0231cb1f8c2",
        "damage": 1202272
      }
    },
    {
      "id": 118805,
      "end_date": "2025-09-08 02:08:05",
      "attackers_score": 2236578,
      "defenders_score": 16... (truncated)

  23% [######------------------------] 3/13 ETA 00:01 - Rundy wojny 13201--- Dane o rundach wojny 13213 ---
{
  "code": 200,
  "description": "Success",
  "data": [
    {
      "id": 118909,
      "end_date": "2025-09-08 02:40:01",
      "attackers_score": 315970,
      "defenders_score": 213006,
      "attackers_points": 4780,
      "defenders_points": 0,
      "attackers_hero": {
        "id": 16079,
        "username": "zamiar10",
        "avatar": "https://storage.eclesiar.com/medias/placeholder_user.jpg",
        "damage": 74512
      },
      "defenders_hero": {
        "id": 16079,
        "username": "zamiar10",
        "avatar": "https://storage.eclesiar.com/medias/placeholder_user.jpg",
        "damage": 84039
      }
    },
    {
      "id": 118910,
      "end_date": "2025-09-08 05:20:01",
      "attackers_score": 149459,
      "defenders_score": 16375,
      "attackers_points": 4790,
      "defenders_points": 0,
      "attackers_hero": {
        "id": 16307,
        "username": "CeiwiK",
        "avatar": "https://storage.eclesiar.com/medias/14972.jpg?v=c7e4a09b8a3864a619282c4d5b008759?v=c7e4a09b8a3864a619282c4d5b008759",
        "damage": 51323
      },
      "defenders_hero": {
        "id": 16307,
        "username": "CeiwiK",
        "avatar": "https://storage.eclesiar.com/medias/14972.jpg?v=c7e4a09b8a3864a619282c4d5b008759?v=c7e4a09b8a3864a619282c4d5b008759",
        "damage": 11794
      }
    },
    {
      "id": 118911,
      "end_date": "2025-09-08 08:00:01",
      "attackers_score": 145553,
      "defenders_score": 20689,
      "attackers_points": 2860,
      "defenders_points": 250,
      "attackers_hero": {
        "id": 16473,
        "username": "inazuma",
        "avatar": "https://storage.eclesiar.com/medias/15030.jpg?v=3b11d1b20c7f1023162f65f734133716?v=3b11d1b20c7f1023162f65f734133716",
        "damage": 63506
      },
      "defenders_hero": {
        "id": 16204,
        "username": "Lionheart",
        "avatar": "https://storage.eclesiar.com/medias/14760.jpg?v=090fc3ee9f4498bdcbc9b1682562c884?v=090fc3ee9f4498bdcbc9b1682562c884",
        "damage": 20689
      }
    },
    {
      "id": 118912,
      "end_date": "2025-09-08 10:40:01",
      "attackers_score": 0,
      "defenders_score": 0,
      "attackers_points": 0,
      "defenders_points": 0,
      "attackers_hero": null,
      "defenders_hero": null
    },
    {
      "id": 118913,
      "end_date": "2025-09-08 13:20:01",
      "attackers_score": 0,
      "defenders_score": 0,
      "attackers_points": 0,
      "defenders_points": 0,
      "attackers_hero": null,
      "defenders_hero": null
    },
    {
      "id": 118914,
      "end_date": "2025-09-08 16:00:01",
      "attackers_score": 0,
      "defenders_score": 0,
      "attackers_points": 0,
      "defenders_points": 0,
      "attackers_hero": null,
      "defenders_hero": null
    },
    {
      "id": 118915,
      "end_date": "2025-09-08 18:40:01",
      "attackers_score": 0,
      "defenders_score": 0,
      "attackers_points": 0,
      "defenders_points": 0,
      "attackers_hero": null,
      "defenders_he... (truncated)

--- Dane o rundach wojny 13214 ---
{
  "code": 200,
  "description": "Success",
  "data": [
    {
      "id": 118918,
      "end_date": "2025-09-08 03:59:41",
      "attackers_score": 1615678,
      "defenders_score": 1913384,
      "attackers_points": 0,
      "defenders_points": 4780,
      "attackers_hero": {
        "id": 4721,
        "username": "Aljaz123",
        "avatar": "https://storage.eclesiar.com/medias/3015.jpg?v=218deb97b703313258f16ed8a9127a41?v=218deb97b703313258f16ed8a9127a41",
        "damage": 916053
      },
      "defenders_hero": {
        "id": 9716,
        "username": "Zalogur",
        "avatar": "https://storage.eclesiar.com/medias/8594.jpg?v=96d80cd30522209d1dcffa745335b1b0?v=96d80cd30522209d1dcffa745335b1b0",
        "damage": 714615
      }
    },
    {
      "id": 118919,
      "end_date": "2025-09-08 06:39:41",
      "attackers_score": 732781,
      "defenders_score": 9797272,
      "attackers_points": 1350,
      "defenders_points": 3120,
      "attackers_hero": {
        "id": 3252,
        "username": "THAN\u041eS",
        "avatar": "https://storage.eclesiar.com/medias/2206.jpg?v=05939794557c5fcfe2ec894e2ab2dfdc?v=05939794557c5fcfe2ec894e2ab2dfdc",
        "damage": 728414
      },
      "defenders_hero": {
        "id": 3252,
        "username": "THAN\u041eS",
        "avatar": "https://storage.eclesiar.com/medias/2206.jpg?v=05939794557c5fcfe2ec894e2ab2dfdc?v=05939794557c5fcfe2ec894e2ab2dfdc",
        "damage": 4648950
      }
    },
    {
      "id": 118920,
      "end_date": "2025-09-08 09:19:41",
      "attackers_score": 0,
      "defenders_score": 955826,
      "attackers_points": 0,
      "defenders_points": 640,
      "attackers_hero": null,
      "defenders_hero": {
        "id": 408,
        "username": "TheIlluminated",
        "avatar": "https://storage.eclesiar.com/medias/2615.jpg?v=1e77fb1fbd9186638dc57756c4a97812?v=1e77fb1fbd9186638dc57756c4a97812",
        "damage": 730141
      }
    },
    {
      "id": 118921,
      "end_date": "2025-09-08 11:59:41",
      "attackers_score": 0,
      "defenders_score": 0,
      "attackers_points": 0,
      "defenders_points": 0,
      "attackers_hero": null,
      "defenders_hero": null
    },
    {
      "id": 118922,
      "end_date": "2025-09-08 14:39:41",
      "attackers_score": 0,
      "defenders_score": 0,
      "attackers_points": 0,
      "defenders_points": 0,
      "attackers_hero": null,
      "defenders_hero": null
    },
    {
      "id": 118923,
      "end_date": "2025-09-08 17:19:41",
      "attackers_score": 0,
      "defenders_score": 0,
      "attackers_points": 0,
      "defenders_points": 0,
      "attackers_hero": null,
      "defenders_hero": null
    },
    {
      "id": 118924,
      "end_date": "2025-09-08 19:59:41",
      "attackers_score": 0,
      "defenders_score": 0,
      "attackers_points": 0,
      "defenders_points": 0,
      "attackers_hero": null,
      "defenders_hero": null
    },
    {
      "id": 118925,
      "end_date": "2025-09-08 22:39:41",
      "... (truncated)

--- Dane o rundach wojny 13216 ---
{
  "code": 200,
  "description": "Success",
  "data": [
    {
      "id": 118936,
      "end_date": "2025-09-08 09:12:38",
      "attackers_score": 1406168,
      "defenders_score": 1527164,
      "attackers_points": 0,
      "defenders_points": 810,
      "attackers_hero": {
        "id": 5051,
        "username": "Manase79",
        "avatar": "https://storage.eclesiar.com/medias/3232.jpg?v=94e4b8a9feb9c8d7158fecd79c930a05?v=94e4b8a9feb9c8d7158fecd79c930a05",
        "damage": 1340001
      },
      "defenders_hero": {
        "id": 9774,
        "username": "swiatlo",
        "avatar": "https://storage.eclesiar.com/medias/8722.jpg?v=c17e709bff32c3c1cd3178de6c144a9b?v=c17e709bff32c3c1cd3178de6c144a9b",
        "damage": 215074
      }
    },
    {
      "id": 118937,
      "end_date": "2025-09-08 11:52:38",
      "attackers_score": 0,
      "defenders_score": 0,
      "attackers_points": 0,
      "defenders_points": 0,
      "attackers_hero": null,
      "defenders_hero": null
    },
    {
      "id": 118938,
      "end_date": "2025-09-08 14:32:38",
      "attackers_score": 0,
      "defenders_score": 0,
      "attackers_points": 0,
      "defenders_points": 0,
      "attackers_hero": null,
      "defenders_hero": null
    },
    {
      "id": 118939,
      "end_date": "2025-09-08 17:12:38",
      "attackers_score": 0,
      "defenders_score": 0,
      "attackers_points": 0,
      "defenders_points": 0,
      "attackers_hero": null,
      "defenders_hero": null
    },
    {
      "id": 118940,
      "end_date": "2025-09-08 19:52:38",
      "attackers_score": 0,
      "defenders_score": 0,
      "attackers_points": 0,
      "defenders_points": 0,
      "attackers_hero": null,
      "defenders_hero": null
    },
    {
      "id": 118941,
      "end_date": "2025-09-08 22:32:38",
      "attackers_score": 0,
      "defenders_score": 0,
      "attackers_points": 0,
      "defenders_points": 0,
      "attackers_hero": null,
      "defenders_hero": null
    },
    {
      "id": 118942,
      "end_date": "2025-09-09 01:12:38",
      "attackers_score": 0,
      "defenders_score": 0,
      "attackers_points": 0,
      "defenders_points": 0,
      "attackers_hero": null,
      "defenders_hero": null
    },
    {
      "id": 118943,
      "end_date": "2025-09-09 03:52:38",
      "attackers_score": 0,
      "defenders_score": 0,
      "attackers_points": 0,
      "defenders_points": 0,
      "attackers_hero": null,
      "defenders_hero": null
    },
    {
      "id": 118944,
      "end_date": "2025-09-09 06:32:38",
      "attackers_score": 0,
      "defenders_score": 0,
      "attackers_points": 0,
      "defenders_points": 0,
      "attackers_hero": null,
      "defenders_hero": null
    }
  ]
}

kb  ∞ÏXkb  Wb  0Wb  #kb  pWb  pWb  ∞Wb  #kb  Wb  pWb  0Wb  #kb  –IWb  pWb  pWb  #kb  ∞Wb  0Wb  ÏXkb  pWb  ÏXkb  0¢Wb  ∞ÏXkb  ∞Wb  Wb  #kb  0Wb  Wb  pWb  #kb  0@Wb  Wb  Ä@Wb  #kb  ∞Wb  Wb  –@Wb  #kb  Wb  Wb   AWb  #kb  0Wb  Wb  pAWb  #kb  pWb  Wb  ¿AWb  #kb  ∞Œ#kb  Wb  BWb  #kb  ∞Œ#kb  Wb  ÏXkb  0¢Wb  ∞ÏXkb  0	Wb  p	Wb  #kb  ∞	Wb  ∞Wb  	Wb  #kb  `BWb  ∞Wb  ∞BWb  #kb  0
Wb  ∞Wb   CWb  #kb  p
Wb  ∞Wb  PCWb  #kb  ∞
Wb  ∞Wb  †CWb  #kb  
Wb  ∞Wb  CWb  #kb  ∞Œ#kb  ∞Wb  @DWb  #kb  ∞Œ#kb  pWb  ÏXkb  0¢Wb  ∞ÏXkb  ∞Wb  Wb  #kb  0Wb  0Wb  pWb  #kb  êDWb  0Wb  ‡DWb  #kb  ∞Wb  0Wb  0EWb  #kb  Wb  0Wb  ÄEWb  #kb  0Wb  0Wb  –EWb  #kb  pWb  0Wb   FWb  #kb  ∞Œ#kb  0Wb  pFWb  #kb  ∞Œ#kb  Wb  ÏXkb  0¢Wb  ∞ÏXkb  0Wb  pWb  #kb  ∞Wb  ∞Wb  Wb  #kb  ¿FWb  ∞Wb  GWb  #kb  0Wb  ∞Wb  `GWb  #kb  pWb  ∞Wb  ∞GWb  #kb  ∞Wb  ∞Wb   HWb  #kb  Wb  ∞Wb  PHWb  #kb  ∞Œ#kb  ∞Wb  †HWb  #kb  ∞Œ#kb  pWb  ÏXkb  0Wb  pèVkb  0Fwkb  ÏXkb          ±      ` 4b  ` 4b  †w 4b  †w 4b                                                                                                                                                                                                                                                                                                                                                                                                                                                                                                                                                                                                                                                                                                                                                                                                                                                                                                                                                                                                                                                                                                                                                                                                                                                                                                                                                                                                                                  --- Dane o rundach wojny 13211 ---
{
  "code": 200,
  "description": "Success",
  "data": [
    {
      "id": 118891,
      "end_date": "2025-09-07 22:48:13",
      "attackers_score": 1442288,
      "defenders_score": 3188006,
      "attackers_points": 80,
      "defenders_points": 4720,
      "attackers_hero": {
        "id": 1306,
        "username": "xChromeCx",
        "avatar": "https://storage.eclesiar.com/medias/1051.jpg?v=0ad922d2d7eb13824fa4092e792c1fe2?v=0ad922d2d7eb13824fa4092e792c1fe2",
        "damage": 1130018
      },
      "defenders_hero": {
        "id": 1202,
        "username": "Darman",
        "avatar": "https://storage.eclesiar.com/medias/1286.jpg?v=dbafa56b181e265403b5c7e7e7057650?v=dbafa56b181e265403b5c7e7e7057650",
        "damage": 1485376
      }
    },
    {
      "id": 118892,
      "end_date": "2025-09-08 01:28:13",
      "attackers_score": 1737601,
      "defenders_score": 1886949,
      "attackers_points": 0,
      "defenders_points": 4750,
      "attackers_hero": {
        "id": 1516,
        "username": "Arantes",
        "avatar": "https://storage.eclesiar.com/medias/746.jpg?v=6681596efae5dd719c986f61c4e6be26?v=6681596efae5dd719c986f61c4e6be26",
        "damage": 1111609
      },
      "defenders_hero": {
        "id": 4879,
        "username": "sw_popka",
        "avatar": "https://storage.eclesiar.com/medias/3141.jpg?v=270d7eb8274e84181c601687dbc0804c?v=270d7eb8274e84181c601687dbc0804c",
        "damage": 742135
      }
    },
    {
      "id": 118893,
      "end_date": "2025-09-08 04:08:13",
      "attackers_score": 1426594,
      "defenders_score": 1822219,
      "attackers_points": 340,
      "defenders_points": 4380,
      "attackers_hero": {
        "id": 1516,
        "username": "Arantes",
        "avatar": "https://storage.eclesiar.com/medias/746.jpg?v=6681596efae5dd719c986f61c4e6be26?v=6681596efae5dd719c986f61c4e6be26",
        "damage": 1379090
      },
      "defenders_hero": {
        "id": 13047,
        "username": "Gospodin Popara",
        "avatar": "https://storage.eclesiar.com/medias/12894.jpg?v=b4603be8c1f833e6147b65221f046af4?v=b4603be8c1f833e6147b65221f046af4",
        "damage": 1123995
      }
    },
    {
      "id": 118894,
      "end_date": "2025-09-08 06:48:13",
      "attackers_score": 3521703,
      "defenders_score": 6367085,
      "attackers_points": 1350,
      "defenders_points": 3200,
      "attackers_hero": {
        "id": 12030,
        "username": "Siergiej",
        "avatar": "https://storage.eclesiar.com/medias/11299.jpg?v=4cb1929289709e7a0ef954d5b43e78bd?v=4cb1929289709e7a0ef954d5b43e78bd",
        "damage": 1622318
      },
      "defenders_hero": {
        "id": 6549,
        "username": "aduch",
        "avatar": "https://storage.eclesiar.com/medias/5657.jpg?v=13928c2699e1f02c756926f3ebe85f74?v=13928c2699e1f02c756926f3ebe85f74",
        "damage": 2239704
      }
    },
    {
      "id": 118895,
      "end_date": "2025-09-08 09:28:13",
      "attackers_score": 1541616,
      "defenders_score": 2184771,
... (truncated)

--- Dane o rundach wojny 13209 ---
{
  "code": 200,
  "description": "Success",
  "data": [
    {
      "id": 118873,
      "end_date": "2025-09-07 19:15:49",
      "attackers_score": 2462869,
      "defenders_score": 5669207,
      "attackers_points": 0,
      "defenders_points": 4760,
      "attackers_hero": {
        "id": 12030,
        "username": "Siergiej",
        "avatar": "https://storage.eclesiar.com/medias/11299.jpg?v=4cb1929289709e7a0ef954d5b43e78bd?v=4cb1929289709e7a0ef954d5b43e78bd",
        "damage": 1204236
      },
      "defenders_hero": {
        "id": 9868,
        "username": "Picolo",
        "avatar": "https://storage.eclesiar.com/medias/8718.jpg?v=281cc58df9e8e11c0135f7e68e5ed23a?v=281cc58df9e8e11c0135f7e68e5ed23a",
        "damage": 1627277
      }
    },
    {
      "id": 118874,
      "end_date": "2025-09-07 21:55:49",
      "attackers_score": 5116182,
      "defenders_score": 8249094,
      "attackers_points": 20,
      "defenders_points": 4760,
      "attackers_hero": {
        "id": 9877,
        "username": "Cameltoe",
        "avatar": "https://storage.eclesiar.com/medias/8670.jpg?v=c7b3da2b617e7047c2d25174837b01eb?v=c7b3da2b617e7047c2d25174837b01eb",
        "damage": 2962742
      },
      "defenders_hero": {
        "id": 9788,
        "username": "Cedru",
        "avatar": "https://storage.eclesiar.com/medias/8705.jpg?v=64c00e7be4b8bac40dd99223ca858097?v=64c00e7be4b8bac40dd99223ca858097",
        "damage": 1790477
      }
    },
    {
      "id": 118875,
      "end_date": "2025-09-08 00:35:49",
      "attackers_score": 1973876,
      "defenders_score": 8642353,
      "attackers_points": 320,
      "defenders_points": 4440,
      "attackers_hero": {
        "id": 10720,
        "username": "Seavel",
        "avatar": "https://storage.eclesiar.com/medias/10035.jpg?v=772aeaa916645812b51fdf0934219867?v=772aeaa916645812b51fdf0934219867",
        "damage": 1873235
      },
      "defenders_hero": {
        "id": 1577,
        "username": "Imperius mj",
        "avatar": "https://storage.eclesiar.com/medias/1276.jpg?v=834f342537665bad9e8df31ba8425212?v=834f342537665bad9e8df31ba8425212",
        "damage": 1457007
      }
    },
    {
      "id": 118876,
      "end_date": "2025-09-08 03:15:49",
      "attackers_score": 1276151,
      "defenders_score": 8426300,
      "attackers_points": 0,
      "defenders_points": 4740,
      "attackers_hero": {
        "id": 9861,
        "username": "Derailedman",
        "avatar": "https://storage.eclesiar.com/medias/8672.jpg?v=1cb15d57983bbe0bcedcca68cfdbb5e2?v=1cb15d57983bbe0bcedcca68cfdbb5e2",
        "damage": 1273558
      },
      "defenders_hero": {
        "id": 9860,
        "username": "Sinner",
        "avatar": "https://storage.eclesiar.com/medias/8663.jpg?v=81b0a7f863291209084c2a10214aed8e?v=81b0a7f863291209084c2a10214aed8e",
        "damage": 1631722
      }
    },
    {
      "id": 118877,
      "end_date": "2025-09-08 05:55:49",
      "attackers_score": 2614378,
      "defenders_score": 11233484,
   ... (truncated)

--- Dane o rundach wojny 13210 ---
{
  "code": 200,
  "description": "Success",
  "data": [
    {
      "id": 118882,
      "end_date": "2025-09-07 19:24:43",
      "attackers_score": 3726190,
      "defenders_score": 5758418,
      "attackers_points": 100,
      "defenders_points": 4700,
      "attackers_hero": {
        "id": 12499,
        "username": "Colon3lBruce",
        "avatar": "https://storage.eclesiar.com/medias/12230.jpg?v=a24c3b840785cb412ebd2bbd8d820823?v=a24c3b840785cb412ebd2bbd8d820823",
        "damage": 1660942
      },
      "defenders_hero": {
        "id": 9716,
        "username": "Zalogur",
        "avatar": "https://storage.eclesiar.com/medias/8594.jpg?v=96d80cd30522209d1dcffa745335b1b0?v=96d80cd30522209d1dcffa745335b1b0",
        "damage": 2324702
      }
    },
    {
      "id": 118883,
      "end_date": "2025-09-07 22:04:43",
      "attackers_score": 3474027,
      "defenders_score": 3709363,
      "attackers_points": 550,
      "defenders_points": 4210,
      "attackers_hero": {
        "id": 323,
        "username": "1hell",
        "avatar": "https://storage.eclesiar.com/medias/1994.jpg?v=855c1fa9338282356fae9640e38bfed5?v=855c1fa9338282356fae9640e38bfed5",
        "damage": 699950
      },
      "defenders_hero": {
        "id": 9716,
        "username": "Zalogur",
        "avatar": "https://storage.eclesiar.com/medias/8594.jpg?v=96d80cd30522209d1dcffa745335b1b0?v=96d80cd30522209d1dcffa745335b1b0",
        "damage": 3037194
      }
    },
    {
      "id": 118884,
      "end_date": "2025-09-08 00:44:43",
      "attackers_score": 1089649,
      "defenders_score": 2940989,
      "attackers_points": 1150,
      "defenders_points": 3600,
      "attackers_hero": {
        "id": 323,
        "username": "1hell",
        "avatar": "https://storage.eclesiar.com/medias/1994.jpg?v=855c1fa9338282356fae9640e38bfed5?v=855c1fa9338282356fae9640e38bfed5",
        "damage": 243238
      },
      "defenders_hero": {
        "id": 13529,
        "username": "Zsolt",
        "avatar": "https://storage.eclesiar.com/medias/13101.jpg?v=24abd0f4b66a2bbb50694a039904b69a?v=24abd0f4b66a2bbb50694a039904b69a",
        "damage": 1614285
      }
    },
    {
      "id": 118885,
      "end_date": "2025-09-08 03:24:43",
      "attackers_score": 1430940,
      "defenders_score": 681143,
      "attackers_points": 1960,
      "defenders_points": 2720,
      "attackers_hero": {
        "id": 9788,
        "username": "Cedru",
        "avatar": "https://storage.eclesiar.com/medias/8705.jpg?v=64c00e7be4b8bac40dd99223ca858097?v=64c00e7be4b8bac40dd99223ca858097",
        "damage": 1138386
      },
      "defenders_hero": {
        "id": 13529,
        "username": "Zsolt",
        "avatar": "https://storage.eclesiar.com/medias/13101.jpg?v=24abd0f4b66a2bbb50694a039904b69a?v=24abd0f4b66a2bbb50694a039904b69a",
        "damage": 421461
      }
    },
    {
      "id": 118886,
      "end_date": "2025-09-08 06:04:43",
      "attackers_score": 4130349,
      "defenders_score": 4177312,
      "atta... (truncated)

--- Dane o rundach wojny 13144 ---
{
  "code": 200,
  "description": "Success",
  "data": [
    {
      "id": 118288,
      "end_date": "2025-09-07 13:14:58",
      "attackers_score": 625865,
      "defenders_score": 644144,
      "attackers_points": 460,
      "defenders_points": 4270,
      "attackers_hero": {
        "id": 960,
        "username": "El Scorpion",
        "avatar": "https://storage.eclesiar.com/medias/1007.jpg?v=051cd12708b38a204ff5896968e11fd3?v=051cd12708b38a204ff5896968e11fd3",
        "damage": 563714
      },
      "defenders_hero": {
        "id": 1457,
        "username": "Aexil",
        "avatar": "https://storage.eclesiar.com/medias/765.jpg?v=aabd2d525a651c4de4432aca065a69ae?v=aabd2d525a651c4de4432aca065a69ae",
        "damage": 607773
      }
    },
    {
      "id": 118289,
      "end_date": "2025-09-07 15:54:58",
      "attackers_score": 244952,
      "defenders_score": 276124,
      "attackers_points": 2170,
      "defenders_points": 2620,
      "attackers_hero": {
        "id": 4721,
        "username": "Aljaz123",
        "avatar": "https://storage.eclesiar.com/medias/3015.jpg?v=218deb97b703313258f16ed8a9127a41?v=218deb97b703313258f16ed8a9127a41",
        "damage": 125925
      },
      "defenders_hero": {
        "id": 1457,
        "username": "Aexil",
        "avatar": "https://storage.eclesiar.com/medias/765.jpg?v=aabd2d525a651c4de4432aca065a69ae?v=aabd2d525a651c4de4432aca065a69ae",
        "damage": 254075
      }
    },
    {
      "id": 118290,
      "end_date": "2025-09-07 18:34:58",
      "attackers_score": 529690,
      "defenders_score": 198016,
      "attackers_points": 120,
      "defenders_points": 2760,
      "attackers_hero": {
        "id": 323,
        "username": "1hell",
        "avatar": "https://storage.eclesiar.com/medias/1994.jpg?v=855c1fa9338282356fae9640e38bfed5?v=855c1fa9338282356fae9640e38bfed5",
        "damage": 343378
      },
      "defenders_hero": {
        "id": 323,
        "username": "1hell",
        "avatar": "https://storage.eclesiar.com/medias/1994.jpg?v=855c1fa9338282356fae9640e38bfed5?v=855c1fa9338282356fae9640e38bfed5",
        "damage": 155647
      }
    },
    {
      "id": 118291,
      "end_date": "2025-09-07 21:14:58",
      "attackers_score": 1798674,
      "defenders_score": 1570671,
      "attackers_points": 180,
      "defenders_points": 4580,
      "attackers_hero": {
        "id": 323,
        "username": "1hell",
        "avatar": "https://storage.eclesiar.com/medias/1994.jpg?v=855c1fa9338282356fae9640e38bfed5?v=855c1fa9338282356fae9640e38bfed5",
        "damage": 1134476
      },
      "defenders_hero": {
        "id": 1050,
        "username": "ZVEAR",
        "avatar": "https://storage.eclesiar.com/medias/959.jpg?v=20a11efdcc729cb494911a849d658746?v=20a11efdcc729cb494911a849d658746",
        "damage": 876858
      }
    },
    {
      "id": 118292,
      "end_date": "2025-09-07 23:54:58",
      "attackers_score": 273603,
      "defenders_score": 813031,
      "attackers_points": 1970,
    ... (truncated)

--- Dane o rundach wojny 13212 ---
{
  "code": 200,
  "description": "Success",
  "data": [
    {
      "id": 118900,
      "end_date": "2025-09-08 00:40:19",
      "attackers_score": 3788341,
      "defenders_score": 5171637,
      "attackers_points": 2640,
      "defenders_points": 2100,
      "attackers_hero": {
        "id": 1527,
        "username": "Zhaturin",
        "avatar": "https://storage.eclesiar.com/medias/982.jpg?v=183496983d653158ea88e62037510597?v=183496983d653158ea88e62037510597",
        "damage": 1614897
      },
      "defenders_hero": {
        "id": 1491,
        "username": "Pursche",
        "avatar": "https://storage.eclesiar.com/medias/747.jpg?v=432dd5c4ad9c72a1b87649e6cc3ca140?v=432dd5c4ad9c72a1b87649e6cc3ca140",
        "damage": 1315478
      }
    },
    {
      "id": 118901,
      "end_date": "2025-09-08 03:20:19",
      "attackers_score": 871390,
      "defenders_score": 1183372,
      "attackers_points": 20,
      "defenders_points": 4750,
      "attackers_hero": {
        "id": 11517,
        "username": "Sagalar",
        "avatar": "https://storage.eclesiar.com/medias/10358.jpg?v=ba954d9072706212b74be16412ef2809?v=ba954d9072706212b74be16412ef2809",
        "damage": 412524
      },
      "defenders_hero": {
        "id": 1923,
        "username": "SweSub",
        "avatar": "https://storage.eclesiar.com/medias/1319.jpg?v=516afbd9d1cf0fef61068e101ff66be4?v=516afbd9d1cf0fef61068e101ff66be4",
        "damage": 846368
      }
    },
    {
      "id": 118902,
      "end_date": "2025-09-08 06:00:19",
      "attackers_score": 9181147,
      "defenders_score": 2909111,
      "attackers_points": 1260,
      "defenders_points": 3290,
      "attackers_hero": {
        "id": 441,
        "username": "Swedski Lincon",
        "avatar": "https://storage.eclesiar.com/medias/1103.jpg?v=00542ec162d154664a6d3af6e403b9c7?v=00542ec162d154664a6d3af6e403b9c7",
        "damage": 5008852
      },
      "defenders_hero": {
        "id": 1509,
        "username": "Mush",
        "avatar": "https://storage.eclesiar.com/medias/1260.jpg?v=1f1ea4a46599963ccbce2b2ef867a4a7?v=1f1ea4a46599963ccbce2b2ef867a4a7",
        "damage": 1522460
      }
    },
    {
      "id": 118903,
      "end_date": "2025-09-08 08:40:19",
      "attackers_score": 1959064,
      "defenders_score": 3209027,
      "attackers_points": 150,
      "defenders_points": 1430,
      "attackers_hero": {
        "id": 45,
        "username": "Delux",
        "avatar": "https://storage.eclesiar.com/medias/775.jpg?v=33a7c4ed7bbec134b44b2a42ceeb9451?v=33a7c4ed7bbec134b44b2a42ceeb9451",
        "damage": 1933648
      },
      "defenders_hero": {
        "id": 1506,
        "username": "Barbarbengt",
        "avatar": "https://storage.eclesiar.com/medias/856.jpg?v=b5b47a21a363f0360287800928a8edc0?v=b5b47a21a363f0360287800928a8edc0",
        "damage": 1655943
      }
    },
    {
      "id": 118904,
      "end_date": "2025-09-08 11:20:19",
      "attackers_score": 0,
      "defenders_score": 0,
      "attackers_poin... (truncated)

--- Dane o rundach wojny 13124 ---
{
  "code": 200,
  "description": "Success",
  "data": [
    {
      "id": 118108,
      "end_date": "2025-09-07 10:43:19",
      "attackers_score": 2612926,
      "defenders_score": 2021135,
      "attackers_points": 3900,
      "defenders_points": 900,
      "attackers_hero": {
        "id": 323,
        "username": "1hell",
        "avatar": "https://storage.eclesiar.com/medias/1994.jpg?v=855c1fa9338282356fae9640e38bfed5?v=855c1fa9338282356fae9640e38bfed5",
        "damage": 943319
      },
      "defenders_hero": {
        "id": 1050,
        "username": "ZVEAR",
        "avatar": "https://storage.eclesiar.com/medias/959.jpg?v=20a11efdcc729cb494911a849d658746?v=20a11efdcc729cb494911a849d658746",
        "damage": 1555791
      }
    },
    {
      "id": 118109,
      "end_date": "2025-09-07 13:23:19",
      "attackers_score": 4161404,
      "defenders_score": 2955416,
      "attackers_points": 4170,
      "defenders_points": 600,
      "attackers_hero": {
        "id": 9611,
        "username": "Sternenlord",
        "avatar": "https://storage.eclesiar.com/medias/8322.jpg?v=72a32bdbd457619a06e25b08c0997add?v=72a32bdbd457619a06e25b08c0997add",
        "damage": 1720331
      },
      "defenders_hero": {
        "id": 855,
        "username": "Noriko Chazuke",
        "avatar": "https://storage.eclesiar.com/medias/795.jpg?v=99dde51bbfa3f3e5c25191fa40789881?v=99dde51bbfa3f3e5c25191fa40789881",
        "damage": 1653378
      }
    },
    {
      "id": 118110,
      "end_date": "2025-09-07 16:03:19",
      "attackers_score": 3494227,
      "defenders_score": 1832321,
      "attackers_points": 4750,
      "defenders_points": 0,
      "attackers_hero": {
        "id": 323,
        "username": "1hell",
        "avatar": "https://storage.eclesiar.com/medias/1994.jpg?v=855c1fa9338282356fae9640e38bfed5?v=855c1fa9338282356fae9640e38bfed5",
        "damage": 1035635
      },
      "defenders_hero": {
        "id": 4721,
        "username": "Aljaz123",
        "avatar": "https://storage.eclesiar.com/medias/3015.jpg?v=218deb97b703313258f16ed8a9127a41?v=218deb97b703313258f16ed8a9127a41",
        "damage": 916114
      }
    },
    {
      "id": 118111,
      "end_date": "2025-09-07 18:43:19",
      "attackers_score": 3859944,
      "defenders_score": 4698320,
      "attackers_points": 4520,
      "defenders_points": 240,
      "attackers_hero": {
        "id": 1849,
        "username": "real",
        "avatar": "https://storage.eclesiar.com/medias/976.jpg?v=3a7090594739fe8f52d1414cc60f4651?v=3a7090594739fe8f52d1414cc60f4651",
        "damage": 1934096
      },
      "defenders_hero": {
        "id": 323,
        "username": "1hell",
        "avatar": "https://storage.eclesiar.com/medias/1994.jpg?v=855c1fa9338282356fae9640e38bfed5?v=855c1fa9338282356fae9640e38bfed5",
        "damage": 1784626
      }
    },
    {
      "id": 118112,
      "end_date": "2025-09-07 21:23:19",
      "attackers_score": 3570793,
      "defenders_score": 3246452,
      "attackers_p... (truncated)

  53% [################--------------] 7/13 ETA 00:00 - Rundy wojny 13209 100% [##############################] 13/13 ETA 00:00 - Rundy wojny 13213Pobieranie danych: uderzeniach rundy 118945 z URL: https://api.eclesiar.com/war/round/hits?war_round_id=118945...
Pobieranie danych: uderzeniach rundy 118946 z URL: https://api.eclesiar.com/war/round/hits?war_round_id=118946...
Pobieranie danych: uderzeniach rundy 118947 z URL: https://api.eclesiar.com/war/round/hits?war_round_id=118947...
Pobieranie danych: uderzeniach rundy 118948 z URL: https://api.eclesiar.com/war/round/hits?war_round_id=118948...
--- Dane o uderzeniach rundy 118945 ---
{
  "code": 200,
  "description": "Success",
  "data": [
    {
      "id": 18836627,
      "fighter": {
        "id": 13802,
        "type": "account"
      },
      "damage": 1173,
      "side": "DEFEND",
      "item_id": null,
      "created_at": "2025-09-08 07:30:29"
    },
    {
      "id": 18836628,
      "fighter": {
        "id": 13802,
        "type": "account"
      },
      "damage": 1151,
      "side": "DEFEND",
      "item_id": null,
      "created_at": "2025-09-08 07:30:29"
    },
    {
      "id": 18836630,
      "fighter": {
        "id": 13802,
        "type": "account"
      },
      "damage": 1259,
      "side": "DEFEND",
      "item_id": null,
      "created_at": "2025-09-08 07:30:30"
    },
    {
      "id": 18836632,
      "fighter": {
        "id": 13802,
        "type": "account"
      },
      "damage": 1051,
      "side": "DEFEND",
      "item_id": null,
      "created_at": "2025-09-08 07:30:31"
    },
    {
      "id": 18836634,
      "fighter": {
        "id": 13802,
        "type": "account"
      },
      "damage": 1200,
      "side": "DEFEND",
      "item_id": null,
      "created_at": "2025-09-08 07:30:31"
    },
    {
      "id": 18836635,
      "fighter": {
        "id": 13802,
        "type": "account"
      },
      "damage": 1216,
      "side": "DEFEND",
      "item_id": null,
      "created_at": "2025-09-08 07:30:31"
    },
    {
      "id": 18836638,
      "fighter": {
        "id": 13802,
        "type": "account"
      },
      "damage": 1164,
      "side": "DEFEND",
      "item_id": null,
      "created_at": "2025-09-08 07:30:33"
    },
    {
      "id": 18836640,
      "fighter": {
        "id": 13802,
        "type": "account"
      },
      "damage": 1033,
      "side": "DEFEND",
      "item_id": null,
      "created_at": "2025-09-08 07:30:33"
    },
    {
      "id": 18836641,
      "fighter": {
        "id": 13802,
        "type": "account"
      },
      "damage": 1248,
      "side": "DEFEND",
      "item_id": null,
      "created_at": "2025-09-08 07:30:33"
    },
    {
      "id": 18836644,
      "fighter": {
        "id": 13802,
        "type": "account"
      },
      "damage": 1173,
      "side": "DEFEND",
      "item_id": null,
      "created_at": "2025-09-08 07:30:35"
    },
    {
      "id": 18836646,
      "fighter": {
        "id": 13802,
        "type": "account"
      },
      "damage": 1158,
      "side": "DEFEND",
      "item_id": null,
      "created_at": "2025-09-08 07:30:35"
    },
    {
      "id": 18836647,
      "fighter": {
        "id": 13802,
        "type": "account"
      },
      "damage": 1054,
      "side": "DEFEND",
      "item_id": null,
      "created_at": "2025-09-08 07:30:35"
    },
    {
      "id": 18836650,
      "fighter": {
        "id": 13802,
        "type": "account"
      },
      "damage": 992,
      "side": "DEFEND",
      "item_id": null,
      "created_at": "2025-09-08 07:30:37"
    },
    {
      "id": 18836651,
      "fighter": {
        "id": 13802,
   ... (truncated)

--- Dane o uderzeniach rundy 118946 ---
{
  "code": 200,
  "description": "Success"
}

Pobieranie danych: uderzeniach rundy 118949 z URL: https://api.eclesiar.com/war/round/hits?war_round_id=118949...
--- Dane o uderzeniach rundy 118948 ---
{
  "code": 200,
  "description": "Success"
}

Pobieranie danych: uderzeniach rundy 118950 z URL: https://api.eclesiar.com/war/round/hits?war_round_id=118950...
--- Dane o uderzeniach rundy 118947 ---
{
  "code": 200,
  "description": "Success"
}

Pobieranie danych: uderzeniach rundy 118951 z URL: https://api.eclesiar.com/war/round/hits?war_round_id=118951...
Pobieranie danych: uderzeniach rundy 118952 z URL: https://api.eclesiar.com/war/round/hits?war_round_id=118952...
Pobieranie danych: uderzeniach rundy 118953 z URL: https://api.eclesiar.com/war/round/hits?war_round_id=118953...
Pobieranie danych: uderzeniach rundy 118801 z URL: https://api.eclesiar.com/war/round/hits?war_round_id=118801...
--- Dane o uderzeniach rundy 118949 ---
{
  "code": 200,
  "description": "Success"
}

Pobieranie danych: uderzeniach rundy 118802 z URL: https://api.eclesiar.com/war/round/hits?war_round_id=118802...
--- Dane o uderzeniach rundy 118952 ---
{
  "code": 200,
  "description": "Success"
}

Pobieranie danych: uderzeniach rundy 118803 z URL: https://api.eclesiar.com/war/round/hits?war_round_id=118803...
--- Dane o uderzeniach rundy 118950 ---
{
  "code": 200,
  "description": "Success"
}

Pobieranie danych: uderzeniach rundy 118804 z URL: https://api.eclesiar.com/war/round/hits?war_round_id=118804...
--- Dane o uderzeniach rundy 118953 ---
{
  "code": 200,
  "description": "Success"
}

Pobieranie danych: uderzeniach rundy 118805 z URL: https://api.eclesiar.com/war/round/hits?war_round_id=118805...
--- Dane o uderzeniach rundy 118801 ---
{
  "code": 200,
  "description": "Success",
  "data": [
    {
      "id": 18787847,
      "fighter": {
        "id": 12499,
        "type": "account"
      },
      "damage": 43145,
      "side": "ATTACK",
      "item_id": 12,
      "created_at": "2025-09-07 12:48:21"
    },
    {
      "id": 18787855,
      "fighter": {
        "id": 12499,
        "type": "account"
      },
      "damage": 37477,
      "side": "ATTACK",
      "item_id": 12,
      "created_at": "2025-09-07 12:48:24"
    },
    {
      "id": 18787858,
      "fighter": {
        "id": 12499,
        "type": "account"
      },
      "damage": 42003,
      "side": "ATTACK",
      "item_id": 12,
      "created_at": "2025-09-07 12:48:26"
    },
    {
      "id": 18787862,
      "fighter": {
        "id": 12499,
        "type": "account"
      },
      "damage": 36313,
      "side": "ATTACK",
      "item_id": 12,
      "created_at": "2025-09-07 12:48:27"
    },
    {
      "id": 18787866,
      "fighter": {
        "id": 12499,
        "type": "account"
      },
      "damage": 35041,
      "side": "ATTACK",
      "item_id": 12,
      "created_at": "2025-09-07 12:48:28"
    },
    {
      "id": 18787869,
      "fighter": {
        "id": 12499,
        "type": "account"
      },
      "damage": 35363,
      "side": "ATTACK",
      "item_id": 12,
      "created_at": "2025-09-07 12:48:29"
    },
    {
      "id": 18787873,
      "fighter": {
        "id": 12499,
        "type": "account"
      },
      "damage": 38159,
      "side": "ATTACK",
      "item_id": 12,
      "created_at": "2025-09-07 12:48:30"
    },
    {
      "id": 18787876,
      "fighter": {
        "id": 12499,
        "type": "account"
      },
      "damage": 39283,
      "side": "ATTACK",
      "item_id": 12,
      "created_at": "2025-09-07 12:48:31"
    },
    {
      "id": 18787879,
      "fighter": {
        "id": 12499,
        "type": "account"
      },
      "damage": 35808,
      "side": "ATTACK",
      "item_id": 12,
      "created_at": "2025-09-07 12:48:33"
    },
    {
      "id": 18787881,
      "fighter": {
        "id": 12499,
        "type": "account"
      },
      "damage": 36772,
      "side": "ATTACK",
      "item_id": 12,
      "created_at": "2025-09-07 12:48:34"
    },
    {
      "id": 18787883,
      "fighter": {
        "id": 12499,
        "type": "account"
      },
      "damage": 33639,
      "side": "ATTACK",
      "item_id": 12,
      "created_at": "2025-09-07 12:48:35"
    },
    {
      "id": 18787886,
      "fighter": {
        "id": 12499,
        "type": "account"
      },
      "damage": 33514,
      "side": "ATTACK",
      "item_id": 12,
      "created_at": "2025-09-07 12:48:36"
    },
    {
      "id": 18787889,
      "fighter": {
        "id": 12499,
        "type": "account"
      },
      "damage": 96329,
      "side": "ATTACK",
      "item_id": 12,
      "created_at": "2025-09-07 12:48:38"
    },
    {
      "id": 18787890,
      "fighter": {
        "id": 12499,
        "type":... (truncated)

Pobieranie danych: uderzeniach rundy 118806 z URL: https://api.eclesiar.com/war/round/hits?war_round_id=118806...
--- Dane o uderzeniach rundy 118951 ---
{
  "code": 200,
  "description": "Success"
}

Pobieranie danych: uderzeniach rundy 118807 z URL: https://api.eclesiar.com/war/round/hits?war_round_id=118807...
Pobieranie danych: uderzeniach rundy 118808 z URL: https://api.eclesiar.com/war/round/hits?war_round_id=118808...
Pobieranie danych: uderzeniach rundy 118809 z URL: https://api.eclesiar.com/war/round/hits?war_round_id=118809...
Pobieranie danych: uderzeniach rundy 118918 z URL: https://api.eclesiar.com/war/round/hits?war_round_id=118918...
Pobieranie danych: uderzeniach rundy 118919 z URL: https://api.eclesiar.com/war/round/hits?war_round_id=118919...
Pobieranie danych: uderzeniach rundy 118920 z URL: https://api.eclesiar.com/war/round/hits?war_round_id=118920...
Pobieranie danych: uderzeniach rundy 118921 z URL: https://api.eclesiar.com/war/round/hits?war_round_id=118921...
--- Dane o uderzeniach rundy 118802 ---
{
  "code": 200,
  "description": "Success",
  "data": [
    {
      "id": 18796354,
      "fighter": {
        "id": 12499,
        "type": "account"
      },
      "damage": 94933,
      "side": "ATTACK",
      "item_id": 12,
      "created_at": "2025-09-07 15:30:22"
    },
    {
      "id": 18796355,
      "fighter": {
        "id": 12499,
        "type": "account"
      },
      "damage": 35333,
      "side": "ATTACK",
      "item_id": 12,
      "created_at": "2025-09-07 15:30:23"
    },
    {
      "id": 18796356,
      "fighter": {
        "id": 12499,
        "type": "account"
      },
      "damage": 33326,
      "side": "ATTACK",
      "item_id": 12,
      "created_at": "2025-09-07 15:30:24"
    },
    {
      "id": 18796357,
      "fighter": {
        "id": 12499,
        "type": "account"
      },
      "damage": 42553,
      "side": "ATTACK",
      "item_id": 12,
      "created_at": "2025-09-07 15:30:25"
    },
    {
      "id": 18796358,
      "fighter": {
        "id": 12499,
        "type": "account"
      },
      "damage": 37770,
      "side": "ATTACK",
      "item_id": 12,
      "created_at": "2025-09-07 15:30:25"
    },
    {
      "id": 18796359,
      "fighter": {
        "id": 12499,
        "type": "account"
      },
      "damage": 36267,
      "side": "ATTACK",
      "item_id": 12,
      "created_at": "2025-09-07 15:30:26"
    },
    {
      "id": 18796360,
      "fighter": {
        "id": 12499,
        "type": "account"
      },
      "damage": 34701,
      "side": "ATTACK",
      "item_id": 12,
      "created_at": "2025-09-07 15:30:26"
    },
    {
      "id": 18796361,
      "fighter": {
        "id": 12499,
        "type": "account"
      },
      "damage": 41767,
      "side": "ATTACK",
      "item_id": 12,
      "created_at": "2025-09-07 15:30:27"
    },
    {
      "id": 18796362,
      "fighter": {
        "id": 12499,
        "type": "account"
      },
      "damage": 101238,
      "side": "ATTACK",
      "item_id": 12,
      "created_at": "2025-09-07 15:30:28"
    },
    {
      "id": 18796363,
      "fighter": {
        "id": 12499,
        "type": "account"
      },
      "damage": 33779,
      "side": "ATTACK",
      "item_id": 12,
      "created_at": "2025-09-07 15:30:28"
    },
    {
      "id": 18796364,
      "fighter": {
        "id": 12499,
        "type": "account"
      },
      "damage": 36311,
      "side": "ATTACK",
      "item_id": 12,
      "created_at": "2025-09-07 15:30:29"
    },
    {
      "id": 18796365,
      "fighter": {
        "id": 12499,
        "type": "account"
      },
      "damage": 43059,
      "side": "ATTACK",
      "item_id": 12,
      "created_at": "2025-09-07 15:30:30"
    },
    {
      "id": 18796366,
      "fighter": {
        "id": 12499,
        "type": "account"
      },
      "damage": 35659,
      "side": "ATTACK",
      "item_id": 12,
      "created_at": "2025-09-07 15:30:30"
    },
    {
      "id": 18796367,
      "fighter": {
        "id": 12499,
        "type"... (truncated)

Pobieranie danych: uderzeniach rundy 118922 z URL: https://api.eclesiar.com/war/round/hits?war_round_id=118922...
--- Dane o uderzeniach rundy 118805 ---
{
  "code": 200,
  "description": "Success",
  "data": [
    {
      "id": 18813761,
      "fighter": {
        "id": 1902,
        "type": "account"
      },
      "damage": 17998,
      "side": "DEFEND",
      "item_id": 11,
      "created_at": "2025-09-07 23:42:10"
    },
    {
      "id": 18813762,
      "fighter": {
        "id": 1902,
        "type": "account"
      },
      "damage": 19844,
      "side": "DEFEND",
      "item_id": 11,
      "created_at": "2025-09-07 23:42:10"
    },
    {
      "id": 18813763,
      "fighter": {
        "id": 1902,
        "type": "account"
      },
      "damage": 18438,
      "side": "DEFEND",
      "item_id": 11,
      "created_at": "2025-09-07 23:42:12"
    },
    {
      "id": 18813764,
      "fighter": {
        "id": 1902,
        "type": "account"
      },
      "damage": 19930,
      "side": "DEFEND",
      "item_id": 11,
      "created_at": "2025-09-07 23:42:12"
    },
    {
      "id": 18813765,
      "fighter": {
        "id": 1902,
        "type": "account"
      },
      "damage": 0,
      "side": "DEFEND",
      "item_id": 11,
      "created_at": "2025-09-07 23:42:12"
    },
    {
      "id": 18813769,
      "fighter": {
        "id": 1902,
        "type": "account"
      },
      "damage": 36063,
      "side": "DEFEND",
      "item_id": 11,
      "created_at": "2025-09-07 23:42:16"
    },
    {
      "id": 18813772,
      "fighter": {
        "id": 1902,
        "type": "account"
      },
      "damage": 19539,
      "side": "DEFEND",
      "item_id": 11,
      "created_at": "2025-09-07 23:42:16"
    },
    {
      "id": 18813773,
      "fighter": {
        "id": 1902,
        "type": "account"
      },
      "damage": 20013,
      "side": "DEFEND",
      "item_id": 11,
      "created_at": "2025-09-07 23:42:16"
    },
    {
      "id": 18815155,
      "fighter": {
        "id": 11980,
        "type": "account"
      },
      "damage": 5766,
      "side": "ATTACK",
      "item_id": 22,
      "created_at": "2025-09-08 00:11:50"
    },
    {
      "id": 18815170,
      "fighter": {
        "id": 11980,
        "type": "account"
      },
      "damage": 1138,
      "side": "ATTACK",
      "item_id": null,
      "created_at": "2025-09-08 00:11:55"
    },
    {
      "id": 18815174,
      "fighter": {
        "id": 11980,
        "type": "account"
      },
      "damage": 1272,
      "side": "ATTACK",
      "item_id": null,
      "created_at": "2025-09-08 00:11:57"
    },
    {
      "id": 18815176,
      "fighter": {
        "id": 11980,
        "type": "account"
      },
      "damage": 1331,
      "side": "ATTACK",
      "item_id": null,
      "created_at": "2025-09-08 00:11:57"
    },
    {
      "id": 18815178,
      "fighter": {
        "id": 11980,
        "type": "account"
      },
      "damage": 1167,
      "side": "ATTACK",
      "item_id": null,
      "created_at": "2025-09-08 00:11:57"
    },
    {
      "id": 18815196,
      "fighter": {
        "id": 11980,
        "type": "account... (truncated)

--- Dane o uderzeniach rundy 118804 ---
{
  "code": 200,
  "description": "Success",
  "data": [
    {
      "id": 18809031,
      "fighter": {
        "id": 16053,
        "type": "account"
      },
      "damage": 1027,
      "side": "ATTACK",
      "item_id": null,
      "created_at": "2025-09-07 20:54:35"
    },
    {
      "id": 18809032,
      "fighter": {
        "id": 16053,
        "type": "account"
      },
      "damage": 858,
      "side": "ATTACK",
      "item_id": null,
      "created_at": "2025-09-07 20:54:38"
    },
    {
      "id": 18809033,
      "fighter": {
        "id": 16053,
        "type": "account"
      },
      "damage": 1040,
      "side": "ATTACK",
      "item_id": null,
      "created_at": "2025-09-07 20:54:45"
    },
    {
      "id": 18809034,
      "fighter": {
        "id": 16053,
        "type": "account"
      },
      "damage": 876,
      "side": "ATTACK",
      "item_id": null,
      "created_at": "2025-09-07 20:54:47"
    },
    {
      "id": 18809035,
      "fighter": {
        "id": 16053,
        "type": "account"
      },
      "damage": 1030,
      "side": "ATTACK",
      "item_id": null,
      "created_at": "2025-09-07 20:54:49"
    },
    {
      "id": 18809036,
      "fighter": {
        "id": 16053,
        "type": "account"
      },
      "damage": 881,
      "side": "ATTACK",
      "item_id": null,
      "created_at": "2025-09-07 20:54:51"
    },
    {
      "id": 18809037,
      "fighter": {
        "id": 16053,
        "type": "account"
      },
      "damage": 896,
      "side": "ATTACK",
      "item_id": null,
      "created_at": "2025-09-07 20:54:53"
    },
    {
      "id": 18809038,
      "fighter": {
        "id": 16053,
        "type": "account"
      },
      "damage": 1011,
      "side": "ATTACK",
      "item_id": null,
      "created_at": "2025-09-07 20:54:55"
    },
    {
      "id": 18809042,
      "fighter": {
        "id": 16053,
        "type": "account"
      },
      "damage": 1057,
      "side": "ATTACK",
      "item_id": null,
      "created_at": "2025-09-07 20:54:58"
    },
    {
      "id": 18809043,
      "fighter": {
        "id": 16053,
        "type": "account"
      },
      "damage": 916,
      "side": "ATTACK",
      "item_id": null,
      "created_at": "2025-09-07 20:55:00"
    },
    {
      "id": 18809044,
      "fighter": {
        "id": 16053,
        "type": "account"
      },
      "damage": 1074,
      "side": "ATTACK",
      "item_id": null,
      "created_at": "2025-09-07 20:55:02"
    },
    {
      "id": 18809045,
      "fighter": {
        "id": 16053,
        "type": "account"
      },
      "damage": 1076,
      "side": "ATTACK",
      "item_id": null,
      "created_at": "2025-09-07 20:55:04"
    },
    {
      "id": 18809046,
      "fighter": {
        "id": 16053,
        "type": "account"
      },
      "damage": 854,
      "side": "ATTACK",
      "item_id": null,
      "created_at": "2025-09-07 20:55:06"
    },
    {
      "id": 18809050,
      "fighter": {
        "id": 16053,
        ... (truncated)

--- Dane o uderzeniach rundy 118922 ---
{
  "code": 200,
  "description": "Success"
}

--- Dane o uderzeniach rundy 118920 ---
{
  "code": 200,
  "description": "Success",
  "data": [
    {
      "id": 18833785,
      "fighter": {
        "id": 408,
        "type": "account"
      },
      "damage": 19717,
      "side": "DEFEND",
      "item_id": 12,
      "created_at": "2025-09-08 06:45:56"
    },
    {
      "id": 18833786,
      "fighter": {
        "id": 408,
        "type": "account"
      },
      "damage": 20113,
      "side": "DEFEND",
      "item_id": 12,
      "created_at": "2025-09-08 06:45:57"
    },
    {
      "id": 18833787,
      "fighter": {
        "id": 408,
        "type": "account"
      },
      "damage": 23331,
      "side": "DEFEND",
      "item_id": 12,
      "created_at": "2025-09-08 06:45:58"
    },
    {
      "id": 18833788,
      "fighter": {
        "id": 408,
        "type": "account"
      },
      "damage": 47960,
      "side": "DEFEND",
      "item_id": 12,
      "created_at": "2025-09-08 06:45:59"
    },
    {
      "id": 18833789,
      "fighter": {
        "id": 408,
        "type": "account"
      },
      "damage": 20375,
      "side": "DEFEND",
      "item_id": 12,
      "created_at": "2025-09-08 06:45:59"
    },
    {
      "id": 18833790,
      "fighter": {
        "id": 408,
        "type": "account"
      },
      "damage": 19338,
      "side": "DEFEND",
      "item_id": 12,
      "created_at": "2025-09-08 06:46:00"
    },
    {
      "id": 18833791,
      "fighter": {
        "id": 408,
        "type": "account"
      },
      "damage": 47057,
      "side": "DEFEND",
      "item_id": 12,
      "created_at": "2025-09-08 06:46:01"
    },
    {
      "id": 18833792,
      "fighter": {
        "id": 408,
        "type": "account"
      },
      "damage": 22465,
      "side": "DEFEND",
      "item_id": 12,
      "created_at": "2025-09-08 06:46:01"
    },
    {
      "id": 18833793,
      "fighter": {
        "id": 408,
        "type": "account"
      },
      "damage": 44867,
      "side": "DEFEND",
      "item_id": 12,
      "created_at": "2025-09-08 06:46:02"
    },
    {
      "id": 18833794,
      "fighter": {
        "id": 408,
        "type": "account"
      },
      "damage": 24041,
      "side": "DEFEND",
      "item_id": 12,
      "created_at": "2025-09-08 06:46:02"
    },
    {
      "id": 18833795,
      "fighter": {
        "id": 408,
        "type": "account"
      },
      "damage": 19294,
      "side": "DEFEND",
      "item_id": 12,
      "created_at": "2025-09-08 06:46:03"
    },
    {
      "id": 18833796,
      "fighter": {
        "id": 408,
        "type": "account"
      },
      "damage": 20742,
      "side": "DEFEND",
      "item_id": 12,
      "created_at": "2025-09-08 06:46:04"
    },
    {
      "id": 18833797,
      "fighter": {
        "id": 408,
        "type": "account"
      },
      "damage": 23149,
      "side": "DEFEND",
      "item_id": 12,
      "created_at": "2025-09-08 06:46:04"
    },
    {
      "id": 18833798,
      "fighter": {
        "id": 408,
        "type": "account"
      },
      "d... (truncated)
--- Dane o uderzeniach rundy 118803 ---
{
  "code": 200,
  "description": "Success",
  "data": [
    {
      "id": 18802460,
      "fighter": {
        "id": 13226,
        "type": "account"
      },
      "damage": 4083,
      "side": "ATTACK",
      "item_id": 9,
      "created_at": "2025-09-07 18:12:54"
    },
    {
      "id": 18802461,
      "fighter": {
        "id": 13226,
        "type": "account"
      },
      "damage": 3439,
      "side": "ATTACK",
      "item_id": 9,
      "created_at": "2025-09-07 18:12:57"
    },
    {
      "id": 18802462,
      "fighter": {
        "id": 13226,
        "type": "account"
      },
      "damage": 3459,
      "side": "ATTACK",
      "item_id": 9,
      "created_at": "2025-09-07 18:13:00"
    },
    {
      "id": 18802463,
      "fighter": {
        "id": 13226,
        "type": "account"
      },
      "damage": 1022,
      "side": "ATTACK",
      "item_id": null,
      "created_at": "2025-09-07 18:13:04"
    },
    {
      "id": 18802464,
      "fighter": {
        "id": 13226,
        "type": "account"
      },
      "damage": 1130,
      "side": "ATTACK",
      "item_id": null,
      "created_at": "2025-09-07 18:13:06"
    },
    {
      "id": 18802465,
      "fighter": {
        "id": 13226,
        "type": "account"
      },
      "damage": 1128,
      "side": "ATTACK",
      "item_id": null,
      "created_at": "2025-09-07 18:13:07"
    },
    {
      "id": 18802466,
      "fighter": {
        "id": 13226,
        "type": "account"
      },
      "damage": 1164,
      "side": "ATTACK",
      "item_id": null,
      "created_at": "2025-09-07 18:13:08"
    },
    {
      "id": 18802467,
      "fighter": {
        "id": 13226,
        "type": "account"
      },
      "damage": 1166,
      "side": "ATTACK",
      "item_id": null,
      "created_at": "2025-09-07 18:13:09"
    },
    {
      "id": 18802468,
      "fighter": {
        "id": 13226,
        "type": "account"
      },
      "damage": 1014,
      "side": "ATTACK",
      "item_id": null,
      "created_at": "2025-09-07 18:13:10"
    },
    {
      "id": 18802469,
      "fighter": {
        "id": 13226,
        "type": "account"
      },
      "damage": 1219,
      "side": "ATTACK",
      "item_id": null,
      "created_at": "2025-09-07 18:13:11"
    },
    {
      "id": 18802470,
      "fighter": {
        "id": 13226,
        "type": "account"
      },
      "damage": 1195,
      "side": "ATTACK",
      "item_id": null,
      "created_at": "2025-09-07 18:13:12"
    },
    {
      "id": 18802471,
      "fighter": {
        "id": 13226,
        "type": "account"
      },
      "damage": 1243,
      "side": "ATTACK",
      "item_id": null,
      "created_at": "2025-09-07 18:13:13"
    },
    {
      "id": 18802472,
      "fighter": {
        "id": 13226,
        "type": "account"
      },
      "damage": 1277,
      "side": "ATTACK",
      "item_id": null,
      "created_at": "2025-09-07 18:13:14"
    },
    {
      "id": 18802473,
      "fighter": {
        "id": 13226,
        "ty... (truncated)

--- Dane o uderzeniach rundy 118808 ---
{
  "code": 200,
  "description": "Success",
  "data": [
    {
      "id": 18836766,
      "fighter": {
        "id": 2458,
        "type": "account"
      },
      "damage": 10423,
      "side": "ATTACK",
      "item_id": 10,
      "created_at": "2025-09-08 07:33:26"
    },
    {
      "id": 18836768,
      "fighter": {
        "id": 2458,
        "type": "account"
      },
      "damage": 0,
      "side": "ATTACK",
      "item_id": 10,
      "created_at": "2025-09-08 07:33:29"
    },
    {
      "id": 18836770,
      "fighter": {
        "id": 2458,
        "type": "account"
      },
      "damage": 13713,
      "side": "ATTACK",
      "item_id": 22,
      "created_at": "2025-09-08 07:33:32"
    },
    {
      "id": 18836771,
      "fighter": {
        "id": 2458,
        "type": "account"
      },
      "damage": 13569,
      "side": "ATTACK",
      "item_id": 22,
      "created_at": "2025-09-08 07:33:34"
    },
    {
      "id": 18836772,
      "fighter": {
        "id": 2458,
        "type": "account"
      },
      "damage": 11962,
      "side": "ATTACK",
      "item_id": 22,
      "created_at": "2025-09-08 07:33:35"
    },
    {
      "id": 18836773,
      "fighter": {
        "id": 2458,
        "type": "account"
      },
      "damage": 15020,
      "side": "ATTACK",
      "item_id": 22,
      "created_at": "2025-09-08 07:33:36"
    },
    {
      "id": 18836774,
      "fighter": {
        "id": 2458,
        "type": "account"
      },
      "damage": 12355,
      "side": "ATTACK",
      "item_id": 22,
      "created_at": "2025-09-08 07:33:36"
    },
    {
      "id": 18836775,
      "fighter": {
        "id": 2458,
        "type": "account"
      },
      "damage": 11773,
      "side": "ATTACK",
      "item_id": 22,
      "created_at": "2025-09-08 07:33:37"
    },
    {
      "id": 18836776,
      "fighter": {
        "id": 2458,
        "type": "account"
      },
      "damage": 14217,
      "side": "ATTACK",
      "item_id": 22,
      "created_at": "2025-09-08 07:33:37"
    },
    {
      "id": 18836777,
      "fighter": {
        "id": 2458,
        "type": "account"
      },
      "damage": 15058,
      "side": "ATTACK",
      "item_id": 22,
      "created_at": "2025-09-08 07:33:38"
    },
    {
      "id": 18836778,
      "fighter": {
        "id": 2458,
        "type": "account"
      },
      "damage": 0,
      "side": "ATTACK",
      "item_id": 22,
      "created_at": "2025-09-08 07:33:39"
    },
    {
      "id": 18836779,
      "fighter": {
        "id": 2458,
        "type": "account"
      },
      "damage": 11755,
      "side": "ATTACK",
      "item_id": 22,
      "created_at": "2025-09-08 07:33:39"
    },
    {
      "id": 18836780,
      "fighter": {
        "id": 2458,
        "type": "account"
      },
      "damage": 10807,
      "side": "ATTACK",
      "item_id": 10,
      "created_at": "2025-09-08 07:33:42"
    },
    {
      "id": 18836781,
      "fighter": {
        "id": 2458,
        "type": "account"
      },
  ... (truncated)

--- Dane o uderzeniach rundy 118809 ---
{
  "code": 200,
  "description": "Success"
}

--- Dane o uderzeniach rundy 118918 ---
{
  "code": 200,
  "description": "Success",
  "data": [
    {
      "id": 18818599,
      "fighter": {
        "id": 3762,
        "type": "account"
      },
      "damage": 17946,
      "side": "DEFEND",
      "item_id": 11,
      "created_at": "2025-09-08 01:21:44"
    },
    {
      "id": 18818600,
      "fighter": {
        "id": 3762,
        "type": "account"
      },
      "damage": 15266,
      "side": "DEFEND",
      "item_id": 11,
      "created_at": "2025-09-08 01:21:45"
    },
    {
      "id": 18818601,
      "fighter": {
        "id": 3762,
        "type": "account"
      },
      "damage": 18952,
      "side": "DEFEND",
      "item_id": 11,
      "created_at": "2025-09-08 01:21:46"
    },
    {
      "id": 18818602,
      "fighter": {
        "id": 3762,
        "type": "account"
      },
      "damage": 17307,
      "side": "DEFEND",
      "item_id": 11,
      "created_at": "2025-09-08 01:21:46"
    },
    {
      "id": 18818603,
      "fighter": {
        "id": 3762,
        "type": "account"
      },
      "damage": 19098,
      "side": "DEFEND",
      "item_id": 11,
      "created_at": "2025-09-08 01:21:47"
    },
    {
      "id": 18818604,
      "fighter": {
        "id": 3762,
        "type": "account"
      },
      "damage": 15571,
      "side": "DEFEND",
      "item_id": 11,
      "created_at": "2025-09-08 01:21:48"
    },
    {
      "id": 18818605,
      "fighter": {
        "id": 3762,
        "type": "account"
      },
      "damage": 18732,
      "side": "DEFEND",
      "item_id": 11,
      "created_at": "2025-09-08 01:21:49"
    },
    {
      "id": 18818606,
      "fighter": {
        "id": 3762,
        "type": "account"
      },
      "damage": 15567,
      "side": "DEFEND",
      "item_id": 11,
      "created_at": "2025-09-08 01:21:50"
    },
    {
      "id": 18818607,
      "fighter": {
        "id": 3762,
        "type": "account"
      },
      "damage": 17081,
      "side": "DEFEND",
      "item_id": 11,
      "created_at": "2025-09-08 01:21:51"
    },
    {
      "id": 18818608,
      "fighter": {
        "id": 3762,
        "type": "account"
      },
      "damage": 0,
      "side": "DEFEND",
      "item_id": 11,
      "created_at": "2025-09-08 01:21:52"
    },
    {
      "id": 18818609,
      "fighter": {
        "id": 6099,
        "type": "account"
      },
      "damage": 15127,
      "side": "DEFEND",
      "item_id": 12,
      "created_at": "2025-09-08 01:21:53"
    },
    {
      "id": 18818610,
      "fighter": {
        "id": 6099,
        "type": "account"
      },
      "damage": 0,
      "side": "DEFEND",
      "item_id": 12,
      "created_at": "2025-09-08 01:21:54"
    },
    {
      "id": 18818611,
      "fighter": {
        "id": 6099,
        "type": "account"
      },
      "damage": 17094,
      "side": "DEFEND",
      "item_id": 12,
      "created_at": "2025-09-08 01:21:54"
    },
    {
      "id": 18818612,
      "fighter": {
        "id": 6099,
        "type": "account"
      },
  ... (truncated)

Pobieranie danych: uderzeniach rundy 118924 z URL: https://api.eclesiar.com/war/round/hits?war_round_id=118924...
  10% [###---------------------------] 13/121 ETA 00:09                                                                                                                                                                                                                                                                                                                                                                                                                                                                                                                                                                                                                                                                                                                                                                                                                                                                                                                                                                                                                                                                                                                                                                                                                                                                                                                                                                                                                                                                                                                                                                                                                                                                                                                                                                                                                                                                                                                                                                                                                                                                                                                                                                                                                                                                                                                                                                                                                                                                                                                                                                                                                                                                                                                                                                                                                                                             ø\ÜÃU  Pœ\ÜÃU         æ\ÜÃU                                                                                                                                                                                                                                                                                                                                                                                                                            Pobieranie danych: uderzeniach rundy 118925 z URL: https://api.eclesiar.com/war/round/hits?war_round_id=118925...
Pobieranie danych: uderzeniach rundy 118926 z URL: https://api.eclesiar.com/war/round/hits?war_round_id=118926...
Pobieranie danych: uderzeniach rundy 118936 z URL: https://api.eclesiar.com/war/round/hits?war_round_id=118936...
Pobieranie danych: uderzeniach rundy 118937 z URL: https://api.eclesiar.com/war/round/hits?war_round_id=118937...
Pobieranie danych: uderzeniach rundy 118938 z URL: https://api.eclesiar.com/war/round/hits?war_round_id=118938...
Pobieranie danych: uderzeniach rundy 118939 z URL: https://api.eclesiar.com/war/round/hits?war_round_id=118939...
--- Dane o uderzeniach rundy 118925 ---
{
  "code": 200,
  "description": "Success"
}

--- Dane o uderzeniach rundy 118923 ---
{
  "code": 200,
  "description": "Success"
}

--- Dane o uderzeniach rundy 118937 ---
{
  "code": 200,
  "description": "Success"
}

Pobieranie danych: uderzeniach rundy 118940 z URL: https://api.eclesiar.com/war/round/hits?war_round_id=118940...
--- Dane o uderzeniach rundy 118938 ---
{
  "code": 200,
  "description": "Success"
}

Pobieranie danych: uderzeniach rundy 118941 z URL: https://api.eclesiar.com/war/round/hits?war_round_id=118941...
  23% [#######-----------------------] 29/121 ETA 00:03 - Uderzenia runda 118919--- Dane o uderzeniach rundy 118936 ---
{
  "code": 200,
  "description": "Success",
  "data": [
    {
      "id": 18832934,
      "fighter": {
        "id": 11311,
        "type": "account"
      },
      "damage": 8760,
      "side": "DEFEND",
      "item_id": 9,
      "created_at": "2025-09-08 06:36:21"
    },
    {
      "id": 18832946,
      "fighter": {
        "id": 11311,
        "type": "account"
      },
      "damage": 9341,
      "side": "DEFEND",
      "item_id": 21,
      "created_at": "2025-09-08 06:36:36"
    },
    {
      "id": 18832949,
      "fighter": {
        "id": 11541,
        "type": "account"
      },
      "damage": 6678,
      "side": "DEFEND",
      "item_id": 20,
      "created_at": "2025-09-08 06:36:42"
    },
    {
      "id": 18832950,
      "fighter": {
        "id": 11541,
        "type": "account"
      },
      "damage": 6291,
      "side": "DEFEND",
      "item_id": 9,
      "created_at": "2025-09-08 06:36:48"
    },
    {
      "id": 18833013,
      "fighter": {
        "id": 11447,
        "type": "account"
      },
      "damage": 2051,
      "side": "DEFEND",
      "item_id": null,
      "created_at": "2025-09-08 06:38:08"
    },
    {
      "id": 18833014,
      "fighter": {
        "id": 11447,
        "type": "account"
      },
      "damage": 1905,
      "side": "DEFEND",
      "item_id": null,
      "created_at": "2025-09-08 06:38:09"
    },
    {
      "id": 18833037,
      "fighter": {
        "id": 11447,
        "type": "account"
      },
      "damage": 1848,
      "side": "DEFEND",
      "item_id": null,
      "created_at": "2025-09-08 06:38:17"
    },
    {
      "id": 18833039,
      "fighter": {
        "id": 11447,
        "type": "account"
      },
      "damage": 1665,
      "side": "DEFEND",
      "item_id": null,
      "created_at": "2025-09-08 06:38:18"
    },
    {
      "id": 18833043,
      "fighter": {
        "id": 11447,
        "type": "account"
      },
      "damage": 2073,
      "side": "DEFEND",
      "item_id": null,
      "created_at": "2025-09-08 06:38:19"
    },
    {
      "id": 18833046,
      "fighter": {
        "id": 11447,
        "type": "account"
      },
      "damage": 1951,
      "side": "DEFEND",
      "item_id": null,
      "created_at": "2025-09-08 06:38:19"
    },
    {
      "id": 18833057,
      "fighter": {
        "id": 11447,
        "type": "account"
      },
      "damage": 1966,
      "side": "DEFEND",
      "item_id": null,
      "created_at": "2025-09-08 06:38:20"
    },
    {
      "id": 18833059,
      "fighter": {
        "id": 11447,
        "type": "account"
      },
      "damage": 2168,
      "side": "DEFEND",
      "item_id": null,
      "created_at": "2025-09-08 06:38:21"
    },
    {
      "id": 18833062,
      "fighter": {
        "id": 11447,
        "type": "account"
      },
      "damage": 2199,
      "side": "DEFEND",
      "item_id": null,
      "created_at": "2025-09-08 06:38:21"
    },
    {
      "id": 18833064,
      "fighter": {
        "id": 11447,
        "typ... (truncated)

--- Dane o uderzeniach rundy 118939 ---
{
  "code": 200,
  "description": "Success"
}

--- Dane o uderzeniach rundy 118924 ---
{
  "code": 200,
  "description": "Success"
}

Pobieranie danych: uderzeniach rundy 118942 z URL: https://api.eclesiar.com/war/round/hits?war_round_id=118942...
--- Dane o uderzeniach rundy 118926 ---
{
  "code": 200,
  "description": "Success"
}

Pobieranie danych: uderzeniach rundy 118943 z URL: https://api.eclesiar.com/war/round/hits?war_round_id=118943...
Pobieranie danych: uderzeniach rundy 118944 z URL: https://api.eclesiar.com/war/round/hits?war_round_id=118944...
Pobieranie danych: uderzeniach rundy 118927 z URL: https://api.eclesiar.com/war/round/hits?war_round_id=118927...
Pobieranie danych: uderzeniach rundy 118928 z URL: https://api.eclesiar.com/war/round/hits?war_round_id=118928...
--- Dane o uderzeniach rundy 118940 ---
{
  "code": 200,
  "description": "Success"
}

Pobieranie danych: uderzeniach rundy 118929 z URL: https://api.eclesiar.com/war/round/hits?war_round_id=118929...
--- Dane o uderzeniach rundy 118943 ---
{
  "code": 200,
  "description": "Success"
}

--- Dane o uderzeniach rundy 118942 ---
{
  "code": 200,
  "description": "Success"
}

--- Dane o uderzeniach rundy 118927 ---
{
  "code": 200,
  "description": "Success",
  "data": [
    {
      "id": 18829505,
      "fighter": {
        "id": 11409,
        "type": "account"
      },
      "damage": 14806,
      "side": "ATTACK",
      "item_id": 10,
      "created_at": "2025-09-08 05:44:19"
    },
    {
      "id": 18829508,
      "fighter": {
        "id": 11409,
        "type": "account"
      },
      "damage": 7472,
      "side": "ATTACK",
      "item_id": 10,
      "created_at": "2025-09-08 05:44:20"
    },
    {
      "id": 18829512,
      "fighter": {
        "id": 11409,
        "type": "account"
      },
      "damage": 8735,
      "side": "ATTACK",
      "item_id": 10,
      "created_at": "2025-09-08 05:44:21"
    },
    {
      "id": 18829516,
      "fighter": {
        "id": 11409,
        "type": "account"
      },
      "damage": 15211,
      "side": "ATTACK",
      "item_id": 10,
      "created_at": "2025-09-08 05:44:21"
    },
    {
      "id": 18829519,
      "fighter": {
        "id": 11409,
        "type": "account"
      },
      "damage": 0,
      "side": "ATTACK",
      "item_id": 10,
      "created_at": "2025-09-08 05:44:22"
    },
    {
      "id": 18829521,
      "fighter": {
        "id": 11409,
        "type": "account"
      },
      "damage": 14918,
      "side": "ATTACK",
      "item_id": 10,
      "created_at": "2025-09-08 05:44:23"
    },
    {
      "id": 18829524,
      "fighter": {
        "id": 11409,
        "type": "account"
      },
      "damage": 8363,
      "side": "ATTACK",
      "item_id": 10,
      "created_at": "2025-09-08 05:44:23"
    },
    {
      "id": 18829527,
      "fighter": {
        "id": 11409,
        "type": "account"
      },
      "damage": 8969,
      "side": "ATTACK",
      "item_id": 10,
      "created_at": "2025-09-08 05:44:24"
    },
    {
      "id": 18829530,
      "fighter": {
        "id": 11409,
        "type": "account"
      },
      "damage": 7803,
      "side": "ATTACK",
      "item_id": 10,
      "created_at": "2025-09-08 05:44:25"
    },
    {
      "id": 18829533,
      "fighter": {
        "id": 11409,
        "type": "account"
      },
      "damage": 8698,
      "side": "ATTACK",
      "item_id": 10,
      "created_at": "2025-09-08 05:44:25"
    },
    {
      "id": 18829536,
      "fighter": {
        "id": 11409,
        "type": "account"
      },
      "damage": 15493,
      "side": "ATTACK",
      "item_id": 10,
      "created_at": "2025-09-08 05:44:26"
    },
    {
      "id": 18829537,
      "fighter": {
        "id": 11409,
        "type": "account"
      },
      "damage": 18614,
      "side": "ATTACK",
      "item_id": 10,
      "created_at": "2025-09-08 05:44:27"
    },
    {
      "id": 18829538,
      "fighter": {
        "id": 11409,
        "type": "account"
      },
      "damage": 7632,
      "side": "ATTACK",
      "item_id": 10,
      "created_at": "2025-09-08 05:44:27"
    },
    {
      "id": 18829540,
      "fighter": {
        "id": 11409,
        "type": "account"
... (truncated)

--- Dane o uderzeniach rundy 118921 ---
{
  "code": 200,
  "description": "Success"
}

--- Dane o uderzeniach rundy 118941 ---
{
  "code": 200,
  "description": "Success"
}

--- Dane o uderzeniach rundy 118928 ---
{
  "code": 200,
  "description": "Success"
}

Pobieranie danych: uderzeniach rundy 118930 z URL: https://api.eclesiar.com/war/round/hits?war_round_id=118930...
--- Dane o uderzeniach rundy 118944 ---
{
  "code": 200,
  "description": "Success"
}

  30% [#########---------------------] 37/121 ETA 00:03 - Uderzenia runda 118925Pobieranie danych: uderzeniach rundy 118931 z URL: https://api.eclesiar.com/war/round/hits?war_round_id=118931...
Pobieranie danych: uderzeniach rundy 118932 z URL: https://api.eclesiar.com/war/round/hits?war_round_id=118932...
--- Dane o uderzeniach rundy 118929 ---
{
  "code": 200,
  "description": "Success"
}

Pobieranie danych: uderzeniach rundy 118933 z URL: https://api.eclesiar.com/war/round/hits?war_round_id=118933...
Pobieranie danych: uderzeniach rundy 118934 z URL: https://api.eclesiar.com/war/round/hits?war_round_id=118934...
Pobieranie danych: uderzeniach rundy 118935 z URL: https://api.eclesiar.com/war/round/hits?war_round_id=118935...
Pobieranie danych: uderzeniach rundy 118873 z URL: https://api.eclesiar.com/war/round/hits?war_round_id=118873...
--- Dane o uderzeniach rundy 118931 ---
{
  "code": 200,
  "description": "Success"
}

--- Dane o uderzeniach rundy 118932 ---
{
  "code": 200,
  "description": "Success"
}

--- Dane o uderzeniach rundy 118930 ---
{
  "code": 200,
  "description": "Success"
}

Pobieranie danych: uderzeniach rundy 118874 z URL: https://api.eclesiar.com/war/round/hits?war_round_id=118874...
Pobieranie danych: uderzeniach rundy 118875 z URL: https://api.eclesiar.com/war/round/hits?war_round_id=118875...
Pobieranie danych: uderzeniach rundy 118876 z URL: https://api.eclesiar.com/war/round/hits?war_round_id=118876...
  37% [###########-------------------] 45/121 ETA 00:02 - Uderzenia runda 118931Pobieranie danych: uderzeniach rundy 118877 z URL: https://api.eclesiar.com/war/round/hits?war_round_id=118877...
Pobieranie danych: uderzeniach rundy 118878 z URL: https://api.eclesiar.com/war/round/hits?war_round_id=118878...
Pobieranie danych: uderzeniach rundy 118879 z URL: https://api.eclesiar.com/war/round/hits?war_round_id=118879...
  40% [############------------------] 49/121 ETA 00:02 - Uderzenia runda 118923Pobieranie danych: uderzeniach rundy 118880 z URL: https://api.eclesiar.com/war/round/hits?war_round_id=118880...
Pobieranie danych: uderzeniach rundy 118881 z URL: https://api.eclesiar.com/war/round/hits?war_round_id=118881...
Pobieranie danych: uderzeniach rundy 118108 z URL: https://api.eclesiar.com/war/round/hits?war_round_id=118108...
Pobieranie danych: uderzeniach rundy 118109 z URL: https://api.eclesiar.com/war/round/hits?war_round_id=118109...
  43% [#############-----------------] 53/121 ETA 00:02 - Uderzenia runda 118807Pobieranie danych: uderzeniach rundy 118110 z URL: https://api.eclesiar.com/war/round/hits?war_round_id=118110...
  44% [#############-----------------] 54/121 ETA 00:02 - Uderzenia runda 118808Pobieranie danych: uderzeniach rundy 118111 z URL: https://api.eclesiar.com/war/round/hits?war_round_id=118111...
--- Dane o uderzeniach rundy 118881 ---
{
  "code": 200,
  "description": "Success"
}

--- Dane o uderzeniach rundy 118108 ---
{
  "code": 200,
  "description": "Success",
  "data": [
    {
      "id": 18774538,
      "fighter": {
        "id": 5561,
        "type": "account"
      },
      "damage": 14350,
      "side": "ATTACK",
      "item_id": 10,
      "created_at": "2025-09-07 08:03:33"
    },
    {
      "id": 18774539,
      "fighter": {
        "id": 5561,
        "type": "account"
      },
      "damage": 32678,
      "side": "ATTACK",
      "item_id": 10,
      "created_at": "2025-09-07 08:03:33"
    },
    {
      "id": 18774540,
      "fighter": {
        "id": 5561,
        "type": "account"
      },
      "damage": 16595,
      "side": "ATTACK",
      "item_id": 10,
      "created_at": "2025-09-07 08:03:33"
    },
    {
      "id": 18774541,
      "fighter": {
        "id": 5561,
        "type": "account"
      },
      "damage": 14203,
      "side": "ATTACK",
      "item_id": 10,
      "created_at": "2025-09-07 08:03:35"
    },
    {
      "id": 18774542,
      "fighter": {
        "id": 5561,
        "type": "account"
      },
      "damage": 14939,
      "side": "ATTACK",
      "item_id": 10,
      "created_at": "2025-09-07 08:03:35"
    },
    {
      "id": 18774543,
      "fighter": {
        "id": 5561,
        "type": "account"
      },
      "damage": 17624,
      "side": "ATTACK",
      "item_id": 10,
      "created_at": "2025-09-07 08:03:36"
    },
    {
      "id": 18774544,
      "fighter": {
        "id": 5561,
        "type": "account"
      },
      "damage": 33788,
      "side": "ATTACK",
      "item_id": 10,
      "created_at": "2025-09-07 08:03:37"
    },
    {
      "id": 18774545,
      "fighter": {
        "id": 5561,
        "type": "account"
      },
      "damage": 0,
      "side": "ATTACK",
      "item_id": 10,
      "created_at": "2025-09-07 08:03:38"
    },
    {
      "id": 18774546,
      "fighter": {
        "id": 5561,
        "type": "account"
      },
      "damage": 0,
      "side": "ATTACK",
      "item_id": 10,
      "created_at": "2025-09-07 08:03:38"
    },
    {
      "id": 18774547,
      "fighter": {
        "id": 5561,
        "type": "account"
      },
      "damage": 14810,
      "side": "ATTACK",
      "item_id": 10,
      "created_at": "2025-09-07 08:03:39"
    },
    {
      "id": 18774548,
      "fighter": {
        "id": 5561,
        "type": "account"
      },
      "damage": 18162,
      "side": "ATTACK",
      "item_id": 10,
      "created_at": "2025-09-07 08:03:40"
    },
    {
      "id": 18774549,
      "fighter": {
        "id": 5561,
        "type": "account"
      },
      "damage": 17742,
      "side": "ATTACK",
      "item_id": 10,
      "created_at": "2025-09-07 08:03:40"
    },
    {
      "id": 18774550,
      "fighter": {
        "id": 5561,
        "type": "account"
      },
      "damage": 0,
      "side": "ATTACK",
      "item_id": 10,
      "created_at": "2025-09-07 08:03:41"
    },
    {
      "id": 18774551,
      "fighter": {
        "id": 5561,
        "type": "account"
      },
      ... (truncated)

Pobieranie danych: uderzeniach rundy 118112 z URL: https://api.eclesiar.com/war/round/hits?war_round_id=118112...
  46% [#############-----------------] 56/121 ETA 00:03 - Uderzenia runda 118881Pobieranie danych: uderzeniach rundy 118113 z URL: https://api.eclesiar.com/war/round/hits?war_round_id=118113...
--- Dane o uderzeniach rundy 118880 ---
{
  "code": 200,
  "description": "Success"
}

Pobieranie danych: uderzeniach rundy 118114 z URL: https://api.eclesiar.com/war/round/hits?war_round_id=118114...
--- Dane o uderzeniach rundy 118112 ---
{
  "code": 200,
  "description": "Success",
  "data": [
    {
      "id": 18804188,
      "fighter": {
        "id": 1849,
        "type": "account"
      },
      "damage": 60645,
      "side": "ATTACK",
      "item_id": 12,
      "created_at": "2025-09-07 18:47:25"
    },
    {
      "id": 18804221,
      "fighter": {
        "id": 1849,
        "type": "account"
      },
      "damage": 66258,
      "side": "ATTACK",
      "item_id": 12,
      "created_at": "2025-09-07 18:47:35"
    },
    {
      "id": 18804223,
      "fighter": {
        "id": 1849,
        "type": "account"
      },
      "damage": 30253,
      "side": "ATTACK",
      "item_id": 12,
      "created_at": "2025-09-07 18:47:35"
    },
    {
      "id": 18804224,
      "fighter": {
        "id": 1849,
        "type": "account"
      },
      "damage": 29290,
      "side": "ATTACK",
      "item_id": 12,
      "created_at": "2025-09-07 18:47:36"
    },
    {
      "id": 18804230,
      "fighter": {
        "id": 1849,
        "type": "account"
      },
      "damage": 28852,
      "side": "ATTACK",
      "item_id": 12,
      "created_at": "2025-09-07 18:47:37"
    },
    {
      "id": 18804233,
      "fighter": {
        "id": 1849,
        "type": "account"
      },
      "damage": 29435,
      "side": "ATTACK",
      "item_id": 12,
      "created_at": "2025-09-07 18:47:37"
    },
    {
      "id": 18804236,
      "fighter": {
        "id": 1849,
        "type": "account"
      },
      "damage": 55930,
      "side": "ATTACK",
      "item_id": 12,
      "created_at": "2025-09-07 18:47:38"
    },
    {
      "id": 18804239,
      "fighter": {
        "id": 1849,
        "type": "account"
      },
      "damage": 24468,
      "side": "ATTACK",
      "item_id": 12,
      "created_at": "2025-09-07 18:47:39"
    },
    {
      "id": 18804244,
      "fighter": {
        "id": 1849,
        "type": "account"
      },
      "damage": 28725,
      "side": "ATTACK",
      "item_id": 12,
      "created_at": "2025-09-07 18:47:40"
    },
    {
      "id": 18804252,
      "fighter": {
        "id": 1849,
        "type": "account"
      },
      "damage": 31312,
      "side": "ATTACK",
      "item_id": 12,
      "created_at": "2025-09-07 18:47:41"
    },
    {
      "id": 18804256,
      "fighter": {
        "id": 1849,
        "type": "account"
      },
      "damage": 27328,
      "side": "ATTACK",
      "item_id": 12,
      "created_at": "2025-09-07 18:47:43"
    },
    {
      "id": 18804291,
      "fighter": {
        "id": 1849,
        "type": "account"
      },
      "damage": 28246,
      "side": "ATTACK",
      "item_id": 12,
      "created_at": "2025-09-07 18:47:54"
    },
    {
      "id": 18804292,
      "fighter": {
        "id": 1849,
        "type": "account"
      },
      "damage": 24292,
      "side": "ATTACK",
      "item_id": 12,
      "created_at": "2025-09-07 18:47:54"
    },
    {
      "id": 18804295,
      "fighter": {
        "id": 1849,
        "type": "account"
   ... (truncated)

  47% [##############----------------] 58/121 ETA 00:03 - Uderzenia runda 118880--- Dane o uderzeniach rundy 118113 ---
{
  "code": 200,
  "description": "Success",
  "data": [
    {
      "id": 18810299,
      "fighter": {
        "id": 1550,
        "type": "account"
      },
      "damage": 38590,
      "side": "ATTACK",
      "item_id": 12,
      "created_at": "2025-09-07 21:28:45"
    },
    {
      "id": 18810301,
      "fighter": {
        "id": 1550,
        "type": "account"
      },
      "damage": 31383,
      "side": "ATTACK",
      "item_id": 12,
      "created_at": "2025-09-07 21:28:46"
    },
    {
      "id": 18810303,
      "fighter": {
        "id": 1550,
        "type": "account"
      },
      "damage": 36687,
      "side": "ATTACK",
      "item_id": 12,
      "created_at": "2025-09-07 21:28:47"
    },
    {
      "id": 18810305,
      "fighter": {
        "id": 1550,
        "type": "account"
      },
      "damage": 85165,
      "side": "ATTACK",
      "item_id": 12,
      "created_at": "2025-09-07 21:28:48"
    },
    {
      "id": 18810307,
      "fighter": {
        "id": 1550,
        "type": "account"
      },
      "damage": 37400,
      "side": "ATTACK",
      "item_id": 12,
      "created_at": "2025-09-07 21:28:49"
    },
    {
      "id": 18810308,
      "fighter": {
        "id": 1550,
        "type": "account"
      },
      "damage": 31905,
      "side": "ATTACK",
      "item_id": 12,
      "created_at": "2025-09-07 21:28:50"
    },
    {
      "id": 18810309,
      "fighter": {
        "id": 1550,
        "type": "account"
      },
      "damage": 83151,
      "side": "ATTACK",
      "item_id": 12,
      "created_at": "2025-09-07 21:28:51"
    },
    {
      "id": 18810310,
      "fighter": {
        "id": 1550,
        "type": "account"
      },
      "damage": 71463,
      "side": "ATTACK",
      "item_id": 12,
      "created_at": "2025-09-07 21:28:52"
    },
    {
      "id": 18810311,
      "fighter": {
        "id": 1550,
        "type": "account"
      },
      "damage": 39665,
      "side": "ATTACK",
      "item_id": 12,
      "created_at": "2025-09-07 21:28:53"
    },
    {
      "id": 18810312,
      "fighter": {
        "id": 1550,
        "type": "account"
      },
      "damage": 35858,
      "side": "ATTACK",
      "item_id": 12,
      "created_at": "2025-09-07 21:28:53"
    },
    {
      "id": 18810313,
      "fighter": {
        "id": 1550,
        "type": "account"
      },
      "damage": 41206,
      "side": "ATTACK",
      "item_id": 12,
      "created_at": "2025-09-07 21:28:54"
    },
    {
      "id": 18810314,
      "fighter": {
        "id": 1550,
        "type": "account"
      },
      "damage": 37096,
      "side": "ATTACK",
      "item_id": 12,
      "created_at": "2025-09-07 21:28:55"
    },
    {
      "id": 18810315,
      "fighter": {
        "id": 1550,
        "type": "account"
      },
      "damage": 34452,
      "side": "ATTACK",
      "item_id": 12,
      "created_at": "2025-09-07 21:28:55"
    },
    {
      "id": 18810316,
      "fighter": {
        "id": 323,
        "type": "account"
    ... (truncated)

--- Dane o uderzeniach rundy 118109 ---
{
  "code": 200,
  "description": "Success",
  "data": [
    {
      "id": 18782363,
      "fighter": {
        "id": 323,
        "type": "account"
      },
      "damage": 48903,
      "side": "ATTACK",
      "item_id": 23,
      "created_at": "2025-09-07 10:46:20"
    },
    {
      "id": 18782364,
      "fighter": {
        "id": 323,
        "type": "account"
      },
      "damage": 49131,
      "side": "ATTACK",
      "item_id": 23,
      "created_at": "2025-09-07 10:46:21"
    },
    {
      "id": 18782365,
      "fighter": {
        "id": 323,
        "type": "account"
      },
      "damage": 104402,
      "side": "ATTACK",
      "item_id": 23,
      "created_at": "2025-09-07 10:46:22"
    },
    {
      "id": 18782366,
      "fighter": {
        "id": 323,
        "type": "account"
      },
      "damage": 55474,
      "side": "ATTACK",
      "item_id": 23,
      "created_at": "2025-09-07 10:46:22"
    },
    {
      "id": 18782369,
      "fighter": {
        "id": 323,
        "type": "account"
      },
      "damage": 54598,
      "side": "ATTACK",
      "item_id": 23,
      "created_at": "2025-09-07 10:46:24"
    },
    {
      "id": 18782547,
      "fighter": {
        "id": 5561,
        "type": "account"
      },
      "damage": 12402,
      "side": "ATTACK",
      "item_id": 9,
      "created_at": "2025-09-07 10:54:58"
    },
    {
      "id": 18782548,
      "fighter": {
        "id": 5561,
        "type": "account"
      },
      "damage": 0,
      "side": "ATTACK",
      "item_id": 9,
      "created_at": "2025-09-07 10:54:58"
    },
    {
      "id": 18782549,
      "fighter": {
        "id": 5561,
        "type": "account"
      },
      "damage": 12340,
      "side": "ATTACK",
      "item_id": 9,
      "created_at": "2025-09-07 10:54:59"
    },
    {
      "id": 18782550,
      "fighter": {
        "id": 5561,
        "type": "account"
      },
      "damage": 12701,
      "side": "ATTACK",
      "item_id": 9,
      "created_at": "2025-09-07 10:55:00"
    },
    {
      "id": 18782551,
      "fighter": {
        "id": 5561,
        "type": "account"
      },
      "damage": 22614,
      "side": "ATTACK",
      "item_id": 12,
      "created_at": "2025-09-07 10:55:04"
    },
    {
      "id": 18782552,
      "fighter": {
        "id": 5561,
        "type": "account"
      },
      "damage": 0,
      "side": "ATTACK",
      "item_id": 12,
      "created_at": "2025-09-07 10:55:05"
    },
    {
      "id": 18782553,
      "fighter": {
        "id": 5561,
        "type": "account"
      },
      "damage": 0,
      "side": "ATTACK",
      "item_id": 12,
      "created_at": "2025-09-07 10:55:05"
    },
    {
      "id": 18782554,
      "fighter": {
        "id": 5561,
        "type": "account"
      },
      "damage": 58805,
      "side": "ATTACK",
      "item_id": 12,
      "created_at": "2025-09-07 10:55:06"
    },
    {
      "id": 18782555,
      "fighter": {
        "id": 5561,
        "type": "account"
      },
      "damage"... (truncated)

Pobieranie danych: uderzeniach rundy 118115 z URL: https://api.eclesiar.com/war/round/hits?war_round_id=118115...
--- Dane o uderzeniach rundy 118114 ---
{
  "code": 200,
  "description": "Success",
  "data": [
    {
      "id": 18814815,
      "fighter": {
        "id": 1550,
        "type": "account"
      },
      "damage": 44761,
      "side": "ATTACK",
      "item_id": 12,
      "created_at": "2025-09-08 00:07:13"
    },
    {
      "id": 18814818,
      "fighter": {
        "id": 1550,
        "type": "account"
      },
      "damage": 41886,
      "side": "ATTACK",
      "item_id": 12,
      "created_at": "2025-09-08 00:07:15"
    },
    {
      "id": 18814832,
      "fighter": {
        "id": 1550,
        "type": "account"
      },
      "damage": 38920,
      "side": "ATTACK",
      "item_id": 12,
      "created_at": "2025-09-08 00:07:24"
    },
    {
      "id": 18814837,
      "fighter": {
        "id": 1550,
        "type": "account"
      },
      "damage": 42215,
      "side": "ATTACK",
      "item_id": 12,
      "created_at": "2025-09-08 00:07:25"
    },
    {
      "id": 18814839,
      "fighter": {
        "id": 1550,
        "type": "account"
      },
      "damage": 82318,
      "side": "ATTACK",
      "item_id": 12,
      "created_at": "2025-09-08 00:07:26"
    },
    {
      "id": 18814842,
      "fighter": {
        "id": 1550,
        "type": "account"
      },
      "damage": 39209,
      "side": "ATTACK",
      "item_id": 12,
      "created_at": "2025-09-08 00:07:27"
    },
    {
      "id": 18814845,
      "fighter": {
        "id": 1550,
        "type": "account"
      },
      "damage": 43959,
      "side": "ATTACK",
      "item_id": 12,
      "created_at": "2025-09-08 00:07:34"
    },
    {
      "id": 18814846,
      "fighter": {
        "id": 1550,
        "type": "account"
      },
      "damage": 80581,
      "side": "ATTACK",
      "item_id": 12,
      "created_at": "2025-09-08 00:07:34"
    },
    {
      "id": 18814849,
      "fighter": {
        "id": 1550,
        "type": "account"
      },
      "damage": 39240,
      "side": "ATTACK",
      "item_id": 12,
      "created_at": "2025-09-08 00:07:36"
    },
    {
      "id": 18814850,
      "fighter": {
        "id": 1550,
        "type": "account"
      },
      "damage": 40008,
      "side": "ATTACK",
      "item_id": 12,
      "created_at": "2025-09-08 00:07:37"
    },
    {
      "id": 18814874,
      "fighter": {
        "id": 1550,
        "type": "account"
      },
      "damage": 40673,
      "side": "ATTACK",
      "item_id": 12,
      "created_at": "2025-09-08 00:07:47"
    },
    {
      "id": 18814879,
      "fighter": {
        "id": 1550,
        "type": "account"
      },
      "damage": 43866,
      "side": "ATTACK",
      "item_id": 12,
      "created_at": "2025-09-08 00:07:49"
    },
    {
      "id": 18814883,
      "fighter": {
        "id": 1550,
        "type": "account"
      },
      "damage": 36183,
      "side": "ATTACK",
      "item_id": 12,
      "created_at": "2025-09-08 00:07:50"
    },
    {
      "id": 18814887,
      "fighter": {
        "id": 1550,
        "type": "account"
   ... (truncated)

Pobieranie danych: uderzeniach rundy 118116 z URL: https://api.eclesiar.com/war/round/hits?war_round_id=118116...
Pobieranie danych: uderzeniach rundy 118882 z URL: https://api.eclesiar.com/war/round/hits?war_round_id=118882...
  50% [###############---------------] 61/121 ETA 00:03 - Uderzenia runda 118113--- Dane o uderzeniach rundy 118110 ---
{
  "code": 200,
  "description": "Success",
  "data": [
    {
      "id": 18789830,
      "fighter": {
        "id": 323,
        "type": "account"
      },
      "damage": 113265,
      "side": "ATTACK",
      "item_id": 12,
      "created_at": "2025-09-07 13:29:09"
    },
    {
      "id": 18789832,
      "fighter": {
        "id": 323,
        "type": "account"
      },
      "damage": 64300,
      "side": "ATTACK",
      "item_id": 12,
      "created_at": "2025-09-07 13:29:10"
    },
    {
      "id": 18789835,
      "fighter": {
        "id": 323,
        "type": "account"
      },
      "damage": 55502,
      "side": "ATTACK",
      "item_id": 12,
      "created_at": "2025-09-07 13:29:11"
    },
    {
      "id": 18789837,
      "fighter": {
        "id": 323,
        "type": "account"
      },
      "damage": 129808,
      "side": "ATTACK",
      "item_id": 12,
      "created_at": "2025-09-07 13:29:12"
    },
    {
      "id": 18789841,
      "fighter": {
        "id": 323,
        "type": "account"
      },
      "damage": 68819,
      "side": "ATTACK",
      "item_id": 12,
      "created_at": "2025-09-07 13:29:13"
    },
    {
      "id": 18789842,
      "fighter": {
        "id": 323,
        "type": "account"
      },
      "damage": 145450,
      "side": "ATTACK",
      "item_id": 12,
      "created_at": "2025-09-07 13:29:14"
    },
    {
      "id": 18789844,
      "fighter": {
        "id": 323,
        "type": "account"
      },
      "damage": 68873,
      "side": "ATTACK",
      "item_id": 12,
      "created_at": "2025-09-07 13:29:15"
    },
    {
      "id": 18789845,
      "fighter": {
        "id": 323,
        "type": "account"
      },
      "damage": 67569,
      "side": "ATTACK",
      "item_id": 12,
      "created_at": "2025-09-07 13:29:15"
    },
    {
      "id": 18789846,
      "fighter": {
        "id": 323,
        "type": "account"
      },
      "damage": 66744,
      "side": "ATTACK",
      "item_id": 12,
      "created_at": "2025-09-07 13:29:16"
    },
    {
      "id": 18789848,
      "fighter": {
        "id": 323,
        "type": "account"
      },
      "damage": 114605,
      "side": "ATTACK",
      "item_id": 12,
      "created_at": "2025-09-07 13:29:17"
    },
    {
      "id": 18789849,
      "fighter": {
        "id": 323,
        "type": "account"
      },
      "damage": 71256,
      "side": "ATTACK",
      "item_id": 12,
      "created_at": "2025-09-07 13:29:18"
    },
    {
      "id": 18789851,
      "fighter": {
        "id": 323,
        "type": "account"
      },
      "damage": 69444,
      "side": "ATTACK",
      "item_id": 12,
      "created_at": "2025-09-07 13:29:19"
    },
    {
      "id": 18790107,
      "fighter": {
        "id": 1849,
        "type": "account"
      },
      "damage": 54287,
      "side": "ATTACK",
      "item_id": 12,
      "created_at": "2025-09-07 13:32:30"
    },
    {
      "id": 18790108,
      "fighter": {
        "id": 1849,
        "type": "account"
      },
  ... (truncated)

--- Dane o uderzeniach rundy 118115 ---
{
  "code": 200,
  "description": "Success",
  "data": [
    {
      "id": 18821816,
      "fighter": {
        "id": 321,
        "type": "account"
      },
      "damage": 77039,
      "side": "ATTACK",
      "item_id": 12,
      "created_at": "2025-09-08 02:47:31"
    },
    {
      "id": 18821820,
      "fighter": {
        "id": 321,
        "type": "account"
      },
      "damage": 37147,
      "side": "ATTACK",
      "item_id": 12,
      "created_at": "2025-09-08 02:47:32"
    },
    {
      "id": 18821822,
      "fighter": {
        "id": 321,
        "type": "account"
      },
      "damage": 40667,
      "side": "ATTACK",
      "item_id": 12,
      "created_at": "2025-09-08 02:47:34"
    },
    {
      "id": 18821826,
      "fighter": {
        "id": 321,
        "type": "account"
      },
      "damage": 85266,
      "side": "ATTACK",
      "item_id": 12,
      "created_at": "2025-09-08 02:47:35"
    },
    {
      "id": 18821828,
      "fighter": {
        "id": 321,
        "type": "account"
      },
      "damage": 77002,
      "side": "ATTACK",
      "item_id": 12,
      "created_at": "2025-09-08 02:47:36"
    },
    {
      "id": 18821831,
      "fighter": {
        "id": 321,
        "type": "account"
      },
      "damage": 33904,
      "side": "ATTACK",
      "item_id": 12,
      "created_at": "2025-09-08 02:47:37"
    },
    {
      "id": 18821833,
      "fighter": {
        "id": 321,
        "type": "account"
      },
      "damage": 77571,
      "side": "ATTACK",
      "item_id": 12,
      "created_at": "2025-09-08 02:47:38"
    },
    {
      "id": 18821837,
      "fighter": {
        "id": 321,
        "type": "account"
      },
      "damage": 35152,
      "side": "ATTACK",
      "item_id": 12,
      "created_at": "2025-09-08 02:47:40"
    },
    {
      "id": 18821841,
      "fighter": {
        "id": 321,
        "type": "account"
      },
      "damage": 86165,
      "side": "ATTACK",
      "item_id": 12,
      "created_at": "2025-09-08 02:47:42"
    },
    {
      "id": 18821845,
      "fighter": {
        "id": 321,
        "type": "account"
      },
      "damage": 85776,
      "side": "ATTACK",
      "item_id": 12,
      "created_at": "2025-09-08 02:47:42"
    },
    {
      "id": 18821851,
      "fighter": {
        "id": 321,
        "type": "account"
      },
      "damage": 34867,
      "side": "ATTACK",
      "item_id": 12,
      "created_at": "2025-09-08 02:47:44"
    },
    {
      "id": 18821853,
      "fighter": {
        "id": 321,
        "type": "account"
      },
      "damage": 88824,
      "side": "ATTACK",
      "item_id": 12,
      "created_at": "2025-09-08 02:47:45"
    },
    {
      "id": 18821857,
      "fighter": {
        "id": 321,
        "type": "account"
      },
      "damage": 36605,
      "side": "ATTACK",
      "item_id": 12,
      "created_at": "2025-09-08 02:47:46"
    },
    {
      "id": 18821860,
      "fighter": {
        "id": 321,
        "type": "account"
      },
      "d... (truncated)

--- Dane o uderzeniach rundy 118882 ---
{
  "code": 200,
  "description": "Success",
  "data": [
    {
      "id": 18798844,
      "fighter": {
        "id": 12499,
        "type": "account"
      },
      "damage": 34197,
      "side": "ATTACK",
      "item_id": 12,
      "created_at": "2025-09-07 16:44:57"
    },
    {
      "id": 18798845,
      "fighter": {
        "id": 12499,
        "type": "account"
      },
      "damage": 30393,
      "side": "ATTACK",
      "item_id": 12,
      "created_at": "2025-09-07 16:44:59"
    },
    {
      "id": 18798846,
      "fighter": {
        "id": 12499,
        "type": "account"
      },
      "damage": 36619,
      "side": "ATTACK",
      "item_id": 12,
      "created_at": "2025-09-07 16:44:59"
    },
    {
      "id": 18798847,
      "fighter": {
        "id": 12499,
        "type": "account"
      },
      "damage": 33711,
      "side": "ATTACK",
      "item_id": 12,
      "created_at": "2025-09-07 16:44:59"
    },
    {
      "id": 18798848,
      "fighter": {
        "id": 12499,
        "type": "account"
      },
      "damage": 35384,
      "side": "ATTACK",
      "item_id": 12,
      "created_at": "2025-09-07 16:45:01"
    },
    {
      "id": 18798849,
      "fighter": {
        "id": 12499,
        "type": "account"
      },
      "damage": 30001,
      "side": "ATTACK",
      "item_id": 12,
      "created_at": "2025-09-07 16:45:01"
    },
    {
      "id": 18798850,
      "fighter": {
        "id": 12499,
        "type": "account"
      },
      "damage": 66930,
      "side": "ATTACK",
      "item_id": 12,
      "created_at": "2025-09-07 16:45:02"
    },
    {
      "id": 18798851,
      "fighter": {
        "id": 12499,
        "type": "account"
      },
      "damage": 36949,
      "side": "ATTACK",
      "item_id": 12,
      "created_at": "2025-09-07 16:45:03"
    },
    {
      "id": 18798852,
      "fighter": {
        "id": 12499,
        "type": "account"
      },
      "damage": 33663,
      "side": "ATTACK",
      "item_id": 12,
      "created_at": "2025-09-07 16:45:03"
    },
    {
      "id": 18798853,
      "fighter": {
        "id": 12499,
        "type": "account"
      },
      "damage": 30131,
      "side": "ATTACK",
      "item_id": 12,
      "created_at": "2025-09-07 16:45:04"
    },
    {
      "id": 18798854,
      "fighter": {
        "id": 12499,
        "type": "account"
      },
      "damage": 35474,
      "side": "ATTACK",
      "item_id": 12,
      "created_at": "2025-09-07 16:45:05"
    },
    {
      "id": 18798855,
      "fighter": {
        "id": 12499,
        "type": "account"
      },
      "damage": 33029,
      "side": "ATTACK",
      "item_id": 12,
      "created_at": "2025-09-07 16:45:05"
    },
    {
      "id": 18798856,
      "fighter": {
        "id": 12499,
        "type": "account"
      },
      "damage": 29304,
      "side": "ATTACK",
      "item_id": 12,
      "created_at": "2025-09-07 16:45:05"
    },
    {
      "id": 18798857,
      "fighter": {
        "id": 12499,
        "type":... (truncated)

Pobieranie danych: uderzeniach rundy 118883 z URL: https://api.eclesiar.com/war/round/hits?war_round_id=118883...
--- Dane o uderzeniach rundy 118116 ---
{
  "code": 200,
  "description": "Success",
  "data": [
    {
      "id": 18828890,
      "fighter": {
        "id": 2082,
        "type": "account"
      },
      "damage": 11860,
      "side": "DEFEND",
      "item_id": 24,
      "created_at": "2025-09-08 05:29:03"
    },
    {
      "id": 18828891,
      "fighter": {
        "id": 2082,
        "type": "account"
      },
      "damage": 5374,
      "side": "DEFEND",
      "item_id": 9,
      "created_at": "2025-09-08 05:29:06"
    },
    {
      "id": 18828892,
      "fighter": {
        "id": 2082,
        "type": "account"
      },
      "damage": 5998,
      "side": "DEFEND",
      "item_id": 9,
      "created_at": "2025-09-08 05:29:06"
    },
    {
      "id": 18828893,
      "fighter": {
        "id": 2082,
        "type": "account"
      },
      "damage": 6042,
      "side": "DEFEND",
      "item_id": 9,
      "created_at": "2025-09-08 05:29:07"
    },
    {
      "id": 18828894,
      "fighter": {
        "id": 2082,
        "type": "account"
      },
      "damage": 0,
      "side": "DEFEND",
      "item_id": 9,
      "created_at": "2025-09-08 05:29:08"
    },
    {
      "id": 18828895,
      "fighter": {
        "id": 2082,
        "type": "account"
      },
      "damage": 6993,
      "side": "DEFEND",
      "item_id": 10,
      "created_at": "2025-09-08 05:29:12"
    },
    {
      "id": 18828896,
      "fighter": {
        "id": 2082,
        "type": "account"
      },
      "damage": 8605,
      "side": "DEFEND",
      "item_id": 10,
      "created_at": "2025-09-08 05:29:12"
    },
    {
      "id": 18828897,
      "fighter": {
        "id": 2082,
        "type": "account"
      },
      "damage": 8078,
      "side": "DEFEND",
      "item_id": 10,
      "created_at": "2025-09-08 05:29:12"
    },
    {
      "id": 18828898,
      "fighter": {
        "id": 2082,
        "type": "account"
      },
      "damage": 8898,
      "side": "DEFEND",
      "item_id": 10,
      "created_at": "2025-09-08 05:29:13"
    },
    {
      "id": 18828899,
      "fighter": {
        "id": 2082,
        "type": "account"
      },
      "damage": 8226,
      "side": "DEFEND",
      "item_id": 10,
      "created_at": "2025-09-08 05:29:13"
    },
    {
      "id": 18828900,
      "fighter": {
        "id": 2082,
        "type": "account"
      },
      "damage": 8068,
      "side": "DEFEND",
      "item_id": 10,
      "created_at": "2025-09-08 05:29:14"
    },
    {
      "id": 18828901,
      "fighter": {
        "id": 2082,
        "type": "account"
      },
      "damage": 0,
      "side": "DEFEND",
      "item_id": 11,
      "created_at": "2025-09-08 05:29:18"
    },
    {
      "id": 18828902,
      "fighter": {
        "id": 2082,
        "type": "account"
      },
      "damage": 9607,
      "side": "DEFEND",
      "item_id": 11,
      "created_at": "2025-09-08 05:29:21"
    },
    {
      "id": 18828903,
      "fighter": {
        "id": 2082,
        "type": "account"
      },
      "damage": ... (truncated)

--- Dane o uderzeniach rundy 118111 ---
{
  "code": 200,
  "description": "Success",
  "data": [
    {
      "id": 18797906,
      "fighter": {
        "id": 1849,
        "type": "account"
      },
      "damage": 0,
      "side": "ATTACK",
      "item_id": 12,
      "created_at": "2025-09-07 16:07:13"
    },
    {
      "id": 18797908,
      "fighter": {
        "id": 1849,
        "type": "account"
      },
      "damage": 25301,
      "side": "ATTACK",
      "item_id": 12,
      "created_at": "2025-09-07 16:07:13"
    },
    {
      "id": 18797910,
      "fighter": {
        "id": 1849,
        "type": "account"
      },
      "damage": 62754,
      "side": "ATTACK",
      "item_id": 12,
      "created_at": "2025-09-07 16:07:14"
    },
    {
      "id": 18797911,
      "fighter": {
        "id": 1849,
        "type": "account"
      },
      "damage": 28036,
      "side": "ATTACK",
      "item_id": 12,
      "created_at": "2025-09-07 16:07:15"
    },
    {
      "id": 18797912,
      "fighter": {
        "id": 1849,
        "type": "account"
      },
      "damage": 23379,
      "side": "ATTACK",
      "item_id": 12,
      "created_at": "2025-09-07 16:07:17"
    },
    {
      "id": 18797949,
      "fighter": {
        "id": 9611,
        "type": "account"
      },
      "damage": 27372,
      "side": "ATTACK",
      "item_id": 23,
      "created_at": "2025-09-07 16:08:58"
    },
    {
      "id": 18797950,
      "fighter": {
        "id": 9611,
        "type": "account"
      },
      "damage": 0,
      "side": "ATTACK",
      "item_id": 23,
      "created_at": "2025-09-07 16:08:58"
    },
    {
      "id": 18797951,
      "fighter": {
        "id": 9611,
        "type": "account"
      },
      "damage": 32658,
      "side": "ATTACK",
      "item_id": 23,
      "created_at": "2025-09-07 16:08:58"
    },
    {
      "id": 18797952,
      "fighter": {
        "id": 1849,
        "type": "account"
      },
      "damage": 67386,
      "side": "ATTACK",
      "item_id": 12,
      "created_at": "2025-09-07 16:09:00"
    },
    {
      "id": 18797953,
      "fighter": {
        "id": 9611,
        "type": "account"
      },
      "damage": 31365,
      "side": "ATTACK",
      "item_id": 23,
      "created_at": "2025-09-07 16:09:00"
    },
    {
      "id": 18797954,
      "fighter": {
        "id": 9611,
        "type": "account"
      },
      "damage": 30377,
      "side": "ATTACK",
      "item_id": 23,
      "created_at": "2025-09-07 16:09:00"
    },
    {
      "id": 18797955,
      "fighter": {
        "id": 1849,
        "type": "account"
      },
      "damage": 29465,
      "side": "ATTACK",
      "item_id": 12,
      "created_at": "2025-09-07 16:09:00"
    },
    {
      "id": 18797956,
      "fighter": {
        "id": 1849,
        "type": "account"
      },
      "damage": 28157,
      "side": "ATTACK",
      "item_id": 12,
      "created_at": "2025-09-07 16:09:01"
    },
    {
      "id": 18797957,
      "fighter": {
        "id": 1849,
        "type": "account"
      },
  ... (truncated)

Pobieranie danych: uderzeniach rundy 118884 z URL: https://api.eclesiar.com/war/round/hits?war_round_id=118884...
  52% [###############---------------] 63/121 ETA 00:02 - Uderzenia runda 118882Pobieranie danych: uderzeniach rundy 118885 z URL: https://api.eclesiar.com/war/round/hits?war_round_id=118885...
--- Dane o uderzeniach rundy 118883 ---
{
  "code": 200,
  "description": "Success",
  "data": [
    {
      "id": 18805752,
      "fighter": {
        "id": 5533,
        "type": "account"
      },
      "damage": 21216,
      "side": "ATTACK",
      "item_id": 11,
      "created_at": "2025-09-07 19:29:35"
    },
    {
      "id": 18805767,
      "fighter": {
        "id": 5533,
        "type": "account"
      },
      "damage": 0,
      "side": "ATTACK",
      "item_id": 11,
      "created_at": "2025-09-07 19:29:45"
    },
    {
      "id": 18805768,
      "fighter": {
        "id": 5533,
        "type": "account"
      },
      "damage": 0,
      "side": "ATTACK",
      "item_id": 11,
      "created_at": "2025-09-07 19:29:46"
    },
    {
      "id": 18805770,
      "fighter": {
        "id": 5533,
        "type": "account"
      },
      "damage": 10019,
      "side": "ATTACK",
      "item_id": 11,
      "created_at": "2025-09-07 19:29:46"
    },
    {
      "id": 18805771,
      "fighter": {
        "id": 5533,
        "type": "account"
      },
      "damage": 9305,
      "side": "ATTACK",
      "item_id": 11,
      "created_at": "2025-09-07 19:29:47"
    },
    {
      "id": 18805773,
      "fighter": {
        "id": 5533,
        "type": "account"
      },
      "damage": 19872,
      "side": "ATTACK",
      "item_id": 11,
      "created_at": "2025-09-07 19:29:48"
    },
    {
      "id": 18805774,
      "fighter": {
        "id": 5533,
        "type": "account"
      },
      "damage": 8928,
      "side": "ATTACK",
      "item_id": 11,
      "created_at": "2025-09-07 19:29:49"
    },
    {
      "id": 18805775,
      "fighter": {
        "id": 5533,
        "type": "account"
      },
      "damage": 18750,
      "side": "ATTACK",
      "item_id": 11,
      "created_at": "2025-09-07 19:29:50"
    },
    {
      "id": 18805776,
      "fighter": {
        "id": 5533,
        "type": "account"
      },
      "damage": 17269,
      "side": "ATTACK",
      "item_id": 11,
      "created_at": "2025-09-07 19:29:50"
    },
    {
      "id": 18805777,
      "fighter": {
        "id": 5533,
        "type": "account"
      },
      "damage": 8853,
      "side": "ATTACK",
      "item_id": 11,
      "created_at": "2025-09-07 19:29:51"
    },
    {
      "id": 18805974,
      "fighter": {
        "id": 12551,
        "type": "account"
      },
      "damage": 7422,
      "side": "ATTACK",
      "item_id": 12,
      "created_at": "2025-09-07 19:36:02"
    },
    {
      "id": 18805999,
      "fighter": {
        "id": 12551,
        "type": "account"
      },
      "damage": 0,
      "side": "ATTACK",
      "item_id": 20,
      "created_at": "2025-09-07 19:36:14"
    },
    {
      "id": 18806009,
      "fighter": {
        "id": 12551,
        "type": "account"
      },
      "damage": 3666,
      "side": "ATTACK",
      "item_id": 20,
      "created_at": "2025-09-07 19:36:23"
    },
    {
      "id": 18806016,
      "fighter": {
        "id": 12551,
        "type": "account"
      },
      "... (truncated)

Pobieranie danych: uderzeniach rundy 118886 z URL: https://api.eclesiar.com/war/round/hits?war_round_id=118886...
--- Dane o uderzeniach rundy 118885 ---
{
  "code": 200,
  "description": "Success",
  "data": [
    {
      "id": 18817720,
      "fighter": {
        "id": 11900,
        "type": "account"
      },
      "damage": 1535,
      "side": "ATTACK",
      "item_id": null,
      "created_at": "2025-09-08 00:57:18"
    },
    {
      "id": 18817721,
      "fighter": {
        "id": 11900,
        "type": "account"
      },
      "damage": 1618,
      "side": "ATTACK",
      "item_id": null,
      "created_at": "2025-09-08 00:57:24"
    },
    {
      "id": 18817722,
      "fighter": {
        "id": 11900,
        "type": "account"
      },
      "damage": 1506,
      "side": "ATTACK",
      "item_id": null,
      "created_at": "2025-09-08 00:57:25"
    },
    {
      "id": 18817723,
      "fighter": {
        "id": 11900,
        "type": "account"
      },
      "damage": 0,
      "side": "ATTACK",
      "item_id": null,
      "created_at": "2025-09-08 00:57:27"
    },
    {
      "id": 18817724,
      "fighter": {
        "id": 11900,
        "type": "account"
      },
      "damage": 1458,
      "side": "ATTACK",
      "item_id": null,
      "created_at": "2025-09-08 00:57:28"
    },
    {
      "id": 18817725,
      "fighter": {
        "id": 11900,
        "type": "account"
      },
      "damage": 1439,
      "side": "ATTACK",
      "item_id": null,
      "created_at": "2025-09-08 00:57:29"
    },
    {
      "id": 18817726,
      "fighter": {
        "id": 11900,
        "type": "account"
      },
      "damage": 1263,
      "side": "ATTACK",
      "item_id": null,
      "created_at": "2025-09-08 00:57:30"
    },
    {
      "id": 18817727,
      "fighter": {
        "id": 11900,
        "type": "account"
      },
      "damage": 0,
      "side": "ATTACK",
      "item_id": null,
      "created_at": "2025-09-08 00:57:30"
    },
    {
      "id": 18817728,
      "fighter": {
        "id": 11900,
        "type": "account"
      },
      "damage": 1285,
      "side": "ATTACK",
      "item_id": null,
      "created_at": "2025-09-08 00:57:31"
    },
    {
      "id": 18817729,
      "fighter": {
        "id": 11900,
        "type": "account"
      },
      "damage": 1417,
      "side": "ATTACK",
      "item_id": null,
      "created_at": "2025-09-08 00:57:31"
    },
    {
      "id": 18817730,
      "fighter": {
        "id": 11900,
        "type": "account"
      },
      "damage": 1575,
      "side": "ATTACK",
      "item_id": null,
      "created_at": "2025-09-08 00:57:32"
    },
    {
      "id": 18817731,
      "fighter": {
        "id": 11900,
        "type": "account"
      },
      "damage": 1496,
      "side": "ATTACK",
      "item_id": null,
      "created_at": "2025-09-08 00:57:33"
    },
    {
      "id": 18817732,
      "fighter": {
        "id": 11900,
        "type": "account"
      },
      "damage": 1415,
      "side": "ATTACK",
      "item_id": null,
      "created_at": "2025-09-08 00:57:33"
    },
    {
      "id": 18817733,
      "fighter": {
        "id": 11900,
        ... (truncated)

--- Dane o uderzeniach rundy 118884 ---
{
  "code": 200,
  "description": "Success",
  "data": [
    {
      "id": 18811614,
      "fighter": {
        "id": 13500,
        "type": "account"
      },
      "damage": 1137,
      "side": "ATTACK",
      "item_id": null,
      "created_at": "2025-09-07 22:10:20"
    },
    {
      "id": 18811615,
      "fighter": {
        "id": 13500,
        "type": "account"
      },
      "damage": 1072,
      "side": "ATTACK",
      "item_id": null,
      "created_at": "2025-09-07 22:10:21"
    },
    {
      "id": 18811616,
      "fighter": {
        "id": 13500,
        "type": "account"
      },
      "damage": 1003,
      "side": "ATTACK",
      "item_id": null,
      "created_at": "2025-09-07 22:10:22"
    },
    {
      "id": 18811617,
      "fighter": {
        "id": 13500,
        "type": "account"
      },
      "damage": 1082,
      "side": "ATTACK",
      "item_id": null,
      "created_at": "2025-09-07 22:10:23"
    },
    {
      "id": 18811618,
      "fighter": {
        "id": 13500,
        "type": "account"
      },
      "damage": 986,
      "side": "ATTACK",
      "item_id": null,
      "created_at": "2025-09-07 22:10:24"
    },
    {
      "id": 18811619,
      "fighter": {
        "id": 13500,
        "type": "account"
      },
      "damage": 1124,
      "side": "ATTACK",
      "item_id": null,
      "created_at": "2025-09-07 22:10:25"
    },
    {
      "id": 18811620,
      "fighter": {
        "id": 13500,
        "type": "account"
      },
      "damage": 1201,
      "side": "ATTACK",
      "item_id": null,
      "created_at": "2025-09-07 22:10:26"
    },
    {
      "id": 18811621,
      "fighter": {
        "id": 13500,
        "type": "account"
      },
      "damage": 991,
      "side": "ATTACK",
      "item_id": null,
      "created_at": "2025-09-07 22:10:26"
    },
    {
      "id": 18811622,
      "fighter": {
        "id": 13500,
        "type": "account"
      },
      "damage": 0,
      "side": "ATTACK",
      "item_id": null,
      "created_at": "2025-09-07 22:10:27"
    },
    {
      "id": 18811623,
      "fighter": {
        "id": 13500,
        "type": "account"
      },
      "damage": 1037,
      "side": "ATTACK",
      "item_id": null,
      "created_at": "2025-09-07 22:10:28"
    },
    {
      "id": 18811624,
      "fighter": {
        "id": 13500,
        "type": "account"
      },
      "damage": 1011,
      "side": "ATTACK",
      "item_id": null,
      "created_at": "2025-09-07 22:10:29"
    },
    {
      "id": 18811625,
      "fighter": {
        "id": 13500,
        "type": "account"
      },
      "damage": 1056,
      "side": "ATTACK",
      "item_id": null,
      "created_at": "2025-09-07 22:10:31"
    },
    {
      "id": 18811626,
      "fighter": {
        "id": 13500,
        "type": "account"
      },
      "damage": 1079,
      "side": "ATTACK",
      "item_id": null,
      "created_at": "2025-09-07 22:10:32"
    },
    {
      "id": 18811627,
      "fighter": {
        "id": 13500,
       ... (truncated)

Pobieranie danych: uderzeniach rundy 118887 z URL: https://api.eclesiar.com/war/round/hits?war_round_id=118887...
  54% [################--------------] 66/121 ETA 00:02 - Uderzenia runda 118883Pobieranie danych: uderzeniach rundy 118888 z URL: https://api.eclesiar.com/war/round/hits?war_round_id=118888...
--- Dane o uderzeniach rundy 118886 ---
{
  "code": 200,
  "description": "Success",
  "data": [
    {
      "id": 18823862,
      "fighter": {
        "id": 5065,
        "type": "account"
      },
      "damage": 0,
      "side": "ATTACK",
      "item_id": null,
      "created_at": "2025-09-08 03:29:23"
    },
    {
      "id": 18823863,
      "fighter": {
        "id": 5065,
        "type": "account"
      },
      "damage": 2460,
      "side": "ATTACK",
      "item_id": null,
      "created_at": "2025-09-08 03:29:24"
    },
    {
      "id": 18823864,
      "fighter": {
        "id": 5065,
        "type": "account"
      },
      "damage": 2405,
      "side": "ATTACK",
      "item_id": null,
      "created_at": "2025-09-08 03:29:24"
    },
    {
      "id": 18823865,
      "fighter": {
        "id": 5065,
        "type": "account"
      },
      "damage": 1919,
      "side": "ATTACK",
      "item_id": null,
      "created_at": "2025-09-08 03:29:25"
    },
    {
      "id": 18823866,
      "fighter": {
        "id": 5065,
        "type": "account"
      },
      "damage": 1951,
      "side": "ATTACK",
      "item_id": null,
      "created_at": "2025-09-08 03:29:25"
    },
    {
      "id": 18823867,
      "fighter": {
        "id": 5065,
        "type": "account"
      },
      "damage": 0,
      "side": "ATTACK",
      "item_id": null,
      "created_at": "2025-09-08 03:29:26"
    },
    {
      "id": 18823868,
      "fighter": {
        "id": 5065,
        "type": "account"
      },
      "damage": 2126,
      "side": "ATTACK",
      "item_id": null,
      "created_at": "2025-09-08 03:29:27"
    },
    {
      "id": 18823869,
      "fighter": {
        "id": 5065,
        "type": "account"
      },
      "damage": 2413,
      "side": "ATTACK",
      "item_id": null,
      "created_at": "2025-09-08 03:29:28"
    },
    {
      "id": 18823870,
      "fighter": {
        "id": 5065,
        "type": "account"
      },
      "damage": 0,
      "side": "ATTACK",
      "item_id": null,
      "created_at": "2025-09-08 03:29:28"
    },
    {
      "id": 18823871,
      "fighter": {
        "id": 5065,
        "type": "account"
      },
      "damage": 2197,
      "side": "ATTACK",
      "item_id": null,
      "created_at": "2025-09-08 03:29:29"
    },
    {
      "id": 18823872,
      "fighter": {
        "id": 5065,
        "type": "account"
      },
      "damage": 2152,
      "side": "ATTACK",
      "item_id": null,
      "created_at": "2025-09-08 03:29:30"
    },
    {
      "id": 18823873,
      "fighter": {
        "id": 5065,
        "type": "account"
      },
      "damage": 0,
      "side": "ATTACK",
      "item_id": null,
      "created_at": "2025-09-08 03:29:30"
    },
    {
      "id": 18823874,
      "fighter": {
        "id": 5065,
        "type": "account"
      },
      "damage": 2087,
      "side": "ATTACK",
      "item_id": null,
      "created_at": "2025-09-08 03:29:31"
    },
    {
      "id": 18823875,
      "fighter": {
        "id": 5065,
        "type": "account"
  ... (truncated)

Pobieranie danych: uderzeniach rundy 118889 z URL: https://api.eclesiar.com/war/round/hits?war_round_id=118889...
Pobieranie danych: uderzeniach rundy 118890 z URL: https://api.eclesiar.com/war/round/hits?war_round_id=118890...
--- Dane o uderzeniach rundy 118890 ---
{
  "code": 200,
  "description": "Success"
}

--- Dane o uderzeniach rundy 118887 ---
{
  "code": 200,
  "description": "Success",
  "data": [
    {
      "id": 18831502,
      "fighter": {
        "id": 14688,
        "type": "account"
      },
      "damage": 3099,
      "side": "ATTACK",
      "item_id": 8,
      "created_at": "2025-09-08 06:12:47"
    },
    {
      "id": 18831528,
      "fighter": {
        "id": 12474,
        "type": "account"
      },
      "damage": 2406,
      "side": "DEFEND",
      "item_id": null,
      "created_at": "2025-09-08 06:13:25"
    },
    {
      "id": 18831529,
      "fighter": {
        "id": 12474,
        "type": "account"
      },
      "damage": 2135,
      "side": "DEFEND",
      "item_id": null,
      "created_at": "2025-09-08 06:13:26"
    },
    {
      "id": 18831530,
      "fighter": {
        "id": 12474,
        "type": "account"
      },
      "damage": 2263,
      "side": "DEFEND",
      "item_id": null,
      "created_at": "2025-09-08 06:13:26"
    },
    {
      "id": 18831531,
      "fighter": {
        "id": 12474,
        "type": "account"
      },
      "damage": 2224,
      "side": "DEFEND",
      "item_id": null,
      "created_at": "2025-09-08 06:13:27"
    },
    {
      "id": 18831532,
      "fighter": {
        "id": 12474,
        "type": "account"
      },
      "damage": 1836,
      "side": "DEFEND",
      "item_id": null,
      "created_at": "2025-09-08 06:13:27"
    },
    {
      "id": 18831533,
      "fighter": {
        "id": 12474,
        "type": "account"
      },
      "damage": 2405,
      "side": "DEFEND",
      "item_id": null,
      "created_at": "2025-09-08 06:13:28"
    },
    {
      "id": 18831535,
      "fighter": {
        "id": 12474,
        "type": "account"
      },
      "damage": 2285,
      "side": "DEFEND",
      "item_id": null,
      "created_at": "2025-09-08 06:13:29"
    },
    {
      "id": 18831536,
      "fighter": {
        "id": 12474,
        "type": "account"
      },
      "damage": 2285,
      "side": "DEFEND",
      "item_id": null,
      "created_at": "2025-09-08 06:13:29"
    },
    {
      "id": 18831538,
      "fighter": {
        "id": 12474,
        "type": "account"
      },
      "damage": 2092,
      "side": "DEFEND",
      "item_id": null,
      "created_at": "2025-09-08 06:13:30"
    },
    {
      "id": 18831539,
      "fighter": {
        "id": 12474,
        "type": "account"
      },
      "damage": 0,
      "side": "DEFEND",
      "item_id": null,
      "created_at": "2025-09-08 06:13:31"
    },
    {
      "id": 18831541,
      "fighter": {
        "id": 12474,
        "type": "account"
      },
      "damage": 0,
      "side": "DEFEND",
      "item_id": null,
      "created_at": "2025-09-08 06:13:31"
    },
    {
      "id": 18831542,
      "fighter": {
        "id": 12474,
        "type": "account"
      },
      "damage": 2334,
      "side": "DEFEND",
      "item_id": null,
      "created_at": "2025-09-08 06:13:32"
    },
    {
      "id": 18831543,
      "fighter": {
        "id": 12474,
        "ty... (truncated)

Pobieranie danych: uderzeniach rundy 118288 z URL: https://api.eclesiar.com/war/round/hits?war_round_id=118288...
  57% [#################-------------] 70/121 ETA 00:02 - Uderzenia runda 118111--- Dane o uderzeniach rundy 118889 ---
{
  "code": 200,
  "description": "Success"
}

--- Dane o uderzeniach rundy 118888 ---
{
  "code": 200,
  "description": "Success"
}

Pobieranie danych: uderzeniach rundy 118289 z URL: https://api.eclesiar.com/war/round/hits?war_round_id=118289...
Pobieranie danych: uderzeniach rundy 118290 z URL: https://api.eclesiar.com/war/round/hits?war_round_id=118290...
Pobieranie danych: uderzeniach rundy 118291 z URL: https://api.eclesiar.com/war/round/hits?war_round_id=118291...
--- Dane o uderzeniach rundy 118291 ---
{
  "code": 200,
  "description": "Success",
  "data": [
    {
      "id": 18803628,
      "fighter": {
        "id": 323,
        "type": "account"
      },
      "damage": 69176,
      "side": "ATTACK",
      "item_id": 12,
      "created_at": "2025-09-07 18:38:37"
    },
    {
      "id": 18803629,
      "fighter": {
        "id": 323,
        "type": "account"
      },
      "damage": 82466,
      "side": "ATTACK",
      "item_id": 12,
      "created_at": "2025-09-07 18:38:39"
    },
    {
      "id": 18803633,
      "fighter": {
        "id": 323,
        "type": "account"
      },
      "damage": 71418,
      "side": "ATTACK",
      "item_id": 12,
      "created_at": "2025-09-07 18:38:42"
    },
    {
      "id": 18804446,
      "fighter": {
        "id": 1457,
        "type": "account"
      },
      "damage": 45957,
      "side": "DEFEND",
      "item_id": 12,
      "created_at": "2025-09-07 18:51:20"
    },
    {
      "id": 18804447,
      "fighter": {
        "id": 1457,
        "type": "account"
      },
      "damage": 18249,
      "side": "DEFEND",
      "item_id": 12,
      "created_at": "2025-09-07 18:51:21"
    },
    {
      "id": 18804448,
      "fighter": {
        "id": 1457,
        "type": "account"
      },
      "damage": 45570,
      "side": "DEFEND",
      "item_id": 12,
      "created_at": "2025-09-07 18:51:21"
    },
    {
      "id": 18804449,
      "fighter": {
        "id": 1457,
        "type": "account"
      },
      "damage": 18022,
      "side": "DEFEND",
      "item_id": 12,
      "created_at": "2025-09-07 18:51:22"
    },
    {
      "id": 18804450,
      "fighter": {
        "id": 1457,
        "type": "account"
      },
      "damage": 20326,
      "side": "DEFEND",
      "item_id": 12,
      "created_at": "2025-09-07 18:51:22"
    },
    {
      "id": 18804451,
      "fighter": {
        "id": 1457,
        "type": "account"
      },
      "damage": 40755,
      "side": "DEFEND",
      "item_id": 12,
      "created_at": "2025-09-07 18:51:23"
    },
    {
      "id": 18804452,
      "fighter": {
        "id": 1457,
        "type": "account"
      },
      "damage": 18254,
      "side": "DEFEND",
      "item_id": 12,
      "created_at": "2025-09-07 18:51:24"
    },
    {
      "id": 18804453,
      "fighter": {
        "id": 1457,
        "type": "account"
      },
      "damage": 36918,
      "side": "DEFEND",
      "item_id": 12,
      "created_at": "2025-09-07 18:51:24"
    },
    {
      "id": 18804454,
      "fighter": {
        "id": 1457,
        "type": "account"
      },
      "damage": 45526,
      "side": "DEFEND",
      "item_id": 12,
      "created_at": "2025-09-07 18:51:24"
    },
    {
      "id": 18804455,
      "fighter": {
        "id": 1457,
        "type": "account"
      },
      "damage": 40699,
      "side": "DEFEND",
      "item_id": 12,
      "created_at": "2025-09-07 18:51:26"
    },
    {
      "id": 18804456,
      "fighter": {
        "id": 1457,
        "type": "account"
      ... (truncated)

--- Dane o uderzeniach rundy 118288 ---
{
  "code": 200,
  "description": "Success",
  "data": [
    {
      "id": 18782258,
      "fighter": {
        "id": 11980,
        "type": "account"
      },
      "damage": 1404,
      "side": "DEFEND",
      "item_id": null,
      "created_at": "2025-09-07 10:42:03"
    },
    {
      "id": 18782260,
      "fighter": {
        "id": 11980,
        "type": "account"
      },
      "damage": 1090,
      "side": "DEFEND",
      "item_id": null,
      "created_at": "2025-09-07 10:42:04"
    },
    {
      "id": 18782261,
      "fighter": {
        "id": 11980,
        "type": "account"
      },
      "damage": 1310,
      "side": "DEFEND",
      "item_id": null,
      "created_at": "2025-09-07 10:42:04"
    },
    {
      "id": 18782458,
      "fighter": {
        "id": 1457,
        "type": "account"
      },
      "damage": 20350,
      "side": "DEFEND",
      "item_id": 12,
      "created_at": "2025-09-07 10:48:56"
    },
    {
      "id": 18782459,
      "fighter": {
        "id": 1457,
        "type": "account"
      },
      "damage": 20560,
      "side": "DEFEND",
      "item_id": 12,
      "created_at": "2025-09-07 10:48:57"
    },
    {
      "id": 18782460,
      "fighter": {
        "id": 1457,
        "type": "account"
      },
      "damage": 39572,
      "side": "DEFEND",
      "item_id": 12,
      "created_at": "2025-09-07 10:48:57"
    },
    {
      "id": 18782461,
      "fighter": {
        "id": 1457,
        "type": "account"
      },
      "damage": 18029,
      "side": "DEFEND",
      "item_id": 12,
      "created_at": "2025-09-07 10:48:58"
    },
    {
      "id": 18782462,
      "fighter": {
        "id": 1457,
        "type": "account"
      },
      "damage": 18996,
      "side": "DEFEND",
      "item_id": 12,
      "created_at": "2025-09-07 10:49:00"
    },
    {
      "id": 18782463,
      "fighter": {
        "id": 1457,
        "type": "account"
      },
      "damage": 18378,
      "side": "DEFEND",
      "item_id": 12,
      "created_at": "2025-09-07 10:49:00"
    },
    {
      "id": 18782464,
      "fighter": {
        "id": 1457,
        "type": "account"
      },
      "damage": 21296,
      "side": "DEFEND",
      "item_id": 12,
      "created_at": "2025-09-07 10:49:00"
    },
    {
      "id": 18782465,
      "fighter": {
        "id": 1457,
        "type": "account"
      },
      "damage": 37062,
      "side": "DEFEND",
      "item_id": 12,
      "created_at": "2025-09-07 10:49:02"
    },
    {
      "id": 18782466,
      "fighter": {
        "id": 1457,
        "type": "account"
      },
      "damage": 20105,
      "side": "DEFEND",
      "item_id": 12,
      "created_at": "2025-09-07 10:49:02"
    },
    {
      "id": 18782467,
      "fighter": {
        "id": 1457,
        "type": "account"
      },
      "damage": 20703,
      "side": "DEFEND",
      "item_id": 12,
      "created_at": "2025-09-07 10:49:02"
    },
    {
      "id": 18782468,
      "fighter": {
        "id": 1457,
        "type": "accoun... (truncated)

--- Dane o uderzeniach rundy 118289 ---
{
  "code": 200,
  "description": "Success",
  "data": [
    {
      "id": 18789161,
      "fighter": {
        "id": 1457,
        "type": "account"
      },
      "damage": 21361,
      "side": "DEFEND",
      "item_id": 12,
      "created_at": "2025-09-07 13:15:35"
    },
    {
      "id": 18791874,
      "fighter": {
        "id": 8915,
        "type": "account"
      },
      "damage": 9061,
      "side": "ATTACK",
      "item_id": 24,
      "created_at": "2025-09-07 13:49:49"
    },
    {
      "id": 18791877,
      "fighter": {
        "id": 8915,
        "type": "account"
      },
      "damage": 3563,
      "side": "ATTACK",
      "item_id": 8,
      "created_at": "2025-09-07 13:49:57"
    },
    {
      "id": 18791879,
      "fighter": {
        "id": 8915,
        "type": "account"
      },
      "damage": 3006,
      "side": "ATTACK",
      "item_id": 8,
      "created_at": "2025-09-07 13:49:58"
    },
    {
      "id": 18791882,
      "fighter": {
        "id": 8915,
        "type": "account"
      },
      "damage": 2790,
      "side": "ATTACK",
      "item_id": 8,
      "created_at": "2025-09-07 13:49:59"
    },
    {
      "id": 18791883,
      "fighter": {
        "id": 8915,
        "type": "account"
      },
      "damage": 3596,
      "side": "ATTACK",
      "item_id": 8,
      "created_at": "2025-09-07 13:50:00"
    },
    {
      "id": 18791886,
      "fighter": {
        "id": 8915,
        "type": "account"
      },
      "damage": 3521,
      "side": "ATTACK",
      "item_id": 8,
      "created_at": "2025-09-07 13:50:00"
    },
    {
      "id": 18791887,
      "fighter": {
        "id": 8915,
        "type": "account"
      },
      "damage": 3087,
      "side": "ATTACK",
      "item_id": 8,
      "created_at": "2025-09-07 13:50:01"
    },
    {
      "id": 18791890,
      "fighter": {
        "id": 8915,
        "type": "account"
      },
      "damage": 3231,
      "side": "ATTACK",
      "item_id": 8,
      "created_at": "2025-09-07 13:50:02"
    },
    {
      "id": 18791892,
      "fighter": {
        "id": 8915,
        "type": "account"
      },
      "damage": 3197,
      "side": "ATTACK",
      "item_id": 8,
      "created_at": "2025-09-07 13:50:03"
    },
    {
      "id": 18791894,
      "fighter": {
        "id": 8915,
        "type": "account"
      },
      "damage": 2753,
      "side": "ATTACK",
      "item_id": 8,
      "created_at": "2025-09-07 13:50:04"
    },
    {
      "id": 18791987,
      "fighter": {
        "id": 8915,
        "type": "account"
      },
      "damage": 3274,
      "side": "ATTACK",
      "item_id": 8,
      "created_at": "2025-09-07 13:50:22"
    },
    {
      "id": 18791991,
      "fighter": {
        "id": 8915,
        "type": "account"
      },
      "damage": 0,
      "side": "ATTACK",
      "item_id": 8,
      "created_at": "2025-09-07 13:50:23"
    },
    {
      "id": 18791996,
      "fighter": {
        "id": 8915,
        "type": "account"
      },
      "damage": 3188... (truncated)

--- Dane o uderzeniach rundy 118290 ---
{
  "code": 200,
  "description": "Success",
  "data": [
    {
      "id": 18801079,
      "fighter": {
        "id": 323,
        "type": "account"
      },
      "damage": 30642,
      "side": "ATTACK",
      "item_id": 12,
      "created_at": "2025-09-07 17:39:00"
    },
    {
      "id": 18801080,
      "fighter": {
        "id": 323,
        "type": "account"
      },
      "damage": 33348,
      "side": "ATTACK",
      "item_id": 12,
      "created_at": "2025-09-07 17:39:03"
    },
    {
      "id": 18801081,
      "fighter": {
        "id": 323,
        "type": "account"
      },
      "damage": 29264,
      "side": "ATTACK",
      "item_id": 12,
      "created_at": "2025-09-07 17:39:04"
    },
    {
      "id": 18801082,
      "fighter": {
        "id": 323,
        "type": "account"
      },
      "damage": 37725,
      "side": "ATTACK",
      "item_id": 12,
      "created_at": "2025-09-07 17:39:05"
    },
    {
      "id": 18801116,
      "fighter": {
        "id": 323,
        "type": "account"
      },
      "damage": 42272,
      "side": "DEFEND",
      "item_id": 24,
      "created_at": "2025-09-07 17:39:44"
    },
    {
      "id": 18801117,
      "fighter": {
        "id": 323,
        "type": "account"
      },
      "damage": 33566,
      "side": "DEFEND",
      "item_id": 24,
      "created_at": "2025-09-07 17:39:46"
    },
    {
      "id": 18801122,
      "fighter": {
        "id": 323,
        "type": "account"
      },
      "damage": 79809,
      "side": "DEFEND",
      "item_id": 24,
      "created_at": "2025-09-07 17:39:47"
    },
    {
      "id": 18803261,
      "fighter": {
        "id": 11517,
        "type": "account"
      },
      "damage": 24177,
      "side": "ATTACK",
      "item_id": 11,
      "created_at": "2025-09-07 18:33:12"
    },
    {
      "id": 18803262,
      "fighter": {
        "id": 11517,
        "type": "account"
      },
      "damage": 11138,
      "side": "DEFEND",
      "item_id": 11,
      "created_at": "2025-09-07 18:33:14"
    },
    {
      "id": 18803264,
      "fighter": {
        "id": 11517,
        "type": "account"
      },
      "damage": 12231,
      "side": "DEFEND",
      "item_id": 11,
      "created_at": "2025-09-07 18:33:15"
    },
    {
      "id": 18803267,
      "fighter": {
        "id": 11517,
        "type": "account"
      },
      "damage": 0,
      "side": "ATTACK",
      "item_id": 11,
      "created_at": "2025-09-07 18:33:16"
    },
    {
      "id": 18803268,
      "fighter": {
        "id": 11517,
        "type": "account"
      },
      "damage": 11593,
      "side": "ATTACK",
      "item_id": 11,
      "created_at": "2025-09-07 18:33:17"
    },
    {
      "id": 18803269,
      "fighter": {
        "id": 11517,
        "type": "account"
      },
      "damage": 0,
      "side": "DEFEND",
      "item_id": 11,
      "created_at": "2025-09-07 18:33:18"
    },
    {
      "id": 18803271,
      "fighter": {
        "id": 11517,
        "type": "account"
      },
  ... (truncated)

Pobieranie danych: uderzeniach rundy 118292 z URL: https://api.eclesiar.com/war/round/hits?war_round_id=118292...
  61% [##################------------] 74/121 ETA 00:02 - Uderzenia runda 118887Pobieranie danych: uderzeniach rundy 118293 z URL: https://api.eclesiar.com/war/round/hits?war_round_id=118293...
Pobieranie danych: uderzeniach rundy 118294 z URL: https://api.eclesiar.com/war/round/hits?war_round_id=118294...
Pobieranie danych: uderzeniach rundy 118295 z URL: https://api.eclesiar.com/war/round/hits?war_round_id=118295...
Pobieranie danych: uderzeniach rundy 118296 z URL: https://api.eclesiar.com/war/round/hits?war_round_id=118296...
--- Dane o uderzeniach rundy 118295 ---
{
  "code": 200,
  "description": "Success",
  "data": [
    {
      "id": 18828841,
      "fighter": {
        "id": 4721,
        "type": "account"
      },
      "damage": 23875,
      "side": "DEFEND",
      "item_id": 12,
      "created_at": "2025-09-08 05:28:14"
    },
    {
      "id": 18828842,
      "fighter": {
        "id": 4721,
        "type": "account"
      },
      "damage": 25779,
      "side": "DEFEND",
      "item_id": 12,
      "created_at": "2025-09-08 05:28:15"
    },
    {
      "id": 18828843,
      "fighter": {
        "id": 4721,
        "type": "account"
      },
      "damage": 22920,
      "side": "DEFEND",
      "item_id": 12,
      "created_at": "2025-09-08 05:28:15"
    },
    {
      "id": 18828844,
      "fighter": {
        "id": 4721,
        "type": "account"
      },
      "damage": 24561,
      "side": "DEFEND",
      "item_id": 12,
      "created_at": "2025-09-08 05:28:16"
    },
    {
      "id": 18828964,
      "fighter": {
        "id": 6625,
        "type": "account"
      },
      "damage": 5548,
      "side": "ATTACK",
      "item_id": 10,
      "created_at": "2025-09-08 05:30:51"
    },
    {
      "id": 18828965,
      "fighter": {
        "id": 6625,
        "type": "account"
      },
      "damage": 1275,
      "side": "ATTACK",
      "item_id": null,
      "created_at": "2025-09-08 05:30:55"
    },
    {
      "id": 18828966,
      "fighter": {
        "id": 6625,
        "type": "account"
      },
      "damage": 1514,
      "side": "ATTACK",
      "item_id": null,
      "created_at": "2025-09-08 05:30:56"
    },
    {
      "id": 18828967,
      "fighter": {
        "id": 6625,
        "type": "account"
      },
      "damage": 1513,
      "side": "ATTACK",
      "item_id": null,
      "created_at": "2025-09-08 05:30:57"
    },
    {
      "id": 18828968,
      "fighter": {
        "id": 6625,
        "type": "account"
      },
      "damage": 1570,
      "side": "ATTACK",
      "item_id": null,
      "created_at": "2025-09-08 05:30:57"
    },
    {
      "id": 18828969,
      "fighter": {
        "id": 6625,
        "type": "account"
      },
      "damage": 1461,
      "side": "ATTACK",
      "item_id": null,
      "created_at": "2025-09-08 05:30:58"
    },
    {
      "id": 18828970,
      "fighter": {
        "id": 6625,
        "type": "account"
      },
      "damage": 1416,
      "side": "ATTACK",
      "item_id": null,
      "created_at": "2025-09-08 05:30:59"
    },
    {
      "id": 18828971,
      "fighter": {
        "id": 6625,
        "type": "account"
      },
      "damage": 1290,
      "side": "ATTACK",
      "item_id": null,
      "created_at": "2025-09-08 05:31:00"
    },
    {
      "id": 18828972,
      "fighter": {
        "id": 6625,
        "type": "account"
      },
      "damage": 0,
      "side": "ATTACK",
      "item_id": null,
      "created_at": "2025-09-08 05:31:01"
    },
    {
      "id": 18828973,
      "fighter": {
        "id": 6625,
        "type": "account"... (truncated)

--- Dane o uderzeniach rundy 118296 ---
{
  "code": 200,
  "description": "Success"
}

--- Dane o uderzeniach rundy 118292 ---
{
  "code": 200,
  "description": "Success",
  "data": [
    {
      "id": 18810011,
      "fighter": {
        "id": 323,
        "type": "account"
      },
      "damage": 38135,
      "side": "ATTACK",
      "item_id": 24,
      "created_at": "2025-09-07 21:19:42"
    },
    {
      "id": 18810012,
      "fighter": {
        "id": 323,
        "type": "account"
      },
      "damage": 38067,
      "side": "ATTACK",
      "item_id": 24,
      "created_at": "2025-09-07 21:19:43"
    },
    {
      "id": 18810013,
      "fighter": {
        "id": 323,
        "type": "account"
      },
      "damage": 31894,
      "side": "ATTACK",
      "item_id": 24,
      "created_at": "2025-09-07 21:19:44"
    },
    {
      "id": 18810014,
      "fighter": {
        "id": 323,
        "type": "account"
      },
      "damage": 80127,
      "side": "ATTACK",
      "item_id": 24,
      "created_at": "2025-09-07 21:19:45"
    },
    {
      "id": 18810015,
      "fighter": {
        "id": 323,
        "type": "account"
      },
      "damage": 72675,
      "side": "ATTACK",
      "item_id": 24,
      "created_at": "2025-09-07 21:19:46"
    },
    {
      "id": 18813224,
      "fighter": {
        "id": 1457,
        "type": "account"
      },
      "damage": 21576,
      "side": "DEFEND",
      "item_id": 12,
      "created_at": "2025-09-07 23:02:35"
    },
    {
      "id": 18813225,
      "fighter": {
        "id": 1457,
        "type": "account"
      },
      "damage": 21179,
      "side": "DEFEND",
      "item_id": 12,
      "created_at": "2025-09-07 23:02:35"
    },
    {
      "id": 18813226,
      "fighter": {
        "id": 1457,
        "type": "account"
      },
      "damage": 22285,
      "side": "DEFEND",
      "item_id": 12,
      "created_at": "2025-09-07 23:02:35"
    },
    {
      "id": 18813227,
      "fighter": {
        "id": 1457,
        "type": "account"
      },
      "damage": 22306,
      "side": "DEFEND",
      "item_id": 12,
      "created_at": "2025-09-07 23:02:37"
    },
    {
      "id": 18813228,
      "fighter": {
        "id": 1457,
        "type": "account"
      },
      "damage": 40105,
      "side": "DEFEND",
      "item_id": 12,
      "created_at": "2025-09-07 23:02:37"
    },
    {
      "id": 18813229,
      "fighter": {
        "id": 1457,
        "type": "account"
      },
      "damage": 18091,
      "side": "DEFEND",
      "item_id": 12,
      "created_at": "2025-09-07 23:02:37"
    },
    {
      "id": 18813232,
      "fighter": {
        "id": 1457,
        "type": "account"
      },
      "damage": 41142,
      "side": "DEFEND",
      "item_id": 12,
      "created_at": "2025-09-07 23:02:39"
    },
    {
      "id": 18813233,
      "fighter": {
        "id": 1457,
        "type": "account"
      },
      "damage": 19447,
      "side": "DEFEND",
      "item_id": 12,
      "created_at": "2025-09-07 23:02:39"
    },
    {
      "id": 18813234,
      "fighter": {
        "id": 1457,
        "type": "account"
      },... (truncated)

--- Dane o uderzeniach rundy 118293 ---
{
  "code": 200,
  "description": "Success",
  "data": [
    {
      "id": 18813985,
      "fighter": {
        "id": 16128,
        "type": "account"
      },
      "damage": 1056,
      "side": "ATTACK",
      "item_id": null,
      "created_at": "2025-09-07 23:58:17"
    },
    {
      "id": 18813986,
      "fighter": {
        "id": 16128,
        "type": "account"
      },
      "damage": 965,
      "side": "ATTACK",
      "item_id": null,
      "created_at": "2025-09-07 23:58:18"
    },
    {
      "id": 18813987,
      "fighter": {
        "id": 16128,
        "type": "account"
      },
      "damage": 0,
      "side": "ATTACK",
      "item_id": null,
      "created_at": "2025-09-07 23:58:19"
    },
    {
      "id": 18813988,
      "fighter": {
        "id": 16128,
        "type": "account"
      },
      "damage": 0,
      "side": "ATTACK",
      "item_id": null,
      "created_at": "2025-09-07 23:58:20"
    },
    {
      "id": 18813989,
      "fighter": {
        "id": 16128,
        "type": "account"
      },
      "damage": 909,
      "side": "ATTACK",
      "item_id": null,
      "created_at": "2025-09-07 23:58:20"
    },
    {
      "id": 18813990,
      "fighter": {
        "id": 16128,
        "type": "account"
      },
      "damage": 0,
      "side": "ATTACK",
      "item_id": null,
      "created_at": "2025-09-07 23:58:21"
    },
    {
      "id": 18813991,
      "fighter": {
        "id": 16128,
        "type": "account"
      },
      "damage": 970,
      "side": "ATTACK",
      "item_id": null,
      "created_at": "2025-09-07 23:58:21"
    },
    {
      "id": 18813992,
      "fighter": {
        "id": 16128,
        "type": "account"
      },
      "damage": 847,
      "side": "ATTACK",
      "item_id": null,
      "created_at": "2025-09-07 23:58:22"
    },
    {
      "id": 18813993,
      "fighter": {
        "id": 16128,
        "type": "account"
      },
      "damage": 887,
      "side": "ATTACK",
      "item_id": null,
      "created_at": "2025-09-07 23:58:23"
    },
    {
      "id": 18813994,
      "fighter": {
        "id": 16128,
        "type": "account"
      },
      "damage": 0,
      "side": "ATTACK",
      "item_id": null,
      "created_at": "2025-09-07 23:58:24"
    },
    {
      "id": 18813995,
      "fighter": {
        "id": 16128,
        "type": "account"
      },
      "damage": 854,
      "side": "ATTACK",
      "item_id": null,
      "created_at": "2025-09-07 23:58:25"
    },
    {
      "id": 18813996,
      "fighter": {
        "id": 16128,
        "type": "account"
      },
      "damage": 912,
      "side": "ATTACK",
      "item_id": null,
      "created_at": "2025-09-07 23:58:26"
    },
    {
      "id": 18813997,
      "fighter": {
        "id": 16128,
        "type": "account"
      },
      "damage": 1045,
      "side": "ATTACK",
      "item_id": null,
      "created_at": "2025-09-07 23:58:26"
    },
    {
      "id": 18813998,
      "fighter": {
        "id": 16128,
        "type": "acco... (truncated)

Pobieranie danych: uderzeniach rundy 118891 z URL: https://api.eclesiar.com/war/round/hits?war_round_id=118891...
  65% [###################-----------] 79/121 ETA 00:01 - Uderzenia runda 1182959809,
      "side": "DEFEND",
      "item_id": 24,
      "created_at": "2025-09-07 17:39:47"
    },
    {
      "id": 18803261,
      "fighter": {
        "id": 11517,
        "type": "account"
      },
      "damage": 24177,
      "side": "ATTACK",
      "item_id": 11,
      "created_at": "2025-09-07 18:33:12"
    },
    {
      "id": 18803262,
      "fighter": {
        "id": 11517,
        "type": "account"
      },
      "damage": 11138,
      "side": "DEFEND",
      "item_id": 11,
      "created_at": "2025-09-07 18:33:14"
    },
    {
      "id": 18803264,
      "fighter": {
        "id": 11517,
        "type": "account"
      },
      "damage": 12231,
      "side": "DEFEND",
      "item_id": 11,
      "created_at": "2025-09-07 18:33:15"
    },
    {
      "id": 18803267,
      "fighter": {
        "id": 11517,
        "type": "account"
      },
      "damage": 0,
      "side": "ATTACK",
      "item_id": 11,
      "created_at": "2025-09-07 18:33:16"
    },
    {
      "id": 18803268,
      "fighter": {
        "id": 11517,
        "type": "account"
      },
      "damage": 11593,
      "side": "ATTACK",
      "item_id": 11,
      "created_at": "2025-09-07 18:33:17"
    },
    {
      "id": 18803269,
      "fighter": {
        "id": 11517,
        "type": "account"
      },
      "damage": 0,
      "side": "DEFEND",
      "item_id": 11,
      "created_at": "2025-09-07 18:33:18"
    },
    {
      "id": 18803271,
      "fighter": {
        "id": 11517,
        "type": "account"
      },
  ... (truncated)

Pobieranie danych: uderzeniach rundy 118292 z URL: https://api.eclesiar.com/war/round/hits?war_round_id=118292...
  61% [##################------------] 74/121 ETA 00:02 - Uderzenia runda 118887 "a·ì           },
      "damage": 2334,
      "side": "DEFEND",
      "item_id": null,
      "created_at": "2025-09-08 06:13:32"
    },
    {
      "id": 18831543,
      "fighter": {
        "id": 12474,
        "ty... (truncated)

Pobieranie danych: uderzeniach rundy 118288 z URL: https://api.eclesiar.com/war/round/hits?war_round_id=118288...
  57% [#################-------------] 70/121 ETA 00:02 - Uderzenia runda 118111 ecles1í     medias/628.svg?v=4bda60451676299d17c3b3cac63e41d7"}, "defenders": {"id": 30, "name": "Bulgaria", "avatar": "https://storage.eclesiar.com/medias/639.svg?v=25c2ba700cc703b47c451adc0263b160"}, "region": {"id": 168, "name": "Vidin"}, "attackers_score": 0, "defenders_score": 0, "current_round_number": 1, "current_round_id": 118927, "flags": {"is_revolution": 0}}, {"id": 13214, "attackers": {"id": 37,   
Ôáfûr C)é{2025-09-08T07:30:59.588705Zcurrency_rates{"-1": 1.0, "2": 0.169, "3": 0.102, "4": 0.24266666666666667, "5": 0.39799999999999996, "6": 0.084, "7": 0.084, "8": 0.082, "9": 0.19966666666666666, "10": 0.08866666666666667, "11": 0.10033333333333334, "12": 0.16633333333333336, "13": 0.347, "14": 0.19633333333333333, "15": 0.10166666666666667, "16": 0.20000000000000004, "17": 0.25, "18": 0.042333333333333334, "19": 0.10333333333333333, "20": 0.16, "21": 0.22666666666666668, Pobieranie danych: uderzeniach rundy 118892 z URL: https://api.eclesiar.com/war/round/hits?war_round_id=118892...
Pobieranie danych: uderzeniach rundy 118893 z URL: https://api.eclesiar.com/war/round/hits?war_round_id=118893...
--- Dane o uderzeniach rundy 118891 ---
{
  "code": 200,
  "description": "Success",
  "data": [
    {
      "id": 18807448,
      "fighter": {
        "id": 1056,
        "type": "account"
      },
      "damage": 7413,
      "side": "DEFEND",
      "item_id": 10,
      "created_at": "2025-09-07 20:08:23"
    },
    {
      "id": 18807449,
      "fighter": {
        "id": 1056,
        "type": "account"
      },
      "damage": 17031,
      "side": "DEFEND",
      "item_id": 22,
      "created_at": "2025-09-07 20:08:29"
    },
    {
      "id": 18807450,
      "fighter": {
        "id": 1056,
        "type": "account"
      },
      "damage": 0,
      "side": "DEFEND",
      "item_id": 10,
      "created_at": "2025-09-07 20:08:33"
    },
    {
      "id": 18807451,
      "fighter": {
        "id": 1056,
        "type": "account"
      },
      "damage": 7162,
      "side": "DEFEND",
      "item_id": 10,
      "created_at": "2025-09-07 20:08:33"
    },
    {
      "id": 18807452,
      "fighter": {
        "id": 1056,
        "type": "account"
      },
      "damage": 6463,
      "side": "DEFEND",
      "item_id": 10,
      "created_at": "2025-09-07 20:08:34"
    },
    {
      "id": 18807453,
      "fighter": {
        "id": 1056,
        "type": "account"
      },
      "damage": 6917,
      "side": "DEFEND",
      "item_id": 10,
      "created_at": "2025-09-07 20:08:35"
    },
    {
      "id": 18807454,
      "fighter": {
        "id": 1056,
        "type": "account"
      },
      "damage": 7209,
      "side": "DEFEND",
      "item_id": 10,
      "created_at": "2025-09-07 20:08:35"
    },
    {
      "id": 18807455,
      "fighter": {
        "id": 1056,
        "type": "account"
      },
      "damage": 0,
      "side": "DEFEND",
      "item_id": 10,
      "created_at": "2025-09-07 20:08:35"
    },
    {
      "id": 18807456,
      "fighter": {
        "id": 1056,
        "type": "account"
      },
      "damage": 0,
      "side": "DEFEND",
      "item_id": 10,
      "created_at": "2025-09-07 20:08:37"
    },
    {
      "id": 18807457,
      "fighter": {
        "id": 1056,
        "type": "account"
      },
      "damage": 14519,
      "side": "DEFEND",
      "item_id": 10,
      "created_at": "2025-09-07 20:08:38"
    },
    {
      "id": 18807458,
      "fighter": {
        "id": 1056,
        "type": "account"
      },
      "damage": 0,
      "side": "DEFEND",
      "item_id": 10,
      "created_at": "2025-09-07 20:08:38"
    },
    {
      "id": 18807459,
      "fighter": {
        "id": 1056,
        "type": "account"
      },
      "damage": 5795,
      "side": "DEFEND",
      "item_id": 10,
      "created_at": "2025-09-07 20:08:39"
    },
    {
      "id": 18807460,
      "fighter": {
        "id": 1056,
        "type": "account"
      },
      "damage": 7141,
      "side": "DEFEND",
      "item_id": 10,
      "created_at": "2025-09-07 20:08:39"
    },
    {
      "id": 18807461,
      "fighter": {
        "id": 1056,
        "type": "account"
      },
      "damage": 1... (truncated)

--- Dane o uderzeniach rundy 118892 ---
{
  "code": 200,
  "description": "Success",
  "data": [
    {
      "id": 18813039,
      "fighter": {
        "id": 913,
        "type": "account"
      },
      "damage": 53214,
      "side": "DEFEND",
      "item_id": 11,
      "created_at": "2025-09-07 22:53:55"
    },
    {
      "id": 18813040,
      "fighter": {
        "id": 913,
        "type": "account"
      },
      "damage": 56217,
      "side": "DEFEND",
      "item_id": 11,
      "created_at": "2025-09-07 22:53:55"
    },
    {
      "id": 18813041,
      "fighter": {
        "id": 913,
        "type": "account"
      },
      "damage": 51142,
      "side": "DEFEND",
      "item_id": 11,
      "created_at": "2025-09-07 22:53:56"
    },
    {
      "id": 18813045,
      "fighter": {
        "id": 913,
        "type": "account"
      },
      "damage": 25654,
      "side": "DEFEND",
      "item_id": 11,
      "created_at": "2025-09-07 22:53:58"
    },
    {
      "id": 18813047,
      "fighter": {
        "id": 913,
        "type": "account"
      },
      "damage": 25831,
      "side": "DEFEND",
      "item_id": 11,
      "created_at": "2025-09-07 22:53:59"
    },
    {
      "id": 18813049,
      "fighter": {
        "id": 913,
        "type": "account"
      },
      "damage": 56475,
      "side": "DEFEND",
      "item_id": 11,
      "created_at": "2025-09-07 22:53:59"
    },
    {
      "id": 18813051,
      "fighter": {
        "id": 913,
        "type": "account"
      },
      "damage": 26437,
      "side": "DEFEND",
      "item_id": 11,
      "created_at": "2025-09-07 22:54:00"
    },
    {
      "id": 18813052,
      "fighter": {
        "id": 913,
        "type": "account"
      },
      "damage": 25990,
      "side": "DEFEND",
      "item_id": 11,
      "created_at": "2025-09-07 22:54:00"
    },
    {
      "id": 18813053,
      "fighter": {
        "id": 913,
        "type": "account"
      },
      "damage": 20863,
      "side": "DEFEND",
      "item_id": 11,
      "created_at": "2025-09-07 22:54:00"
    },
    {
      "id": 18813056,
      "fighter": {
        "id": 913,
        "type": "account"
      },
      "damage": 46608,
      "side": "DEFEND",
      "item_id": 11,
      "created_at": "2025-09-07 22:54:02"
    },
    {
      "id": 18813057,
      "fighter": {
        "id": 913,
        "type": "account"
      },
      "damage": 56967,
      "side": "DEFEND",
      "item_id": 11,
      "created_at": "2025-09-07 22:54:02"
    },
    {
      "id": 18813058,
      "fighter": {
        "id": 913,
        "type": "account"
      },
      "damage": 23432,
      "side": "DEFEND",
      "item_id": 11,
      "created_at": "2025-09-07 22:54:02"
    },
    {
      "id": 18813059,
      "fighter": {
        "id": 913,
        "type": "account"
      },
      "damage": 24655,
      "side": "DEFEND",
      "item_id": 11,
      "created_at": "2025-09-07 22:54:04"
    },
    {
      "id": 18813060,
      "fighter": {
        "id": 913,
        "type": "account"
      },
      "d... (truncated)

Pobieranie danych: uderzeniach rundy 118894 z URL: https://api.eclesiar.com/war/round/hits?war_round_id=118894...
  67% [####################----------] 82/121 ETA 00:01 - Uderzenia runda 118296--- Dane o uderzeniach rundy 118893 ---
{
  "code": 200,
  "description": "Success",
  "data": [
    {
      "id": 18818994,
      "fighter": {
        "id": 15638,
        "type": "account"
      },
      "damage": 11699,
      "side": "DEFEND",
      "item_id": 24,
      "created_at": "2025-09-08 01:36:41"
    },
    {
      "id": 18818995,
      "fighter": {
        "id": 15638,
        "type": "account"
      },
      "damage": 6141,
      "side": "DEFEND",
      "item_id": 9,
      "created_at": "2025-09-08 01:37:41"
    },
    {
      "id": 18818996,
      "fighter": {
        "id": 15638,
        "type": "account"
      },
      "damage": 5635,
      "side": "DEFEND",
      "item_id": 9,
      "created_at": "2025-09-08 01:37:42"
    },
    {
      "id": 18818997,
      "fighter": {
        "id": 15638,
        "type": "account"
      },
      "damage": 6489,
      "side": "DEFEND",
      "item_id": 9,
      "created_at": "2025-09-08 01:37:43"
    },
    {
      "id": 18818998,
      "fighter": {
        "id": 15638,
        "type": "account"
      },
      "damage": 0,
      "side": "DEFEND",
      "item_id": 9,
      "created_at": "2025-09-08 01:37:44"
    },
    {
      "id": 18818999,
      "fighter": {
        "id": 15638,
        "type": "account"
      },
      "damage": 5108,
      "side": "DEFEND",
      "item_id": 9,
      "created_at": "2025-09-08 01:37:44"
    },
    {
      "id": 18819000,
      "fighter": {
        "id": 15638,
        "type": "account"
      },
      "damage": 0,
      "side": "DEFEND",
      "item_id": 9,
      "created_at": "2025-09-08 01:37:45"
    },
    {
      "id": 18819001,
      "fighter": {
        "id": 15638,
        "type": "account"
      },
      "damage": 0,
      "side": "DEFEND",
      "item_id": 9,
      "created_at": "2025-09-08 01:37:46"
    },
    {
      "id": 18819002,
      "fighter": {
        "id": 15638,
        "type": "account"
      },
      "damage": 6212,
      "side": "DEFEND",
      "item_id": 9,
      "created_at": "2025-09-08 01:37:47"
    },
    {
      "id": 18819003,
      "fighter": {
        "id": 15638,
        "type": "account"
      },
      "damage": 6322,
      "side": "DEFEND",
      "item_id": 9,
      "created_at": "2025-09-08 01:37:48"
    },
    {
      "id": 18819004,
      "fighter": {
        "id": 15638,
        "type": "account"
      },
      "damage": 5521,
      "side": "DEFEND",
      "item_id": 9,
      "created_at": "2025-09-08 01:37:49"
    },
    {
      "id": 18819005,
      "fighter": {
        "id": 15638,
        "type": "account"
      },
      "damage": 6616,
      "side": "DEFEND",
      "item_id": 9,
      "created_at": "2025-09-08 01:37:50"
    },
    {
      "id": 18819006,
      "fighter": {
        "id": 15638,
        "type": "account"
      },
      "damage": 5181,
      "side": "DEFEND",
      "item_id": 9,
      "created_at": "2025-09-08 01:37:51"
    },
    {
      "id": 18819007,
      "fighter": {
        "id": 15638,
        "type": "account"
      },
      "damage... (truncated)

Pobieranie danych: uderzeniach rundy 118895 z URL: https://api.eclesiar.com/war/round/hits?war_round_id=118895...
Pobieranie danych: uderzeniach rundy 118896 z URL: https://api.eclesiar.com/war/round/hits?war_round_id=118896...
--- Dane o uderzeniach rundy 118894 ---
{
  "code": 200,
  "description": "Success",
  "data": [
    {
      "id": 18825784,
      "fighter": {
        "id": 4664,
        "type": "account"
      },
      "damage": 0,
      "side": "DEFEND",
      "item_id": null,
      "created_at": "2025-09-08 04:34:07"
    },
    {
      "id": 18825785,
      "fighter": {
        "id": 4664,
        "type": "account"
      },
      "damage": 4456,
      "side": "DEFEND",
      "item_id": null,
      "created_at": "2025-09-08 04:34:07"
    },
    {
      "id": 18825786,
      "fighter": {
        "id": 4664,
        "type": "account"
      },
      "damage": 3887,
      "side": "DEFEND",
      "item_id": null,
      "created_at": "2025-09-08 04:34:08"
    },
    {
      "id": 18825787,
      "fighter": {
        "id": 4664,
        "type": "account"
      },
      "damage": 0,
      "side": "DEFEND",
      "item_id": null,
      "created_at": "2025-09-08 04:34:09"
    },
    {
      "id": 18825788,
      "fighter": {
        "id": 4664,
        "type": "account"
      },
      "damage": 3906,
      "side": "DEFEND",
      "item_id": null,
      "created_at": "2025-09-08 04:34:09"
    },
    {
      "id": 18825789,
      "fighter": {
        "id": 4664,
        "type": "account"
      },
      "damage": 2194,
      "side": "DEFEND",
      "item_id": null,
      "created_at": "2025-09-08 04:34:09"
    },
    {
      "id": 18825790,
      "fighter": {
        "id": 4664,
        "type": "account"
      },
      "damage": 0,
      "side": "DEFEND",
      "item_id": null,
      "created_at": "2025-09-08 04:34:11"
    },
    {
      "id": 18826382,
      "fighter": {
        "id": 12030,
        "type": "account"
      },
      "damage": 0,
      "side": "ATTACK",
      "item_id": 12,
      "created_at": "2025-09-08 04:45:11"
    },
    {
      "id": 18826383,
      "fighter": {
        "id": 12030,
        "type": "account"
      },
      "damage": 31211,
      "side": "ATTACK",
      "item_id": 12,
      "created_at": "2025-09-08 04:45:12"
    },
    {
      "id": 18826384,
      "fighter": {
        "id": 12030,
        "type": "account"
      },
      "damage": 34313,
      "side": "ATTACK",
      "item_id": 12,
      "created_at": "2025-09-08 04:45:14"
    },
    {
      "id": 18826385,
      "fighter": {
        "id": 12030,
        "type": "account"
      },
      "damage": 33175,
      "side": "ATTACK",
      "item_id": 12,
      "created_at": "2025-09-08 04:45:14"
    },
    {
      "id": 18826386,
      "fighter": {
        "id": 12030,
        "type": "account"
      },
      "damage": 73230,
      "side": "ATTACK",
      "item_id": 12,
      "created_at": "2025-09-08 04:45:16"
    },
    {
      "id": 18826387,
      "fighter": {
        "id": 12030,
        "type": "account"
      },
      "damage": 37701,
      "side": "ATTACK",
      "item_id": 12,
      "created_at": "2025-09-08 04:45:16"
    },
    {
      "id": 18826388,
      "fighter": {
        "id": 12030,
        "type": "account"
  ... (truncated)

Pobieranie danych: uderzeniach rundy 118897 z URL: https://api.eclesiar.com/war/round/hits?war_round_id=118897...
Pobieranie danych: uderzeniach rundy 118898 z URL: https://api.eclesiar.com/war/round/hits?war_round_id=118898...
--- Dane o uderzeniach rundy 118895 ---
{
  "code": 200,
  "description": "Success",
  "data": [
    {
      "id": 18833980,
      "fighter": {
        "id": 13452,
        "type": "account"
      },
      "damage": 1428,
      "side": "DEFEND",
      "item_id": null,
      "created_at": "2025-09-08 06:52:55"
    },
    {
      "id": 18833981,
      "fighter": {
        "id": 13452,
        "type": "account"
      },
      "damage": 1290,
      "side": "DEFEND",
      "item_id": null,
      "created_at": "2025-09-08 06:52:56"
    },
    {
      "id": 18833982,
      "fighter": {
        "id": 315,
        "type": "account"
      },
      "damage": 0,
      "side": "DEFEND",
      "item_id": 8,
      "created_at": "2025-09-08 06:52:56"
    },
    {
      "id": 18833983,
      "fighter": {
        "id": 315,
        "type": "account"
      },
      "damage": 5606,
      "side": "DEFEND",
      "item_id": 8,
      "created_at": "2025-09-08 06:52:56"
    },
    {
      "id": 18833984,
      "fighter": {
        "id": 315,
        "type": "account"
      },
      "damage": 0,
      "side": "DEFEND",
      "item_id": 8,
      "created_at": "2025-09-08 06:52:57"
    },
    {
      "id": 18833985,
      "fighter": {
        "id": 13452,
        "type": "account"
      },
      "damage": 1321,
      "side": "DEFEND",
      "item_id": null,
      "created_at": "2025-09-08 06:52:57"
    },
    {
      "id": 18833986,
      "fighter": {
        "id": 315,
        "type": "account"
      },
      "damage": 5312,
      "side": "DEFEND",
      "item_id": 8,
      "created_at": "2025-09-08 06:52:58"
    },
    {
      "id": 18833987,
      "fighter": {
        "id": 315,
        "type": "account"
      },
      "damage": 6432,
      "side": "DEFEND",
      "item_id": 8,
      "created_at": "2025-09-08 06:52:58"
    },
    {
      "id": 18833988,
      "fighter": {
        "id": 13452,
        "type": "account"
      },
      "damage": 1408,
      "side": "DEFEND",
      "item_id": null,
      "created_at": "2025-09-08 06:52:58"
    },
    {
      "id": 18833989,
      "fighter": {
        "id": 315,
        "type": "account"
      },
      "damage": 5518,
      "side": "DEFEND",
      "item_id": 8,
      "created_at": "2025-09-08 06:52:58"
    },
    {
      "id": 18833990,
      "fighter": {
        "id": 315,
        "type": "account"
      },
      "damage": 5943,
      "side": "DEFEND",
      "item_id": 8,
      "created_at": "2025-09-08 06:53:01"
    },
    {
      "id": 18833991,
      "fighter": {
        "id": 315,
        "type": "account"
      },
      "damage": 5773,
      "side": "DEFEND",
      "item_id": 8,
      "created_at": "2025-09-08 06:53:01"
    },
    {
      "id": 18833992,
      "fighter": {
        "id": 13452,
        "type": "account"
      },
      "damage": 3850,
      "side": "DEFEND",
      "item_id": 20,
      "created_at": "2025-09-08 06:53:01"
    },
    {
      "id": 18833993,
      "fighter": {
        "id": 315,
        "type": "account"
      },
      "damage": 6... (truncated)

Pobieranie danych: uderzeniach rundy 118900 z URL: https://api.eclesiar.com/war/round/hits?war_round_id=118900...
--- Dane o uderzeniach rundy 118896 ---
{
  "code": 200,
  "description": "Success"
}

--- Dane o uderzeniach rundy 118898 ---
{
  "code": 200,
  "description": "Success"
}

--- Dane o uderzeniach rundy 118900 ---
{
  "code": 200,
  "description": "Success",
  "data": [
    {
      "id": 18811547,
      "fighter": {
        "id": 2508,
        "type": "account"
      },
      "damage": 15219,
      "side": "ATTACK",
      "item_id": 22,
      "created_at": "2025-09-07 22:06:26"
    },
    {
      "id": 18811548,
      "fighter": {
        "id": 2508,
        "type": "account"
      },
      "damage": 14786,
      "side": "ATTACK",
      "item_id": 22,
      "created_at": "2025-09-07 22:06:27"
    },
    {
      "id": 18811549,
      "fighter": {
        "id": 2508,
        "type": "account"
      },
      "damage": 34076,
      "side": "ATTACK",
      "item_id": 22,
      "created_at": "2025-09-07 22:06:28"
    },
    {
      "id": 18811550,
      "fighter": {
        "id": 2508,
        "type": "account"
      },
      "damage": 32206,
      "side": "ATTACK",
      "item_id": 22,
      "created_at": "2025-09-07 22:06:29"
    },
    {
      "id": 18811551,
      "fighter": {
        "id": 2508,
        "type": "account"
      },
      "damage": 15452,
      "side": "ATTACK",
      "item_id": 22,
      "created_at": "2025-09-07 22:06:32"
    },
    {
      "id": 18811552,
      "fighter": {
        "id": 2508,
        "type": "account"
      },
      "damage": 13955,
      "side": "ATTACK",
      "item_id": 22,
      "created_at": "2025-09-07 22:06:32"
    },
    {
      "id": 18811553,
      "fighter": {
        "id": 2508,
        "type": "account"
      },
      "damage": 9326,
      "side": "ATTACK",
      "item_id": 9,
      "created_at": "2025-09-07 22:06:36"
    },
    {
      "id": 18811554,
      "fighter": {
        "id": 2508,
        "type": "account"
      },
      "damage": 24204,
      "side": "ATTACK",
      "item_id": 9,
      "created_at": "2025-09-07 22:06:37"
    },
    {
      "id": 18811555,
      "fighter": {
        "id": 2508,
        "type": "account"
      },
      "damage": 9936,
      "side": "ATTACK",
      "item_id": 9,
      "created_at": "2025-09-07 22:06:37"
    },
    {
      "id": 18811556,
      "fighter": {
        "id": 2508,
        "type": "account"
      },
      "damage": 9886,
      "side": "ATTACK",
      "item_id": 9,
      "created_at": "2025-09-07 22:06:38"
    },
    {
      "id": 18811557,
      "fighter": {
        "id": 2508,
        "type": "account"
      },
      "damage": 10123,
      "side": "ATTACK",
      "item_id": 9,
      "created_at": "2025-09-07 22:06:38"
    },
    {
      "id": 18811558,
      "fighter": {
        "id": 2508,
        "type": "account"
      },
      "damage": 11976,
      "side": "ATTACK",
      "item_id": 9,
      "created_at": "2025-09-07 22:06:38"
    },
    {
      "id": 18811559,
      "fighter": {
        "id": 2508,
        "type": "account"
      },
      "damage": 11540,
      "side": "ATTACK",
      "item_id": 9,
      "created_at": "2025-09-07 22:06:40"
    },
    {
      "id": 18811560,
      "fighter": {
        "id": 2508,
        "type": "account"
      },
    ... (truncated)

--- Dane o uderzeniach rundy 118897 ---
{
  "code": 200,
  "description": "Success"
}

Pobieranie danych: uderzeniach rundy 118901 z URL: https://api.eclesiar.com/war/round/hits?war_round_id=118901...
  73% [######################--------] 89/121 ETA 00:01 - Uderzenia runda 11889600000000002, "40": 0.448, "41": 0.49733333333333335, "42": 0.063, "43": 0.147, "44": 0.31666666666666665, "45": 0.--- Dane o uderzeniach rundy 118899 ---
{
  "code": 200,
  "description": "Success"
}

Pobieranie danych: uderzeniach rundy 118902 z URL: https://api.eclesiar.com/war/round/hits?war_round_id=118902...
Pobieranie danych: uderzeniach rundy 118903 z URL: https://api.eclesiar.com/war/round/hits?war_round_id=118903...
Pobieranie danych: uderzeniach rundy 118904 z URL: https://api.eclesiar.com/war/round/hits?war_round_id=118904...
Pobieranie danych: uderzeniach rundy 118905 z URL: https://api.eclesiar.com/war/round/hits?war_round_id=118905...
Pobieranie danych: uderzeniach rundy 118906 z URL: https://api.eclesiar.com/war/round/hits?war_round_id=118906...
  77% [#######################-------] 94/121 ETA 00:01 - Uderzenia runda 118115--- Dane o uderzeniach rundy 118901 ---
{
  "code": 200,
  "description": "Success",
  "data": [
    {
      "id": 18817210,
      "fighter": {
        "id": 1450,
        "type": "account"
      },
      "damage": 7368,
      "side": "DEFEND",
      "item_id": 9,
      "created_at": "2025-09-08 00:44:16"
    },
    {
      "id": 18817211,
      "fighter": {
        "id": 1450,
        "type": "account"
      },
      "damage": 0,
      "side": "DEFEND",
      "item_id": 9,
      "created_at": "2025-09-08 00:44:17"
    },
    {
      "id": 18817212,
      "fighter": {
        "id": 1450,
        "type": "account"
      },
      "damage": 7002,
      "side": "DEFEND",
      "item_id": 9,
      "created_at": "2025-09-08 00:44:17"
    },
    {
      "id": 18817213,
      "fighter": {
        "id": 1450,
        "type": "account"
      },
      "damage": 0,
      "side": "DEFEND",
      "item_id": 9,
      "created_at": "2025-09-08 00:44:18"
    },
    {
      "id": 18817214,
      "fighter": {
        "id": 1450,
        "type": "account"
      },
      "damage": 7772,
      "side": "DEFEND",
      "item_id": 9,
      "created_at": "2025-09-08 00:44:18"
    },
    {
      "id": 18817215,
      "fighter": {
        "id": 1450,
        "type": "account"
      },
      "damage": 6457,
      "side": "DEFEND",
      "item_id": 9,
      "created_at": "2025-09-08 00:44:18"
    },
    {
      "id": 18817216,
      "fighter": {
        "id": 1450,
        "type": "account"
      },
      "damage": 7722,
      "side": "DEFEND",
      "item_id": 9,
      "created_at": "2025-09-08 00:44:20"
    },
    {
      "id": 18817217,
      "fighter": {
        "id": 1450,
        "type": "account"
      },
      "damage": 7387,
      "side": "DEFEND",
      "item_id": 9,
      "created_at": "2025-09-08 00:44:20"
    },
    {
      "id": 18817218,
      "fighter": {
        "id": 1450,
        "type": "account"
      },
      "damage": 0,
      "side": "DEFEND",
      "item_id": 9,
      "created_at": "2025-09-08 00:44:20"
    },
    {
      "id": 18817298,
      "fighter": {
        "id": 1527,
        "type": "account"
      },
      "damage": 19908,
      "side": "ATTACK",
      "item_id": 12,
      "created_at": "2025-09-08 00:49:01"
    },
    {
      "id": 18817302,
      "fighter": {
        "id": 1527,
        "type": "account"
      },
      "damage": 12336,
      "side": "ATTACK",
      "item_id": 10,
      "created_at": "2025-09-08 00:49:11"
    },
    {
      "id": 18817305,
      "fighter": {
        "id": 13535,
        "type": "account"
      },
      "damage": 4472,
      "side": "ATTACK",
      "item_id": 10,
      "created_at": "2025-09-08 00:49:38"
    },
    {
      "id": 18817307,
      "fighter": {
        "id": 12672,
        "type": "account"
      },
      "damage": 8149,
      "side": "ATTACK",
      "item_id": 12,
      "created_at": "2025-09-08 00:49:44"
    },
    {
      "id": 18817309,
      "fighter": {
        "id": 12672,
        "type": "account"
      },
      "damage": 8105... (truncated)

Pobieranie danych: uderzeniach rundy 118907 z URL: https://api.eclesiar.com/war/round/hits?war_round_id=118907...
  78% [#######################-------] 95/121 ETA 00:01 - Uderzenia runda 118901B≈ÇƒÖd HTTP 429 dla war/round/hits?war_round_id=118935: uderzeniach rundy 118935
B≈ÇƒÖd podczas pobierania uderzeniach rundy 118935: 429 Client Error: Too Many Requests for url: https://api.eclesiar.com/war/round/hits?war_round_id=118935
Pobieranie danych: uderzeniach rundy 118908 z URL: https://api.eclesiar.com/war/round/hits?war_round_id=118908...
B≈ÇƒÖd HTTP 429 dla war/round/hits?war_round_id=118873: uderzeniach rundy 118873
B≈ÇƒÖd podczas pobierania uderzeniach rundy 118873: 429 Client Error: Too Many Requests for url: https://api.eclesiar.com/war/round/hits?war_round_id=118873
Pobieranie danych: uderzeniach rundy 118909 z URL: https://api.eclesiar.com/war/round/hits?war_round_id=118909...
  79% [#######################-------] 96/121 ETA 00:01 - Uderzenia runda 118935B≈ÇƒÖd HTTP 429 dla war/round/hits?war_round_id=118875: uderzeniach rundy 118875
B≈ÇƒÖd podczas pobierania uderzeniach rundy 118875: 429 Client Error: Too Many Requests for url: https://api.eclesiar.com/war/round/hits?war_round_id=118875
Pobieranie danych: uderzeniach rundy 118910 z URL: https://api.eclesiar.com/war/round/hits?war_round_id=118910...
B≈ÇƒÖd HTTP 429 dla war/round/hits?war_round_id=118876: uderzeniach rundy 118876
B≈ÇƒÖd podczas pobierania uderzeniach rundy 118876: 429 Client Error: Too Many Requests for url: https://api.eclesiar.com/war/round/hits?war_round_id=118876
Pobieranie danych: uderzeniach rundy 118911 z URL: https://api.eclesiar.com/war/round/hits?war_round_id=118911...
B≈ÇƒÖd HTTP 429 dla war/round/hits?war_round_id=118933: uderzeniach rundy 118933
B≈ÇƒÖd podczas pobierania uderzeniach rundy 118933: 429 Client Error: Too Many Requests for url: https://api.eclesiar.com/war/round/hits?war_round_id=118933
Pobieranie danych: uderzeniach rundy 118912 z URL: https://api.eclesiar.com/war/round/hits?war_round_id=118912...
B≈ÇƒÖd HTTP 429 dla war/round/hits?war_round_id=118934: uderzeniach rundy 118934
B≈ÇƒÖd podczas pobierania uderzeniach rundy 118934: 429 Client Error: Too Many Requests for url: https://api.eclesiar.com/war/round/hits?war_round_id=118934
Pobieranie danych: uderzeniach rundy 118913 z URL: https://api.eclesiar.com/war/round/hits?war_round_id=118913...
B≈ÇƒÖd HTTP 429 dla war/round/hits?war_round_id=118874: uderzeniach rundy 118874
B≈ÇƒÖd podczas pobierania uderzeniach rundy 118874: 429 Client Error: Too Many Requests for url: https://api.eclesiar.com/war/round/hits?war_round_id=118874
Pobieranie danych: uderzeniach rundy 118914 z URL: https://api.eclesiar.com/war/round/hits?war_round_id=118914...
  84% [#########################-----] 102/121 ETA 00:00 - Uderzenia runda 118874B≈ÇƒÖd HTTP 429 dla war/round/hits?war_round_id=118877: uderzeniach rundy 118877
B≈ÇƒÖd podczas pobierania uderzeniach rundy 118877: 429 Client Error: Too Many Requests for url: https://api.eclesiar.com/war/round/hits?war_round_id=118877
Pobieranie danych: uderzeniach rundy 118915 z URL: https://api.eclesiar.com/war/round/hits?war_round_id=118915...
B≈ÇƒÖd HTTP 429 dla war/round/hits?war_round_id=118878: uderzeniach rundy 118878
B≈ÇƒÖd podczas pobierania uderzeniach rundy 118878: 429 Client Error: Too Many Requests for url: https://api.eclesiar.com/war/round/hits?war_round_id=118878
Pobieranie danych: uderzeniach rundy 118916 z URL: https://api.eclesiar.com/war/round/hits?war_round_id=118916...
--- Dane o uderzeniach rundy 118915 ---
{
  "code": 200,
  "description": "Success"
}

--- Dane o uderzeniach rundy 118879 ---
{
  "code": 200,
  "description": "Success"
}

--- Dane o uderzeniach rundy 118916 ---
{
  "code": 200,
  "description": "Success"
}

Pobieranie danych: uderzeniach rundy 118917 z URL: https://api.eclesiar.com/war/round/hits?war_round_id=118917...
  86% [##########################----] 105/121 ETA 00:00 - Uderzenia runda 118915--- Dane o uderzeniach rundy 118917 ---
{
  "code": 200,
  "description": "Success"
}

  89% [##########################----] 108/121 ETA 00:00 - Uderzenia runda 118917--- Dane o uderzeniach rundy 118903 ---
{
  "code": 200,
  "description": "Success",
  "data": [
    {
      "id": 18830688,
      "fighter": {
        "id": 1506,
        "type": "account"
      },
      "damage": 9472,
      "side": "DEFEND",
      "item_id": 11,
      "created_at": "2025-09-08 06:04:09"
    },
    {
      "id": 18830697,
      "fighter": {
        "id": 1506,
        "type": "account"
      },
      "damage": 16015,
      "side": "DEFEND",
      "item_id": 11,
      "created_at": "2025-09-08 06:04:12"
    },
    {
      "id": 18830699,
      "fighter": {
        "id": 1506,
        "type": "account"
      },
      "damage": 14148,
      "side": "DEFEND",
      "item_id": 11,
      "created_at": "2025-09-08 06:04:13"
    },
    {
      "id": 18830701,
      "fighter": {
        "id": 1506,
        "type": "account"
      },
      "damage": 26494,
      "side": "DEFEND",
      "item_id": 11,
      "created_at": "2025-09-08 06:04:13"
    },
    {
      "id": 18830704,
      "fighter": {
        "id": 1506,
        "type": "account"
      },
      "damage": 30742,
      "side": "DEFEND",
      "item_id": 11,
      "created_at": "2025-09-08 06:04:14"
    },
    {
      "id": 18830707,
      "fighter": {
        "id": 1506,
        "type": "account"
      },
      "damage": 16444,
      "side": "DEFEND",
      "item_id": 11,
      "created_at": "2025-09-08 06:04:15"
    },
    {
      "id": 18830708,
      "fighter": {
        "id": 1506,
        "type": "account"
      },
      "damage": 14796,
      "side": "DEFEND",
      "item_id": 11,
      "created_at": "2025-09-08 06:04:15"
    },
    {
      "id": 18830711,
      "fighter": {
        "id": 1506,
        "type": "account"
      },
      "damage": 31370,
      "side": "DEFEND",
      "item_id": 11,
      "created_at": "2025-09-08 06:04:16"
    },
    {
      "id": 18830714,
      "fighter": {
        "id": 1506,
        "type": "account"
      },
      "damage": 15395,
      "side": "DEFEND",
      "item_id": 11,
      "created_at": "2025-09-08 06:04:16"
    },
    {
      "id": 18830717,
      "fighter": {
        "id": 1506,
        "type": "account"
      },
      "damage": 28306,
      "side": "DEFEND",
      "item_id": 11,
      "created_at": "2025-09-08 06:04:17"
    },
    {
      "id": 18830719,
      "fighter": {
        "id": 1506,
        "type": "account"
      },
      "damage": 13625,
      "side": "DEFEND",
      "item_id": 11,
      "created_at": "2025-09-08 06:04:18"
    },
    {
      "id": 18830723,
      "fighter": {
        "id": 1506,
        "type": "account"
      },
      "damage": 15806,
      "side": "DEFEND",
      "item_id": 11,
      "created_at": "2025-09-08 06:04:18"
    },
    {
      "id": 18830724,
      "fighter": {
        "id": 1506,
        "type": "account"
      },
      "damage": 14328,
      "side": "DEFEND",
      "item_id": 11,
      "created_at": "2025-09-08 06:04:19"
    },
    {
      "id": 18830728,
      "fighter": {
        "id": 1506,
        "type": "account"
    ... (truncated)

--- Dane o uderzeniach rundy 118904 ---
{
  "code": 200,
  "description": "Success"
}

--- Dane o uderzeniach rundy 118902 ---
{
  "code": 200,
  "description": "Success",
  "data": [
    {
      "id": 18824131,
      "fighter": {
        "id": 13598,
        "type": "account"
      },
      "damage": 3045,
      "side": "DEFEND",
      "item_id": 8,
      "created_at": "2025-09-08 03:46:06"
    },
    {
      "id": 18824135,
      "fighter": {
        "id": 13598,
        "type": "account"
      },
      "damage": 3984,
      "side": "DEFEND",
      "item_id": 20,
      "created_at": "2025-09-08 03:47:08"
    },
    {
      "id": 18824289,
      "fighter": {
        "id": 13598,
        "type": "account"
      },
      "damage": 1181,
      "side": "DEFEND",
      "item_id": null,
      "created_at": "2025-09-08 03:52:19"
    },
    {
      "id": 18824290,
      "fighter": {
        "id": 13598,
        "type": "account"
      },
      "damage": 1331,
      "side": "DEFEND",
      "item_id": null,
      "created_at": "2025-09-08 03:52:20"
    },
    {
      "id": 18824291,
      "fighter": {
        "id": 13598,
        "type": "account"
      },
      "damage": 1462,
      "side": "DEFEND",
      "item_id": null,
      "created_at": "2025-09-08 03:52:21"
    },
    {
      "id": 18824292,
      "fighter": {
        "id": 13598,
        "type": "account"
      },
      "damage": 0,
      "side": "DEFEND",
      "item_id": null,
      "created_at": "2025-09-08 03:52:22"
    },
    {
      "id": 18824293,
      "fighter": {
        "id": 13598,
        "type": "account"
      },
      "damage": 1288,
      "side": "DEFEND",
      "item_id": null,
      "created_at": "2025-09-08 03:52:22"
    },
    {
      "id": 18824294,
      "fighter": {
        "id": 13598,
        "type": "account"
      },
      "damage": 1180,
      "side": "DEFEND",
      "item_id": null,
      "created_at": "2025-09-08 03:52:23"
    },
    {
      "id": 18824295,
      "fighter": {
        "id": 13598,
        "type": "account"
      },
      "damage": 1372,
      "side": "DEFEND",
      "item_id": null,
      "created_at": "2025-09-08 03:52:23"
    },
    {
      "id": 18824296,
      "fighter": {
        "id": 13598,
        "type": "account"
      },
      "damage": 1218,
      "side": "DEFEND",
      "item_id": null,
      "created_at": "2025-09-08 03:52:24"
    },
    {
      "id": 18824297,
      "fighter": {
        "id": 13598,
        "type": "account"
      },
      "damage": 1401,
      "side": "DEFEND",
      "item_id": null,
      "created_at": "2025-09-08 03:52:25"
    },
    {
      "id": 18824298,
      "fighter": {
        "id": 13598,
        "type": "account"
      },
      "damage": 1454,
      "side": "DEFEND",
      "item_id": null,
      "created_at": "2025-09-08 03:52:25"
    },
    {
      "id": 18824299,
      "fighter": {
        "id": 13598,
        "type": "account"
      },
      "damage": 1522,
      "side": "DEFEND",
      "item_id": null,
      "created_at": "2025-09-08 03:52:26"
    },
    {
      "id": 18824300,
      "fighter": {
        "id": 13598,
        "t... (truncated)

--- Dane o uderzeniach rundy 118905 ---
{
  "code": 200,
  "description": "Success"
}

  92% [###########################---] 112/121 ETA 00:00 - Uderzenia runda 118905--- Dane o uderzeniach rundy 118907 ---
{
  "code": 200,
  "description": "Success"
}

--- Dane o uderzeniach rundy 118906 ---
{
  "code": 200,
  "description": "Success"
}

--- Dane o uderzeniach rundy 118910 ---
{
  "code": 200,
  "description": "Success",
  "data": [
    {
      "id": 18821383,
      "fighter": {
        "id": 16357,
        "type": "account"
      },
      "damage": 996,
      "side": "ATTACK",
      "item_id": null,
      "created_at": "2025-09-08 02:41:08"
    },
    {
      "id": 18821385,
      "fighter": {
        "id": 16357,
        "type": "account"
      },
      "damage": 877,
      "side": "ATTACK",
      "item_id": null,
      "created_at": "2025-09-08 02:41:09"
    },
    {
      "id": 18821388,
      "fighter": {
        "id": 16357,
        "type": "account"
      },
      "damage": 1043,
      "side": "ATTACK",
      "item_id": null,
      "created_at": "2025-09-08 02:41:10"
    },
    {
      "id": 18821390,
      "fighter": {
        "id": 16357,
        "type": "account"
      },
      "damage": 931,
      "side": "ATTACK",
      "item_id": null,
      "created_at": "2025-09-08 02:41:11"
    },
    {
      "id": 18821392,
      "fighter": {
        "id": 16357,
        "type": "account"
      },
      "damage": 869,
      "side": "ATTACK",
      "item_id": null,
      "created_at": "2025-09-08 02:41:12"
    },
    {
      "id": 18821394,
      "fighter": {
        "id": 16357,
        "type": "account"
      },
      "damage": 812,
      "side": "ATTACK",
      "item_id": null,
      "created_at": "2025-09-08 02:41:13"
    },
    {
      "id": 18821396,
      "fighter": {
        "id": 16357,
        "type": "account"
      },
      "damage": 0,
      "side": "ATTACK",
      "item_id": null,
      "created_at": "2025-09-08 02:41:13"
    },
    {
      "id": 18821399,
      "fighter": {
        "id": 16357,
        "type": "account"
      },
      "damage": 1060,
      "side": "ATTACK",
      "item_id": null,
      "created_at": "2025-09-08 02:41:14"
    },
    {
      "id": 18821400,
      "fighter": {
        "id": 16357,
        "type": "account"
      },
      "damage": 945,
      "side": "ATTACK",
      "item_id": null,
      "created_at": "2025-09-08 02:41:15"
    },
    {
      "id": 18821402,
      "fighter": {
        "id": 16357,
        "type": "account"
      },
      "damage": 1040,
      "side": "ATTACK",
      "item_id": null,
      "created_at": "2025-09-08 02:41:15"
    },
    {
      "id": 18821404,
      "fighter": {
        "id": 16357,
        "type": "account"
      },
      "damage": 998,
      "side": "ATTACK",
      "item_id": null,
      "created_at": "2025-09-08 02:41:16"
    },
    {
      "id": 18821407,
      "fighter": {
        "id": 16357,
        "type": "account"
      },
      "damage": 887,
      "side": "ATTACK",
      "item_id": null,
      "created_at": "2025-09-08 02:41:17"
    },
    {
      "id": 18821413,
      "fighter": {
        "id": 16357,
        "type": "account"
      },
      "damage": 890,
      "side": "ATTACK",
      "item_id": null,
      "created_at": "2025-09-08 02:41:20"
    },
    {
      "id": 18821414,
      "fighter": {
        "id": 16357,
        "type"... (truncated)

--- Dane o uderzeniach rundy 118909 ---
{
  "code": 200,
  "description": "Success",
  "data": [
    {
      "id": 18814046,
      "fighter": {
        "id": 16497,
        "type": "account"
      },
      "damage": 878,
      "side": "ATTACK",
      "item_id": null,
      "created_at": "2025-09-08 00:02:11"
    },
    {
      "id": 18814047,
      "fighter": {
        "id": 16497,
        "type": "account"
      },
      "damage": 0,
      "side": "ATTACK",
      "item_id": null,
      "created_at": "2025-09-08 00:02:13"
    },
    {
      "id": 18814058,
      "fighter": {
        "id": 16497,
        "type": "account"
      },
      "damage": 885,
      "side": "ATTACK",
      "item_id": null,
      "created_at": "2025-09-08 00:02:23"
    },
    {
      "id": 18814061,
      "fighter": {
        "id": 16497,
        "type": "account"
      },
      "damage": 908,
      "side": "ATTACK",
      "item_id": null,
      "created_at": "2025-09-08 00:02:24"
    },
    {
      "id": 18814789,
      "fighter": {
        "id": 16553,
        "type": "account"
      },
      "damage": 2365,
      "side": "ATTACK",
      "item_id": 8,
      "created_at": "2025-09-08 00:06:47"
    },
    {
      "id": 18814790,
      "fighter": {
        "id": 16553,
        "type": "account"
      },
      "damage": 2249,
      "side": "ATTACK",
      "item_id": 8,
      "created_at": "2025-09-08 00:06:48"
    },
    {
      "id": 18814794,
      "fighter": {
        "id": 16553,
        "type": "account"
      },
      "damage": 2464,
      "side": "ATTACK",
      "item_id": 8,
      "created_at": "2025-09-08 00:06:49"
    },
    {
      "id": 18814796,
      "fighter": {
        "id": 16553,
        "type": "account"
      },
      "damage": 2044,
      "side": "ATTACK",
      "item_id": 8,
      "created_at": "2025-09-08 00:06:50"
    },
    {
      "id": 18814798,
      "fighter": {
        "id": 16553,
        "type": "account"
      },
      "damage": 2053,
      "side": "ATTACK",
      "item_id": 8,
      "created_at": "2025-09-08 00:06:51"
    },
    {
      "id": 18814800,
      "fighter": {
        "id": 16553,
        "type": "account"
      },
      "damage": 0,
      "side": "ATTACK",
      "item_id": 8,
      "created_at": "2025-09-08 00:06:52"
    },
    {
      "id": 18816280,
      "fighter": {
        "id": 16415,
        "type": "account"
      },
      "damage": 0,
      "side": "ATTACK",
      "item_id": null,
      "created_at": "2025-09-08 00:23:25"
    },
    {
      "id": 18816281,
      "fighter": {
        "id": 16415,
        "type": "account"
      },
      "damage": 759,
      "side": "ATTACK",
      "item_id": null,
      "created_at": "2025-09-08 00:23:26"
    },
    {
      "id": 18816282,
      "fighter": {
        "id": 16415,
        "type": "account"
      },
      "damage": 0,
      "side": "ATTACK",
      "item_id": null,
      "created_at": "2025-09-08 00:23:27"
    },
    {
      "id": 18816283,
      "fighter": {
        "id": 16415,
        "type": "account"
      },
 ... (truncated)

--- Dane o uderzeniach rundy 118908 ---
{
  "code": 200,
  "description": "Success"
}

  95% [############################--] 115/121 ETA 00:00 - Uderzenia runda 118910--- Dane o uderzeniach rundy 118911 ---
{
  "code": 200,
  "description": "Success",
  "data": [
    {
      "id": 18829262,
      "fighter": {
        "id": 16204,
        "type": "account"
      },
      "damage": 3539,
      "side": "DEFEND",
      "item_id": 20,
      "created_at": "2025-09-08 05:39:02"
    },
    {
      "id": 18829265,
      "fighter": {
        "id": 16204,
        "type": "account"
      },
      "damage": 3580,
      "side": "DEFEND",
      "item_id": 20,
      "created_at": "2025-09-08 05:39:04"
    },
    {
      "id": 18829267,
      "fighter": {
        "id": 16204,
        "type": "account"
      },
      "damage": 3194,
      "side": "DEFEND",
      "item_id": 20,
      "created_at": "2025-09-08 05:39:05"
    },
    {
      "id": 18829269,
      "fighter": {
        "id": 16204,
        "type": "account"
      },
      "damage": 6831,
      "side": "DEFEND",
      "item_id": 20,
      "created_at": "2025-09-08 05:39:06"
    },
    {
      "id": 18829271,
      "fighter": {
        "id": 16204,
        "type": "account"
      },
      "damage": 3545,
      "side": "DEFEND",
      "item_id": 20,
      "created_at": "2025-09-08 05:39:06"
    },
    {
      "id": 18830460,
      "fighter": {
        "id": 16473,
        "type": "account"
      },
      "damage": 2445,
      "side": "ATTACK",
      "item_id": 8,
      "created_at": "2025-09-08 06:01:56"
    },
    {
      "id": 18830465,
      "fighter": {
        "id": 16473,
        "type": "account"
      },
      "damage": 2750,
      "side": "ATTACK",
      "item_id": 8,
      "created_at": "2025-09-08 06:01:59"
    },
    {
      "id": 18830468,
      "fighter": {
        "id": 16473,
        "type": "account"
      },
      "damage": 0,
      "side": "ATTACK",
      "item_id": 8,
      "created_at": "2025-09-08 06:02:00"
    },
    {
      "id": 18830469,
      "fighter": {
        "id": 16473,
        "type": "account"
      },
      "damage": 2994,
      "side": "ATTACK",
      "item_id": 8,
      "created_at": "2025-09-08 06:02:00"
    },
    {
      "id": 18830473,
      "fighter": {
        "id": 16473,
        "type": "account"
      },
      "damage": 0,
      "side": "ATTACK",
      "item_id": 8,
      "created_at": "2025-09-08 06:02:02"
    },
    {
      "id": 18830475,
      "fighter": {
        "id": 16473,
        "type": "account"
      },
      "damage": 3018,
      "side": "ATTACK",
      "item_id": 8,
      "created_at": "2025-09-08 06:02:03"
    },
    {
      "id": 18830478,
      "fighter": {
        "id": 16473,
        "type": "account"
      },
      "damage": 2681,
      "side": "ATTACK",
      "item_id": 8,
      "created_at": "2025-09-08 06:02:03"
    },
    {
      "id": 18830479,
      "fighter": {
        "id": 16473,
        "type": "account"
      },
      "damage": 2914,
      "side": "ATTACK",
      "item_id": 8,
      "created_at": "2025-09-08 06:02:04"
    },
    {
      "id": 18830483,
      "fighter": {
        "id": 16473,
        "type": "account"
      },
      "... (truncated)

--- Dane o uderzeniach rundy 118913 ---
{
  "code": 200,
  "description": "Success"
}

--- Dane o uderzeniach rundy 118914 ---
{
  "code": 200,
  "description": "Success"
}

--- Dane o uderzeniach rundy 118912 ---
{
  "code": 200,
  "description": "Success"
}

  99% [#############################-] 120/121 ETA 00:00 - Uderzenia runda 118914 100% [##############################] 121/121 ETA 00:00 - Uderzenia runda 118913Pobrano dane o 108 rundach z uderzeniami
  99% [#############################-] 121/122 ETA 00:00                         Pobieranie danych: krajach i walutach z URL: https://api.eclesiar.com/countries...
--- Dane o krajach i walutach ---
{
  "code": 200,
  "description": "Success",
  "data": [
    {
      "id": 2,
      "name": "United Kingdom",
      "avatar": "https://storage.eclesiar.com/medias/551.svg?v=a4ff574a8970fb4900a616f7c241021e",
      "currency": {
        "id": 2,
        "name": "GBP",
        "symbol": "https://storage.eclesiar.com/medias/556.png?v=40e5d8cba8644c189ca91ddde0a2ee35"
      },
      "is_available": 1
    },
    {
      "id": 3,
      "name": "United States of America",
      "avatar": "https://storage.eclesiar.com/medias/552.svg?v=284cf20740d4651b634bff0c3f039aa2",
      "currency": {
        "id": 3,
        "name": "USD",
        "symbol": "https://storage.eclesiar.com/medias/557.png?v=427855e7481d207545ffece61c323034"
      },
      "is_available": 1
    },
    {
      "id": 4,
      "name": "Mexico",
      "avatar": "https://storage.eclesiar.com/medias/555.svg?v=1a8542ff1e400c500a602294f4e90129",
      "currency": {
        "id": 4,
        "name": "MXN",
        "symbol": "https://storage.eclesiar.com/medias/558.png?v=d1bd6c665275f5ede40e2f7a99236e97"
      },
      "is_available": 1
    },
    {
      "id": 5,
      "name": "Colombia",
      "avatar": "https://storage.eclesiar.com/medias/600.svg?v=941c77e71cd02c8f5ce637f34667aae1",
      "currency": {
        "id": 5,
        "name": "COP",
        "symbol": "https://storage.eclesiar.com/medias/602.png?v=3aaaf8723dc6e22e700d57cd5bfd1dfc"
      },
      "is_available": 1
    },
    {
      "id": 6,
      "name": "Peru",
      "avatar": "https://storage.eclesiar.com/medias/603.svg?v=1c5b682ff5505a6c8cc1ac841287c176",
      "currency": {
        "id": 6,
        "name": "PEN",
        "symbol": "https://storage.eclesiar.com/medias/605.png?v=2363e00ff93ca0af36239847a4e57eb3"
      },
      "is_available": 1
    },
    {
      "id": 7,
      "name": "Brazil",
      "avatar": "https://storage.eclesiar.com/medias/606.svg?v=ce8b667eff1ac9d385a38d4be3401601",
      "currency": {
        "id": 7,
        "name": "BRL",
        "symbol": "https://storage.eclesiar.com/medias/607.png?v=f951d2f75a2651485d6e6224adcda093"
      },
      "is_available": 1
    },
    {
      "id": 8,
      "name": "Chile",
      "avatar": "https://storage.eclesiar.com/medias/608.svg?v=b91367bbc6da2b2004639de3bbd6c879",
      "currency": {
        "id": 8,
        "name": "CLP",
        "symbol": "https://storage.eclesiar.com/medias/609.png?v=218ad6036916ce6fa65123146b4073c5"
      },
      "is_available": 1
    },
    {
      "id": 10,
      "name": "Argentina",
      "avatar": "https://storage.eclesiar.com/medias/611.svg?v=1aa11397b90a60849c1fce81d22927f4",
      "currency": {
        "id": 9,
        "name": "ARS",
        "symbol": "https://storage.eclesiar.com/medias/612.png?v=bf058b446b2437e7ec014a20425f91bd"
      },
      "is_available": 1
    },
    {
      "id": 11,
      "name": "Ireland",
      "avatar": "https://storage.eclesiar.com/medias/614.svg?v=f5b155f6f30319f482ce5c4116bda26a",
      "currency": {
        "id":... (truncated)

 100% [##############################] 122/122 ETA 00:00 - Kraje i waluty          99% [#############################-] 122/123 ETA 00:00                         Pobieranie danych: kursie waluty 2 z URL: https://api.eclesiar.com/market/coin/get?currency_id=2&transaction=SELL...
--- Dane o kursie waluty 2 ---
{
  "code": 200,
  "description": "Success",
  "data": [
    {
      "rate": 0.102,
      "amount": 4208.045,
      "owner": {
        "id": 2,
        "type": "country"
      }
    },
    {
      "rate": 0.105,
      "amount": 10,
      "owner": {
        "id": 15929,
        "type": "account"
      }
    },
    {
      "rate": 0.3,
      "amount": 1,
      "owner": {
        "id": 6362,
        "type": "account"
      }
    },
    {
      "rate": 0.333,
      "amount": 7.5,
      "owner": {
        "id": 11752,
        "type": "account"
      }
    },
    {
      "rate": 1,
      "amount": 10,
      "owner": {
        "id": 12013,
        "type": "account"
      }
    },
    {
      "rate": 1,
      "amount": 1,
      "owner": {
        "id": 45,
        "type": "account"
      }
    },
    {
      "rate": 1.99,
      "amount": 5.425,
      "owner": {
        "id": 17,
        "type": "holding"
      }
    },
    {
      "rate": 2,
      "amount": 6.5,
      "owner": {
        "id": 3973,
        "type": "account"
      }
    }
  ]
}

Pobieranie danych: kursie waluty 3 z URL: https://api.eclesiar.com/market/coin/get?currency_id=3&transaction=SELL...
--- Dane o kursie waluty 3 ---
{
  "code": 200,
  "description": "Success",
  "data": [
    {
      "rate": 0.101,
      "amount": 130,
      "owner": {
        "id": 117,
        "type": "militaryunit"
      }
    },
    {
      "rate": 0.102,
      "amount": 180.2,
      "owner": {
        "id": 12,
        "type": "country"
      }
    },
    {
      "rate": 0.103,
      "amount": 21.665,
      "owner": {
        "id": 6075,
        "type": "account"
      }
    },
    {
      "rate": 0.104,
      "amount": 894.9,
      "owner": {
        "id": 3,
        "type": "country"
      }
    },
    {
      "rate": 0.215,
      "amount": 200,
      "owner": {
        "id": 10944,
        "type": "account"
      }
    },
    {
      "rate": 0.218,
      "amount": 6.79,
      "owner": {
        "id": 564,
        "type": "holding"
      }
    },
    {
      "rate": 0.22,
      "amount": 418.012,
      "owner": {
        "id": 14572,
        "type": "account"
      }
    },
    {
      "rate": 0.23,
      "amount": 63,
      "owner": {
        "id": 11407,
        "type": "account"
      }
    },
    {
      "rate": 0.27,
      "amount": 36,
      "owner": {
        "id": 935,
        "type": "account"
      }
    },
    {
      "rate": 0.5,
      "amount": 4,
      "owner": {
        "id": 1456,
        "type": "account"
      }
    },
    {
      "rate": 0.8,
      "amount": 0.48,
      "owner": {
        "id": 217,
        "type": "account"
      }
    },
    {
      "rate": 0.9,
      "amount": 0.1,
      "owner": {
        "id": 1133,
        "type": "account"
      }
    },
    {
      "rate": 0.99,
      "amount": 18,
      "owner": {
        "id": 258,
        "type": "account"
      }
    },
    {
      "rate": 1,
      "amount": 1,
      "owner": {
        "id": 412,
        "type": "holding"
      }
    },
    {
      "rate": 1,
      "amount": 0.1,
      "owner": {
        "id": 12568,
        "type": "account"
      }
    },
    {
      "rate": 1,
      "amount": 2,
      "owner": {
        "id": 3945,
        "type": "account"
      }
    },
    {
      "rate": 1,
      "amount": 1,
      "owner": {
        "id": 3874,
        "type": "account"
      }
    },
    {
      "rate": 1,
      "amount": 1,
      "owner": {
        "id": 381,
        "type": "account"
      }
    },
    {
      "rate": 1,
      "amount": 1,
      "owner": {
        "id": 1702,
        "type": "account"
      }
    },
    {
      "rate": 1,
      "amount": 0.223,
      "owner": {
        "id": 1587,
        "type": "account"
      }
    },
    {
      "rate": 1,
      "amount": 1,
      "owner": {
        "id": 4766,
        "type": "account"
      }
    },
    {
      "rate": 1,
      "amount": 3,
      "owner": {
        "id": 1775,
        "type": "account"
      }
    },
    {
      "rate": 1,
      "amount": 1,
      "owner": {
        "id": 5809,
        "type": "account"
      }
    },
    {
      "rate": 1,
      "amount": 0.01,
      "owner": {
        "id": 3315,
        "type": "accou... (truncated)

Pobieranie danych: kursie waluty 4 z URL: https://api.eclesiar.com/market/coin/get?currency_id=4&transaction=SELL...
--- Dane o kursie waluty 4 ---
{
  "code": 200,
  "description": "Success",
  "data": [
    {
      "rate": 0.1,
      "amount": 9996.4,
      "owner": {
        "id": 4,
        "type": "country"
      }
    },
    {
      "rate": 0.128,
      "amount": 181.288,
      "owner": {
        "id": 213,
        "type": "holding"
      }
    },
    {
      "rate": 0.5,
      "amount": 8.956,
      "owner": {
        "id": 5835,
        "type": "account"
      }
    },
    {
      "rate": 1,
      "amount": 0.4,
      "owner": {
        "id": 10879,
        "type": "account"
      }
    },
    {
      "rate": 1,
      "amount": 0.1,
      "owner": {
        "id": 6013,
        "type": "account"
      }
    },
    {
      "rate": 10,
      "amount": 1,
      "owner": {
        "id": 17,
        "type": "holding"
      }
    }
  ]
}

Pobieranie danych: kursie waluty 5 z URL: https://api.eclesiar.com/market/coin/get?currency_id=5&transaction=SELL...
--- Dane o kursie waluty 5 ---
{
  "code": 200,
  "description": "Success",
  "data": [
    {
      "rate": 0.094,
      "amount": 85.355,
      "owner": {
        "id": 213,
        "type": "holding"
      }
    },
    {
      "rate": 0.1,
      "amount": 56.922,
      "owner": {
        "id": 4620,
        "type": "account"
      }
    },
    {
      "rate": 1,
      "amount": 50,
      "owner": {
        "id": 1538,
        "type": "account"
      }
    },
    {
      "rate": 1,
      "amount": 2,
      "owner": {
        "id": 2655,
        "type": "account"
      }
    },
    {
      "rate": 7.4,
      "amount": 5.202,
      "owner": {
        "id": 935,
        "type": "account"
      }
    },
    {
      "rate": 7.45,
      "amount": 7.5,
      "owner": {
        "id": 4416,
        "type": "account"
      }
    },
    {
      "rate": 8.9,
      "amount": 5,
      "owner": {
        "id": 63,
        "type": "account"
      }
    },
    {
      "rate": 8.92,
      "amount": 3,
      "owner": {
        "id": 35,
        "type": "holding"
      }
    },
    {
      "rate": 10,
      "amount": 2,
      "owner": {
        "id": 9589,
        "type": "account"
      }
    },
    {
      "rate": 20,
      "amount": 0.288,
      "owner": {
        "id": 259,
        "type": "account"
      }
    }
  ]
}

Pobieranie danych: kursie waluty 6 z URL: https://api.eclesiar.com/market/coin/get?currency_id=6&transaction=SELL...
--- Dane o kursie waluty 6 ---
{
  "code": 200,
  "description": "Success",
  "data": [
    {
      "rate": 0.083,
      "amount": 10,
      "owner": {
        "id": 117,
        "type": "militaryunit"
      }
    },
    {
      "rate": 0.084,
      "amount": 100,
      "owner": {
        "id": 11311,
        "type": "account"
      }
    },
    {
      "rate": 0.085,
      "amount": 50,
      "owner": {
        "id": 11072,
        "type": "account"
      }
    },
    {
      "rate": 0.086,
      "amount": 100.394,
      "owner": {
        "id": 14227,
        "type": "account"
      }
    },
    {
      "rate": 0.1,
      "amount": 320,
      "owner": {
        "id": 12654,
        "type": "account"
      }
    },
    {
      "rate": 0.1,
      "amount": 595.675,
      "owner": {
        "id": 15907,
        "type": "account"
      }
    },
    {
      "rate": 0.109,
      "amount": 10,
      "owner": {
        "id": 11718,
        "type": "account"
      }
    },
    {
      "rate": 0.152,
      "amount": 50,
      "owner": {
        "id": 11718,
        "type": "account"
      }
    },
    {
      "rate": 0.16,
      "amount": 6.113,
      "owner": {
        "id": 14495,
        "type": "account"
      }
    },
    {
      "rate": 0.165,
      "amount": 30,
      "owner": {
        "id": 14581,
        "type": "account"
      }
    },
    {
      "rate": 0.2,
      "amount": 29.29,
      "owner": {
        "id": 10277,
        "type": "account"
      }
    },
    {
      "rate": 0.21,
      "amount": 1,
      "owner": {
        "id": 11387,
        "type": "account"
      }
    },
    {
      "rate": 0.298,
      "amount": 5,
      "owner": {
        "id": 1517,
        "type": "account"
      }
    },
    {
      "rate": 1,
      "amount": 15,
      "owner": {
        "id": 4564,
        "type": "account"
      }
    },
    {
      "rate": 1,
      "amount": 25,
      "owner": {
        "id": 9664,
        "type": "account"
      }
    },
    {
      "rate": 1,
      "amount": 1,
      "owner": {
        "id": 10041,
        "type": "account"
      }
    },
    {
      "rate": 111,
      "amount": 1,
      "owner": {
        "id": 10427,
        "type": "account"
      }
    },
    {
      "rate": 1000,
      "amount": 0.01,
      "owner": {
        "id": 12673,
        "type": "account"
      }
    }
  ]
}

Pobieranie danych: kursie waluty 7 z URL: https://api.eclesiar.com/market/coin/get?currency_id=7&transaction=SELL...
--- Dane o kursie waluty 7 ---
{
  "code": 200,
  "description": "Success",
  "data": [
    {
      "rate": 0.084,
      "amount": 1.597,
      "owner": {
        "id": 6075,
        "type": "account"
      }
    },
    {
      "rate": 0.084,
      "amount": 11.57,
      "owner": {
        "id": 16267,
        "type": "account"
      }
    },
    {
      "rate": 0.084,
      "amount": 50,
      "owner": {
        "id": 9589,
        "type": "account"
      }
    },
    {
      "rate": 0.085,
      "amount": 361.416,
      "owner": {
        "id": 7,
        "type": "country"
      }
    },
    {
      "rate": 0.1,
      "amount": 40,
      "owner": {
        "id": 526,
        "type": "holding"
      }
    },
    {
      "rate": 0.245,
      "amount": 44,
      "owner": {
        "id": 2577,
        "type": "account"
      }
    },
    {
      "rate": 0.84,
      "amount": 1,
      "owner": {
        "id": 13496,
        "type": "account"
      }
    },
    {
      "rate": 1,
      "amount": 5,
      "owner": {
        "id": 2322,
        "type": "account"
      }
    },
    {
      "rate": 1,
      "amount": 1,
      "owner": {
        "id": 1538,
        "type": "account"
      }
    },
    {
      "rate": 1,
      "amount": 1,
      "owner": {
        "id": 3281,
        "type": "account"
      }
    },
    {
      "rate": 1,
      "amount": 1,
      "owner": {
        "id": 7514,
        "type": "account"
      }
    },
    {
      "rate": 1,
      "amount": 1,
      "owner": {
        "id": 5698,
        "type": "account"
      }
    },
    {
      "rate": 1,
      "amount": 1,
      "owner": {
        "id": 4751,
        "type": "account"
      }
    },
    {
      "rate": 1,
      "amount": 9,
      "owner": {
        "id": 3110,
        "type": "account"
      }
    },
    {
      "rate": 1,
      "amount": 0.01,
      "owner": {
        "id": 1516,
        "type": "account"
      }
    },
    {
      "rate": 1,
      "amount": 1,
      "owner": {
        "id": 7219,
        "type": "account"
      }
    },
    {
      "rate": 2,
      "amount": 1,
      "owner": {
        "id": 5698,
        "type": "account"
      }
    },
    {
      "rate": 5,
      "amount": 1,
      "owner": {
        "id": 5698,
        "type": "account"
      }
    },
    {
      "rate": 5,
      "amount": 1,
      "owner": {
        "id": 3048,
        "type": "account"
      }
    },
    {
      "rate": 10,
      "amount": 6,
      "owner": {
        "id": 16062,
        "type": "account"
      }
    },
    {
      "rate": 10,
      "amount": 1,
      "owner": {
        "id": 6240,
        "type": "account"
      }
    },
    {
      "rate": 10,
      "amount": 1,
      "owner": {
        "id": 11958,
        "type": "account"
      }
    },
    {
      "rate": 10,
      "amount": 1,
      "owner": {
        "id": 7338,
        "type": "account"
      }
    },
    {
      "rate": 10,
      "amount": 7,
      "owner": {
        "id": 16066,
        "type": "account"
      }
    },
    {
      ... (truncated)

Pobieranie danych: kursie waluty 8 z URL: https://api.eclesiar.com/market/coin/get?currency_id=8&transaction=SELL...
--- Dane o kursie waluty 8 ---
{
  "code": 200,
  "description": "Success",
  "data": [
    {
      "rate": 0.079,
      "amount": 0.116,
      "owner": {
        "id": 3862,
        "type": "npc"
      }
    },
    {
      "rate": 0.08,
      "amount": 79,
      "owner": {
        "id": 8,
        "type": "country"
      }
    },
    {
      "rate": 0.087,
      "amount": 57.832,
      "owner": {
        "id": 11311,
        "type": "account"
      }
    },
    {
      "rate": 0.088,
      "amount": 48.98,
      "owner": {
        "id": 14309,
        "type": "account"
      }
    },
    {
      "rate": 0.089,
      "amount": 1.73,
      "owner": {
        "id": 6075,
        "type": "account"
      }
    },
    {
      "rate": 0.092,
      "amount": 0.091,
      "owner": {
        "id": 14495,
        "type": "account"
      }
    },
    {
      "rate": 0.093,
      "amount": 140,
      "owner": {
        "id": 9877,
        "type": "account"
      }
    },
    {
      "rate": 0.093,
      "amount": 0.55,
      "owner": {
        "id": 1908,
        "type": "account"
      }
    },
    {
      "rate": 0.094,
      "amount": 632,
      "owner": {
        "id": 9014,
        "type": "account"
      }
    },
    {
      "rate": 0.095,
      "amount": 0.701,
      "owner": {
        "id": 9755,
        "type": "account"
      }
    },
    {
      "rate": 0.096,
      "amount": 327,
      "owner": {
        "id": 9014,
        "type": "account"
      }
    },
    {
      "rate": 0.097,
      "amount": 157.5,
      "owner": {
        "id": 8031,
        "type": "account"
      }
    },
    {
      "rate": 0.1,
      "amount": 15,
      "owner": {
        "id": 9342,
        "type": "account"
      }
    },
    {
      "rate": 0.1,
      "amount": 20,
      "owner": {
        "id": 526,
        "type": "holding"
      }
    },
    {
      "rate": 0.1,
      "amount": 70,
      "owner": {
        "id": 10357,
        "type": "account"
      }
    },
    {
      "rate": 0.106,
      "amount": 420,
      "owner": {
        "id": 9028,
        "type": "account"
      }
    },
    {
      "rate": 0.109,
      "amount": 8.434,
      "owner": {
        "id": 9686,
        "type": "account"
      }
    },
    {
      "rate": 0.12,
      "amount": 1,
      "owner": {
        "id": 10510,
        "type": "account"
      }
    },
    {
      "rate": 0.13,
      "amount": 10,
      "owner": {
        "id": 9342,
        "type": "account"
      }
    },
    {
      "rate": 0.14,
      "amount": 45,
      "owner": {
        "id": 11200,
        "type": "account"
      }
    },
    {
      "rate": 0.14,
      "amount": 45,
      "owner": {
        "id": 11650,
        "type": "account"
      }
    },
    {
      "rate": 0.2,
      "amount": 2.857,
      "owner": {
        "id": 9028,
        "type": "account"
      }
    },
    {
      "rate": 0.5,
      "amount": 1,
      "owner": {
        "id": 10707,
        "type": "account"
      }
    },
    {
      "rate": 1,
      "amount": 10,
      "ow... (truncated)

Pobieranie danych: kursie waluty 9 z URL: https://api.eclesiar.com/market/coin/get?currency_id=9&transaction=SELL...
--- Dane o kursie waluty 9 ---
{
  "code": 200,
  "description": "Success",
  "data": [
    {
      "rate": 0.173,
      "amount": 192.52,
      "owner": {
        "id": 11904,
        "type": "account"
      }
    },
    {
      "rate": 0.175,
      "amount": 50.093,
      "owner": {
        "id": 213,
        "type": "holding"
      }
    },
    {
      "rate": 0.251,
      "amount": 100,
      "owner": {
        "id": 10,
        "type": "country"
      }
    },
    {
      "rate": 0.669,
      "amount": 0.74,
      "owner": {
        "id": 4509,
        "type": "account"
      }
    },
    {
      "rate": 0.69,
      "amount": 7,
      "owner": {
        "id": 4450,
        "type": "account"
      }
    },
    {
      "rate": 1,
      "amount": 1,
      "owner": {
        "id": 3082,
        "type": "account"
      }
    },
    {
      "rate": 25,
      "amount": 1,
      "owner": {
        "id": 5698,
        "type": "account"
      }
    }
  ]
}

Pobieranie danych: kursie waluty 10 z URL: https://api.eclesiar.com/market/coin/get?currency_id=10&transaction=SELL...
--- Dane o kursie waluty 10 ---
{
  "code": 200,
  "description": "Success",
  "data": [
    {
      "rate": 0.084,
      "amount": 28.996,
      "owner": {
        "id": 14227,
        "type": "account"
      }
    },
    {
      "rate": 0.086,
      "amount": 58.509,
      "owner": {
        "id": 11301,
        "type": "account"
      }
    },
    {
      "rate": 0.096,
      "amount": 200,
      "owner": {
        "id": 1546,
        "type": "account"
      }
    },
    {
      "rate": 0.099,
      "amount": 200,
      "owner": {
        "id": 11,
        "type": "country"
      }
    },
    {
      "rate": 0.1,
      "amount": 50,
      "owner": {
        "id": 10357,
        "type": "account"
      }
    },
    {
      "rate": 0.1,
      "amount": 0.1,
      "owner": {
        "id": 11387,
        "type": "account"
      }
    },
    {
      "rate": 0.1,
      "amount": 58,
      "owner": {
        "id": 412,
        "type": "holding"
      }
    },
    {
      "rate": 0.748,
      "amount": 9.198,
      "owner": {
        "id": 1527,
        "type": "account"
      }
    }
  ]
}

Pobieranie danych: kursie waluty 11 z URL: https://api.eclesiar.com/market/coin/get?currency_id=11&transaction=SELL...
--- Dane o kursie waluty 11 ---
{
  "code": 200,
  "description": "Success",
  "data": [
    {
      "rate": 0.1,
      "amount": 0.46,
      "owner": {
        "id": 11311,
        "type": "account"
      }
    },
    {
      "rate": 0.1,
      "amount": 55,
      "owner": {
        "id": 117,
        "type": "militaryunit"
      }
    },
    {
      "rate": 0.101,
      "amount": 2849.44,
      "owner": {
        "id": 12,
        "type": "country"
      }
    },
    {
      "rate": 1,
      "amount": 0.01,
      "owner": {
        "id": 1630,
        "type": "account"
      }
    },
    {
      "rate": 1,
      "amount": 0.4,
      "owner": {
        "id": 261,
        "type": "account"
      }
    },
    {
      "rate": 1,
      "amount": 1,
      "owner": {
        "id": 7839,
        "type": "account"
      }
    },
    {
      "rate": 5,
      "amount": 1,
      "owner": {
        "id": 13494,
        "type": "account"
      }
    },
    {
      "rate": 9,
      "amount": 1,
      "owner": {
        "id": 6090,
        "type": "account"
      }
    },
    {
      "rate": 10,
      "amount": 0.1,
      "owner": {
        "id": 12903,
        "type": "account"
      }
    },
    {
      "rate": 10,
      "amount": 0.5,
      "owner": {
        "id": 2092,
        "type": "account"
      }
    },
    {
      "rate": 10,
      "amount": 1,
      "owner": {
        "id": 6362,
        "type": "account"
      }
    },
    {
      "rate": 10,
      "amount": 9,
      "owner": {
        "id": 13494,
        "type": "account"
      }
    },
    {
      "rate": 100,
      "amount": 0.625,
      "owner": {
        "id": 477,
        "type": "holding"
      }
    },
    {
      "rate": 100,
      "amount": 0.48,
      "owner": {
        "id": 5558,
        "type": "account"
      }
    },
    {
      "rate": 10000,
      "amount": 0.99,
      "owner": {
        "id": 199,
        "type": "holding"
      }
    },
    {
      "rate": 100000,
      "amount": 0.899,
      "owner": {
        "id": 264,
        "type": "account"
      }
    },
    {
      "rate": 1000000,
      "amount": 0.016,
      "owner": {
        "id": 5549,
        "type": "account"
      }
    }
  ]
}

Pobieranie danych: kursie waluty 12 z URL: https://api.eclesiar.com/market/coin/get?currency_id=12&transaction=SELL...
--- Dane o kursie waluty 12 ---
{
  "code": 200,
  "description": "Success",
  "data": [
    {
      "rate": 0.101,
      "amount": 2330.931,
      "owner": {
        "id": 132,
        "type": "holding"
      }
    },
    {
      "rate": 0.199,
      "amount": 1,
      "owner": {
        "id": 14200,
        "type": "account"
      }
    },
    {
      "rate": 0.199,
      "amount": 8.3,
      "owner": {
        "id": 13629,
        "type": "account"
      }
    },
    {
      "rate": 0.2,
      "amount": 1,
      "owner": {
        "id": 11387,
        "type": "account"
      }
    },
    {
      "rate": 0.275,
      "amount": 8,
      "owner": {
        "id": 11714,
        "type": "account"
      }
    },
    {
      "rate": 0.275,
      "amount": 8,
      "owner": {
        "id": 11793,
        "type": "account"
      }
    },
    {
      "rate": 0.95,
      "amount": 1.99,
      "owner": {
        "id": 2242,
        "type": "account"
      }
    },
    {
      "rate": 1,
      "amount": 1,
      "owner": {
        "id": 2322,
        "type": "account"
      }
    },
    {
      "rate": 1,
      "amount": 0.1,
      "owner": {
        "id": 1577,
        "type": "account"
      }
    },
    {
      "rate": 1,
      "amount": 1,
      "owner": {
        "id": 1538,
        "type": "account"
      }
    },
    {
      "rate": 5,
      "amount": 2,
      "owner": {
        "id": 16490,
        "type": "account"
      }
    },
    {
      "rate": 5,
      "amount": 0.75,
      "owner": {
        "id": 37,
        "type": "account"
      }
    },
    {
      "rate": 10,
      "amount": 2,
      "owner": {
        "id": 16043,
        "type": "account"
      }
    },
    {
      "rate": 10,
      "amount": 1,
      "owner": {
        "id": 12379,
        "type": "account"
      }
    },
    {
      "rate": 10,
      "amount": 1,
      "owner": {
        "id": 14200,
        "type": "account"
      }
    },
    {
      "rate": 16,
      "amount": 0.4,
      "owner": {
        "id": 5285,
        "type": "account"
      }
    },
    {
      "rate": 18,
      "amount": 1,
      "owner": {
        "id": 12378,
        "type": "account"
      }
    },
    {
      "rate": 300,
      "amount": 0.07,
      "owner": {
        "id": 5986,
        "type": "account"
      }
    },
    {
      "rate": 500,
      "amount": 0.1,
      "owner": {
        "id": 3620,
        "type": "account"
      }
    },
    {
      "rate": 1000,
      "amount": 0.79,
      "owner": {
        "id": 5530,
        "type": "account"
      }
    },
    {
      "rate": 1111,
      "amount": 0.264,
      "owner": {
        "id": 1214,
        "type": "account"
      }
    },
    {
      "rate": 25000,
      "amount": 4,
      "owner": {
        "id": 12379,
        "type": "account"
      }
    }
  ]
}

Pobieranie danych: kursie waluty 13 z URL: https://api.eclesiar.com/market/coin/get?currency_id=13&transaction=SELL...
--- Dane o kursie waluty 13 ---
{
  "code": 200,
  "description": "Success",
  "data": [
    {
      "rate": 0.345,
      "amount": 0.099,
      "owner": {
        "id": 3716,
        "type": "npc"
      }
    },
    {
      "rate": 0.346,
      "amount": 0.116,
      "owner": {
        "id": 3219,
        "type": "npc"
      }
    },
    {
      "rate": 0.35,
      "amount": 562.143,
      "owner": {
        "id": 14,
        "type": "country"
      }
    },
    {
      "rate": 0.35,
      "amount": 8.316,
      "owner": {
        "id": 12667,
        "type": "account"
      }
    },
    {
      "rate": 0.352,
      "amount": 66.087,
      "owner": {
        "id": 3481,
        "type": "account"
      }
    },
    {
      "rate": 0.424,
      "amount": 4.449,
      "owner": {
        "id": 10726,
        "type": "account"
      }
    },
    {
      "rate": 0.5,
      "amount": 0.487,
      "owner": {
        "id": 12350,
        "type": "account"
      }
    },
    {
      "rate": 0.519,
      "amount": 19.044,
      "owner": {
        "id": 213,
        "type": "holding"
      }
    },
    {
      "rate": 0.6,
      "amount": 280,
      "owner": {
        "id": 262,
        "type": "account"
      }
    },
    {
      "rate": 0.627,
      "amount": 20,
      "owner": {
        "id": 47,
        "type": "holding"
      }
    },
    {
      "rate": 0.632,
      "amount": 1.98,
      "owner": {
        "id": 3075,
        "type": "account"
      }
    },
    {
      "rate": 1,
      "amount": 1,
      "owner": {
        "id": 13489,
        "type": "account"
      }
    },
    {
      "rate": 1,
      "amount": 1,
      "owner": {
        "id": 13633,
        "type": "account"
      }
    },
    {
      "rate": 1,
      "amount": 3,
      "owner": {
        "id": 13514,
        "type": "account"
      }
    },
    {
      "rate": 1,
      "amount": 1,
      "owner": {
        "id": 9606,
        "type": "account"
      }
    },
    {
      "rate": 1,
      "amount": 0.89,
      "owner": {
        "id": 4312,
        "type": "account"
      }
    },
    {
      "rate": 1,
      "amount": 1,
      "owner": {
        "id": 5408,
        "type": "account"
      }
    },
    {
      "rate": 1,
      "amount": 1,
      "owner": {
        "id": 2658,
        "type": "account"
      }
    },
    {
      "rate": 2,
      "amount": 25,
      "owner": {
        "id": 31,
        "type": "militaryunit"
      }
    },
    {
      "rate": 2,
      "amount": 25,
      "owner": {
        "id": 76,
        "type": "militaryunit"
      }
    },
    {
      "rate": 2.5,
      "amount": 1,
      "owner": {
        "id": 7530,
        "type": "account"
      }
    },
    {
      "rate": 3,
      "amount": 1,
      "owner": {
        "id": 12502,
        "type": "account"
      }
    },
    {
      "rate": 3,
      "amount": 1,
      "owner": {
        "id": 12572,
        "type": "account"
      }
    },
    {
      "rate": 10,
      "amount": 8,
      "owner": {
        "id": 13514,
        "type":... (truncated)

Pobieranie danych: kursie waluty 14 z URL: https://api.eclesiar.com/market/coin/get?currency_id=14&transaction=SELL...
--- Dane o kursie waluty 14 ---
{
  "code": 200,
  "description": "Success",
  "data": [
    {
      "rate": 0.195,
      "amount": 50,
      "owner": {
        "id": 117,
        "type": "militaryunit"
      }
    },
    {
      "rate": 0.196,
      "amount": 20.449,
      "owner": {
        "id": 1849,
        "type": "account"
      }
    },
    {
      "rate": 0.198,
      "amount": 106.78,
      "owner": {
        "id": 2397,
        "type": "account"
      }
    },
    {
      "rate": 0.2,
      "amount": 420.328,
      "owner": {
        "id": 9611,
        "type": "account"
      }
    },
    {
      "rate": 0.2,
      "amount": 75.115,
      "owner": {
        "id": 541,
        "type": "holding"
      }
    },
    {
      "rate": 0.2,
      "amount": 9,
      "owner": {
        "id": 11407,
        "type": "account"
      }
    },
    {
      "rate": 0.2,
      "amount": 10,
      "owner": {
        "id": 1614,
        "type": "account"
      }
    },
    {
      "rate": 0.2,
      "amount": 99,
      "owner": {
        "id": 2589,
        "type": "account"
      }
    },
    {
      "rate": 0.201,
      "amount": 1000,
      "owner": {
        "id": 15,
        "type": "country"
      }
    },
    {
      "rate": 0.202,
      "amount": 50,
      "owner": {
        "id": 2210,
        "type": "account"
      }
    },
    {
      "rate": 0.5,
      "amount": 1,
      "owner": {
        "id": 12340,
        "type": "account"
      }
    },
    {
      "rate": 1,
      "amount": 8.1,
      "owner": {
        "id": 5918,
        "type": "account"
      }
    },
    {
      "rate": 1,
      "amount": 1,
      "owner": {
        "id": 12489,
        "type": "account"
      }
    },
    {
      "rate": 1,
      "amount": 1,
      "owner": {
        "id": 12340,
        "type": "account"
      }
    },
    {
      "rate": 1,
      "amount": 2.95,
      "owner": {
        "id": 12350,
        "type": "account"
      }
    },
    {
      "rate": 1,
      "amount": 0.897,
      "owner": {
        "id": 5282,
        "type": "account"
      }
    },
    {
      "rate": 1,
      "amount": 0.5,
      "owner": {
        "id": 6089,
        "type": "account"
      }
    },
    {
      "rate": 2,
      "amount": 1,
      "owner": {
        "id": 12853,
        "type": "account"
      }
    },
    {
      "rate": 5,
      "amount": 1,
      "owner": {
        "id": 16023,
        "type": "account"
      }
    },
    {
      "rate": 5,
      "amount": 1,
      "owner": {
        "id": 218,
        "type": "account"
      }
    },
    {
      "rate": 5,
      "amount": 1,
      "owner": {
        "id": 13508,
        "type": "account"
      }
    },
    {
      "rate": 10,
      "amount": 5,
      "owner": {
        "id": 13406,
        "type": "account"
      }
    },
    {
      "rate": 10,
      "amount": 1,
      "owner": {
        "id": 6650,
        "type": "account"
      }
    },
    {
      "rate": 10,
      "amount": 1,
      "owner": {
        "id": 13534,
        "type": "acc... (truncated)

Pobieranie danych: kursie waluty 15 z URL: https://api.eclesiar.com/market/coin/get?currency_id=15&transaction=SELL...
--- Dane o kursie waluty 15 ---
{
  "code": 200,
  "description": "Success",
  "data": [
    {
      "rate": 0.101,
      "amount": 533.68,
      "owner": {
        "id": 8036,
        "type": "account"
      }
    },
    {
      "rate": 0.102,
      "amount": 134.274,
      "owner": {
        "id": 2181,
        "type": "account"
      }
    },
    {
      "rate": 0.102,
      "amount": 1,
      "owner": {
        "id": 45,
        "type": "account"
      }
    },
    {
      "rate": 0.102,
      "amount": 23878.386,
      "owner": {
        "id": 16,
        "type": "country"
      }
    },
    {
      "rate": 0.112,
      "amount": 0.009,
      "owner": {
        "id": 36,
        "type": "country"
      }
    },
    {
      "rate": 0.267,
      "amount": 1.2,
      "owner": {
        "id": 12173,
        "type": "account"
      }
    },
    {
      "rate": 0.35,
      "amount": 0.091,
      "owner": {
        "id": 4522,
        "type": "npc"
      }
    },
    {
      "rate": 0.5,
      "amount": 0.5,
      "owner": {
        "id": 12350,
        "type": "account"
      }
    },
    {
      "rate": 0.55,
      "amount": 7.335,
      "owner": {
        "id": 771,
        "type": "account"
      }
    },
    {
      "rate": 0.95,
      "amount": 1,
      "owner": {
        "id": 12433,
        "type": "account"
      }
    },
    {
      "rate": 1,
      "amount": 34,
      "owner": {
        "id": 1558,
        "type": "account"
      }
    },
    {
      "rate": 1,
      "amount": 2,
      "owner": {
        "id": 2595,
        "type": "account"
      }
    },
    {
      "rate": 1,
      "amount": 1,
      "owner": {
        "id": 2382,
        "type": "account"
      }
    },
    {
      "rate": 1,
      "amount": 1,
      "owner": {
        "id": 1136,
        "type": "account"
      }
    },
    {
      "rate": 1,
      "amount": 1,
      "owner": {
        "id": 1538,
        "type": "account"
      }
    },
    {
      "rate": 1,
      "amount": 1,
      "owner": {
        "id": 6625,
        "type": "account"
      }
    },
    {
      "rate": 1,
      "amount": 0.01,
      "owner": {
        "id": 9900,
        "type": "account"
      }
    },
    {
      "rate": 1,
      "amount": 1,
      "owner": {
        "id": 1570,
        "type": "account"
      }
    },
    {
      "rate": 1,
      "amount": 1,
      "owner": {
        "id": 6090,
        "type": "account"
      }
    },
    {
      "rate": 1,
      "amount": 7,
      "owner": {
        "id": 45,
        "type": "account"
      }
    },
    {
      "rate": 1,
      "amount": 1,
      "owner": {
        "id": 202,
        "type": "account"
      }
    },
    {
      "rate": 1,
      "amount": 35,
      "owner": {
        "id": 1587,
        "type": "account"
      }
    },
    {
      "rate": 1,
      "amount": 1,
      "owner": {
        "id": 12433,
        "type": "account"
      }
    },
    {
      "rate": 1,
      "amount": 1,
      "owner": {
        "id": 14406,
        "type": "account"
      }
    ... (truncated)

Pobieranie danych: kursie waluty 16 z URL: https://api.eclesiar.com/market/coin/get?currency_id=16&transaction=SELL...
--- Dane o kursie waluty 16 ---
{
  "code": 200,
  "description": "Success",
  "data": [
    {
      "rate": 0.2,
      "amount": 143.114,
      "owner": {
        "id": 9611,
        "type": "account"
      }
    },
    {
      "rate": 0.2,
      "amount": 21,
      "owner": {
        "id": 233,
        "type": "holding"
      }
    },
    {
      "rate": 0.2,
      "amount": 7,
      "owner": {
        "id": 50,
        "type": "holding"
      }
    },
    {
      "rate": 0.202,
      "amount": 50,
      "owner": {
        "id": 14227,
        "type": "account"
      }
    },
    {
      "rate": 0.203,
      "amount": 14.8,
      "owner": {
        "id": 14309,
        "type": "account"
      }
    },
    {
      "rate": 0.206,
      "amount": 171.504,
      "owner": {
        "id": 541,
        "type": "holding"
      }
    },
    {
      "rate": 0.206,
      "amount": 84.423,
      "owner": {
        "id": 9611,
        "type": "account"
      }
    },
    {
      "rate": 0.207,
      "amount": 35.59,
      "owner": {
        "id": 16,
        "type": "country"
      }
    },
    {
      "rate": 1,
      "amount": 0.01,
      "owner": {
        "id": 326,
        "type": "account"
      }
    },
    {
      "rate": 1,
      "amount": 0.5,
      "owner": {
        "id": 6651,
        "type": "account"
      }
    },
    {
      "rate": 1,
      "amount": 1,
      "owner": {
        "id": 6374,
        "type": "account"
      }
    },
    {
      "rate": 1.06,
      "amount": 1,
      "owner": {
        "id": 5548,
        "type": "account"
      }
    },
    {
      "rate": 10,
      "amount": 1,
      "owner": {
        "id": 13534,
        "type": "account"
      }
    },
    {
      "rate": 30,
      "amount": 1,
      "owner": {
        "id": 331,
        "type": "account"
      }
    },
    {
      "rate": 55,
      "amount": 0.1,
      "owner": {
        "id": 2655,
        "type": "account"
      }
    },
    {
      "rate": 30000,
      "amount": 1,
      "owner": {
        "id": 4190,
        "type": "account"
      }
    }
  ]
}

Pobieranie danych: kursie waluty 17 z URL: https://api.eclesiar.com/market/coin/get?currency_id=17&transaction=SELL...
--- Dane o kursie waluty 17 ---
{
  "code": 200,
  "description": "Success",
  "data": [
    {
      "rate": 0.25,
      "amount": 30,
      "owner": {
        "id": 11019,
        "type": "account"
      }
    },
    {
      "rate": 0.25,
      "amount": 92.588,
      "owner": {
        "id": 498,
        "type": "holding"
      }
    },
    {
      "rate": 0.25,
      "amount": 50,
      "owner": {
        "id": 11311,
        "type": "account"
      }
    },
    {
      "rate": 0.251,
      "amount": 1256.29,
      "owner": {
        "id": 18,
        "type": "country"
      }
    },
    {
      "rate": 0.3,
      "amount": 1,
      "owner": {
        "id": 14518,
        "type": "account"
      }
    },
    {
      "rate": 0.3,
      "amount": 23,
      "owner": {
        "id": 7078,
        "type": "account"
      }
    },
    {
      "rate": 0.3,
      "amount": 10,
      "owner": {
        "id": 14805,
        "type": "account"
      }
    },
    {
      "rate": 0.9,
      "amount": 0.1,
      "owner": {
        "id": 11258,
        "type": "account"
      }
    },
    {
      "rate": 1,
      "amount": 2,
      "owner": {
        "id": 11582,
        "type": "account"
      }
    },
    {
      "rate": 1,
      "amount": 0.02,
      "owner": {
        "id": 12367,
        "type": "account"
      }
    },
    {
      "rate": 1,
      "amount": 0.02,
      "owner": {
        "id": 13097,
        "type": "account"
      }
    },
    {
      "rate": 1,
      "amount": 0.01,
      "owner": {
        "id": 5532,
        "type": "account"
      }
    },
    {
      "rate": 1,
      "amount": 1,
      "owner": {
        "id": 13677,
        "type": "account"
      }
    },
    {
      "rate": 1,
      "amount": 0.01,
      "owner": {
        "id": 2322,
        "type": "account"
      }
    },
    {
      "rate": 1,
      "amount": 0.01,
      "owner": {
        "id": 12017,
        "type": "account"
      }
    },
    {
      "rate": 1,
      "amount": 2,
      "owner": {
        "id": 9872,
        "type": "account"
      }
    },
    {
      "rate": 1,
      "amount": 1,
      "owner": {
        "id": 16217,
        "type": "account"
      }
    },
    {
      "rate": 1,
      "amount": 1,
      "owner": {
        "id": 13898,
        "type": "account"
      }
    },
    {
      "rate": 1,
      "amount": 1,
      "owner": {
        "id": 6782,
        "type": "account"
      }
    },
    {
      "rate": 1,
      "amount": 1,
      "owner": {
        "id": 15105,
        "type": "account"
      }
    },
    {
      "rate": 1,
      "amount": 1,
      "owner": {
        "id": 14319,
        "type": "account"
      }
    },
    {
      "rate": 1,
      "amount": 0.03,
      "owner": {
        "id": 10264,
        "type": "account"
      }
    },
    {
      "rate": 1,
      "amount": 1,
      "owner": {
        "id": 13641,
        "type": "account"
      }
    },
    {
      "rate": 1,
      "amount": 4.06,
      "owner": {
        "id": 12260,
        "type": "account"
     ... (truncated)

Pobieranie danych: kursie waluty 18 z URL: https://api.eclesiar.com/market/coin/get?currency_id=18&transaction=SELL...
--- Dane o kursie waluty 18 ---
{
  "code": 200,
  "description": "Success",
  "data": [
    {
      "rate": 0.039,
      "amount": 0.799,
      "owner": {
        "id": 14227,
        "type": "account"
      }
    },
    {
      "rate": 0.04,
      "amount": 0.8,
      "owner": {
        "id": 10357,
        "type": "account"
      }
    },
    {
      "rate": 0.048,
      "amount": 2912.996,
      "owner": {
        "id": 2397,
        "type": "account"
      }
    },
    {
      "rate": 0.049,
      "amount": 2000,
      "owner": {
        "id": 142,
        "type": "holding"
      }
    },
    {
      "rate": 0.05,
      "amount": 110,
      "owner": {
        "id": 1251,
        "type": "account"
      }
    },
    {
      "rate": 0.05,
      "amount": 0.032,
      "owner": {
        "id": 82,
        "type": "holding"
      }
    },
    {
      "rate": 0.052,
      "amount": 69.71,
      "owner": {
        "id": 1659,
        "type": "account"
      }
    },
    {
      "rate": 0.1,
      "amount": 0.1,
      "owner": {
        "id": 1140,
        "type": "account"
      }
    },
    {
      "rate": 0.101,
      "amount": 0.01,
      "owner": {
        "id": 36,
        "type": "country"
      }
    },
    {
      "rate": 0.195,
      "amount": 2.99,
      "owner": {
        "id": 1251,
        "type": "account"
      }
    },
    {
      "rate": 0.5,
      "amount": 80,
      "owner": {
        "id": 19,
        "type": "country"
      }
    },
    {
      "rate": 1,
      "amount": 1,
      "owner": {
        "id": 1597,
        "type": "account"
      }
    },
    {
      "rate": 1,
      "amount": 30,
      "owner": {
        "id": 5788,
        "type": "account"
      }
    },
    {
      "rate": 1,
      "amount": 19,
      "owner": {
        "id": 1903,
        "type": "account"
      }
    },
    {
      "rate": 1,
      "amount": 27.3,
      "owner": {
        "id": 1249,
        "type": "account"
      }
    },
    {
      "rate": 1,
      "amount": 1,
      "owner": {
        "id": 5244,
        "type": "account"
      }
    },
    {
      "rate": 1,
      "amount": 1,
      "owner": {
        "id": 5947,
        "type": "account"
      }
    },
    {
      "rate": 1,
      "amount": 1,
      "owner": {
        "id": 1255,
        "type": "account"
      }
    },
    {
      "rate": 1,
      "amount": 0.2,
      "owner": {
        "id": 2595,
        "type": "account"
      }
    },
    {
      "rate": 1,
      "amount": 1,
      "owner": {
        "id": 9408,
        "type": "account"
      }
    },
    {
      "rate": 1,
      "amount": 1,
      "owner": {
        "id": 2322,
        "type": "account"
      }
    },
    {
      "rate": 5,
      "amount": 0.035,
      "owner": {
        "id": 5194,
        "type": "account"
      }
    },
    {
      "rate": 30,
      "amount": 0.7,
      "owner": {
        "id": 9408,
        "type": "account"
      }
    },
    {
      "rate": 50,
      "amount": 1,
      "owner": {
        "id": 2529,
        "type": "accou... (truncated)

Pobieranie danych: kursie waluty 19 z URL: https://api.eclesiar.com/market/coin/get?currency_id=19&transaction=SELL...
--- Dane o kursie waluty 19 ---
{
  "code": 200,
  "description": "Success",
  "data": [
    {
      "rate": 0.1,
      "amount": 197.708,
      "owner": {
        "id": 440,
        "type": "holding"
      }
    },
    {
      "rate": 0.1,
      "amount": 1850,
      "owner": {
        "id": 20,
        "type": "country"
      }
    },
    {
      "rate": 0.11,
      "amount": 300,
      "owner": {
        "id": 2178,
        "type": "account"
      }
    },
    {
      "rate": 0.25,
      "amount": 54,
      "owner": {
        "id": 8944,
        "type": "account"
      }
    },
    {
      "rate": 0.5,
      "amount": 0.4,
      "owner": {
        "id": 2394,
        "type": "account"
      }
    },
    {
      "rate": 0.98,
      "amount": 5,
      "owner": {
        "id": 1968,
        "type": "account"
      }
    },
    {
      "rate": 0.99,
      "amount": 10,
      "owner": {
        "id": 1651,
        "type": "account"
      }
    },
    {
      "rate": 0.994,
      "amount": 0.1,
      "owner": {
        "id": 4531,
        "type": "account"
      }
    },
    {
      "rate": 1,
      "amount": 4,
      "owner": {
        "id": 2987,
        "type": "account"
      }
    },
    {
      "rate": 1,
      "amount": 1,
      "owner": {
        "id": 2332,
        "type": "account"
      }
    },
    {
      "rate": 1,
      "amount": 6,
      "owner": {
        "id": 9585,
        "type": "account"
      }
    },
    {
      "rate": 1,
      "amount": 1,
      "owner": {
        "id": 5500,
        "type": "account"
      }
    },
    {
      "rate": 1,
      "amount": 0.1,
      "owner": {
        "id": 8031,
        "type": "account"
      }
    },
    {
      "rate": 1,
      "amount": 2,
      "owner": {
        "id": 331,
        "type": "account"
      }
    },
    {
      "rate": 1,
      "amount": 2,
      "owner": {
        "id": 12336,
        "type": "account"
      }
    },
    {
      "rate": 1,
      "amount": 10.3,
      "owner": {
        "id": 6171,
        "type": "account"
      }
    },
    {
      "rate": 1,
      "amount": 10,
      "owner": {
        "id": 12563,
        "type": "account"
      }
    },
    {
      "rate": 1,
      "amount": 7.857,
      "owner": {
        "id": 12350,
        "type": "account"
      }
    },
    {
      "rate": 1,
      "amount": 0.02,
      "owner": {
        "id": 326,
        "type": "account"
      }
    },
    {
      "rate": 1,
      "amount": 0.999,
      "owner": {
        "id": 654,
        "type": "account"
      }
    },
    {
      "rate": 1,
      "amount": 2,
      "owner": {
        "id": 2286,
        "type": "account"
      }
    },
    {
      "rate": 2,
      "amount": 2,
      "owner": {
        "id": 2382,
        "type": "account"
      }
    },
    {
      "rate": 6,
      "amount": 0.002,
      "owner": {
        "id": 9342,
        "type": "account"
      }
    },
    {
      "rate": 8,
      "amount": 1,
      "owner": {
        "id": 5698,
        "type": "account"
      }
    },
    {
... (truncated)

Pobieranie danych: kursie waluty 20 z URL: https://api.eclesiar.com/market/coin/get?currency_id=20&transaction=SELL...
--- Dane o kursie waluty 20 ---
{
  "code": 200,
  "description": "Success",
  "data": [
    {
      "rate": 0.16,
      "amount": 290,
      "owner": {
        "id": 21,
        "type": "country"
      }
    },
    {
      "rate": 0.16,
      "amount": 200,
      "owner": {
        "id": 10667,
        "type": "account"
      }
    },
    {
      "rate": 0.16,
      "amount": 1,
      "owner": {
        "id": 960,
        "type": "account"
      }
    },
    {
      "rate": 0.18,
      "amount": 0.5,
      "owner": {
        "id": 11391,
        "type": "account"
      }
    },
    {
      "rate": 0.2,
      "amount": 101,
      "owner": {
        "id": 6555,
        "type": "account"
      }
    },
    {
      "rate": 0.2,
      "amount": 1,
      "owner": {
        "id": 12418,
        "type": "account"
      }
    },
    {
      "rate": 0.5,
      "amount": 28,
      "owner": {
        "id": 6006,
        "type": "account"
      }
    },
    {
      "rate": 1,
      "amount": 7,
      "owner": {
        "id": 9663,
        "type": "account"
      }
    },
    {
      "rate": 1,
      "amount": 9,
      "owner": {
        "id": 10900,
        "type": "account"
      }
    },
    {
      "rate": 1,
      "amount": 5,
      "owner": {
        "id": 9418,
        "type": "account"
      }
    },
    {
      "rate": 1,
      "amount": 7.2,
      "owner": {
        "id": 9268,
        "type": "account"
      }
    },
    {
      "rate": 1,
      "amount": 1.1,
      "owner": {
        "id": 9401,
        "type": "account"
      }
    },
    {
      "rate": 1,
      "amount": 4,
      "owner": {
        "id": 10240,
        "type": "account"
      }
    },
    {
      "rate": 1,
      "amount": 3,
      "owner": {
        "id": 3761,
        "type": "account"
      }
    },
    {
      "rate": 1,
      "amount": 2,
      "owner": {
        "id": 9897,
        "type": "account"
      }
    },
    {
      "rate": 1,
      "amount": 1,
      "owner": {
        "id": 7839,
        "type": "account"
      }
    },
    {
      "rate": 1,
      "amount": 1,
      "owner": {
        "id": 16451,
        "type": "account"
      }
    },
    {
      "rate": 1,
      "amount": 10,
      "owner": {
        "id": 10210,
        "type": "account"
      }
    },
    {
      "rate": 1,
      "amount": 1,
      "owner": {
        "id": 960,
        "type": "account"
      }
    },
    {
      "rate": 1,
      "amount": 4.1,
      "owner": {
        "id": 12113,
        "type": "account"
      }
    },
    {
      "rate": 1,
      "amount": 2,
      "owner": {
        "id": 1570,
        "type": "account"
      }
    },
    {
      "rate": 1,
      "amount": 3,
      "owner": {
        "id": 10226,
        "type": "account"
      }
    },
    {
      "rate": 1,
      "amount": 1,
      "owner": {
        "id": 10682,
        "type": "account"
      }
    },
    {
      "rate": 1,
      "amount": 1,
      "owner": {
        "id": 4023,
        "type": "account"
      }
    },
    {
      "rate": 1,
... (truncated)

Pobieranie danych: kursie waluty 21 z URL: https://api.eclesiar.com/market/coin/get?currency_id=21&transaction=SELL...
--- Dane o kursie waluty 21 ---
{
  "code": 200,
  "description": "Success",
  "data": [
    {
      "rate": 0.225,
      "amount": 120,
      "owner": {
        "id": 14059,
        "type": "account"
      }
    },
    {
      "rate": 0.226,
      "amount": 12.298,
      "owner": {
        "id": 14227,
        "type": "account"
      }
    },
    {
      "rate": 0.229,
      "amount": 14.25,
      "owner": {
        "id": 9611,
        "type": "account"
      }
    },
    {
      "rate": 0.231,
      "amount": 40,
      "owner": {
        "id": 567,
        "type": "holding"
      }
    },
    {
      "rate": 0.245,
      "amount": 4,
      "owner": {
        "id": 13769,
        "type": "account"
      }
    },
    {
      "rate": 0.249,
      "amount": 497,
      "owner": {
        "id": 5413,
        "type": "account"
      }
    },
    {
      "rate": 0.25,
      "amount": 300,
      "owner": {
        "id": 22,
        "type": "country"
      }
    },
    {
      "rate": 0.256,
      "amount": 1,
      "owner": {
        "id": 257,
        "type": "account"
      }
    },
    {
      "rate": 0.26,
      "amount": 139.44,
      "owner": {
        "id": 213,
        "type": "holding"
      }
    },
    {
      "rate": 0.374,
      "amount": 0.008,
      "owner": {
        "id": 1797,
        "type": "npc"
      }
    },
    {
      "rate": 0.8,
      "amount": 0.28,
      "owner": {
        "id": 2560,
        "type": "account"
      }
    },
    {
      "rate": 0.93,
      "amount": 1,
      "owner": {
        "id": 9047,
        "type": "account"
      }
    },
    {
      "rate": 1,
      "amount": 1,
      "owner": {
        "id": 2419,
        "type": "account"
      }
    },
    {
      "rate": 1,
      "amount": 1,
      "owner": {
        "id": 10900,
        "type": "account"
      }
    },
    {
      "rate": 1,
      "amount": 1,
      "owner": {
        "id": 9933,
        "type": "account"
      }
    },
    {
      "rate": 1,
      "amount": 1,
      "owner": {
        "id": 6089,
        "type": "account"
      }
    },
    {
      "rate": 1,
      "amount": 3,
      "owner": {
        "id": 6090,
        "type": "account"
      }
    },
    {
      "rate": 1,
      "amount": 3,
      "owner": {
        "id": 8187,
        "type": "account"
      }
    },
    {
      "rate": 1,
      "amount": 1,
      "owner": {
        "id": 9754,
        "type": "account"
      }
    },
    {
      "rate": 1,
      "amount": 0.01,
      "owner": {
        "id": 1554,
        "type": "account"
      }
    },
    {
      "rate": 1,
      "amount": 1,
      "owner": {
        "id": 10041,
        "type": "account"
      }
    },
    {
      "rate": 1,
      "amount": 1,
      "owner": {
        "id": 8028,
        "type": "account"
      }
    },
    {
      "rate": 1,
      "amount": 1,
      "owner": {
        "id": 257,
        "type": "account"
      }
    },
    {
      "rate": 1,
      "amount": 1,
      "owner": {
        "id": 9722,
        "type": "account"
      }
 ... (truncated)

Pobieranie danych: kursie waluty 22 z URL: https://api.eclesiar.com/market/coin/get?currency_id=22&transaction=SELL...
--- Dane o kursie waluty 22 ---
{
  "code": 200,
  "description": "Success",
  "data": [
    {
      "rate": 0.15,
      "amount": 2.063,
      "owner": {
        "id": 13529,
        "type": "account"
      }
    },
    {
      "rate": 0.159,
      "amount": 298.628,
      "owner": {
        "id": 23,
        "type": "country"
      }
    },
    {
      "rate": 0.16,
      "amount": 363.453,
      "owner": {
        "id": 5733,
        "type": "account"
      }
    },
    {
      "rate": 0.267,
      "amount": 22.5,
      "owner": {
        "id": 11546,
        "type": "account"
      }
    },
    {
      "rate": 0.271,
      "amount": 17,
      "owner": {
        "id": 12174,
        "type": "account"
      }
    },
    {
      "rate": 0.28,
      "amount": 30,
      "owner": {
        "id": 11238,
        "type": "account"
      }
    },
    {
      "rate": 1,
      "amount": 0.01,
      "owner": {
        "id": 2322,
        "type": "account"
      }
    },
    {
      "rate": 2,
      "amount": 1,
      "owner": {
        "id": 5599,
        "type": "account"
      }
    },
    {
      "rate": 3,
      "amount": 1,
      "owner": {
        "id": 5599,
        "type": "account"
      }
    },
    {
      "rate": 4.8,
      "amount": 2,
      "owner": {
        "id": 7406,
        "type": "account"
      }
    },
    {
      "rate": 5,
      "amount": 1,
      "owner": {
        "id": 5599,
        "type": "account"
      }
    },
    {
      "rate": 10,
      "amount": 1,
      "owner": {
        "id": 13494,
        "type": "account"
      }
    },
    {
      "rate": 60,
      "amount": 1,
      "owner": {
        "id": 9834,
        "type": "account"
      }
    },
    {
      "rate": 1000,
      "amount": 0.681,
      "owner": {
        "id": 913,
        "type": "account"
      }
    },
    {
      "rate": 25843,
      "amount": 1,
      "owner": {
        "id": 6013,
        "type": "account"
      }
    },
    {
      "rate": 50000,
      "amount": 1,
      "owner": {
        "id": 6013,
        "type": "account"
      }
    }
  ]
}

Pobieranie danych: kursie waluty 23 z URL: https://api.eclesiar.com/market/coin/get?currency_id=23&transaction=SELL...
--- Dane o kursie waluty 23 ---
{
  "code": 200,
  "description": "Success",
  "data": [
    {
      "rate": 0.098,
      "amount": 5,
      "owner": {
        "id": 117,
        "type": "militaryunit"
      }
    },
    {
      "rate": 0.099,
      "amount": 30.491,
      "owner": {
        "id": 6075,
        "type": "account"
      }
    },
    {
      "rate": 0.1,
      "amount": 42.394,
      "owner": {
        "id": 5878,
        "type": "account"
      }
    },
    {
      "rate": 0.1,
      "amount": 196,
      "owner": {
        "id": 24,
        "type": "country"
      }
    },
    {
      "rate": 0.1,
      "amount": 400,
      "owner": {
        "id": 1457,
        "type": "account"
      }
    },
    {
      "rate": 0.1,
      "amount": 38.8,
      "owner": {
        "id": 1614,
        "type": "account"
      }
    },
    {
      "rate": 0.101,
      "amount": 0.002,
      "owner": {
        "id": 227,
        "type": "holding"
      }
    },
    {
      "rate": 0.106,
      "amount": 2,
      "owner": {
        "id": 1202,
        "type": "account"
      }
    },
    {
      "rate": 0.143,
      "amount": 8.99,
      "owner": {
        "id": 1659,
        "type": "account"
      }
    },
    {
      "rate": 0.161,
      "amount": 0.08,
      "owner": {
        "id": 67,
        "type": "holding"
      }
    },
    {
      "rate": 0.164,
      "amount": 1,
      "owner": {
        "id": 1442,
        "type": "account"
      }
    },
    {
      "rate": 0.185,
      "amount": 0.89,
      "owner": {
        "id": 5500,
        "type": "account"
      }
    },
    {
      "rate": 0.4,
      "amount": 1,
      "owner": {
        "id": 1442,
        "type": "account"
      }
    },
    {
      "rate": 0.448,
      "amount": 15.257,
      "owner": {
        "id": 2863,
        "type": "account"
      }
    },
    {
      "rate": 0.48,
      "amount": 1,
      "owner": {
        "id": 2863,
        "type": "account"
      }
    },
    {
      "rate": 1,
      "amount": 1,
      "owner": {
        "id": 10051,
        "type": "account"
      }
    },
    {
      "rate": 1,
      "amount": 1,
      "owner": {
        "id": 6625,
        "type": "account"
      }
    },
    {
      "rate": 1,
      "amount": 1,
      "owner": {
        "id": 12350,
        "type": "account"
      }
    },
    {
      "rate": 1,
      "amount": 0.1,
      "owner": {
        "id": 1577,
        "type": "account"
      }
    },
    {
      "rate": 1,
      "amount": 0.4,
      "owner": {
        "id": 2626,
        "type": "account"
      }
    },
    {
      "rate": 1,
      "amount": 1,
      "owner": {
        "id": 3446,
        "type": "account"
      }
    },
    {
      "rate": 1,
      "amount": 3,
      "owner": {
        "id": 9415,
        "type": "account"
      }
    },
    {
      "rate": 1,
      "amount": 1,
      "owner": {
        "id": 9404,
        "type": "account"
      }
    },
    {
      "rate": 1,
      "amount": 1,
      "owner": {
        "id": 9418,
        "type":... (truncated)

Pobieranie danych: kursie waluty 24 z URL: https://api.eclesiar.com/market/coin/get?currency_id=24&transaction=SELL...
--- Dane o kursie waluty 24 ---
{
  "code": 200,
  "description": "Success",
  "data": [
    {
      "rate": 0.023,
      "amount": 25.987,
      "owner": {
        "id": 11890,
        "type": "account"
      }
    },
    {
      "rate": 0.024,
      "amount": 794,
      "owner": {
        "id": 25,
        "type": "country"
      }
    },
    {
      "rate": 0.029,
      "amount": 83.823,
      "owner": {
        "id": 368,
        "type": "holding"
      }
    },
    {
      "rate": 0.031,
      "amount": 331,
      "owner": {
        "id": 11045,
        "type": "account"
      }
    },
    {
      "rate": 0.032,
      "amount": 7.586,
      "owner": {
        "id": 10182,
        "type": "account"
      }
    },
    {
      "rate": 0.04,
      "amount": 100,
      "owner": {
        "id": 446,
        "type": "holding"
      }
    },
    {
      "rate": 0.057,
      "amount": 212.797,
      "owner": {
        "id": 458,
        "type": "holding"
      }
    },
    {
      "rate": 0.098,
      "amount": 24.528,
      "owner": {
        "id": 11311,
        "type": "account"
      }
    },
    {
      "rate": 0.16,
      "amount": 100,
      "owner": {
        "id": 9705,
        "type": "account"
      }
    },
    {
      "rate": 0.3,
      "amount": 0.97,
      "owner": {
        "id": 3905,
        "type": "account"
      }
    },
    {
      "rate": 0.5,
      "amount": 0.97,
      "owner": {
        "id": 3902,
        "type": "account"
      }
    },
    {
      "rate": 0.5,
      "amount": 1,
      "owner": {
        "id": 7132,
        "type": "account"
      }
    },
    {
      "rate": 1,
      "amount": 10,
      "owner": {
        "id": 9404,
        "type": "account"
      }
    },
    {
      "rate": 1,
      "amount": 1,
      "owner": {
        "id": 9418,
        "type": "account"
      }
    },
    {
      "rate": 1,
      "amount": 1,
      "owner": {
        "id": 9415,
        "type": "account"
      }
    },
    {
      "rate": 1,
      "amount": 1,
      "owner": {
        "id": 7132,
        "type": "account"
      }
    },
    {
      "rate": 1,
      "amount": 4,
      "owner": {
        "id": 3936,
        "type": "account"
      }
    },
    {
      "rate": 1000,
      "amount": 0.99,
      "owner": {
        "id": 477,
        "type": "holding"
      }
    },
    {
      "rate": 1000,
      "amount": 1,
      "owner": {
        "id": 7132,
        "type": "account"
      }
    }
  ]
}

Pobieranie danych: kursie waluty 25 z URL: https://api.eclesiar.com/market/coin/get?currency_id=25&transaction=SELL...
--- Dane o kursie waluty 25 ---
{
  "code": 200,
  "description": "Success",
  "data": [
    {
      "rate": 0.099,
      "amount": 150,
      "owner": {
        "id": 8826,
        "type": "account"
      }
    },
    {
      "rate": 0.1,
      "amount": 1855.856,
      "owner": {
        "id": 26,
        "type": "country"
      }
    },
    {
      "rate": 0.1,
      "amount": 150,
      "owner": {
        "id": 425,
        "type": "holding"
      }
    },
    {
      "rate": 0.118,
      "amount": 17,
      "owner": {
        "id": 15197,
        "type": "account"
      }
    },
    {
      "rate": 0.12,
      "amount": 5,
      "owner": {
        "id": 6798,
        "type": "account"
      }
    },
    {
      "rate": 0.124,
      "amount": 11.7,
      "owner": {
        "id": 1659,
        "type": "account"
      }
    },
    {
      "rate": 0.125,
      "amount": 10,
      "owner": {
        "id": 4804,
        "type": "account"
      }
    },
    {
      "rate": 1,
      "amount": 2,
      "owner": {
        "id": 5583,
        "type": "account"
      }
    },
    {
      "rate": 1,
      "amount": 1,
      "owner": {
        "id": 7033,
        "type": "account"
      }
    },
    {
      "rate": 1,
      "amount": 1,
      "owner": {
        "id": 7177,
        "type": "account"
      }
    },
    {
      "rate": 1,
      "amount": 1,
      "owner": {
        "id": 1255,
        "type": "account"
      }
    },
    {
      "rate": 1,
      "amount": 0.042,
      "owner": {
        "id": 6798,
        "type": "account"
      }
    },
    {
      "rate": 1,
      "amount": 11.9,
      "owner": {
        "id": 4637,
        "type": "account"
      }
    },
    {
      "rate": 9,
      "amount": 0.02,
      "owner": {
        "id": 2655,
        "type": "account"
      }
    },
    {
      "rate": 10,
      "amount": 1,
      "owner": {
        "id": 5227,
        "type": "account"
      }
    },
    {
      "rate": 20,
      "amount": 1,
      "owner": {
        "id": 349,
        "type": "account"
      }
    },
    {
      "rate": 25,
      "amount": 4,
      "owner": {
        "id": 9705,
        "type": "account"
      }
    },
    {
      "rate": 27.4,
      "amount": 5,
      "owner": {
        "id": 5583,
        "type": "account"
      }
    },
    {
      "rate": 30,
      "amount": 1.17,
      "owner": {
        "id": 9705,
        "type": "account"
      }
    }
  ]
}

Pobieranie danych: kursie waluty 26 z URL: https://api.eclesiar.com/market/coin/get?currency_id=26&transaction=SELL...
--- Dane o kursie waluty 26 ---
{
  "code": 200,
  "description": "Success",
  "data": [
    {
      "rate": 0.195,
      "amount": 0.649,
      "owner": {
        "id": 6075,
        "type": "account"
      }
    },
    {
      "rate": 0.198,
      "amount": 16,
      "owner": {
        "id": 14309,
        "type": "account"
      }
    },
    {
      "rate": 0.199,
      "amount": 99.911,
      "owner": {
        "id": 27,
        "type": "country"
      }
    },
    {
      "rate": 0.2,
      "amount": 333.384,
      "owner": {
        "id": 548,
        "type": "holding"
      }
    },
    {
      "rate": 0.215,
      "amount": 0.136,
      "owner": {
        "id": 11752,
        "type": "account"
      }
    },
    {
      "rate": 0.229,
      "amount": 150,
      "owner": {
        "id": 11718,
        "type": "account"
      }
    },
    {
      "rate": 0.23,
      "amount": 1,
      "owner": {
        "id": 16138,
        "type": "account"
      }
    },
    {
      "rate": 0.231,
      "amount": 3.855,
      "owner": {
        "id": 180,
        "type": "holding"
      }
    },
    {
      "rate": 0.274,
      "amount": 11,
      "owner": {
        "id": 13412,
        "type": "account"
      }
    },
    {
      "rate": 0.277,
      "amount": 39.894,
      "owner": {
        "id": 1532,
        "type": "account"
      }
    },
    {
      "rate": 0.284,
      "amount": 11.773,
      "owner": {
        "id": 9611,
        "type": "account"
      }
    },
    {
      "rate": 0.535,
      "amount": 3.75,
      "owner": {
        "id": 13984,
        "type": "account"
      }
    },
    {
      "rate": 0.56,
      "amount": 4.9,
      "owner": {
        "id": 12598,
        "type": "account"
      }
    },
    {
      "rate": 0.989,
      "amount": 13.346,
      "owner": {
        "id": 8826,
        "type": "account"
      }
    },
    {
      "rate": 1,
      "amount": 1,
      "owner": {
        "id": 12572,
        "type": "account"
      }
    },
    {
      "rate": 1,
      "amount": 10,
      "owner": {
        "id": 2276,
        "type": "account"
      }
    },
    {
      "rate": 1,
      "amount": 60,
      "owner": {
        "id": 1530,
        "type": "account"
      }
    },
    {
      "rate": 1,
      "amount": 0.1,
      "owner": {
        "id": 1577,
        "type": "account"
      }
    },
    {
      "rate": 1.001,
      "amount": 0.001,
      "owner": {
        "id": 491,
        "type": "holding"
      }
    },
    {
      "rate": 1000,
      "amount": 0.01,
      "owner": {
        "id": 9716,
        "type": "account"
      }
    },
    {
      "rate": 1000,
      "amount": 1,
      "owner": {
        "id": 12987,
        "type": "account"
      }
    },
    {
      "rate": 10000,
      "amount": 0.1,
      "owner": {
        "id": 3936,
        "type": "account"
      }
    }
  ]
}

Pobieranie danych: kursie waluty 27 z URL: https://api.eclesiar.com/market/coin/get?currency_id=27&transaction=SELL...
--- Dane o kursie waluty 27 ---
{
  "code": 200,
  "description": "Success",
  "data": [
    {
      "rate": 0.079,
      "amount": 222.784,
      "owner": {
        "id": 200,
        "type": "holding"
      }
    },
    {
      "rate": 0.08,
      "amount": 149.98,
      "owner": {
        "id": 282,
        "type": "account"
      }
    },
    {
      "rate": 0.084,
      "amount": 103.955,
      "owner": {
        "id": 1532,
        "type": "account"
      }
    },
    {
      "rate": 0.088,
      "amount": 4.244,
      "owner": {
        "id": 10726,
        "type": "account"
      }
    },
    {
      "rate": 0.088,
      "amount": 118,
      "owner": {
        "id": 74,
        "type": "holding"
      }
    },
    {
      "rate": 0.089,
      "amount": 11,
      "owner": {
        "id": 233,
        "type": "holding"
      }
    },
    {
      "rate": 0.097,
      "amount": 54,
      "owner": {
        "id": 50,
        "type": "holding"
      }
    },
    {
      "rate": 0.099,
      "amount": 500,
      "owner": {
        "id": 2086,
        "type": "account"
      }
    },
    {
      "rate": 0.1,
      "amount": 2.97,
      "owner": {
        "id": 1543,
        "type": "account"
      }
    },
    {
      "rate": 0.1,
      "amount": 2.99,
      "owner": {
        "id": 4995,
        "type": "account"
      }
    },
    {
      "rate": 0.1,
      "amount": 91.088,
      "owner": {
        "id": 262,
        "type": "account"
      }
    },
    {
      "rate": 0.12,
      "amount": 0.009,
      "owner": {
        "id": 491,
        "type": "holding"
      }
    },
    {
      "rate": 0.25,
      "amount": 26.678,
      "owner": {
        "id": 213,
        "type": "holding"
      }
    },
    {
      "rate": 1,
      "amount": 0.1,
      "owner": {
        "id": 1762,
        "type": "account"
      }
    },
    {
      "rate": 1,
      "amount": 1,
      "owner": {
        "id": 398,
        "type": "holding"
      }
    },
    {
      "rate": 1,
      "amount": 2,
      "owner": {
        "id": 2595,
        "type": "account"
      }
    },
    {
      "rate": 1,
      "amount": 1,
      "owner": {
        "id": 4852,
        "type": "account"
      }
    },
    {
      "rate": 1,
      "amount": 3,
      "owner": {
        "id": 2382,
        "type": "account"
      }
    },
    {
      "rate": 1,
      "amount": 37,
      "owner": {
        "id": 1764,
        "type": "account"
      }
    },
    {
      "rate": 1,
      "amount": 11,
      "owner": {
        "id": 1932,
        "type": "account"
      }
    },
    {
      "rate": 1,
      "amount": 0.1,
      "owner": {
        "id": 1517,
        "type": "account"
      }
    },
    {
      "rate": 1,
      "amount": 1,
      "owner": {
        "id": 1064,
        "type": "account"
      }
    },
    {
      "rate": 2.1,
      "amount": 2,
      "owner": {
        "id": 3056,
        "type": "account"
      }
    },
    {
      "rate": 22,
      "amount": 0.009,
      "owner": {
        "id": 2655,
        "ty... (truncated)

Pobieranie danych: kursie waluty 28 z URL: https://api.eclesiar.com/market/coin/get?currency_id=28&transaction=SELL...
--- Dane o kursie waluty 28 ---
{
  "code": 200,
  "description": "Success",
  "data": [
    {
      "rate": 0.089,
      "amount": 40,
      "owner": {
        "id": 117,
        "type": "militaryunit"
      }
    },
    {
      "rate": 0.09,
      "amount": 0.23,
      "owner": {
        "id": 13529,
        "type": "account"
      }
    },
    {
      "rate": 0.1,
      "amount": 496.511,
      "owner": {
        "id": 2406,
        "type": "account"
      }
    },
    {
      "rate": 0.1,
      "amount": 1,
      "owner": {
        "id": 7209,
        "type": "account"
      }
    },
    {
      "rate": 0.102,
      "amount": 57.02,
      "owner": {
        "id": 14227,
        "type": "account"
      }
    },
    {
      "rate": 0.103,
      "amount": 60,
      "owner": {
        "id": 358,
        "type": "holding"
      }
    },
    {
      "rate": 0.105,
      "amount": 50,
      "owner": {
        "id": 14309,
        "type": "account"
      }
    },
    {
      "rate": 0.108,
      "amount": 200,
      "owner": {
        "id": 108,
        "type": "holding"
      }
    },
    {
      "rate": 0.118,
      "amount": 0.05,
      "owner": {
        "id": 7048,
        "type": "account"
      }
    },
    {
      "rate": 0.119,
      "amount": 63.7,
      "owner": {
        "id": 6075,
        "type": "account"
      }
    },
    {
      "rate": 0.128,
      "amount": 1,
      "owner": {
        "id": 2959,
        "type": "account"
      }
    },
    {
      "rate": 0.13,
      "amount": 1.4,
      "owner": {
        "id": 5366,
        "type": "account"
      }
    },
    {
      "rate": 0.15,
      "amount": 0.186,
      "owner": {
        "id": 3542,
        "type": "account"
      }
    },
    {
      "rate": 0.161,
      "amount": 14.335,
      "owner": {
        "id": 9271,
        "type": "account"
      }
    },
    {
      "rate": 0.165,
      "amount": 100,
      "owner": {
        "id": 2472,
        "type": "account"
      }
    },
    {
      "rate": 0.173,
      "amount": 39.9,
      "owner": {
        "id": 343,
        "type": "account"
      }
    },
    {
      "rate": 0.2,
      "amount": 0.003,
      "owner": {
        "id": 2629,
        "type": "account"
      }
    },
    {
      "rate": 0.201,
      "amount": 0.005,
      "owner": {
        "id": 491,
        "type": "holding"
      }
    },
    {
      "rate": 0.473,
      "amount": 33,
      "owner": {
        "id": 204,
        "type": "account"
      }
    },
    {
      "rate": 0.5,
      "amount": 0.49,
      "owner": {
        "id": 1321,
        "type": "account"
      }
    },
    {
      "rate": 0.68,
      "amount": 29,
      "owner": {
        "id": 7738,
        "type": "account"
      }
    },
    {
      "rate": 1,
      "amount": 3,
      "owner": {
        "id": 953,
        "type": "account"
      }
    },
    {
      "rate": 1,
      "amount": 1,
      "owner": {
        "id": 10040,
        "type": "account"
      }
    },
    {
      "rate": 1,
      "amount": 0.074,
      "own... (truncated)

Pobieranie danych: kursie waluty 29 z URL: https://api.eclesiar.com/market/coin/get?currency_id=29&transaction=SELL...
--- Dane o kursie waluty 29 ---
{
  "code": 200,
  "description": "Success",
  "data": [
    {
      "rate": 0.378,
      "amount": 5,
      "owner": {
        "id": 117,
        "type": "militaryunit"
      }
    },
    {
      "rate": 0.379,
      "amount": 8.99,
      "owner": {
        "id": 12431,
        "type": "account"
      }
    },
    {
      "rate": 0.38,
      "amount": 1000,
      "owner": {
        "id": 31,
        "type": "country"
      }
    },
    {
      "rate": 0.383,
      "amount": 10.87,
      "owner": {
        "id": 14227,
        "type": "account"
      }
    },
    {
      "rate": 0.384,
      "amount": 10,
      "owner": {
        "id": 13565,
        "type": "account"
      }
    },
    {
      "rate": 0.387,
      "amount": 1.5,
      "owner": {
        "id": 7474,
        "type": "account"
      }
    },
    {
      "rate": 0.389,
      "amount": 8.39,
      "owner": {
        "id": 12431,
        "type": "account"
      }
    },
    {
      "rate": 0.399,
      "amount": 61.842,
      "owner": {
        "id": 2397,
        "type": "account"
      }
    },
    {
      "rate": 0.58,
      "amount": 1.224,
      "owner": {
        "id": 15,
        "type": "country"
      }
    },
    {
      "rate": 0.586,
      "amount": 24,
      "owner": {
        "id": 8886,
        "type": "account"
      }
    },
    {
      "rate": 0.595,
      "amount": 8.11,
      "owner": {
        "id": 11045,
        "type": "account"
      }
    },
    {
      "rate": 0.597,
      "amount": 2.013,
      "owner": {
        "id": 10726,
        "type": "account"
      }
    },
    {
      "rate": 0.666,
      "amount": 3,
      "owner": {
        "id": 14176,
        "type": "account"
      }
    },
    {
      "rate": 0.7,
      "amount": 0.81,
      "owner": {
        "id": 10182,
        "type": "account"
      }
    },
    {
      "rate": 0.74,
      "amount": 97,
      "owner": {
        "id": 2067,
        "type": "account"
      }
    },
    {
      "rate": 0.9,
      "amount": 1,
      "owner": {
        "id": 2839,
        "type": "account"
      }
    },
    {
      "rate": 1,
      "amount": 1,
      "owner": {
        "id": 4637,
        "type": "account"
      }
    },
    {
      "rate": 1,
      "amount": 1,
      "owner": {
        "id": 5583,
        "type": "account"
      }
    },
    {
      "rate": 1,
      "amount": 3,
      "owner": {
        "id": 1971,
        "type": "account"
      }
    },
    {
      "rate": 2,
      "amount": 1,
      "owner": {
        "id": 2047,
        "type": "account"
      }
    },
    {
      "rate": 2,
      "amount": 1,
      "owner": {
        "id": 2382,
        "type": "account"
      }
    },
    {
      "rate": 5,
      "amount": 1,
      "owner": {
        "id": 2089,
        "type": "account"
      }
    },
    {
      "rate": 15,
      "amount": 1,
      "owner": {
        "id": 2067,
        "type": "account"
      }
    },
    {
      "rate": 16,
      "amount": 1,
      "owner": {
        "id": 1575,
... (truncated)

Pobieranie danych: kursie waluty 30 z URL: https://api.eclesiar.com/market/coin/get?currency_id=30&transaction=SELL...
--- Dane o kursie waluty 30 ---
{
  "code": 200,
  "description": "Success",
  "data": [
    {
      "rate": 0.246,
      "amount": 4.118,
      "owner": {
        "id": 9880,
        "type": "account"
      }
    },
    {
      "rate": 0.247,
      "amount": 249.089,
      "owner": {
        "id": 32,
        "type": "country"
      }
    }
  ]
}

Pobieranie danych: kursie waluty 31 z URL: https://api.eclesiar.com/market/coin/get?currency_id=31&transaction=SELL...
--- Dane o kursie waluty 31 ---
{
  "code": 200,
  "description": "Success",
  "data": [
    {
      "rate": 0.5,
      "amount": 4.761,
      "owner": {
        "id": 11301,
        "type": "account"
      }
    },
    {
      "rate": 1,
      "amount": 8.5,
      "owner": {
        "id": 213,
        "type": "holding"
      }
    }
  ]
}

Pobieranie danych: kursie waluty 32 z URL: https://api.eclesiar.com/market/coin/get?currency_id=32&transaction=SELL...
--- Dane o kursie waluty 32 ---
{
  "code": 200,
  "description": "Success",
  "data": [
    {
      "rate": 20,
      "amount": 0.904,
      "owner": {
        "id": 9236,
        "type": "account"
      }
    }
  ]
}

Pobieranie danych: kursie waluty 33 z URL: https://api.eclesiar.com/market/coin/get?currency_id=33&transaction=SELL...
--- Dane o kursie waluty 33 ---
{
  "code": 200,
  "description": "Success",
  "data": [
    {
      "rate": 3.48,
      "amount": 10.574,
      "owner": {
        "id": 194,
        "type": "holding"
      }
    },
    {
      "rate": 3.485,
      "amount": 12.907,
      "owner": {
        "id": 213,
        "type": "holding"
      }
    },
    {
      "rate": 3.5,
      "amount": 1,
      "owner": {
        "id": 5532,
        "type": "account"
      }
    },
    {
      "rate": 4,
      "amount": 1,
      "owner": {
        "id": 5532,
        "type": "account"
      }
    },
    {
      "rate": 13,
      "amount": 0.462,
      "owner": {
        "id": 358,
        "type": "holding"
      }
    },
    {
      "rate": 13.95,
      "amount": 0.287,
      "owner": {
        "id": 4889,
        "type": "account"
      }
    },
    {
      "rate": 22.44,
      "amount": 1,
      "owner": {
        "id": 9163,
        "type": "account"
      }
    },
    {
      "rate": 100,
      "amount": 0.193,
      "owner": {
        "id": 316,
        "type": "account"
      }
    }
  ]
}

Pobieranie danych: kursie waluty 34 z URL: https://api.eclesiar.com/market/coin/get?currency_id=34&transaction=SELL...
--- Dane o kursie waluty 34 ---
{
  "code": 200,
  "description": "Success",
  "data": [
    {
      "rate": 0.102,
      "amount": 20,
      "owner": {
        "id": 14309,
        "type": "account"
      }
    },
    {
      "rate": 0.103,
      "amount": 177.6,
      "owner": {
        "id": 1849,
        "type": "account"
      }
    },
    {
      "rate": 0.104,
      "amount": 10.7,
      "owner": {
        "id": 9877,
        "type": "account"
      }
    },
    {
      "rate": 0.104,
      "amount": 8,
      "owner": {
        "id": 535,
        "type": "holding"
      }
    },
    {
      "rate": 0.105,
      "amount": 15,
      "owner": {
        "id": 10277,
        "type": "account"
      }
    },
    {
      "rate": 0.199,
      "amount": 0.005,
      "owner": {
        "id": 213,
        "type": "holding"
      }
    },
    {
      "rate": 0.299,
      "amount": 200,
      "owner": {
        "id": 9755,
        "type": "account"
      }
    },
    {
      "rate": 0.3,
      "amount": 0.996,
      "owner": {
        "id": 377,
        "type": "account"
      }
    },
    {
      "rate": 0.39,
      "amount": 0.695,
      "owner": {
        "id": 6013,
        "type": "account"
      }
    },
    {
      "rate": 0.5,
      "amount": 118.215,
      "owner": {
        "id": 1527,
        "type": "account"
      }
    },
    {
      "rate": 1,
      "amount": 1,
      "owner": {
        "id": 5921,
        "type": "account"
      }
    },
    {
      "rate": 1,
      "amount": 0.1,
      "owner": {
        "id": 5698,
        "type": "account"
      }
    },
    {
      "rate": 1,
      "amount": 5.1,
      "owner": {
        "id": 5700,
        "type": "account"
      }
    },
    {
      "rate": 1,
      "amount": 2,
      "owner": {
        "id": 2332,
        "type": "account"
      }
    },
    {
      "rate": 1,
      "amount": 2.8,
      "owner": {
        "id": 4637,
        "type": "account"
      }
    },
    {
      "rate": 1,
      "amount": 1,
      "owner": {
        "id": 465,
        "type": "account"
      }
    },
    {
      "rate": 1,
      "amount": 0.06,
      "owner": {
        "id": 1074,
        "type": "account"
      }
    },
    {
      "rate": 1,
      "amount": 1.1,
      "owner": {
        "id": 5914,
        "type": "account"
      }
    },
    {
      "rate": 1,
      "amount": 2,
      "owner": {
        "id": 5922,
        "type": "account"
      }
    },
    {
      "rate": 3.07,
      "amount": 0.75,
      "owner": {
        "id": 11019,
        "type": "account"
      }
    },
    {
      "rate": 3.07,
      "amount": 0.75,
      "owner": {
        "id": 11072,
        "type": "account"
      }
    },
    {
      "rate": 100,
      "amount": 0.1,
      "owner": {
        "id": 9330,
        "type": "account"
      }
    },
    {
      "rate": 10000,
      "amount": 0.086,
      "owner": {
        "id": 9755,
        "type": "account"
      }
    }
  ]
}

Pobieranie danych: kursie waluty 35 z URL: https://api.eclesiar.com/market/coin/get?currency_id=35&transaction=SELL...
--- Dane o kursie waluty 35 ---
{
  "code": 200,
  "description": "Success",
  "data": [
    {
      "rate": 0.19,
      "amount": 51,
      "owner": {
        "id": 11404,
        "type": "account"
      }
    },
    {
      "rate": 0.198,
      "amount": 0.94,
      "owner": {
        "id": 11045,
        "type": "account"
      }
    },
    {
      "rate": 0.198,
      "amount": 0.015,
      "owner": {
        "id": 36,
        "type": "country"
      }
    },
    {
      "rate": 0.199,
      "amount": 0.999,
      "owner": {
        "id": 12354,
        "type": "account"
      }
    },
    {
      "rate": 0.2,
      "amount": 434,
      "owner": {
        "id": 37,
        "type": "country"
      }
    },
    {
      "rate": 0.2,
      "amount": 110,
      "owner": {
        "id": 1511,
        "type": "account"
      }
    },
    {
      "rate": 0.8,
      "amount": 0.1,
      "owner": {
        "id": 5727,
        "type": "account"
      }
    },
    {
      "rate": 0.8,
      "amount": 1.87,
      "owner": {
        "id": 2332,
        "type": "account"
      }
    },
    {
      "rate": 2,
      "amount": 3,
      "owner": {
        "id": 3424,
        "type": "account"
      }
    },
    {
      "rate": 3,
      "amount": 1,
      "owner": {
        "id": 7012,
        "type": "account"
      }
    },
    {
      "rate": 5,
      "amount": 2,
      "owner": {
        "id": 6344,
        "type": "account"
      }
    },
    {
      "rate": 5,
      "amount": 1,
      "owner": {
        "id": 7073,
        "type": "account"
      }
    }
  ]
}

Pobieranie danych: kursie waluty 37 z URL: https://api.eclesiar.com/market/coin/get?currency_id=37&transaction=SELL...
--- Dane o kursie waluty 37 ---
{
  "code": 200,
  "description": "Success",
  "data": [
    {
      "rate": 0.42,
      "amount": 8.271,
      "owner": {
        "id": 14227,
        "type": "account"
      }
    },
    {
      "rate": 0.43,
      "amount": 32.912,
      "owner": {
        "id": 194,
        "type": "holding"
      }
    },
    {
      "rate": 5,
      "amount": 4.813,
      "owner": {
        "id": 10944,
        "type": "account"
      }
    },
    {
      "rate": 10,
      "amount": 4.998,
      "owner": {
        "id": 5532,
        "type": "account"
      }
    },
    {
      "rate": 99.999,
      "amount": 34.884,
      "owner": {
        "id": 7048,
        "type": "account"
      }
    },
    {
      "rate": 100,
      "amount": 10,
      "owner": {
        "id": 5648,
        "type": "account"
      }
    },
    {
      "rate": 598,
      "amount": 0.003,
      "owner": {
        "id": 8886,
        "type": "account"
      }
    }
  ]
}

Pobieranie danych: kursie waluty 36 z URL: https://api.eclesiar.com/market/coin/get?currency_id=36&transaction=SELL...
--- Dane o kursie waluty 36 ---
{
  "code": 200,
  "description": "Success",
  "data": [
    {
      "rate": 0.045,
      "amount": 112.86,
      "owner": {
        "id": 14227,
        "type": "account"
      }
    },
    {
      "rate": 0.046,
      "amount": 100.9,
      "owner": {
        "id": 14309,
        "type": "account"
      }
    },
    {
      "rate": 0.05,
      "amount": 987,
      "owner": {
        "id": 39,
        "type": "country"
      }
    },
    {
      "rate": 0.059,
      "amount": 75.9,
      "owner": {
        "id": 136,
        "type": "account"
      }
    },
    {
      "rate": 0.06,
      "amount": 1000,
      "owner": {
        "id": 39,
        "type": "country"
      }
    },
    {
      "rate": 0.1,
      "amount": 3,
      "owner": {
        "id": 4995,
        "type": "account"
      }
    },
    {
      "rate": 0.1,
      "amount": 1,
      "owner": {
        "id": 1543,
        "type": "account"
      }
    },
    {
      "rate": 0.1,
      "amount": 150,
      "owner": {
        "id": 446,
        "type": "holding"
      }
    },
    {
      "rate": 0.13,
      "amount": 98.734,
      "owner": {
        "id": 10277,
        "type": "account"
      }
    },
    {
      "rate": 0.132,
      "amount": 57.878,
      "owner": {
        "id": 1506,
        "type": "account"
      }
    },
    {
      "rate": 0.133,
      "amount": 18.276,
      "owner": {
        "id": 2322,
        "type": "account"
      }
    },
    {
      "rate": 0.138,
      "amount": 1,
      "owner": {
        "id": 5951,
        "type": "account"
      }
    },
    {
      "rate": 0.145,
      "amount": 50,
      "owner": {
        "id": 9984,
        "type": "account"
      }
    },
    {
      "rate": 0.146,
      "amount": 83.943,
      "owner": {
        "id": 427,
        "type": "holding"
      }
    },
    {
      "rate": 0.19,
      "amount": 100,
      "owner": {
        "id": 10230,
        "type": "account"
      }
    },
    {
      "rate": 0.486,
      "amount": 84.904,
      "owner": {
        "id": 9709,
        "type": "account"
      }
    },
    {
      "rate": 0.495,
      "amount": 90,
      "owner": {
        "id": 2332,
        "type": "account"
      }
    },
    {
      "rate": 0.497,
      "amount": 299.9,
      "owner": {
        "id": 2332,
        "type": "account"
      }
    },
    {
      "rate": 1,
      "amount": 0.1,
      "owner": {
        "id": 5700,
        "type": "account"
      }
    },
    {
      "rate": 1,
      "amount": 2,
      "owner": {
        "id": 214,
        "type": "account"
      }
    },
    {
      "rate": 1,
      "amount": 0.1,
      "owner": {
        "id": 1842,
        "type": "account"
      }
    },
    {
      "rate": 1,
      "amount": 1.199,
      "owner": {
        "id": 331,
        "type": "account"
      }
    },
    {
      "rate": 1,
      "amount": 3,
      "owner": {
        "id": 10945,
        "type": "account"
      }
    },
    {
      "rate": 1,
      "amount": 2,
      "owner": {
      ... (truncated)

Pobieranie danych: kursie waluty 38 z URL: https://api.eclesiar.com/market/coin/get?currency_id=38&transaction=SELL...
--- Dane o kursie waluty 38 ---
{
  "code": 200,
  "description": "Success",
  "data": [
    {
      "rate": 0.029,
      "amount": 1805.597,
      "owner": {
        "id": 14572,
        "type": "account"
      }
    },
    {
      "rate": 0.03,
      "amount": 190.8,
      "owner": {
        "id": 1064,
        "type": "account"
      }
    },
    {
      "rate": 0.033,
      "amount": 296.85,
      "owner": {
        "id": 1375,
        "type": "account"
      }
    },
    {
      "rate": 0.035,
      "amount": 0.95,
      "owner": {
        "id": 313,
        "type": "account"
      }
    },
    {
      "rate": 0.036,
      "amount": 110,
      "owner": {
        "id": 3677,
        "type": "account"
      }
    },
    {
      "rate": 0.04,
      "amount": 203,
      "owner": {
        "id": 10357,
        "type": "account"
      }
    },
    {
      "rate": 0.043,
      "amount": 167,
      "owner": {
        "id": 5733,
        "type": "account"
      }
    },
    {
      "rate": 0.1,
      "amount": 1,
      "owner": {
        "id": 11311,
        "type": "account"
      }
    },
    {
      "rate": 0.1,
      "amount": 200,
      "owner": {
        "id": 526,
        "type": "holding"
      }
    },
    {
      "rate": 0.19,
      "amount": 10,
      "owner": {
        "id": 2341,
        "type": "account"
      }
    },
    {
      "rate": 0.2,
      "amount": 1,
      "owner": {
        "id": 1442,
        "type": "account"
      }
    },
    {
      "rate": 0.21,
      "amount": 33.9,
      "owner": {
        "id": 5251,
        "type": "account"
      }
    },
    {
      "rate": 0.8,
      "amount": 1,
      "owner": {
        "id": 2332,
        "type": "account"
      }
    },
    {
      "rate": 0.8,
      "amount": 92,
      "owner": {
        "id": 4317,
        "type": "account"
      }
    },
    {
      "rate": 0.9,
      "amount": 2,
      "owner": {
        "id": 1630,
        "type": "account"
      }
    },
    {
      "rate": 1,
      "amount": 28,
      "owner": {
        "id": 2051,
        "type": "account"
      }
    },
    {
      "rate": 1,
      "amount": 3,
      "owner": {
        "id": 1074,
        "type": "account"
      }
    },
    {
      "rate": 1,
      "amount": 1,
      "owner": {
        "id": 3274,
        "type": "account"
      }
    },
    {
      "rate": 1,
      "amount": 1,
      "owner": {
        "id": 2729,
        "type": "account"
      }
    },
    {
      "rate": 1,
      "amount": 1,
      "owner": {
        "id": 2332,
        "type": "account"
      }
    },
    {
      "rate": 1,
      "amount": 1,
      "owner": {
        "id": 1630,
        "type": "account"
      }
    },
    {
      "rate": 1,
      "amount": 1,
      "owner": {
        "id": 3159,
        "type": "account"
      }
    },
    {
      "rate": 1,
      "amount": 1,
      "owner": {
        "id": 5320,
        "type": "account"
      }
    },
    {
      "rate": 1,
      "amount": 2,
      "owner": {
        "id": 5764,
        "type": "account"
... (truncated)

Pobieranie danych: kursie waluty 39 z URL: https://api.eclesiar.com/market/coin/get?currency_id=39&transaction=SELL...
--- Dane o kursie waluty 39 ---
{
  "code": 200,
  "description": "Success",
  "data": [
    {
      "rate": 0.1,
      "amount": 300,
      "owner": {
        "id": 526,
        "type": "holding"
      }
    },
    {
      "rate": 0.1,
      "amount": 5000,
      "owner": {
        "id": 41,
        "type": "country"
      }
    },
    {
      "rate": 0.1,
      "amount": 1,
      "owner": {
        "id": 63,
        "type": "militaryunit"
      }
    },
    {
      "rate": 0.1,
      "amount": 81.6,
      "owner": {
        "id": 10357,
        "type": "account"
      }
    },
    {
      "rate": 9.999,
      "amount": 1.14,
      "owner": {
        "id": 7048,
        "type": "account"
      }
    },
    {
      "rate": 10,
      "amount": 18,
      "owner": {
        "id": 11956,
        "type": "account"
      }
    },
    {
      "rate": 99.995,
      "amount": 13,
      "owner": {
        "id": 8886,
        "type": "account"
      }
    }
  ]
}

Pobieranie danych: kursie waluty 40 z URL: https://api.eclesiar.com/market/coin/get?currency_id=40&transaction=SELL...
--- Dane o kursie waluty 40 ---
{
  "code": 200,
  "description": "Success",
  "data": [
    {
      "rate": 0.447,
      "amount": 11,
      "owner": {
        "id": 14309,
        "type": "account"
      }
    },
    {
      "rate": 0.448,
      "amount": 56,
      "owner": {
        "id": 2191,
        "type": "account"
      }
    },
    {
      "rate": 0.449,
      "amount": 10.751,
      "owner": {
        "id": 1908,
        "type": "account"
      }
    },
    {
      "rate": 0.45,
      "amount": 4.98,
      "owner": {
        "id": 5519,
        "type": "account"
      }
    },
    {
      "rate": 3.1,
      "amount": 5.25,
      "owner": {
        "id": 10182,
        "type": "account"
      }
    },
    {
      "rate": 3.2,
      "amount": 9.999,
      "owner": {
        "id": 11045,
        "type": "account"
      }
    },
    {
      "rate": 8.95,
      "amount": 6.554,
      "owner": {
        "id": 213,
        "type": "holding"
      }
    },
    {
      "rate": 1000,
      "amount": 0.01,
      "owner": {
        "id": 5566,
        "type": "account"
      }
    }
  ]
}

Pobieranie danych: kursie waluty 41 z URL: https://api.eclesiar.com/market/coin/get?currency_id=41&transaction=SELL...
--- Dane o kursie waluty 41 ---
{
  "code": 200,
  "description": "Success",
  "data": [
    {
      "rate": 0.496,
      "amount": 300,
      "owner": {
        "id": 43,
        "type": "country"
      }
    },
    {
      "rate": 0.497,
      "amount": 4.217,
      "owner": {
        "id": 14227,
        "type": "account"
      }
    },
    {
      "rate": 0.499,
      "amount": 44.462,
      "owner": {
        "id": 13574,
        "type": "account"
      }
    },
    {
      "rate": 0.657,
      "amount": 15.994,
      "owner": {
        "id": 2322,
        "type": "account"
      }
    },
    {
      "rate": 0.674,
      "amount": 7.995,
      "owner": {
        "id": 9271,
        "type": "account"
      }
    },
    {
      "rate": 0.695,
      "amount": 5.2,
      "owner": {
        "id": 4721,
        "type": "account"
      }
    },
    {
      "rate": 0.707,
      "amount": 8.4,
      "owner": {
        "id": 5613,
        "type": "account"
      }
    },
    {
      "rate": 0.708,
      "amount": 10.146,
      "owner": {
        "id": 9271,
        "type": "account"
      }
    },
    {
      "rate": 0.712,
      "amount": 5,
      "owner": {
        "id": 3481,
        "type": "account"
      }
    },
    {
      "rate": 0.874,
      "amount": 1.658,
      "owner": {
        "id": 3481,
        "type": "account"
      }
    },
    {
      "rate": 0.94,
      "amount": 1,
      "owner": {
        "id": 7653,
        "type": "account"
      }
    },
    {
      "rate": 0.96,
      "amount": 1.182,
      "owner": {
        "id": 5733,
        "type": "account"
      }
    },
    {
      "rate": 1,
      "amount": 4.2,
      "owner": {
        "id": 14406,
        "type": "account"
      }
    },
    {
      "rate": 1,
      "amount": 1,
      "owner": {
        "id": 1538,
        "type": "account"
      }
    },
    {
      "rate": 1,
      "amount": 1.022,
      "owner": {
        "id": 965,
        "type": "account"
      }
    },
    {
      "rate": 1,
      "amount": 0.1,
      "owner": {
        "id": 1702,
        "type": "account"
      }
    },
    {
      "rate": 1,
      "amount": 1,
      "owner": {
        "id": 261,
        "type": "account"
      }
    },
    {
      "rate": 2.8,
      "amount": 0.75,
      "owner": {
        "id": 14495,
        "type": "account"
      }
    },
    {
      "rate": 9.95,
      "amount": 0.384,
      "owner": {
        "id": 1251,
        "type": "account"
      }
    },
    {
      "rate": 9.99,
      "amount": 0.921,
      "owner": {
        "id": 1279,
        "type": "account"
      }
    },
    {
      "rate": 10,
      "amount": 1,
      "owner": {
        "id": 13494,
        "type": "account"
      }
    },
    {
      "rate": 18,
      "amount": 0.001,
      "owner": {
        "id": 2655,
        "type": "account"
      }
    },
    {
      "rate": 55,
      "amount": 2.003,
      "owner": {
        "id": 5194,
        "type": "account"
      }
    },
    {
      "rate": 1000,
      "amount": 0.005,
      "owner... (truncated)

Pobieranie danych: kursie waluty 42 z URL: https://api.eclesiar.com/market/coin/get?currency_id=42&transaction=SELL...
--- Dane o kursie waluty 42 ---
{
  "code": 200,
  "description": "Success",
  "data": [
    {
      "rate": 0.061,
      "amount": 100,
      "owner": {
        "id": 117,
        "type": "militaryunit"
      }
    },
    {
      "rate": 0.062,
      "amount": 100,
      "owner": {
        "id": 11311,
        "type": "account"
      }
    },
    {
      "rate": 0.066,
      "amount": 119.894,
      "owner": {
        "id": 14227,
        "type": "account"
      }
    },
    {
      "rate": 0.067,
      "amount": 200,
      "owner": {
        "id": 2241,
        "type": "account"
      }
    },
    {
      "rate": 0.091,
      "amount": 98.051,
      "owner": {
        "id": 2397,
        "type": "account"
      }
    },
    {
      "rate": 0.093,
      "amount": 153.12,
      "owner": {
        "id": 2322,
        "type": "account"
      }
    },
    {
      "rate": 0.095,
      "amount": 1.52,
      "owner": {
        "id": 1481,
        "type": "account"
      }
    },
    {
      "rate": 0.1,
      "amount": 175,
      "owner": {
        "id": 526,
        "type": "holding"
      }
    },
    {
      "rate": 0.1,
      "amount": 1000,
      "owner": {
        "id": 1739,
        "type": "account"
      }
    },
    {
      "rate": 0.4,
      "amount": 800,
      "owner": {
        "id": 71,
        "type": "holding"
      }
    },
    {
      "rate": 0.458,
      "amount": 5.25,
      "owner": {
        "id": 9861,
        "type": "account"
      }
    },
    {
      "rate": 0.46,
      "amount": 5.25,
      "owner": {
        "id": 11375,
        "type": "account"
      }
    },
    {
      "rate": 1,
      "amount": 1,
      "owner": {
        "id": 1538,
        "type": "account"
      }
    },
    {
      "rate": 1,
      "amount": 1,
      "owner": {
        "id": 145,
        "type": "account"
      }
    },
    {
      "rate": 1,
      "amount": 0.019,
      "owner": {
        "id": 965,
        "type": "account"
      }
    },
    {
      "rate": 1,
      "amount": 1,
      "owner": {
        "id": 8128,
        "type": "account"
      }
    },
    {
      "rate": 1000,
      "amount": 8.632,
      "owner": {
        "id": 23,
        "type": "holding"
      }
    }
  ]
}

Pobieranie danych: kursie waluty 43 z URL: https://api.eclesiar.com/market/coin/get?currency_id=43&transaction=SELL...
--- Dane o kursie waluty 43 ---
{
  "code": 200,
  "description": "Success",
  "data": [
    {
      "rate": 0.146,
      "amount": 73.594,
      "owner": {
        "id": 14227,
        "type": "account"
      }
    },
    {
      "rate": 0.147,
      "amount": 8.05,
      "owner": {
        "id": 2508,
        "type": "account"
      }
    },
    {
      "rate": 0.148,
      "amount": 0.896,
      "owner": {
        "id": 10944,
        "type": "account"
      }
    },
    {
      "rate": 0.149,
      "amount": 12.631,
      "owner": {
        "id": 15277,
        "type": "account"
      }
    },
    {
      "rate": 0.15,
      "amount": 115.263,
      "owner": {
        "id": 446,
        "type": "holding"
      }
    },
    {
      "rate": 0.158,
      "amount": 1,
      "owner": {
        "id": 5597,
        "type": "account"
      }
    },
    {
      "rate": 0.159,
      "amount": 129.82,
      "owner": {
        "id": 527,
        "type": "holding"
      }
    },
    {
      "rate": 0.16,
      "amount": 681.49,
      "owner": {
        "id": 45,
        "type": "country"
      }
    },
    {
      "rate": 0.161,
      "amount": 21,
      "owner": {
        "id": 9755,
        "type": "account"
      }
    },
    {
      "rate": 0.161,
      "amount": 166.524,
      "owner": {
        "id": 12419,
        "type": "account"
      }
    },
    {
      "rate": 0.165,
      "amount": 281,
      "owner": {
        "id": 11904,
        "type": "account"
      }
    },
    {
      "rate": 0.166,
      "amount": 152.089,
      "owner": {
        "id": 213,
        "type": "holding"
      }
    },
    {
      "rate": 0.167,
      "amount": 26,
      "owner": {
        "id": 11045,
        "type": "account"
      }
    },
    {
      "rate": 0.561,
      "amount": 0.7,
      "owner": {
        "id": 2241,
        "type": "account"
      }
    },
    {
      "rate": 0.59,
      "amount": 7.99,
      "owner": {
        "id": 3075,
        "type": "account"
      }
    },
    {
      "rate": 0.6,
      "amount": 0.09,
      "owner": {
        "id": 1577,
        "type": "account"
      }
    },
    {
      "rate": 1,
      "amount": 1,
      "owner": {
        "id": 10001,
        "type": "account"
      }
    },
    {
      "rate": 1,
      "amount": 0.01,
      "owner": {
        "id": 5629,
        "type": "account"
      }
    },
    {
      "rate": 1,
      "amount": 1,
      "owner": {
        "id": 5535,
        "type": "account"
      }
    },
    {
      "rate": 1,
      "amount": 0.844,
      "owner": {
        "id": 5566,
        "type": "account"
      }
    },
    {
      "rate": 1,
      "amount": 1,
      "owner": {
        "id": 1906,
        "type": "account"
      }
    },
    {
      "rate": 1,
      "amount": 1,
      "owner": {
        "id": 145,
        "type": "account"
      }
    },
    {
      "rate": 1,
      "amount": 0.01,
      "owner": {
        "id": 5532,
        "type": "account"
      }
    },
    {
      "rate": 1,
      "amount": 1,
      "owner":... (truncated)

Pobieranie danych: kursie waluty 44 z URL: https://api.eclesiar.com/market/coin/get?currency_id=44&transaction=SELL...
--- Dane o kursie waluty 44 ---
{
  "code": 200,
  "description": "Success",
  "data": [
    {
      "rate": 0.2,
      "amount": 141.883,
      "owner": {
        "id": 292,
        "type": "holding"
      }
    },
    {
      "rate": 0.25,
      "amount": 1,
      "owner": {
        "id": 7807,
        "type": "account"
      }
    },
    {
      "rate": 0.5,
      "amount": 32,
      "owner": {
        "id": 6835,
        "type": "account"
      }
    },
    {
      "rate": 0.59,
      "amount": 499,
      "owner": {
        "id": 358,
        "type": "holding"
      }
    },
    {
      "rate": 2.85,
      "amount": 16,
      "owner": {
        "id": 17,
        "type": "holding"
      }
    }
  ]
}

Pobieranie danych: kursie waluty 45 z URL: https://api.eclesiar.com/market/coin/get?currency_id=45&transaction=SELL...
--- Dane o kursie waluty 45 ---
{
  "code": 200,
  "description": "Success",
  "data": [
    {
      "rate": 0.199,
      "amount": 9.561,
      "owner": {
        "id": 1908,
        "type": "account"
      }
    },
    {
      "rate": 0.2,
      "amount": 980,
      "owner": {
        "id": 331,
        "type": "holding"
      }
    },
    {
      "rate": 0.2,
      "amount": 0.02,
      "owner": {
        "id": 13769,
        "type": "account"
      }
    },
    {
      "rate": 0.2,
      "amount": 56.11,
      "owner": {
        "id": 1511,
        "type": "account"
      }
    },
    {
      "rate": 0.201,
      "amount": 0.005,
      "owner": {
        "id": 491,
        "type": "holding"
      }
    },
    {
      "rate": 0.56,
      "amount": 3.75,
      "owner": {
        "id": 15126,
        "type": "account"
      }
    },
    {
      "rate": 0.56,
      "amount": 3.75,
      "owner": {
        "id": 14224,
        "type": "account"
      }
    },
    {
      "rate": 0.587,
      "amount": 1.5,
      "owner": {
        "id": 12028,
        "type": "account"
      }
    },
    {
      "rate": 0.587,
      "amount": 3.75,
      "owner": {
        "id": 14710,
        "type": "account"
      }
    },
    {
      "rate": 0.59,
      "amount": 11.33,
      "owner": {
        "id": 1495,
        "type": "account"
      }
    },
    {
      "rate": 0.598,
      "amount": 11.119,
      "owner": {
        "id": 55,
        "type": "holding"
      }
    },
    {
      "rate": 1,
      "amount": 0.03,
      "owner": {
        "id": 12631,
        "type": "account"
      }
    },
    {
      "rate": 1,
      "amount": 1,
      "owner": {
        "id": 10277,
        "type": "account"
      }
    },
    {
      "rate": 5,
      "amount": 1,
      "owner": {
        "id": 16243,
        "type": "account"
      }
    },
    {
      "rate": 100,
      "amount": 11.15,
      "owner": {
        "id": 595,
        "type": "holding"
      }
    },
    {
      "rate": 100,
      "amount": 15.95,
      "owner": {
        "id": 593,
        "type": "holding"
      }
    },
    {
      "rate": 100,
      "amount": 12.15,
      "owner": {
        "id": 594,
        "type": "holding"
      }
    },
    {
      "rate": 100,
      "amount": 7.16,
      "owner": {
        "id": 549,
        "type": "holding"
      }
    },
    {
      "rate": 175,
      "amount": 0.06,
      "owner": {
        "id": 214,
        "type": "account"
      }
    },
    {
      "rate": 999,
      "amount": 1,
      "owner": {
        "id": 1545,
        "type": "account"
      }
    },
    {
      "rate": 1250,
      "amount": 0.996,
      "owner": {
        "id": 11846,
        "type": "account"
      }
    },
    {
      "rate": 20000,
      "amount": 2,
      "owner": {
        "id": 9872,
        "type": "account"
      }
    }
  ]
}

Pobieranie danych: kursie waluty 46 z URL: https://api.eclesiar.com/market/coin/get?currency_id=46&transaction=SELL...
--- Dane o kursie waluty 46 ---
{
  "code": 200,
  "description": "Success",
  "data": [
    {
      "rate": 500,
      "amount": 0.077,
      "owner": {
        "id": 3163,
        "type": "account"
      }
    },
    {
      "rate": 997,
      "amount": 0.02,
      "owner": {
        "id": 51,
        "type": "holding"
      }
    }
  ]
}

 100% [##############################] 123/123 ETA 00:00 - Kursy walut           Zaktualizowano kursy walut dla 46 walut
  99% [#############################-] 123/124 ETA 00:00                         Pobieranie danych: ofertach pracy w kraju United Kingdom z URL: https://api.eclesiar.com/market/jobs/get?country_id=2...
--- Dane o ofertach pracy w kraju United Kingdom ---
{
  "code": 200,
  "description": "Success",
  "data": [
    {
      "value": 12,
      "amount": 2,
      "economic_skill": 1,
      "currency_id": 2,
      "business_id": 7948
    },
    {
      "value": 15,
      "amount": 1,
      "economic_skill": 0,
      "currency_id": 2,
      "business_id": 5450
    },
    {
      "value": 10,
      "amount": 1,
      "economic_skill": 0,
      "currency_id": 2,
      "business_id": 7860
    },
    {
      "value": 11,
      "amount": 1,
      "economic_skill": 0,
      "currency_id": 2,
      "business_id": 4067
    },
    {
      "value": 10,
      "amount": 1,
      "economic_skill": 0,
      "currency_id": 2,
      "business_id": 4067
    },
    {
      "value": 25,
      "amount": 2,
      "economic_skill": 0,
      "currency_id": 2,
      "business_id": 4130
    },
    {
      "value": 10,
      "amount": 1,
      "economic_skill": 0,
      "currency_id": 2,
      "business_id": 5672
    },
    {
      "value": 10.5,
      "amount": 1,
      "economic_skill": 0,
      "currency_id": 2,
      "business_id": 5672
    },
    {
      "value": 11,
      "amount": 1,
      "economic_skill": 0,
      "currency_id": 2,
      "business_id": 5672
    },
    {
      "value": 11.5,
      "amount": 3,
      "economic_skill": 0,
      "currency_id": 2,
      "business_id": 4202
    },
    {
      "value": 15,
      "amount": 1,
      "economic_skill": 9,
      "currency_id": 2,
      "business_id": 8179
    },
    {
      "value": 10,
      "amount": 2,
      "economic_skill": 0,
      "currency_id": 2,
      "business_id": 9785
    }
  ]
}

Pobieranie danych: ofertach pracy w kraju United States of America z URL: https://api.eclesiar.com/market/jobs/get?country_id=3...
--- Dane o ofertach pracy w kraju United States of America ---
{
  "code": 200,
  "description": "Success",
  "data": [
    {
      "value": 15,
      "amount": 5,
      "economic_skill": 0,
      "currency_id": 3,
      "business_id": 5318
    },
    {
      "value": 15,
      "amount": 7,
      "economic_skill": 0,
      "currency_id": 3,
      "business_id": 5236
    },
    {
      "value": 15,
      "amount": 1,
      "economic_skill": 6,
      "currency_id": 3,
      "business_id": 10029
    },
    {
      "value": 13,
      "amount": 1,
      "economic_skill": 5,
      "currency_id": 3,
      "business_id": 6117
    },
    {
      "value": 12,
      "amount": 1,
      "economic_skill": 0,
      "currency_id": 3,
      "business_id": 9656
    }
  ]
}

Pobieranie danych: ofertach pracy w kraju Mexico z URL: https://api.eclesiar.com/market/jobs/get?country_id=4...
--- Dane o ofertach pracy w kraju Mexico ---
{
  "code": 200,
  "description": "Success",
  "data": [
    {
      "value": 5,
      "amount": 20,
      "economic_skill": 0,
      "currency_id": 4,
      "business_id": 5
    },
    {
      "value": 5,
      "amount": 29,
      "economic_skill": 0,
      "currency_id": 4,
      "business_id": 9878
    }
  ]
}

Pobieranie danych: ofertach pracy w kraju Colombia z URL: https://api.eclesiar.com/market/jobs/get?country_id=5...
--- Dane o ofertach pracy w kraju Colombia ---
{
  "code": 200,
  "description": "Success",
  "data": [
    {
      "value": 14,
      "amount": 1,
      "economic_skill": 0,
      "currency_id": 5,
      "business_id": 6531
    },
    {
      "value": 14,
      "amount": 1,
      "economic_skill": 0,
      "currency_id": 5,
      "business_id": 3736
    }
  ]
}

Pobieranie danych: ofertach pracy w kraju Peru z URL: https://api.eclesiar.com/market/jobs/get?country_id=6...
--- Dane o ofertach pracy w kraju Peru ---
{
  "code": 200,
  "description": "Success",
  "data": [
    {
      "value": 31,
      "amount": 1,
      "economic_skill": 0,
      "currency_id": 6,
      "business_id": 9528
    },
    {
      "value": 30,
      "amount": 2,
      "economic_skill": 0,
      "currency_id": 6,
      "business_id": 5114
    },
    {
      "value": 31,
      "amount": 3,
      "economic_skill": 7,
      "currency_id": 6,
      "business_id": 7658
    },
    {
      "value": 25,
      "amount": 1,
      "economic_skill": 0,
      "currency_id": 6,
      "business_id": 1803
    },
    {
      "value": 35.02,
      "amount": 2,
      "economic_skill": 3,
      "currency_id": 6,
      "business_id": 9
    },
    {
      "value": 40,
      "amount": 1,
      "economic_skill": 10,
      "currency_id": 6,
      "business_id": 5114
    },
    {
      "value": 45,
      "amount": 1,
      "economic_skill": 20,
      "currency_id": 6,
      "business_id": 5114
    },
    {
      "value": 35.011,
      "amount": 1,
      "economic_skill": 4,
      "currency_id": 6,
      "business_id": 6781
    },
    {
      "value": 25.003,
      "amount": 1,
      "economic_skill": 0,
      "currency_id": 6,
      "business_id": 8582
    },
    {
      "value": 27.5,
      "amount": 1,
      "economic_skill": 3,
      "currency_id": 6,
      "business_id": 9436
    }
  ]
}

Pobieranie danych: ofertach pracy w kraju Brazil z URL: https://api.eclesiar.com/market/jobs/get?country_id=7...
--- Dane o ofertach pracy w kraju Brazil ---
{
  "code": 200,
  "description": "Success",
  "data": [
    {
      "value": 17,
      "amount": 1,
      "economic_skill": 18,
      "currency_id": 7,
      "business_id": 5604
    },
    {
      "value": 17.5,
      "amount": 1,
      "economic_skill": 20,
      "currency_id": 7,
      "business_id": 5604
    },
    {
      "value": 16.1,
      "amount": 1,
      "economic_skill": 8,
      "currency_id": 7,
      "business_id": 7248
    },
    {
      "value": 16.2,
      "amount": 1,
      "economic_skill": 10,
      "currency_id": 7,
      "business_id": 8208
    },
    {
      "value": 15,
      "amount": 2,
      "economic_skill": 0,
      "currency_id": 7,
      "business_id": 6015
    },
    {
      "value": 15,
      "amount": 2,
      "economic_skill": 0,
      "currency_id": 7,
      "business_id": 332
    },
    {
      "value": 15,
      "amount": 1,
      "economic_skill": 0,
      "currency_id": 7,
      "business_id": 552
    },
    {
      "value": 16,
      "amount": 2,
      "economic_skill": 4,
      "currency_id": 7,
      "business_id": 7321
    },
    {
      "value": 15,
      "amount": 2,
      "economic_skill": 0,
      "currency_id": 7,
      "business_id": 220
    }
  ]
}

Pobieranie danych: ofertach pracy w kraju Chile z URL: https://api.eclesiar.com/market/jobs/get?country_id=8...
--- Dane o ofertach pracy w kraju Chile ---
{
  "code": 200,
  "description": "Success",
  "data": [
    {
      "value": 26,
      "amount": 1,
      "economic_skill": 7,
      "currency_id": 8,
      "business_id": 2278
    },
    {
      "value": 22,
      "amount": 1,
      "economic_skill": 20,
      "currency_id": 8,
      "business_id": 9579
    },
    {
      "value": 20,
      "amount": 1,
      "economic_skill": 0,
      "currency_id": 8,
      "business_id": 551
    }
  ]
}

Pobieranie danych: ofertach pracy w kraju Argentina z URL: https://api.eclesiar.com/market/jobs/get?country_id=10...
--- Dane o ofertach pracy w kraju Argentina ---
{
  "code": 200,
  "description": "Success"
}

Pobieranie danych: ofertach pracy w kraju Ireland z URL: https://api.eclesiar.com/market/jobs/get?country_id=11...
--- Dane o ofertach pracy w kraju Ireland ---
{
  "code": 200,
  "description": "Success",
  "data": [
    {
      "value": 10,
      "amount": 1,
      "economic_skill": 0,
      "currency_id": 10,
      "business_id": 8623
    },
    {
      "value": 10,
      "amount": 2,
      "economic_skill": 0,
      "currency_id": 10,
      "business_id": 6174
    },
    {
      "value": 10,
      "amount": 1,
      "economic_skill": 0,
      "currency_id": 10,
      "business_id": 3659
    }
  ]
}

Pobieranie danych: ofertach pracy w kraju France z URL: https://api.eclesiar.com/market/jobs/get?country_id=12...
--- Dane o ofertach pracy w kraju France ---
{
  "code": 200,
  "description": "Success",
  "data": [
    {
      "value": 14.1,
      "amount": 1,
      "economic_skill": 5,
      "currency_id": 11,
      "business_id": 9035
    },
    {
      "value": 20,
      "amount": 1,
      "economic_skill": 20,
      "currency_id": 11,
      "business_id": 7052
    },
    {
      "value": 13,
      "amount": 1,
      "economic_skill": 0,
      "currency_id": 11,
      "business_id": 9755
    },
    {
      "value": 13,
      "amount": 1,
      "economic_skill": 0,
      "currency_id": 11,
      "business_id": 9790
    },
    {
      "value": 13,
      "amount": 1,
      "economic_skill": 0,
      "currency_id": 11,
      "business_id": 3582
    },
    {
      "value": 16,
      "amount": 1,
      "economic_skill": 5,
      "currency_id": 11,
      "business_id": 5703
    },
    {
      "value": 16,
      "amount": 1,
      "economic_skill": 5,
      "currency_id": 11,
      "business_id": 742
    },
    {
      "value": 13,
      "amount": 1,
      "economic_skill": 4,
      "currency_id": 11,
      "business_id": 6022
    },
    {
      "value": 50,
      "amount": 3,
      "economic_skill": 0,
      "currency_id": 5,
      "business_id": 6958
    }
  ]
}

Pobieranie danych: ofertach pracy w kraju Portugal z URL: https://api.eclesiar.com/market/jobs/get?country_id=13...
--- Dane o ofertach pracy w kraju Portugal ---
{
  "code": 200,
  "description": "Success",
  "data": [
    {
      "value": 12.22,
      "amount": 2,
      "economic_skill": 0,
      "currency_id": 12,
      "business_id": 7221
    },
    {
      "value": 18,
      "amount": 1,
      "economic_skill": 0,
      "currency_id": 12,
      "business_id": 515
    },
    {
      "value": 10,
      "amount": 9,
      "economic_skill": 1,
      "currency_id": 12,
      "business_id": 6315
    },
    {
      "value": 15,
      "amount": 2,
      "economic_skill": 5,
      "currency_id": 12,
      "business_id": 9220
    },
    {
      "value": 20,
      "amount": 1,
      "economic_skill": 20,
      "currency_id": 12,
      "business_id": 9220
    },
    {
      "value": 20,
      "amount": 1,
      "economic_skill": 15,
      "currency_id": 12,
      "business_id": 9625
    },
    {
      "value": 10.5,
      "amount": 1,
      "economic_skill": 0,
      "currency_id": 12,
      "business_id": 9789
    },
    {
      "value": 13,
      "amount": 3,
      "economic_skill": 3,
      "currency_id": 12,
      "business_id": 4613
    },
    {
      "value": 20,
      "amount": 1,
      "economic_skill": 20,
      "currency_id": 12,
      "business_id": 9129
    },
    {
      "value": 18,
      "amount": 1,
      "economic_skill": 10,
      "currency_id": 12,
      "business_id": 9625
    },
    {
      "value": 12.9,
      "amount": 1,
      "economic_skill": 3,
      "currency_id": 12,
      "business_id": 8094
    },
    {
      "value": 10,
      "amount": 3,
      "economic_skill": 14,
      "currency_id": 12,
      "business_id": 7241
    },
    {
      "value": 19.5,
      "amount": 1,
      "economic_skill": 20,
      "currency_id": 12,
      "business_id": 5890
    },
    {
      "value": 20,
      "amount": 1,
      "economic_skill": 20,
      "currency_id": 12,
      "business_id": 3073
    },
    {
      "value": 16,
      "amount": 1,
      "economic_skill": 10,
      "currency_id": 12,
      "business_id": 9235
    },
    {
      "value": 14,
      "amount": 1,
      "economic_skill": 5,
      "currency_id": 12,
      "business_id": 1312
    },
    {
      "value": 16,
      "amount": 1,
      "economic_skill": 10,
      "currency_id": 12,
      "business_id": 1312
    },
    {
      "value": 18,
      "amount": 1,
      "economic_skill": 15,
      "currency_id": 12,
      "business_id": 9221
    },
    {
      "value": 15,
      "amount": 1,
      "economic_skill": 8,
      "currency_id": 12,
      "business_id": 5501
    },
    {
      "value": 10.1,
      "amount": 4,
      "economic_skill": 0,
      "currency_id": 12,
      "business_id": 9283
    },
    {
      "value": 10,
      "amount": 2,
      "economic_skill": 0,
      "currency_id": 12,
      "business_id": 9283
    },
    {
      "value": 10,
      "amount": 1,
      "economic_skill": 6,
      "currency_id": 12,
      "business_id": 3778
    },
    {
      "value": 10,
      "amount": 23,
      "economic_skill": 0,
      "curren... (truncated)

Pobieranie danych: ofertach pracy w kraju Spain z URL: https://api.eclesiar.com/market/jobs/get?country_id=14...
--- Dane o ofertach pracy w kraju Spain ---
{
  "code": 200,
  "description": "Success",
  "data": [
    {
      "value": 3,
      "amount": 1,
      "economic_skill": 0,
      "currency_id": 13,
      "business_id": 5080
    },
    {
      "value": 3.2,
      "amount": 2,
      "economic_skill": 2,
      "currency_id": 13,
      "business_id": 6012
    },
    {
      "value": 4.95,
      "amount": 5,
      "economic_skill": 0,
      "currency_id": 13,
      "business_id": 675
    },
    {
      "value": 3.36,
      "amount": 1,
      "economic_skill": 7,
      "currency_id": 13,
      "business_id": 3699
    },
    {
      "value": 3.3,
      "amount": 1,
      "economic_skill": 6,
      "currency_id": 13,
      "business_id": 2084
    },
    {
      "value": 3,
      "amount": 1,
      "economic_skill": 0,
      "currency_id": 13,
      "business_id": 10059
    },
    {
      "value": 3,
      "amount": 9,
      "economic_skill": 16,
      "currency_id": 13,
      "business_id": 10051
    },
    {
      "value": 3,
      "amount": 1,
      "economic_skill": 0,
      "currency_id": 13,
      "business_id": 10042
    },
    {
      "value": 3,
      "amount": 1,
      "economic_skill": 0,
      "currency_id": 13,
      "business_id": 10041
    },
    {
      "value": 3.04,
      "amount": 2,
      "economic_skill": 2,
      "currency_id": 13,
      "business_id": 3800
    }
  ]
}

Pobieranie danych: ofertach pracy w kraju Germany z URL: https://api.eclesiar.com/market/jobs/get?country_id=15...
--- Dane o ofertach pracy w kraju Germany ---
{
  "code": 200,
  "description": "Success",
  "data": [
    {
      "value": 4.5,
      "amount": 3,
      "economic_skill": 0,
      "currency_id": 14,
      "business_id": 8574
    },
    {
      "value": 6,
      "amount": 1,
      "economic_skill": 4,
      "currency_id": 14,
      "business_id": 6580
    },
    {
      "value": 4.5,
      "amount": 12,
      "economic_skill": 5,
      "currency_id": 14,
      "business_id": 6580
    },
    {
      "value": 5,
      "amount": 15,
      "economic_skill": 5,
      "currency_id": 14,
      "business_id": 6580
    },
    {
      "value": 4,
      "amount": 1,
      "economic_skill": 0,
      "currency_id": 14,
      "business_id": 7966
    },
    {
      "value": 4,
      "amount": 7,
      "economic_skill": 0,
      "currency_id": 14,
      "business_id": 7312
    },
    {
      "value": 4,
      "amount": 1,
      "economic_skill": 3,
      "currency_id": 14,
      "business_id": 3719
    },
    {
      "value": 4,
      "amount": 3,
      "economic_skill": 0,
      "currency_id": 14,
      "business_id": 1078
    },
    {
      "value": 4,
      "amount": 1,
      "economic_skill": 0,
      "currency_id": 14,
      "business_id": 5907
    },
    {
      "value": 4,
      "amount": 4,
      "economic_skill": 0,
      "currency_id": 14,
      "business_id": 1231
    },
    {
      "value": 4,
      "amount": 2,
      "economic_skill": 0,
      "currency_id": 14,
      "business_id": 1231
    },
    {
      "value": 4,
      "amount": 1,
      "economic_skill": 0,
      "currency_id": 14,
      "business_id": 555
    },
    {
      "value": 10,
      "amount": 1,
      "economic_skill": 0,
      "currency_id": 14,
      "business_id": 4093
    },
    {
      "value": 4,
      "amount": 1,
      "economic_skill": 0,
      "currency_id": 14,
      "business_id": 1167
    },
    {
      "value": 6,
      "amount": 2,
      "economic_skill": 0,
      "currency_id": 14,
      "business_id": 6321
    },
    {
      "value": 6,
      "amount": 1,
      "economic_skill": 0,
      "currency_id": 14,
      "business_id": 5941
    },
    {
      "value": 7.12,
      "amount": 1,
      "economic_skill": 5,
      "currency_id": 14,
      "business_id": 8385
    },
    {
      "value": 9,
      "amount": 2,
      "economic_skill": 10,
      "currency_id": 14,
      "business_id": 1580
    },
    {
      "value": 5,
      "amount": 1,
      "economic_skill": 0,
      "currency_id": 14,
      "business_id": 4714
    },
    {
      "value": 10,
      "amount": 1,
      "economic_skill": 12,
      "currency_id": 14,
      "business_id": 2739
    },
    {
      "value": 7.1,
      "amount": 1,
      "economic_skill": 5,
      "currency_id": 14,
      "business_id": 8475
    },
    {
      "value": 4,
      "amount": 5,
      "economic_skill": 0,
      "currency_id": 14,
      "business_id": 9986
    },
    {
      "value": 4,
      "amount": 5,
      "economic_skill": 0,
      "currency_id": 14,
      "business_id... (truncated)

Pobieranie danych: ofertach pracy w kraju Sweden z URL: https://api.eclesiar.com/market/jobs/get?country_id=16...
--- Dane o ofertach pracy w kraju Sweden ---
{
  "code": 200,
  "description": "Success",
  "data": [
    {
      "value": 15.01,
      "amount": 93,
      "economic_skill": 0,
      "currency_id": 15,
      "business_id": 3260
    },
    {
      "value": 14.01,
      "amount": 99,
      "economic_skill": 0,
      "currency_id": 15,
      "business_id": 3260
    },
    {
      "value": 13.01,
      "amount": 97,
      "economic_skill": 0,
      "currency_id": 15,
      "business_id": 3260
    },
    {
      "value": 17.2,
      "amount": 1,
      "economic_skill": 7,
      "currency_id": 15,
      "business_id": 1060
    },
    {
      "value": 13,
      "amount": 1,
      "economic_skill": 0,
      "currency_id": 15,
      "business_id": 9943
    },
    {
      "value": 17,
      "amount": 1,
      "economic_skill": 9,
      "currency_id": 15,
      "business_id": 605
    },
    {
      "value": 15,
      "amount": 1,
      "economic_skill": 6,
      "currency_id": 15,
      "business_id": 3149
    },
    {
      "value": 20,
      "amount": 1,
      "economic_skill": 20,
      "currency_id": 15,
      "business_id": 2743
    },
    {
      "value": 17,
      "amount": 1,
      "economic_skill": 15,
      "currency_id": 15,
      "business_id": 2743
    },
    {
      "value": 10,
      "amount": 8,
      "economic_skill": 0,
      "currency_id": 15,
      "business_id": 9944
    },
    {
      "value": 15,
      "amount": 1,
      "economic_skill": 5,
      "currency_id": 15,
      "business_id": 410
    },
    {
      "value": 10,
      "amount": 1,
      "economic_skill": 0,
      "currency_id": 15,
      "business_id": 8224
    },
    {
      "value": 10,
      "amount": 1,
      "economic_skill": 0,
      "currency_id": 15,
      "business_id": 1274
    },
    {
      "value": 10,
      "amount": 4,
      "economic_skill": 0,
      "currency_id": 15,
      "business_id": 7984
    },
    {
      "value": 10,
      "amount": 1,
      "economic_skill": 0,
      "currency_id": 15,
      "business_id": 593
    }
  ]
}

Pobieranie danych: ofertach pracy w kraju Italy z URL: https://api.eclesiar.com/market/jobs/get?country_id=17...
--- Dane o ofertach pracy w kraju Italy ---
{
  "code": 200,
  "description": "Success",
  "data": [
    {
      "value": 6,
      "amount": 1,
      "economic_skill": 0,
      "currency_id": 16,
      "business_id": 5691
    },
    {
      "value": 5.1,
      "amount": 2,
      "economic_skill": 0,
      "currency_id": 16,
      "business_id": 9116
    },
    {
      "value": 5.1,
      "amount": 1,
      "economic_skill": 2,
      "currency_id": 16,
      "business_id": 9116
    },
    {
      "value": 5.1,
      "amount": 2,
      "economic_skill": 0,
      "currency_id": 16,
      "business_id": 8806
    },
    {
      "value": 5,
      "amount": 1,
      "economic_skill": 0,
      "currency_id": 16,
      "business_id": 10009
    },
    {
      "value": 16,
      "amount": 4,
      "economic_skill": 0,
      "currency_id": 16,
      "business_id": 10003
    }
  ]
}

Pobieranie danych: ofertach pracy w kraju Poland z URL: https://api.eclesiar.com/market/jobs/get?country_id=18...
--- Dane o ofertach pracy w kraju Poland ---
{
  "code": 200,
  "description": "Success",
  "data": [
    {
      "value": 4,
      "amount": 1,
      "economic_skill": 10,
      "currency_id": 17,
      "business_id": 8487
    },
    {
      "value": 4,
      "amount": 6,
      "economic_skill": 0,
      "currency_id": 17,
      "business_id": 7678
    },
    {
      "value": 4,
      "amount": 4,
      "economic_skill": 0,
      "currency_id": 17,
      "business_id": 8286
    },
    {
      "value": 4,
      "amount": 1,
      "economic_skill": 0,
      "currency_id": 17,
      "business_id": 6210
    },
    {
      "value": 4,
      "amount": 1,
      "economic_skill": 0,
      "currency_id": 17,
      "business_id": 7557
    },
    {
      "value": 6.5,
      "amount": 1,
      "economic_skill": 10,
      "currency_id": 17,
      "business_id": 7477
    },
    {
      "value": 4.9,
      "amount": 1,
      "economic_skill": 5,
      "currency_id": 17,
      "business_id": 8103
    },
    {
      "value": 4.2,
      "amount": 2,
      "economic_skill": 0,
      "currency_id": 17,
      "business_id": 7444
    },
    {
      "value": 5.2,
      "amount": 4,
      "economic_skill": 5,
      "currency_id": 17,
      "business_id": 8103
    },
    {
      "value": 5,
      "amount": 7,
      "economic_skill": 0,
      "currency_id": 17,
      "business_id": 7744
    },
    {
      "value": 4.01,
      "amount": 19,
      "economic_skill": 0,
      "currency_id": 17,
      "business_id": 7458
    },
    {
      "value": 4.1,
      "amount": 1,
      "economic_skill": 0,
      "currency_id": 17,
      "business_id": 2782
    },
    {
      "value": 5,
      "amount": 2,
      "economic_skill": 0,
      "currency_id": 17,
      "business_id": 6368
    },
    {
      "value": 5,
      "amount": 1,
      "economic_skill": 0,
      "currency_id": 17,
      "business_id": 6323
    },
    {
      "value": 4.1,
      "amount": 1,
      "economic_skill": 0,
      "currency_id": 17,
      "business_id": 9483
    },
    {
      "value": 4.5,
      "amount": 1,
      "economic_skill": 6,
      "currency_id": 17,
      "business_id": 10037
    },
    {
      "value": 5,
      "amount": 1,
      "economic_skill": 8,
      "currency_id": 17,
      "business_id": 9745
    },
    {
      "value": 4.5,
      "amount": 1,
      "economic_skill": 10,
      "currency_id": 17,
      "business_id": 9935
    },
    {
      "value": 4.6,
      "amount": 1,
      "economic_skill": 10,
      "currency_id": 17,
      "business_id": 9403
    },
    {
      "value": 5.9,
      "amount": 1,
      "economic_skill": 20,
      "currency_id": 17,
      "business_id": 7007
    },
    {
      "value": 4,
      "amount": 1,
      "economic_skill": 0,
      "currency_id": 17,
      "business_id": 7737
    },
    {
      "value": 4.2,
      "amount": 1,
      "economic_skill": 0,
      "currency_id": 17,
      "business_id": 9540
    },
    {
      "value": 7.5,
      "amount": 1,
      "economic_skill": 22,
      "currency_id": 1... (truncated)

Pobieranie danych: ofertach pracy w kraju Lithuania z URL: https://api.eclesiar.com/market/jobs/get?country_id=19...
--- Dane o ofertach pracy w kraju Lithuania ---
{
  "code": 200,
  "description": "Success",
  "data": [
    {
      "value": 11,
      "amount": 99,
      "economic_skill": 0,
      "currency_id": 18,
      "business_id": 9840
    },
    {
      "value": 5,
      "amount": 2,
      "economic_skill": 0,
      "currency_id": 18,
      "business_id": 9728
    }
  ]
}

Pobieranie danych: ofertach pracy w kraju Slovenia z URL: https://api.eclesiar.com/market/jobs/get?country_id=20...
--- Dane o ofertach pracy w kraju Slovenia ---
{
  "code": 200,
  "description": "Success",
  "data": [
    {
      "value": 15.001,
      "amount": 1,
      "economic_skill": 12,
      "currency_id": 19,
      "business_id": 7210
    },
    {
      "value": 23,
      "amount": 2,
      "economic_skill": 12,
      "currency_id": 19,
      "business_id": 2974
    },
    {
      "value": 18,
      "amount": 1,
      "economic_skill": 4,
      "currency_id": 19,
      "business_id": 4524
    },
    {
      "value": 14.23,
      "amount": 1,
      "economic_skill": 0,
      "currency_id": 19,
      "business_id": 992
    },
    {
      "value": 14.23,
      "amount": 2,
      "economic_skill": 0,
      "currency_id": 19,
      "business_id": 173
    },
    {
      "value": 16.2,
      "amount": 1,
      "economic_skill": 5,
      "currency_id": 19,
      "business_id": 3704
    },
    {
      "value": 23.1,
      "amount": 1,
      "economic_skill": 9,
      "currency_id": 19,
      "business_id": 284
    },
    {
      "value": 21,
      "amount": 1,
      "economic_skill": 9,
      "currency_id": 19,
      "business_id": 392
    },
    {
      "value": 21,
      "amount": 1,
      "economic_skill": 9,
      "currency_id": 19,
      "business_id": 978
    },
    {
      "value": 15.1,
      "amount": 1,
      "economic_skill": 12,
      "currency_id": 19,
      "business_id": 1016
    },
    {
      "value": 10,
      "amount": 1,
      "economic_skill": 16,
      "currency_id": 19,
      "business_id": 8172
    }
  ]
}

Pobieranie danych: ofertach pracy w kraju Croatia z URL: https://api.eclesiar.com/market/jobs/get?country_id=21...
--- Dane o ofertach pracy w kraju Croatia ---
{
  "code": 200,
  "description": "Success",
  "data": [
    {
      "value": 12,
      "amount": 1,
      "economic_skill": 0,
      "currency_id": 20,
      "business_id": 6235
    },
    {
      "value": 10,
      "amount": 3,
      "economic_skill": 1,
      "currency_id": 20,
      "business_id": 6886
    },
    {
      "value": 9,
      "amount": 1,
      "economic_skill": 0,
      "currency_id": 20,
      "business_id": 4485
    },
    {
      "value": 9,
      "amount": 2,
      "economic_skill": 0,
      "currency_id": 20,
      "business_id": 8008
    },
    {
      "value": 9,
      "amount": 1,
      "economic_skill": 0,
      "currency_id": 20,
      "business_id": 3239
    },
    {
      "value": 10,
      "amount": 1,
      "economic_skill": 17,
      "currency_id": 20,
      "business_id": 6673
    },
    {
      "value": 9.89,
      "amount": 1,
      "economic_skill": 16,
      "currency_id": 20,
      "business_id": 6673
    },
    {
      "value": 9.79,
      "amount": 1,
      "economic_skill": 15,
      "currency_id": 20,
      "business_id": 6673
    },
    {
      "value": 9.59,
      "amount": 1,
      "economic_skill": 14,
      "currency_id": 20,
      "business_id": 6673
    },
    {
      "value": 9.29,
      "amount": 1,
      "economic_skill": 12,
      "currency_id": 20,
      "business_id": 6673
    },
    {
      "value": 9.09,
      "amount": 1,
      "economic_skill": 11,
      "currency_id": 20,
      "business_id": 6673
    },
    {
      "value": 8.99,
      "amount": 1,
      "economic_skill": 10,
      "currency_id": 20,
      "business_id": 6673
    },
    {
      "value": 8.79,
      "amount": 1,
      "economic_skill": 9,
      "currency_id": 20,
      "business_id": 6673
    },
    {
      "value": 8.69,
      "amount": 1,
      "economic_skill": 8,
      "currency_id": 20,
      "business_id": 6673
    },
    {
      "value": 8.49,
      "amount": 1,
      "economic_skill": 7,
      "currency_id": 20,
      "business_id": 6673
    },
    {
      "value": 8.39,
      "amount": 1,
      "economic_skill": 6,
      "currency_id": 20,
      "business_id": 6673
    },
    {
      "value": 8.19,
      "amount": 1,
      "economic_skill": 5,
      "currency_id": 20,
      "business_id": 6673
    },
    {
      "value": 8.09,
      "amount": 1,
      "economic_skill": 4,
      "currency_id": 20,
      "business_id": 6673
    },
    {
      "value": 7.89,
      "amount": 1,
      "economic_skill": 3,
      "currency_id": 20,
      "business_id": 6673
    },
    {
      "value": 7.79,
      "amount": 1,
      "economic_skill": 2,
      "currency_id": 20,
      "business_id": 6673
    },
    {
      "value": 7.59,
      "amount": 1,
      "economic_skill": 1,
      "currency_id": 20,
      "business_id": 6673
    },
    {
      "value": 7,
      "amount": 1,
      "economic_skill": 0,
      "currency_id": 20,
      "business_id": 6673
    },
    {
      "value": 9,
      "amount": 1,
      "economic_skill": 0,
  ... (truncated)

Pobieranie danych: ofertach pracy w kraju Bosnia and Herzegovina z URL: https://api.eclesiar.com/market/jobs/get?country_id=22...
--- Dane o ofertach pracy w kraju Bosnia and Herzegovina ---
{
  "code": 200,
  "description": "Success",
  "data": [
    {
      "value": 4,
      "amount": 1,
      "economic_skill": 20,
      "currency_id": 21,
      "business_id": 6874
    },
    {
      "value": 5.1,
      "amount": 1,
      "economic_skill": 20,
      "currency_id": 21,
      "business_id": 2818
    }
  ]
}

Pobieranie danych: ofertach pracy w kraju Serbia z URL: https://api.eclesiar.com/market/jobs/get?country_id=23...
--- Dane o ofertach pracy w kraju Serbia ---
{
  "code": 200,
  "description": "Success",
  "data": [
    {
      "value": 10,
      "amount": 1,
      "economic_skill": 4,
      "currency_id": 22,
      "business_id": 10066
    },
    {
      "value": 19.5,
      "amount": 1,
      "economic_skill": 30,
      "currency_id": 22,
      "business_id": 7347
    },
    {
      "value": 10,
      "amount": 1,
      "economic_skill": 0,
      "currency_id": 22,
      "business_id": 3312
    },
    {
      "value": 15,
      "amount": 1,
      "economic_skill": 18,
      "currency_id": 22,
      "business_id": 3190
    },
    {
      "value": 10,
      "amount": 44,
      "economic_skill": 21,
      "currency_id": 22,
      "business_id": 5111
    }
  ]
}

Pobieranie danych: ofertach pracy w kraju North Macedonia z URL: https://api.eclesiar.com/market/jobs/get?country_id=24...
--- Dane o ofertach pracy w kraju North Macedonia ---
{
  "code": 200,
  "description": "Success",
  "data": [
    {
      "value": 26,
      "amount": 2,
      "economic_skill": 0,
      "currency_id": 23,
      "business_id": 1720
    },
    {
      "value": 10,
      "amount": 1,
      "economic_skill": 0,
      "currency_id": 23,
      "business_id": 9182
    },
    {
      "value": 10,
      "amount": 1,
      "economic_skill": 0,
      "currency_id": 23,
      "business_id": 9375
    }
  ]
}

Pobieranie danych: ofertach pracy w kraju Albania z URL: https://api.eclesiar.com/market/jobs/get?country_id=25...
--- Dane o ofertach pracy w kraju Albania ---
{
  "code": 200,
  "description": "Success"
}

Pobieranie danych: ofertach pracy w kraju Greece z URL: https://api.eclesiar.com/market/jobs/get?country_id=26...
--- Dane o ofertach pracy w kraju Greece ---
{
  "code": 200,
  "description": "Success",
  "data": [
    {
      "value": 22,
      "amount": 1,
      "economic_skill": 0,
      "currency_id": 25,
      "business_id": 47
    },
    {
      "value": 20,
      "amount": 2,
      "economic_skill": 0,
      "currency_id": 25,
      "business_id": 5456
    },
    {
      "value": 20.01,
      "amount": 1,
      "economic_skill": 10,
      "currency_id": 25,
      "business_id": 3278
    }
  ]
}

Pobieranie danych: ofertach pracy w kraju Hungary z URL: https://api.eclesiar.com/market/jobs/get?country_id=27...
--- Dane o ofertach pracy w kraju Hungary ---
{
  "code": 200,
  "description": "Success",
  "data": [
    {
      "value": 11.5,
      "amount": 1,
      "economic_skill": 0,
      "currency_id": 26,
      "business_id": 1128
    },
    {
      "value": 7.4,
      "amount": 1,
      "economic_skill": 0,
      "currency_id": 26,
      "business_id": 9216
    },
    {
      "value": 6,
      "amount": 1,
      "economic_skill": 0,
      "currency_id": 26,
      "business_id": 8851
    },
    {
      "value": 7.7,
      "amount": 1,
      "economic_skill": 10,
      "currency_id": 26,
      "business_id": 8707
    },
    {
      "value": 7.5,
      "amount": 1,
      "economic_skill": 2,
      "currency_id": 26,
      "business_id": 422
    },
    {
      "value": 6.01,
      "amount": 1,
      "economic_skill": 20,
      "currency_id": 26,
      "business_id": 10046
    },
    {
      "value": 5,
      "amount": 1,
      "economic_skill": 20,
      "currency_id": 26,
      "business_id": 6296
    },
    {
      "value": 5.01,
      "amount": 5,
      "economic_skill": 0,
      "currency_id": 26,
      "business_id": 8707
    },
    {
      "value": 5,
      "amount": 1,
      "economic_skill": 0,
      "currency_id": 26,
      "business_id": 8997
    },
    {
      "value": 5,
      "amount": 1,
      "economic_skill": 0,
      "currency_id": 26,
      "business_id": 9976
    },
    {
      "value": 7.2,
      "amount": 1,
      "economic_skill": 0,
      "currency_id": 26,
      "business_id": 4505
    },
    {
      "value": 6.1,
      "amount": 2,
      "economic_skill": 0,
      "currency_id": 26,
      "business_id": 9677
    },
    {
      "value": 5,
      "amount": 1,
      "economic_skill": 0,
      "currency_id": 26,
      "business_id": 6480
    },
    {
      "value": 6.2,
      "amount": 1,
      "economic_skill": 0,
      "currency_id": 26,
      "business_id": 9181
    },
    {
      "value": 5,
      "amount": 1,
      "economic_skill": 0,
      "currency_id": 26,
      "business_id": 6089
    },
    {
      "value": 5,
      "amount": 9,
      "economic_skill": 0,
      "currency_id": 26,
      "business_id": 5740
    }
  ]
}

Pobieranie danych: ofertach pracy w kraju Romania z URL: https://api.eclesiar.com/market/jobs/get?country_id=28...
--- Dane o ofertach pracy w kraju Romania ---
{
  "code": 200,
  "description": "Success"
}

Pobieranie danych: ofertach pracy w kraju Bulgaria z URL: https://api.eclesiar.com/market/jobs/get?country_id=30...
--- Dane o ofertach pracy w kraju Bulgaria ---
{
  "code": 200,
  "description": "Success",
  "data": [
    {
      "value": 0.01,
      "amount": 45,
      "economic_skill": 0,
      "currency_id": 28,
      "business_id": 4002
    },
    {
      "value": 0.01,
      "amount": 42,
      "economic_skill": 0,
      "currency_id": 28,
      "business_id": 4678
    },
    {
      "value": 0.01,
      "amount": 4,
      "economic_skill": 0,
      "currency_id": 28,
      "business_id": 3795
    },
    {
      "value": 0.01,
      "amount": 43,
      "economic_skill": 0,
      "currency_id": 28,
      "business_id": 2507
    },
    {
      "value": 5,
      "amount": 15,
      "economic_skill": 0,
      "currency_id": 28,
      "business_id": 3020
    },
    {
      "value": 0.01,
      "amount": 1,
      "economic_skill": 20,
      "currency_id": 28,
      "business_id": 5147
    },
    {
      "value": 0.15,
      "amount": 1,
      "economic_skill": 0,
      "currency_id": 28,
      "business_id": 9052
    },
    {
      "value": 10,
      "amount": 2,
      "economic_skill": 0,
      "currency_id": 28,
      "business_id": 9782
    },
    {
      "value": 10,
      "amount": 4,
      "economic_skill": 0,
      "currency_id": 28,
      "business_id": 9892
    },
    {
      "value": 0.247,
      "amount": 1,
      "economic_skill": 0,
      "currency_id": 28,
      "business_id": 8145
    },
    {
      "value": 0.225,
      "amount": 1,
      "economic_skill": 0,
      "currency_id": 28,
      "business_id": 9174
    },
    {
      "value": 0.43,
      "amount": 1,
      "economic_skill": 0,
      "currency_id": 28,
      "business_id": 8987
    },
    {
      "value": 0.318,
      "amount": 1,
      "economic_skill": 0,
      "currency_id": 28,
      "business_id": 8975
    },
    {
      "value": 0.239,
      "amount": 1,
      "economic_skill": 0,
      "currency_id": 28,
      "business_id": 8444
    },
    {
      "value": 15.01,
      "amount": 1,
      "economic_skill": 19,
      "currency_id": 28,
      "business_id": 517
    },
    {
      "value": 0.167,
      "amount": 1,
      "economic_skill": 0,
      "currency_id": 28,
      "business_id": 8870
    },
    {
      "value": 2.77,
      "amount": 1,
      "economic_skill": 0,
      "currency_id": 28,
      "business_id": 8943
    },
    {
      "value": 2.701,
      "amount": 1,
      "economic_skill": 0,
      "currency_id": 28,
      "business_id": 9320
    },
    {
      "value": 0.264,
      "amount": 1,
      "economic_skill": 0,
      "currency_id": 28,
      "business_id": 9604
    },
    {
      "value": 0.482,
      "amount": 1,
      "economic_skill": 0,
      "currency_id": 28,
      "business_id": 8445
    },
    {
      "value": 15,
      "amount": 1,
      "economic_skill": 19,
      "currency_id": 28,
      "business_id": 9836
    },
    {
      "value": 0.387,
      "amount": 1,
      "economic_skill": 0,
      "currency_id": 28,
      "business_id": 8698
    },
    {
      "value": 11,
      "amount": 3,
      "eco... (truncated)

Pobieranie danych: ofertach pracy w kraju Turkey z URL: https://api.eclesiar.com/market/jobs/get?country_id=31...
--- Dane o ofertach pracy w kraju Turkey ---
{
  "code": 200,
  "description": "Success",
  "data": [
    {
      "value": 4,
      "amount": 1,
      "economic_skill": 0,
      "currency_id": 29,
      "business_id": 6533
    },
    {
      "value": 40,
      "amount": 1,
      "economic_skill": 0,
      "currency_id": 29,
      "business_id": 4088
    },
    {
      "value": 6,
      "amount": 9,
      "economic_skill": 0,
      "currency_id": 29,
      "business_id": 294
    },
    {
      "value": 6.5,
      "amount": 1,
      "economic_skill": 3,
      "currency_id": 29,
      "business_id": 8796
    },
    {
      "value": 4,
      "amount": 1,
      "economic_skill": 0,
      "currency_id": 29,
      "business_id": 9906
    },
    {
      "value": 8,
      "amount": 1,
      "economic_skill": 19,
      "currency_id": 29,
      "business_id": 9837
    },
    {
      "value": 5.6,
      "amount": 3,
      "economic_skill": 0,
      "currency_id": 29,
      "business_id": 9911
    },
    {
      "value": 5.5,
      "amount": 9,
      "economic_skill": 0,
      "currency_id": 29,
      "business_id": 1487
    },
    {
      "value": 4,
      "amount": 1,
      "economic_skill": 0,
      "currency_id": 29,
      "business_id": 7884
    },
    {
      "value": 4.4,
      "amount": 1,
      "economic_skill": 4,
      "currency_id": 29,
      "business_id": 2686
    },
    {
      "value": 4.5,
      "amount": 1,
      "economic_skill": 20,
      "currency_id": 29,
      "business_id": 9778
    },
    {
      "value": 4.5,
      "amount": 1,
      "economic_skill": 0,
      "currency_id": 29,
      "business_id": 4351
    }
  ]
}

Pobieranie danych: ofertach pracy w kraju Ukraine z URL: https://api.eclesiar.com/market/jobs/get?country_id=32...
--- Dane o ofertach pracy w kraju Ukraine ---
{
  "code": 200,
  "description": "Success"
}

Pobieranie danych: ofertach pracy w kraju Russia z URL: https://api.eclesiar.com/market/jobs/get?country_id=33...
--- Dane o ofertach pracy w kraju Russia ---
{
  "code": 200,
  "description": "Success"
}

Pobieranie danych: ofertach pracy w kraju Georgia z URL: https://api.eclesiar.com/market/jobs/get?country_id=34...
--- Dane o ofertach pracy w kraju Georgia ---
{
  "code": 200,
  "description": "Success",
  "data": [
    {
      "value": 0.218,
      "amount": 1,
      "economic_skill": 0,
      "currency_id": 32,
      "business_id": 7825
    }
  ]
}

Pobieranie danych: ofertach pracy w kraju Israel z URL: https://api.eclesiar.com/market/jobs/get?country_id=35...
--- Dane o ofertach pracy w kraju Israel ---
{
  "code": 200,
  "description": "Success"
}

Pobieranie danych: ofertach pracy w kraju Egypt z URL: https://api.eclesiar.com/market/jobs/get?country_id=36...
--- Dane o ofertach pracy w kraju Egypt ---
{
  "code": 200,
  "description": "Success"
}

Pobieranie danych: ofertach pracy w kraju South Africa z URL: https://api.eclesiar.com/market/jobs/get?country_id=37...
--- Dane o ofertach pracy w kraju South Africa ---
{
  "code": 200,
  "description": "Success"
}

Pobieranie danych: ofertach pracy w kraju Iraq z URL: https://api.eclesiar.com/market/jobs/get?country_id=38...
--- Dane o ofertach pracy w kraju Iraq ---
{
  "code": 200,
  "description": "Success"
}

Pobieranie danych: ofertach pracy w kraju Saudi Arabia z URL: https://api.eclesiar.com/market/jobs/get?country_id=39...
--- Dane o ofertach pracy w kraju Saudi Arabia ---
{
  "code": 200,
  "description": "Success",
  "data": [
    {
      "value": 9.25,
      "amount": 1,
      "economic_skill": 0,
      "currency_id": 36,
      "business_id": 4996
    },
    {
      "value": 9.1,
      "amount": 1,
      "economic_skill": 0,
      "currency_id": 36,
      "business_id": 4996
    }
  ]
}

Pobieranie danych: ofertach pracy w kraju Iran z URL: https://api.eclesiar.com/market/jobs/get?country_id=40...
--- Dane o ofertach pracy w kraju Iran ---
{
  "code": 200,
  "description": "Success"
}

Pobieranie danych: ofertach pracy w kraju Pakistan z URL: https://api.eclesiar.com/market/jobs/get?country_id=41...
--- Dane o ofertach pracy w kraju Pakistan ---
{
  "code": 200,
  "description": "Success"
}

Pobieranie danych: ofertach pracy w kraju India z URL: https://api.eclesiar.com/market/jobs/get?country_id=42...
--- Dane o ofertach pracy w kraju India ---
{
  "code": 200,
  "description": "Success",
  "data": [
    {
      "value": 4,
      "amount": 1,
      "economic_skill": 0,
      "currency_id": 40,
      "business_id": 78
    }
  ]
}

Pobieranie danych: ofertach pracy w kraju China z URL: https://api.eclesiar.com/market/jobs/get?country_id=43...
--- Dane o ofertach pracy w kraju China ---
{
  "code": 200,
  "description": "Success",
  "data": [
    {
      "value": 0.008,
      "amount": 1,
      "economic_skill": 0,
      "currency_id": 41,
      "business_id": 9921
    },
    {
      "value": 0.035,
      "amount": 1,
      "economic_skill": 0,
      "currency_id": 41,
      "business_id": 9164
    },
    {
      "value": 0.113,
      "amount": 1,
      "economic_skill": 0,
      "currency_id": 41,
      "business_id": 8831
    },
    {
      "value": 2,
      "amount": 1,
      "economic_skill": 0,
      "currency_id": 41,
      "business_id": 4864
    },
    {
      "value": 0.111,
      "amount": 1,
      "economic_skill": 0,
      "currency_id": 41,
      "business_id": 8700
    },
    {
      "value": 0.079,
      "amount": 1,
      "economic_skill": 0,
      "currency_id": 41,
      "business_id": 7819
    },
    {
      "value": 3.5,
      "amount": 1,
      "economic_skill": 0,
      "currency_id": 41,
      "business_id": 7086
    },
    {
      "value": 1.2,
      "amount": 1,
      "economic_skill": 0,
      "currency_id": 41,
      "business_id": 9723
    },
    {
      "value": 4,
      "amount": 1,
      "economic_skill": 8,
      "currency_id": 41,
      "business_id": 8005
    },
    {
      "value": 3.4,
      "amount": 1,
      "economic_skill": 4,
      "currency_id": 41,
      "business_id": 8005
    },
    {
      "value": 3.3,
      "amount": 1,
      "economic_skill": 5,
      "currency_id": 41,
      "business_id": 8005
    },
    {
      "value": 1.5,
      "amount": 2,
      "economic_skill": 0,
      "currency_id": 41,
      "business_id": 8197
    },
    {
      "value": 1.1,
      "amount": 1,
      "economic_skill": 2,
      "currency_id": 41,
      "business_id": 8005
    },
    {
      "value": 2,
      "amount": 1,
      "economic_skill": 0,
      "currency_id": 41,
      "business_id": 9963
    },
    {
      "value": 1.9,
      "amount": 1,
      "economic_skill": 0,
      "currency_id": 41,
      "business_id": 9963
    },
    {
      "value": 1.8,
      "amount": 1,
      "economic_skill": 0,
      "currency_id": 41,
      "business_id": 9963
    },
    {
      "value": 1.7,
      "amount": 1,
      "economic_skill": 0,
      "currency_id": 41,
      "business_id": 9963
    },
    {
      "value": 1.6,
      "amount": 1,
      "economic_skill": 0,
      "currency_id": 41,
      "business_id": 9963
    },
    {
      "value": 1.5,
      "amount": 1,
      "economic_skill": 0,
      "currency_id": 41,
      "business_id": 9963
    },
    {
      "value": 1,
      "amount": 5,
      "economic_skill": 0,
      "currency_id": 41,
      "business_id": 9963
    },
    {
      "value": 1,
      "amount": 1,
      "economic_skill": 0,
      "currency_id": 41,
      "business_id": 3392
    },
    {
      "value": 0.5,
      "amount": 1,
      "economic_skill": 0,
      "currency_id": 41,
      "business_id": 7965
    },
    {
      "value": 0.1,
      "amount": 5,
      "economic_skill": 0,
      "curr... (truncated)

Pobieranie danych: ofertach pracy w kraju Japan z URL: https://api.eclesiar.com/market/jobs/get?country_id=44...
--- Dane o ofertach pracy w kraju Japan ---
{
  "code": 200,
  "description": "Success",
  "data": [
    {
      "value": 7,
      "amount": 4,
      "economic_skill": 0,
      "currency_id": 42,
      "business_id": 870
    },
    {
      "value": 55,
      "amount": 1,
      "economic_skill": 18,
      "currency_id": 42,
      "business_id": 8019
    },
    {
      "value": 13,
      "amount": 1,
      "economic_skill": 0,
      "currency_id": 42,
      "business_id": 9470
    },
    {
      "value": 8,
      "amount": 1,
      "economic_skill": 0,
      "currency_id": 42,
      "business_id": 1561
    },
    {
      "value": 7,
      "amount": 1,
      "economic_skill": 0,
      "currency_id": 42,
      "business_id": 7069
    },
    {
      "value": 7,
      "amount": 1,
      "economic_skill": 18,
      "currency_id": 42,
      "business_id": 5873
    },
    {
      "value": 8,
      "amount": 1,
      "economic_skill": 0,
      "currency_id": 42,
      "business_id": 4767
    }
  ]
}

Pobieranie danych: ofertach pracy w kraju South Korea z URL: https://api.eclesiar.com/market/jobs/get?country_id=45...
--- Dane o ofertach pracy w kraju South Korea ---
{
  "code": 200,
  "description": "Success",
  "data": [
    {
      "value": 16,
      "amount": 1,
      "economic_skill": 21,
      "currency_id": 43,
      "business_id": 8390
    }
  ]
}

Pobieranie danych: ofertach pracy w kraju Indonesia z URL: https://api.eclesiar.com/market/jobs/get?country_id=46...
--- Dane o ofertach pracy w kraju Indonesia ---
{
  "code": 200,
  "description": "Success"
}

Pobieranie danych: ofertach pracy w kraju Australia z URL: https://api.eclesiar.com/market/jobs/get?country_id=47...
--- Dane o ofertach pracy w kraju Australia ---
{
  "code": 200,
  "description": "Success",
  "data": [
    {
      "value": 5,
      "amount": 11,
      "economic_skill": 1,
      "currency_id": 45,
      "business_id": 8366
    },
    {
      "value": 5,
      "amount": 1,
      "economic_skill": 0,
      "currency_id": 45,
      "business_id": 6732
    },
    {
      "value": 5,
      "amount": 1,
      "economic_skill": 0,
      "currency_id": 45,
      "business_id": 7247
    },
    {
      "value": 8.5,
      "amount": 1,
      "economic_skill": 12,
      "currency_id": 45,
      "business_id": 2665
    },
    {
      "value": 5.7,
      "amount": 1,
      "economic_skill": 0,
      "currency_id": 45,
      "business_id": 2665
    },
    {
      "value": 5.5,
      "amount": 2,
      "economic_skill": 0,
      "currency_id": 45,
      "business_id": 2665
    },
    {
      "value": 5.5,
      "amount": 1,
      "economic_skill": 6,
      "currency_id": 45,
      "business_id": 2665
    },
    {
      "value": 5.5,
      "amount": 1,
      "economic_skill": 5,
      "currency_id": 45,
      "business_id": 2665
    },
    {
      "value": 5.1,
      "amount": 2,
      "economic_skill": 0,
      "currency_id": 45,
      "business_id": 2665
    },
    {
      "value": 5,
      "amount": 2,
      "economic_skill": 0,
      "currency_id": 45,
      "business_id": 979
    },
    {
      "value": 5,
      "amount": 3,
      "economic_skill": 0,
      "currency_id": 45,
      "business_id": 737
    },
    {
      "value": 5,
      "amount": 2,
      "economic_skill": 0,
      "currency_id": 45,
      "business_id": 5596
    },
    {
      "value": 5,
      "amount": 5,
      "economic_skill": 0,
      "currency_id": 45,
      "business_id": 2665
    },
    {
      "value": 6.5,
      "amount": 1,
      "economic_skill": 12,
      "currency_id": 45,
      "business_id": 2665
    },
    {
      "value": 6,
      "amount": 2,
      "economic_skill": 12,
      "currency_id": 45,
      "business_id": 2665
    },
    {
      "value": 5,
      "amount": 1,
      "economic_skill": 0,
      "currency_id": 45,
      "business_id": 5837
    },
    {
      "value": 5,
      "amount": 1,
      "economic_skill": 0,
      "currency_id": 45,
      "business_id": 5811
    },
    {
      "value": 5,
      "amount": 1,
      "economic_skill": 0,
      "currency_id": 45,
      "business_id": 5957
    },
    {
      "value": 5,
      "amount": 1,
      "economic_skill": 0,
      "currency_id": 45,
      "business_id": 5903
    },
    {
      "value": 5,
      "amount": 1,
      "economic_skill": 0,
      "currency_id": 45,
      "business_id": 4844
    },
    {
      "value": 5,
      "amount": 1,
      "economic_skill": 0,
      "currency_id": 45,
      "business_id": 1329
    },
    {
      "value": 5,
      "amount": 1,
      "economic_skill": 20,
      "currency_id": 45,
      "business_id": 8193
    },
    {
      "value": 6.51,
      "amount": 1,
      "economic_skill": 0,
      "currency_id": 45,
      "busin... (truncated)

Pobieranie danych: ofertach pracy w kraju Philippines z URL: https://api.eclesiar.com/market/jobs/get?country_id=48...
--- Dane o ofertach pracy w kraju Philippines ---
{
  "code": 200,
  "description": "Success"
}

 100% [##############################] 124/124 ETA 00:00 - Ekonomia: najlepsze oferty pracy  99% [#############################-] 124/125 ETA 00:00                                   Pobieranie danych: przedmiotach (strona 1) z URL: https://api.eclesiar.com/server/items?page=1...
--- Dane o przedmiotach (strona 1) ---
{
  "code": 200,
  "description": "Success",
  "data": [
    {
      "id": 1,
      "name": "Grain",
      "quality": 0,
      "weight": 1,
      "negotiable": true,
      "type": "CEREAL",
      "avatar": "https://storage.eclesiar.com/medias/25.png?v=b2ae775a4952cbe6e286d8af65d8d162"
    },
    {
      "id": 2,
      "name": "Food",
      "quality": 1,
      "weight": 3,
      "negotiable": true,
      "type": "FOOD",
      "avatar": "https://storage.eclesiar.com/medias/24.png?v=40a0dd99db4013221304133eba6b7748"
    },
    {
      "id": 3,
      "name": "Food",
      "quality": 2,
      "weight": 3,
      "negotiable": true,
      "type": "FOOD",
      "avatar": "https://storage.eclesiar.com/medias/23.png?v=07bcd164bf7652f6204b7120d17a3d5d"
    },
    {
      "id": 4,
      "name": "Food",
      "quality": 3,
      "weight": 3,
      "negotiable": true,
      "type": "FOOD",
      "avatar": "https://storage.eclesiar.com/medias/22.png?v=fd71439dc35b539fcd5b3594cbeeed87"
    },
    {
      "id": 5,
      "name": "Food",
      "quality": 4,
      "weight": 3,
      "negotiable": true,
      "type": "FOOD",
      "avatar": "https://storage.eclesiar.com/medias/21.png?v=6904b725692139a87038f86510246294"
    },
    {
      "id": 6,
      "name": "Food",
      "quality": 5,
      "weight": 3,
      "negotiable": true,
      "type": "FOOD",
      "avatar": "https://storage.eclesiar.com/medias/20.png?v=947f42af1e15eacba7ac7e2f1336b13c"
    },
    {
      "id": 7,
      "name": "Iron",
      "quality": 0,
      "weight": 1,
      "negotiable": true,
      "type": "MATERIALS",
      "avatar": "https://storage.eclesiar.com/medias/19.png?v=18c1545b2c5dfcc8fdc482e715ec3f6f"
    },
    {
      "id": 8,
      "name": "Weapon",
      "quality": 1,
      "weight": 2,
      "negotiable": true,
      "type": "WEAPONS",
      "avatar": "https://storage.eclesiar.com/medias/18.png?v=85204a1bec3e95eb3bf98c95f06436ea"
    },
    {
      "id": 9,
      "name": "Weapon",
      "quality": 2,
      "weight": 2,
      "negotiable": true,
      "type": "WEAPONS",
      "avatar": "https://storage.eclesiar.com/medias/17.png?v=ddada0bf129e44f2426ce9c50ac6f33a"
    },
    {
      "id": 10,
      "name": "Weapon",
      "quality": 3,
      "weight": 2,
      "negotiable": true,
      "type": "WEAPONS",
      "avatar": "https://storage.eclesiar.com/medias/16.png?v=5a81978182d85b6629545617f92bd441"
    },
    {
      "id": 11,
      "name": "Weapon",
      "quality": 4,
      "weight": 2,
      "negotiable": true,
      "type": "WEAPONS",
      "avatar": "https://storage.eclesiar.com/medias/15.png?v=58ff86439c36ec8b75cc514d5f3901d3"
    },
    {
      "id": 12,
      "name": "Weapon",
      "quality": 5,
      "weight": 2,
      "negotiable": true,
      "type": "WEAPONS",
      "avatar": "https://storage.eclesiar.com/medias/14.png?v=ed6bd607497157a991e5a1315ad9191f"
    },
    {
      "id": 13,
      "name": "Fuel",
      "quality": 0,
      "weight": 1,
      "negotiable": true,
  ... (truncated)

Pobieranie danych: przedmiotach (strona 2) z URL: https://api.eclesiar.com/server/items?page=2...
--- Dane o przedmiotach (strona 2) ---
{
  "code": 200,
  "description": "Success",
  "data": [
    {
      "id": 26,
      "name": "City map",
      "quality": 0,
      "weight": 0,
      "negotiable": true,
      "type": "CONSUMABLE",
      "avatar": "https://storage.eclesiar.com/medias/27.png?v=35e8b1cf2bb3955cf048f457b396bc07"
    },
    {
      "id": 27,
      "name": "Tank",
      "quality": 0,
      "weight": 0,
      "negotiable": true,
      "type": "CONSUMABLE",
      "avatar": "https://storage.eclesiar.com/medias/28.png?v=4822edf58f71895449461ba9c5e74d6c"
    },
    {
      "id": 28,
      "name": "Bomber",
      "quality": 0,
      "weight": 0,
      "negotiable": true,
      "type": "CONSUMABLE",
      "avatar": "https://storage.eclesiar.com/medias/29.png?v=b895f4554220ee46cf850ea351fd47f5"
    },
    {
      "id": 29,
      "name": "Steroids",
      "quality": 0,
      "weight": 0,
      "negotiable": true,
      "type": "CONSUMABLE",
      "avatar": "https://storage.eclesiar.com/medias/30.png?v=8a07653357710675d79d790c89074be3"
    },
    {
      "id": 30,
      "name": "Medic bag",
      "quality": 0,
      "weight": 0,
      "negotiable": true,
      "type": "CONSUMABLE",
      "avatar": "https://storage.eclesiar.com/medias/31.png?v=6a6e68bc7dae85f2699d6262d574e0c3"
    },
    {
      "id": 31,
      "name": "Adrenaline",
      "quality": 0,
      "weight": 0,
      "negotiable": true,
      "type": "CONSUMABLE",
      "avatar": "https://storage.eclesiar.com/medias/32.png?v=c1b33b64f60fb4b7460abedbc8054798"
    },
    {
      "id": 32,
      "name": "Focus",
      "quality": 0,
      "weight": 0,
      "negotiable": true,
      "type": "CONSUMABLE",
      "avatar": "https://storage.eclesiar.com/medias/33.png?v=6bb997502ada6cf11867bd43d87d5db7"
    },
    {
      "id": 33,
      "name": "Hammer",
      "quality": 0,
      "weight": 0,
      "negotiable": true,
      "type": "CONSUMABLE",
      "avatar": "https://storage.eclesiar.com/medias/432.png?v=37dc8a46caff6288eef4be10441f75ef"
    },
    {
      "id": 34,
      "name": "Coffee",
      "quality": 0,
      "weight": 0,
      "negotiable": true,
      "type": "CONSUMABLE",
      "avatar": "https://storage.eclesiar.com/medias/3247.png?v=3f9fb4e42c7eb8882fcaf1de13c4e701"
    },
    {
      "id": 35,
      "name": "Protein bar",
      "quality": 0,
      "weight": 0,
      "negotiable": true,
      "type": "CONSUMABLE",
      "avatar": "https://storage.eclesiar.com/medias/3248.png?v=b9059473843b4e233c755ce2ea43de38"
    },
    {
      "id": 36,
      "name": "Food",
      "quality": 5,
      "weight": 3,
      "negotiable": true,
      "type": "FOOD",
      "avatar": "https://storage.eclesiar.com/medias/4835.png?v=cee933959723db9ed1b79fbe02406c11"
    },
    {
      "id": 37,
      "name": "Airplane ticket",
      "quality": 5,
      "weight": 4,
      "negotiable": true,
      "type": "TICKETS",
      "avatar": "https://storage.eclesiar.com/medias/4836.png?v=9d5c6e0a1f9d991f81ac9ab9b07acd80"
    },
    {
      "id": 3... (truncated)

Pobieranie danych: przedmiotach (strona 3) z URL: https://api.eclesiar.com/server/items?page=3...
--- Dane o przedmiotach (strona 3) ---
{
  "code": 200,
  "description": "Success",
  "data": [
    {
      "id": 51,
      "name": "Protein Shake",
      "quality": 0,
      "weight": 0,
      "negotiable": false,
      "type": "CONSUMABLE",
      "avatar": "https://storage.eclesiar.com/medias/placeholder_item.png"
    },
    {
      "id": 52,
      "name": "Tactical Rucksack",
      "quality": 0,
      "weight": 0,
      "negotiable": true,
      "type": "CONSUMABLE",
      "avatar": "https://storage.eclesiar.com/medias/11306.png?v=b92535686d4d56ec478b35ec925b6d42"
    }
  ]
}

Pobieranie danych: przedmiotach (strona 4) z URL: https://api.eclesiar.com/server/items?page=4...
--- Dane o przedmiotach (strona 4) ---
{
  "code": 200,
  "description": "Success"
}

DEBUG: Pobrano 52 towar√≥w
DEBUG: eco_countries count: 45
Pobieranie najta≈Ñszych towar√≥w dla 45 kraj√≥w i 52 towar√≥w...
DEBUG: Rozpoczynam pobieranie najta≈Ñszych towar√≥w dla 52 towar√≥w z 45 kraj√≥w
Pobieranie danych: cenach itemu grain w kraju United Kingdom z URL: https://api.eclesiar.com/market/items/get?country_id=2&item_id=1...
--- Dane o cenach itemu grain w kraju United Kingdom ---
{
  "code": 200,
  "description": "Success",
  "data": [
    {
      "value": 0.4,
      "amount": 480,
      "owner": {
        "id": 148,
        "type": "holding"
      }
    },
    {
      "value": 1,
      "amount": 1,
      "owner": {
        "id": 45,
        "type": "account"
      }
    },
    {
      "value": 1,
      "amount": 17,
      "owner": {
        "id": 10754,
        "type": "account"
      }
    },
    {
      "value": 1,
      "amount": 154,
      "owner": {
        "id": 7892,
        "type": "account"
      }
    },
    {
      "value": 1,
      "amount": 1,
      "owner": {
        "id": 12657,
        "type": "account"
      }
    },
    {
      "value": 10,
      "amount": 2,
      "owner": {
        "id": 8071,
        "type": "account"
      }
    }
  ]
}

Pobieranie danych: cenach itemu grain w kraju United States of America z URL: https://api.eclesiar.com/market/items/get?country_id=3&item_id=1...
--- Dane o cenach itemu grain w kraju United States of America ---
{
  "code": 200,
  "description": "Success",
  "data": [
    {
      "value": 0.13,
      "amount": 47,
      "owner": {
        "id": 12162,
        "type": "account"
      }
    },
    {
      "value": 0.14,
      "amount": 29,
      "owner": {
        "id": 16307,
        "type": "account"
      }
    },
    {
      "value": 0.143,
      "amount": 300,
      "owner": {
        "id": 282,
        "type": "account"
      }
    },
    {
      "value": 0.148,
      "amount": 190,
      "owner": {
        "id": 1896,
        "type": "account"
      }
    },
    {
      "value": 0.149,
      "amount": 481,
      "owner": {
        "id": 102,
        "type": "holding"
      }
    },
    {
      "value": 0.19,
      "amount": 545,
      "owner": {
        "id": 8886,
        "type": "account"
      }
    },
    {
      "value": 0.19,
      "amount": 1,
      "owner": {
        "id": 10043,
        "type": "account"
      }
    },
    {
      "value": 0.198,
      "amount": 25,
      "owner": {
        "id": 10177,
        "type": "account"
      }
    },
    {
      "value": 0.2,
      "amount": 12,
      "owner": {
        "id": 314,
        "type": "account"
      }
    },
    {
      "value": 0.3,
      "amount": 1,
      "owner": {
        "id": 16488,
        "type": "account"
      }
    },
    {
      "value": 0.4,
      "amount": 2076,
      "owner": {
        "id": 71,
        "type": "account"
      }
    },
    {
      "value": 0.5,
      "amount": 45,
      "owner": {
        "id": 16356,
        "type": "account"
      }
    },
    {
      "value": 1,
      "amount": 22,
      "owner": {
        "id": 2196,
        "type": "account"
      }
    },
    {
      "value": 1,
      "amount": 1,
      "owner": {
        "id": 13038,
        "type": "account"
      }
    },
    {
      "value": 1,
      "amount": 5,
      "owner": {
        "id": 1775,
        "type": "account"
      }
    },
    {
      "value": 1,
      "amount": 1,
      "owner": {
        "id": 1251,
        "type": "account"
      }
    },
    {
      "value": 1,
      "amount": 1,
      "owner": {
        "id": 3964,
        "type": "account"
      }
    },
    {
      "value": 1,
      "amount": 1,
      "owner": {
        "id": 10204,
        "type": "account"
      }
    },
    {
      "value": 1,
      "amount": 11,
      "owner": {
        "id": 2701,
        "type": "account"
      }
    },
    {
      "value": 1,
      "amount": 1,
      "owner": {
        "id": 10879,
        "type": "account"
      }
    },
    {
      "value": 1,
      "amount": 1,
      "owner": {
        "id": 1577,
        "type": "account"
      }
    },
    {
      "value": 1,
      "amount": 3,
      "owner": {
        "id": 345,
        "type": "account"
      }
    },
    {
      "value": 1,
      "amount": 2,
      "owner": {
        "id": 1812,
        "type": "account"
      }
    },
    {
      "value": 1,
      "amount": 1,
      "owner": {
        "id": 1594,
        "type": "accoun... (truncated)

Pobieranie danych: cenach itemu grain w kraju Mexico z URL: https://api.eclesiar.com/market/items/get?country_id=4&item_id=1...
--- Dane o cenach itemu grain w kraju Mexico ---
{
  "code": 200,
  "description": "Success",
  "data": [
    {
      "value": 0.5,
      "amount": 122,
      "owner": {
        "id": 9939,
        "type": "account"
      }
    },
    {
      "value": 1,
      "amount": 1,
      "owner": {
        "id": 1690,
        "type": "account"
      }
    },
    {
      "value": 1,
      "amount": 2,
      "owner": {
        "id": 9441,
        "type": "account"
      }
    },
    {
      "value": 1,
      "amount": 1,
      "owner": {
        "id": 9030,
        "type": "account"
      }
    },
    {
      "value": 10,
      "amount": 2,
      "owner": {
        "id": 12903,
        "type": "account"
      }
    }
  ]
}

Pobieranie danych: cenach itemu grain w kraju Colombia z URL: https://api.eclesiar.com/market/items/get?country_id=5&item_id=1...
--- Dane o cenach itemu grain w kraju Colombia ---
{
  "code": 200,
  "description": "Success",
  "data": [
    {
      "value": 2,
      "amount": 50,
      "owner": {
        "id": 10277,
        "type": "account"
      }
    },
    {
      "value": 5,
      "amount": 50,
      "owner": {
        "id": 10277,
        "type": "account"
      }
    },
    {
      "value": 100,
      "amount": 5,
      "owner": {
        "id": 2655,
        "type": "account"
      }
    }
  ]
}

Pobieranie danych: cenach itemu grain w kraju Peru z URL: https://api.eclesiar.com/market/items/get?country_id=6&item_id=1...
--- Dane o cenach itemu grain w kraju Peru ---
{
  "code": 200,
  "description": "Success",
  "data": [
    {
      "value": 0.487,
      "amount": 137,
      "owner": {
        "id": 6,
        "type": "country"
      }
    },
    {
      "value": 0.488,
      "amount": 174,
      "owner": {
        "id": 12419,
        "type": "account"
      }
    },
    {
      "value": 0.489,
      "amount": 50,
      "owner": {
        "id": 14688,
        "type": "account"
      }
    },
    {
      "value": 0.5,
      "amount": 48,
      "owner": {
        "id": 14581,
        "type": "account"
      }
    }
  ]
}

Pobieranie danych: cenach itemu grain w kraju Brazil z URL: https://api.eclesiar.com/market/items/get?country_id=7&item_id=1...
--- Dane o cenach itemu grain w kraju Brazil ---
{
  "code": 200,
  "description": "Success",
  "data": [
    {
      "value": 0.999,
      "amount": 57,
      "owner": {
        "id": 3034,
        "type": "account"
      }
    },
    {
      "value": 1,
      "amount": 1,
      "owner": {
        "id": 13437,
        "type": "account"
      }
    },
    {
      "value": 1,
      "amount": 7,
      "owner": {
        "id": 5799,
        "type": "account"
      }
    },
    {
      "value": 1,
      "amount": 1,
      "owner": {
        "id": 13383,
        "type": "account"
      }
    },
    {
      "value": 1.9,
      "amount": 1,
      "owner": {
        "id": 12657,
        "type": "account"
      }
    },
    {
      "value": 2,
      "amount": 2,
      "owner": {
        "id": 12139,
        "type": "account"
      }
    },
    {
      "value": 2,
      "amount": 1,
      "owner": {
        "id": 5698,
        "type": "account"
      }
    },
    {
      "value": 2,
      "amount": 1,
      "owner": {
        "id": 12657,
        "type": "account"
      }
    },
    {
      "value": 2,
      "amount": 3,
      "owner": {
        "id": 12295,
        "type": "account"
      }
    },
    {
      "value": 2,
      "amount": 1,
      "owner": {
        "id": 1688,
        "type": "account"
      }
    },
    {
      "value": 3,
      "amount": 1,
      "owner": {
        "id": 12295,
        "type": "account"
      }
    },
    {
      "value": 5,
      "amount": 1,
      "owner": {
        "id": 10636,
        "type": "account"
      }
    },
    {
      "value": 5,
      "amount": 1,
      "owner": {
        "id": 13437,
        "type": "account"
      }
    },
    {
      "value": 10,
      "amount": 5,
      "owner": {
        "id": 16066,
        "type": "account"
      }
    },
    {
      "value": 10,
      "amount": 3,
      "owner": {
        "id": 16064,
        "type": "account"
      }
    }
  ]
}

Pobieranie danych: cenach itemu grain w kraju Chile z URL: https://api.eclesiar.com/market/items/get?country_id=8&item_id=1...
--- Dane o cenach itemu grain w kraju Chile ---
{
  "code": 200,
  "description": "Success",
  "data": [
    {
      "value": 0.788,
      "amount": 131,
      "owner": {
        "id": 14314,
        "type": "account"
      }
    },
    {
      "value": 0.79,
      "amount": 90,
      "owner": {
        "id": 2214,
        "type": "account"
      }
    },
    {
      "value": 1,
      "amount": 7,
      "owner": {
        "id": 6032,
        "type": "account"
      }
    },
    {
      "value": 1,
      "amount": 1,
      "owner": {
        "id": 10012,
        "type": "account"
      }
    },
    {
      "value": 1,
      "amount": 1,
      "owner": {
        "id": 1594,
        "type": "account"
      }
    },
    {
      "value": 1,
      "amount": 5,
      "owner": {
        "id": 706,
        "type": "account"
      }
    },
    {
      "value": 1,
      "amount": 2,
      "owner": {
        "id": 9030,
        "type": "account"
      }
    },
    {
      "value": 1,
      "amount": 1,
      "owner": {
        "id": 9601,
        "type": "account"
      }
    },
    {
      "value": 2,
      "amount": 3,
      "owner": {
        "id": 12139,
        "type": "account"
      }
    },
    {
      "value": 4,
      "amount": 1,
      "owner": {
        "id": 752,
        "type": "account"
      }
    },
    {
      "value": 1212,
      "amount": 1,
      "owner": {
        "id": 9122,
        "type": "account"
      }
    }
  ]
}

Pobieranie danych: cenach itemu grain w kraju Argentina z URL: https://api.eclesiar.com/market/items/get?country_id=10&item_id=1...
--- Dane o cenach itemu grain w kraju Argentina ---
{
  "code": 200,
  "description": "Success",
  "data": [
    {
      "value": 0.8,
      "amount": 17,
      "owner": {
        "id": 10754,
        "type": "account"
      }
    }
  ]
}

Pobieranie danych: cenach itemu grain w kraju Ireland z URL: https://api.eclesiar.com/market/items/get?country_id=11&item_id=1...
--- Dane o cenach itemu grain w kraju Ireland ---
{
  "code": 200,
  "description": "Success",
  "data": [
    {
      "value": 0.2,
      "amount": 1,
      "owner": {
        "id": 13536,
        "type": "account"
      }
    },
    {
      "value": 0.2,
      "amount": 103,
      "owner": {
        "id": 11,
        "type": "country"
      }
    },
    {
      "value": 0.22,
      "amount": 70,
      "owner": {
        "id": 522,
        "type": "holding"
      }
    }
  ]
}

Pobieranie danych: cenach itemu grain w kraju France z URL: https://api.eclesiar.com/market/items/get?country_id=12&item_id=1...
--- Dane o cenach itemu grain w kraju France ---
{
  "code": 200,
  "description": "Success",
  "data": [
    {
      "value": 0.165,
      "amount": 802,
      "owner": {
        "id": 50,
        "type": "holding"
      }
    },
    {
      "value": 0.169,
      "amount": 1601,
      "owner": {
        "id": 287,
        "type": "holding"
      }
    },
    {
      "value": 0.17,
      "amount": 370,
      "owner": {
        "id": 50,
        "type": "holding"
      }
    },
    {
      "value": 0.66,
      "amount": 300,
      "owner": {
        "id": 15277,
        "type": "account"
      }
    },
    {
      "value": 0.668,
      "amount": 500,
      "owner": {
        "id": 5546,
        "type": "account"
      }
    },
    {
      "value": 0.669,
      "amount": 235,
      "owner": {
        "id": 1908,
        "type": "account"
      }
    },
    {
      "value": 0.9,
      "amount": 2,
      "owner": {
        "id": 5479,
        "type": "account"
      }
    },
    {
      "value": 1,
      "amount": 1,
      "owner": {
        "id": 1690,
        "type": "account"
      }
    },
    {
      "value": 1,
      "amount": 44,
      "owner": {
        "id": 2737,
        "type": "account"
      }
    },
    {
      "value": 1,
      "amount": 1,
      "owner": {
        "id": 12657,
        "type": "account"
      }
    },
    {
      "value": 1,
      "amount": 1,
      "owner": {
        "id": 1594,
        "type": "account"
      }
    },
    {
      "value": 4,
      "amount": 1,
      "owner": {
        "id": 752,
        "type": "account"
      }
    },
    {
      "value": 10,
      "amount": 3,
      "owner": {
        "id": 13494,
        "type": "account"
      }
    },
    {
      "value": 33,
      "amount": 1,
      "owner": {
        "id": 752,
        "type": "account"
      }
    },
    {
      "value": 1000,
      "amount": 1,
      "owner": {
        "id": 1801,
        "type": "account"
      }
    },
    {
      "value": 10000,
      "amount": 1,
      "owner": {
        "id": 1801,
        "type": "account"
      }
    }
  ]
}

Pobieranie danych: cenach itemu grain w kraju Portugal z URL: https://api.eclesiar.com/market/items/get?country_id=13&item_id=1...
--- Dane o cenach itemu grain w kraju Portugal ---
{
  "code": 200,
  "description": "Success",
  "data": [
    {
      "value": 0.18,
      "amount": 3,
      "owner": {
        "id": 203,
        "type": "account"
      }
    },
    {
      "value": 0.19,
      "amount": 16,
      "owner": {
        "id": 5148,
        "type": "account"
      }
    },
    {
      "value": 0.195,
      "amount": 586,
      "owner": {
        "id": 537,
        "type": "holding"
      }
    },
    {
      "value": 0.2,
      "amount": 14,
      "owner": {
        "id": 4556,
        "type": "account"
      }
    },
    {
      "value": 0.6,
      "amount": 2,
      "owner": {
        "id": 15943,
        "type": "account"
      }
    },
    {
      "value": 1,
      "amount": 1,
      "owner": {
        "id": 15413,
        "type": "account"
      }
    },
    {
      "value": 1,
      "amount": 1,
      "owner": {
        "id": 12295,
        "type": "account"
      }
    },
    {
      "value": 1,
      "amount": 1,
      "owner": {
        "id": 6510,
        "type": "account"
      }
    },
    {
      "value": 1,
      "amount": 1,
      "owner": {
        "id": 9904,
        "type": "account"
      }
    },
    {
      "value": 1,
      "amount": 1,
      "owner": {
        "id": 216,
        "type": "account"
      }
    },
    {
      "value": 2,
      "amount": 4,
      "owner": {
        "id": 12295,
        "type": "account"
      }
    },
    {
      "value": 2,
      "amount": 3,
      "owner": {
        "id": 12139,
        "type": "account"
      }
    },
    {
      "value": 10,
      "amount": 1,
      "owner": {
        "id": 13408,
        "type": "account"
      }
    }
  ]
}

Pobieranie danych: cenach itemu grain w kraju Spain z URL: https://api.eclesiar.com/market/items/get?country_id=14&item_id=1...
--- Dane o cenach itemu grain w kraju Spain ---
{
  "code": 200,
  "description": "Success",
  "data": [
    {
      "value": 0.041,
      "amount": 70,
      "owner": {
        "id": 1908,
        "type": "account"
      }
    },
    {
      "value": 0.043,
      "amount": 37,
      "owner": {
        "id": 11952,
        "type": "account"
      }
    },
    {
      "value": 0.048,
      "amount": 27,
      "owner": {
        "id": 13228,
        "type": "account"
      }
    },
    {
      "value": 0.074,
      "amount": 116,
      "owner": {
        "id": 10177,
        "type": "account"
      }
    },
    {
      "value": 0.075,
      "amount": 349,
      "owner": {
        "id": 10666,
        "type": "account"
      }
    },
    {
      "value": 0.079,
      "amount": 200,
      "owner": {
        "id": 12510,
        "type": "account"
      }
    },
    {
      "value": 0.1,
      "amount": 24,
      "owner": {
        "id": 10856,
        "type": "account"
      }
    },
    {
      "value": 0.1,
      "amount": 1,
      "owner": {
        "id": 5608,
        "type": "account"
      }
    },
    {
      "value": 0.1,
      "amount": 22,
      "owner": {
        "id": 1843,
        "type": "account"
      }
    },
    {
      "value": 0.1,
      "amount": 1,
      "owner": {
        "id": 10133,
        "type": "account"
      }
    },
    {
      "value": 0.2,
      "amount": 4,
      "owner": {
        "id": 3540,
        "type": "account"
      }
    },
    {
      "value": 0.2,
      "amount": 106,
      "owner": {
        "id": 1843,
        "type": "account"
      }
    },
    {
      "value": 1,
      "amount": 2,
      "owner": {
        "id": 13514,
        "type": "account"
      }
    },
    {
      "value": 2,
      "amount": 1,
      "owner": {
        "id": 1688,
        "type": "account"
      }
    },
    {
      "value": 1000,
      "amount": 1,
      "owner": {
        "id": 8886,
        "type": "account"
      }
    },
    {
      "value": 1111,
      "amount": 1,
      "owner": {
        "id": 1959,
        "type": "account"
      }
    }
  ]
}

Pobieranie danych: cenach itemu grain w kraju Germany z URL: https://api.eclesiar.com/market/items/get?country_id=15&item_id=1...
--- Dane o cenach itemu grain w kraju Germany ---
{
  "code": 200,
  "description": "Success",
  "data": [
    {
      "value": 0.075,
      "amount": 298,
      "owner": {
        "id": 2194,
        "type": "account"
      }
    },
    {
      "value": 0.075,
      "amount": 153,
      "owner": {
        "id": 54,
        "type": "holding"
      }
    },
    {
      "value": 0.085,
      "amount": 3,
      "owner": {
        "id": 1613,
        "type": "account"
      }
    },
    {
      "value": 0.087,
      "amount": 37,
      "owner": {
        "id": 13732,
        "type": "account"
      }
    },
    {
      "value": 0.09,
      "amount": 820,
      "owner": {
        "id": 4243,
        "type": "account"
      }
    },
    {
      "value": 0.3,
      "amount": 102,
      "owner": {
        "id": 10224,
        "type": "account"
      }
    },
    {
      "value": 0.4,
      "amount": 18,
      "owner": {
        "id": 7573,
        "type": "account"
      }
    },
    {
      "value": 0.92,
      "amount": 166,
      "owner": {
        "id": 10511,
        "type": "account"
      }
    },
    {
      "value": 1,
      "amount": 1,
      "owner": {
        "id": 4634,
        "type": "account"
      }
    },
    {
      "value": 1,
      "amount": 2,
      "owner": {
        "id": 1594,
        "type": "account"
      }
    },
    {
      "value": 1,
      "amount": 1,
      "owner": {
        "id": 2658,
        "type": "account"
      }
    },
    {
      "value": 1,
      "amount": 1,
      "owner": {
        "id": 1604,
        "type": "account"
      }
    },
    {
      "value": 1,
      "amount": 2,
      "owner": {
        "id": 218,
        "type": "account"
      }
    },
    {
      "value": 1,
      "amount": 1,
      "owner": {
        "id": 1623,
        "type": "account"
      }
    },
    {
      "value": 2,
      "amount": 2,
      "owner": {
        "id": 16068,
        "type": "account"
      }
    },
    {
      "value": 2,
      "amount": 2,
      "owner": {
        "id": 2658,
        "type": "account"
      }
    },
    {
      "value": 2,
      "amount": 2,
      "owner": {
        "id": 1812,
        "type": "account"
      }
    },
    {
      "value": 2,
      "amount": 20,
      "owner": {
        "id": 1688,
        "type": "account"
      }
    },
    {
      "value": 2,
      "amount": 4,
      "owner": {
        "id": 12295,
        "type": "account"
      }
    },
    {
      "value": 2.1,
      "amount": 2,
      "owner": {
        "id": 1812,
        "type": "account"
      }
    },
    {
      "value": 2.2,
      "amount": 2,
      "owner": {
        "id": 1812,
        "type": "account"
      }
    },
    {
      "value": 3,
      "amount": 3,
      "owner": {
        "id": 13086,
        "type": "account"
      }
    },
    {
      "value": 4,
      "amount": 25,
      "owner": {
        "id": 5940,
        "type": "account"
      }
    },
    {
      "value": 10,
      "amount": 1,
      "owner": {
        "id": 12853,
        "type": "account"
     ... (truncated)

Pobieranie danych: cenach itemu grain w kraju Sweden z URL: https://api.eclesiar.com/market/items/get?country_id=16&item_id=1...
--- Dane o cenach itemu grain w kraju Sweden ---
{
  "code": 200,
  "description": "Success",
  "data": [
    {
      "value": 0.16,
      "amount": 412,
      "owner": {
        "id": 60,
        "type": "holding"
      }
    },
    {
      "value": 0.17,
      "amount": 522,
      "owner": {
        "id": 441,
        "type": "account"
      }
    },
    {
      "value": 0.18,
      "amount": 93,
      "owner": {
        "id": 441,
        "type": "account"
      }
    },
    {
      "value": 0.299,
      "amount": 212,
      "owner": {
        "id": 1660,
        "type": "account"
      }
    },
    {
      "value": 0.6,
      "amount": 2,
      "owner": {
        "id": 15943,
        "type": "account"
      }
    },
    {
      "value": 0.9,
      "amount": 1,
      "owner": {
        "id": 12657,
        "type": "account"
      }
    },
    {
      "value": 1,
      "amount": 2,
      "owner": {
        "id": 1594,
        "type": "account"
      }
    },
    {
      "value": 1,
      "amount": 1,
      "owner": {
        "id": 13489,
        "type": "account"
      }
    },
    {
      "value": 1,
      "amount": 1,
      "owner": {
        "id": 4995,
        "type": "account"
      }
    },
    {
      "value": 1,
      "amount": 1,
      "owner": {
        "id": 12502,
        "type": "account"
      }
    },
    {
      "value": 1,
      "amount": 1,
      "owner": {
        "id": 12433,
        "type": "account"
      }
    },
    {
      "value": 1,
      "amount": 15,
      "owner": {
        "id": 781,
        "type": "account"
      }
    },
    {
      "value": 1,
      "amount": 2,
      "owner": {
        "id": 202,
        "type": "account"
      }
    },
    {
      "value": 1,
      "amount": 1,
      "owner": {
        "id": 12657,
        "type": "account"
      }
    },
    {
      "value": 1,
      "amount": 1,
      "owner": {
        "id": 5847,
        "type": "account"
      }
    },
    {
      "value": 2,
      "amount": 1,
      "owner": {
        "id": 12657,
        "type": "account"
      }
    },
    {
      "value": 2,
      "amount": 9,
      "owner": {
        "id": 12314,
        "type": "account"
      }
    },
    {
      "value": 2.5,
      "amount": 1,
      "owner": {
        "id": 12314,
        "type": "account"
      }
    },
    {
      "value": 5,
      "amount": 1,
      "owner": {
        "id": 1594,
        "type": "account"
      }
    },
    {
      "value": 5,
      "amount": 5,
      "owner": {
        "id": 1551,
        "type": "account"
      }
    },
    {
      "value": 10,
      "amount": 1,
      "owner": {
        "id": 12336,
        "type": "account"
      }
    },
    {
      "value": 10,
      "amount": 1,
      "owner": {
        "id": 12904,
        "type": "account"
      }
    },
    {
      "value": 10,
      "amount": 1,
      "owner": {
        "id": 13494,
        "type": "account"
      }
    },
    {
      "value": 10,
      "amount": 1,
      "owner": {
        "id": 8236,
        "type": "account"
      }
    },
  ... (truncated)

Pobieranie danych: cenach itemu grain w kraju Italy z URL: https://api.eclesiar.com/market/items/get?country_id=17&item_id=1...
--- Dane o cenach itemu grain w kraju Italy ---
{
  "code": 200,
  "description": "Success",
  "data": [
    {
      "value": 0.19,
      "amount": 427,
      "owner": {
        "id": 9611,
        "type": "account"
      }
    },
    {
      "value": 0.198,
      "amount": 516,
      "owner": {
        "id": 541,
        "type": "holding"
      }
    },
    {
      "value": 0.199,
      "amount": 265,
      "owner": {
        "id": 17,
        "type": "country"
      }
    },
    {
      "value": 0.2,
      "amount": 656,
      "owner": {
        "id": 510,
        "type": "holding"
      }
    },
    {
      "value": 0.2,
      "amount": 40,
      "owner": {
        "id": 15904,
        "type": "account"
      }
    },
    {
      "value": 0.5,
      "amount": 65,
      "owner": {
        "id": 6653,
        "type": "account"
      }
    },
    {
      "value": 3,
      "amount": 1,
      "owner": {
        "id": 16408,
        "type": "account"
      }
    },
    {
      "value": 10,
      "amount": 1,
      "owner": {
        "id": 2687,
        "type": "account"
      }
    },
    {
      "value": 566,
      "amount": 1,
      "owner": {
        "id": 9945,
        "type": "account"
      }
    },
    {
      "value": 989898,
      "amount": 1,
      "owner": {
        "id": 9945,
        "type": "account"
      }
    }
  ]
}

Pobieranie danych: cenach itemu grain w kraju Poland z URL: https://api.eclesiar.com/market/items/get?country_id=18&item_id=1...
--- Dane o cenach itemu grain w kraju Poland ---
{
  "code": 200,
  "description": "Success",
  "data": [
    {
      "value": 0.06,
      "amount": 280,
      "owner": {
        "id": 14209,
        "type": "account"
      }
    },
    {
      "value": 0.061,
      "amount": 282,
      "owner": {
        "id": 597,
        "type": "holding"
      }
    },
    {
      "value": 0.062,
      "amount": 46,
      "owner": {
        "id": 14632,
        "type": "account"
      }
    },
    {
      "value": 0.062,
      "amount": 40,
      "owner": {
        "id": 13775,
        "type": "account"
      }
    },
    {
      "value": 0.063,
      "amount": 55,
      "owner": {
        "id": 15069,
        "type": "account"
      }
    },
    {
      "value": 0.063,
      "amount": 83,
      "owner": {
        "id": 14176,
        "type": "account"
      }
    },
    {
      "value": 0.063,
      "amount": 129,
      "owner": {
        "id": 10200,
        "type": "account"
      }
    },
    {
      "value": 0.063,
      "amount": 1437,
      "owner": {
        "id": 9892,
        "type": "account"
      }
    },
    {
      "value": 0.064,
      "amount": 199,
      "owner": {
        "id": 11744,
        "type": "account"
      }
    },
    {
      "value": 0.065,
      "amount": 58,
      "owner": {
        "id": 14191,
        "type": "account"
      }
    },
    {
      "value": 0.065,
      "amount": 788,
      "owner": {
        "id": 15150,
        "type": "account"
      }
    },
    {
      "value": 0.065,
      "amount": 50,
      "owner": {
        "id": 13984,
        "type": "account"
      }
    },
    {
      "value": 0.065,
      "amount": 21,
      "owner": {
        "id": 14805,
        "type": "account"
      }
    },
    {
      "value": 0.065,
      "amount": 11,
      "owner": {
        "id": 13851,
        "type": "account"
      }
    },
    {
      "value": 0.067,
      "amount": 84,
      "owner": {
        "id": 14175,
        "type": "account"
      }
    },
    {
      "value": 0.068,
      "amount": 39,
      "owner": {
        "id": 11407,
        "type": "account"
      }
    },
    {
      "value": 0.069,
      "amount": 200,
      "owner": {
        "id": 11311,
        "type": "account"
      }
    },
    {
      "value": 0.07,
      "amount": 6,
      "owner": {
        "id": 14871,
        "type": "account"
      }
    },
    {
      "value": 0.07,
      "amount": 2,
      "owner": {
        "id": 9868,
        "type": "account"
      }
    },
    {
      "value": 0.07,
      "amount": 105,
      "owner": {
        "id": 14545,
        "type": "account"
      }
    },
    {
      "value": 0.07,
      "amount": 2396,
      "owner": {
        "id": 9914,
        "type": "account"
      }
    },
    {
      "value": 0.083,
      "amount": 214,
      "owner": {
        "id": 9914,
        "type": "account"
      }
    },
    {
      "value": 0.084,
      "amount": 120,
      "owner": {
        "id": 11886,
        "type": "account"
      }
    },
    {
      "value": 0... (truncated)

Pobieranie danych: cenach itemu grain w kraju Lithuania z URL: https://api.eclesiar.com/market/items/get?country_id=19&item_id=1...
--- Dane o cenach itemu grain w kraju Lithuania ---
{
  "code": 200,
  "description": "Success",
  "data": [
    {
      "value": 0.4,
      "amount": 1759,
      "owner": {
        "id": 19,
        "type": "country"
      }
    },
    {
      "value": 1,
      "amount": 1,
      "owner": {
        "id": 13251,
        "type": "account"
      }
    },
    {
      "value": 1.1,
      "amount": 84,
      "owner": {
        "id": 7696,
        "type": "account"
      }
    },
    {
      "value": 1.7,
      "amount": 55,
      "owner": {
        "id": 10247,
        "type": "account"
      }
    },
    {
      "value": 1.72,
      "amount": 183,
      "owner": {
        "id": 10247,
        "type": "account"
      }
    },
    {
      "value": 1.75,
      "amount": 221,
      "owner": {
        "id": 10247,
        "type": "account"
      }
    },
    {
      "value": 1.8,
      "amount": 177,
      "owner": {
        "id": 3006,
        "type": "account"
      }
    },
    {
      "value": 1.89,
      "amount": 98,
      "owner": {
        "id": 4752,
        "type": "account"
      }
    },
    {
      "value": 2,
      "amount": 100,
      "owner": {
        "id": 1559,
        "type": "account"
      }
    },
    {
      "value": 2.397,
      "amount": 9,
      "owner": {
        "id": 4607,
        "type": "account"
      }
    }
  ]
}

Pobieranie danych: cenach itemu grain w kraju Slovenia z URL: https://api.eclesiar.com/market/items/get?country_id=20&item_id=1...
--- Dane o cenach itemu grain w kraju Slovenia ---
{
  "code": 200,
  "description": "Success",
  "data": [
    {
      "value": 0.16,
      "amount": 449,
      "owner": {
        "id": 20,
        "type": "country"
      }
    },
    {
      "value": 0.161,
      "amount": 32,
      "owner": {
        "id": 5250,
        "type": "account"
      }
    },
    {
      "value": 0.163,
      "amount": 246,
      "owner": {
        "id": 55,
        "type": "holding"
      }
    },
    {
      "value": 0.163,
      "amount": 7,
      "owner": {
        "id": 15220,
        "type": "account"
      }
    },
    {
      "value": 0.164,
      "amount": 10,
      "owner": {
        "id": 12426,
        "type": "account"
      }
    },
    {
      "value": 0.165,
      "amount": 1864,
      "owner": {
        "id": 8,
        "type": "holding"
      }
    },
    {
      "value": 0.173,
      "amount": 506,
      "owner": {
        "id": 1584,
        "type": "account"
      }
    },
    {
      "value": 0.175,
      "amount": 131,
      "owner": {
        "id": 1741,
        "type": "account"
      }
    },
    {
      "value": 0.185,
      "amount": 40,
      "owner": {
        "id": 13504,
        "type": "account"
      }
    },
    {
      "value": 0.187,
      "amount": 221,
      "owner": {
        "id": 13504,
        "type": "account"
      }
    },
    {
      "value": 0.2,
      "amount": 47,
      "owner": {
        "id": 7518,
        "type": "account"
      }
    },
    {
      "value": 0.3,
      "amount": 100,
      "owner": {
        "id": 10357,
        "type": "account"
      }
    },
    {
      "value": 0.3,
      "amount": 1,
      "owner": {
        "id": 12216,
        "type": "account"
      }
    },
    {
      "value": 0.65,
      "amount": 1,
      "owner": {
        "id": 10743,
        "type": "account"
      }
    },
    {
      "value": 0.69,
      "amount": 1,
      "owner": {
        "id": 9574,
        "type": "account"
      }
    },
    {
      "value": 1,
      "amount": 3,
      "owner": {
        "id": 1594,
        "type": "account"
      }
    },
    {
      "value": 1,
      "amount": 1,
      "owner": {
        "id": 1008,
        "type": "account"
      }
    },
    {
      "value": 1,
      "amount": 3,
      "owner": {
        "id": 12336,
        "type": "account"
      }
    },
    {
      "value": 1,
      "amount": 7,
      "owner": {
        "id": 12620,
        "type": "account"
      }
    },
    {
      "value": 1,
      "amount": 1,
      "owner": {
        "id": 2663,
        "type": "account"
      }
    },
    {
      "value": 1,
      "amount": 1,
      "owner": {
        "id": 2626,
        "type": "account"
      }
    },
    {
      "value": 1,
      "amount": 1,
      "owner": {
        "id": 13089,
        "type": "account"
      }
    },
    {
      "value": 1,
      "amount": 1,
      "owner": {
        "id": 1255,
        "type": "account"
      }
    },
    {
      "value": 1,
      "amount": 8,
      "owner": {
        "id": 2701,
       ... (truncated)

Pobieranie danych: cenach itemu grain w kraju Croatia z URL: https://api.eclesiar.com/market/items/get?country_id=21&item_id=1...
--- Dane o cenach itemu grain w kraju Croatia ---
{
  "code": 200,
  "description": "Success",
  "data": [
    {
      "value": 0.152,
      "amount": 81,
      "owner": {
        "id": 9562,
        "type": "account"
      }
    },
    {
      "value": 0.153,
      "amount": 13,
      "owner": {
        "id": 9204,
        "type": "account"
      }
    },
    {
      "value": 0.153,
      "amount": 1,
      "owner": {
        "id": 13780,
        "type": "account"
      }
    },
    {
      "value": 0.155,
      "amount": 1884,
      "owner": {
        "id": 3936,
        "type": "account"
      }
    },
    {
      "value": 0.16,
      "amount": 3,
      "owner": {
        "id": 9227,
        "type": "account"
      }
    },
    {
      "value": 0.5,
      "amount": 1,
      "owner": {
        "id": 9200,
        "type": "account"
      }
    },
    {
      "value": 0.7,
      "amount": 19,
      "owner": {
        "id": 10277,
        "type": "account"
      }
    },
    {
      "value": 1,
      "amount": 1,
      "owner": {
        "id": 10900,
        "type": "account"
      }
    },
    {
      "value": 1,
      "amount": 1,
      "owner": {
        "id": 1594,
        "type": "account"
      }
    },
    {
      "value": 1,
      "amount": 1,
      "owner": {
        "id": 2420,
        "type": "account"
      }
    },
    {
      "value": 1,
      "amount": 3,
      "owner": {
        "id": 816,
        "type": "account"
      }
    },
    {
      "value": 1,
      "amount": 1,
      "owner": {
        "id": 8128,
        "type": "account"
      }
    },
    {
      "value": 1,
      "amount": 1,
      "owner": {
        "id": 706,
        "type": "account"
      }
    },
    {
      "value": 1,
      "amount": 57,
      "owner": {
        "id": 9404,
        "type": "account"
      }
    },
    {
      "value": 2,
      "amount": 2,
      "owner": {
        "id": 1688,
        "type": "account"
      }
    },
    {
      "value": 7,
      "amount": 1,
      "owner": {
        "id": 10676,
        "type": "account"
      }
    },
    {
      "value": 100,
      "amount": 1,
      "owner": {
        "id": 13463,
        "type": "account"
      }
    },
    {
      "value": 999,
      "amount": 1,
      "owner": {
        "id": 7302,
        "type": "account"
      }
    }
  ]
}

Pobieranie danych: cenach itemu grain w kraju Bosnia and Herzegovina z URL: https://api.eclesiar.com/market/items/get?country_id=22&item_id=1...
--- Dane o cenach itemu grain w kraju Bosnia and Herzegovina ---
{
  "code": 200,
  "description": "Success",
  "data": [
    {
      "value": 0.2,
      "amount": 1,
      "owner": {
        "id": 9200,
        "type": "account"
      }
    },
    {
      "value": 1,
      "amount": 3,
      "owner": {
        "id": 1594,
        "type": "account"
      }
    },
    {
      "value": 1,
      "amount": 1,
      "owner": {
        "id": 10743,
        "type": "account"
      }
    },
    {
      "value": 1,
      "amount": 1,
      "owner": {
        "id": 5847,
        "type": "account"
      }
    }
  ]
}

Pobieranie danych: cenach itemu grain w kraju Serbia z URL: https://api.eclesiar.com/market/items/get?country_id=23&item_id=1...
--- Dane o cenach itemu grain w kraju Serbia ---
{
  "code": 200,
  "description": "Success",
  "data": [
    {
      "value": 0.15,
      "amount": 50,
      "owner": {
        "id": 13631,
        "type": "account"
      }
    },
    {
      "value": 0.16,
      "amount": 899,
      "owner": {
        "id": 147,
        "type": "holding"
      }
    },
    {
      "value": 0.17,
      "amount": 1,
      "owner": {
        "id": 15638,
        "type": "account"
      }
    },
    {
      "value": 0.18,
      "amount": 380,
      "owner": {
        "id": 15638,
        "type": "account"
      }
    },
    {
      "value": 0.2,
      "amount": 3407,
      "owner": {
        "id": 5733,
        "type": "account"
      }
    },
    {
      "value": 0.5,
      "amount": 45,
      "owner": {
        "id": 9483,
        "type": "account"
      }
    },
    {
      "value": 1,
      "amount": 1,
      "owner": {
        "id": 1594,
        "type": "account"
      }
    },
    {
      "value": 1,
      "amount": 2,
      "owner": {
        "id": 8128,
        "type": "account"
      }
    },
    {
      "value": 1,
      "amount": 3,
      "owner": {
        "id": 1255,
        "type": "account"
      }
    },
    {
      "value": 1.1,
      "amount": 15,
      "owner": {
        "id": 9483,
        "type": "account"
      }
    },
    {
      "value": 12,
      "amount": 1,
      "owner": {
        "id": 5599,
        "type": "account"
      }
    },
    {
      "value": 100,
      "amount": 1,
      "owner": {
        "id": 3553,
        "type": "account"
      }
    },
    {
      "value": 6564328,
      "amount": 1,
      "owner": {
        "id": 5733,
        "type": "account"
      }
    }
  ]
}

Pobieranie danych: cenach itemu grain w kraju North Macedonia z URL: https://api.eclesiar.com/market/items/get?country_id=24&item_id=1...
--- Dane o cenach itemu grain w kraju North Macedonia ---
{
  "code": 200,
  "description": "Success",
  "data": [
    {
      "value": 100,
      "amount": 4,
      "owner": {
        "id": 3553,
        "type": "account"
      }
    },
    {
      "value": 111,
      "amount": 1,
      "owner": {
        "id": 2404,
        "type": "account"
      }
    }
  ]
}

Pobieranie danych: cenach itemu grain w kraju Albania z URL: https://api.eclesiar.com/market/items/get?country_id=25&item_id=1...
--- Dane o cenach itemu grain w kraju Albania ---
{
  "code": 200,
  "description": "Success",
  "data": [
    {
      "value": 0.99,
      "amount": 37,
      "owner": {
        "id": 4607,
        "type": "account"
      }
    },
    {
      "value": 1,
      "amount": 2,
      "owner": {
        "id": 8128,
        "type": "account"
      }
    },
    {
      "value": 2,
      "amount": 2,
      "owner": {
        "id": 1688,
        "type": "account"
      }
    },
    {
      "value": 36,
      "amount": 34,
      "owner": {
        "id": 4200,
        "type": "account"
      }
    }
  ]
}

Pobieranie danych: cenach itemu grain w kraju Greece z URL: https://api.eclesiar.com/market/items/get?country_id=26&item_id=1...
--- Dane o cenach itemu grain w kraju Greece ---
{
  "code": 200,
  "description": "Success",
  "data": [
    {
      "value": 0.18,
      "amount": 667,
      "owner": {
        "id": 419,
        "type": "holding"
      }
    },
    {
      "value": 0.3,
      "amount": 200,
      "owner": {
        "id": 7343,
        "type": "account"
      }
    },
    {
      "value": 0.5,
      "amount": 154,
      "owner": {
        "id": 7343,
        "type": "account"
      }
    },
    {
      "value": 1,
      "amount": 1,
      "owner": {
        "id": 1255,
        "type": "account"
      }
    },
    {
      "value": 4,
      "amount": 1,
      "owner": {
        "id": 1538,
        "type": "account"
      }
    },
    {
      "value": 5,
      "amount": 1,
      "owner": {
        "id": 7807,
        "type": "account"
      }
    }
  ]
}

Pobieranie danych: cenach itemu grain w kraju Hungary z URL: https://api.eclesiar.com/market/items/get?country_id=27&item_id=1...
--- Dane o cenach itemu grain w kraju Hungary ---
{
  "code": 200,
  "description": "Success",
  "data": [
    {
      "value": 0.2,
      "amount": 99,
      "owner": {
        "id": 2582,
        "type": "account"
      }
    },
    {
      "value": 0.389,
      "amount": 99,
      "owner": {
        "id": 11311,
        "type": "account"
      }
    },
    {
      "value": 0.39,
      "amount": 250,
      "owner": {
        "id": 11301,
        "type": "account"
      }
    },
    {
      "value": 1,
      "amount": 1,
      "owner": {
        "id": 1594,
        "type": "account"
      }
    },
    {
      "value": 1,
      "amount": 4,
      "owner": {
        "id": 2276,
        "type": "account"
      }
    },
    {
      "value": 1,
      "amount": 1,
      "owner": {
        "id": 1690,
        "type": "account"
      }
    },
    {
      "value": 1.05,
      "amount": 300,
      "owner": {
        "id": 10909,
        "type": "account"
      }
    },
    {
      "value": 2,
      "amount": 4,
      "owner": {
        "id": 1688,
        "type": "account"
      }
    },
    {
      "value": 10,
      "amount": 1,
      "owner": {
        "id": 16330,
        "type": "account"
      }
    },
    {
      "value": 11,
      "amount": 1,
      "owner": {
        "id": 16330,
        "type": "account"
      }
    },
    {
      "value": 20,
      "amount": 1,
      "owner": {
        "id": 12551,
        "type": "account"
      }
    },
    {
      "value": 100,
      "amount": 30,
      "owner": {
        "id": 10162,
        "type": "account"
      }
    }
  ]
}

Pobieranie danych: cenach itemu grain w kraju Romania z URL: https://api.eclesiar.com/market/items/get?country_id=28&item_id=1...
--- Dane o cenach itemu grain w kraju Romania ---
{
  "code": 200,
  "description": "Success",
  "data": [
    {
      "value": 0.5,
      "amount": 10,
      "owner": {
        "id": 879,
        "type": "account"
      }
    },
    {
      "value": 1,
      "amount": 1,
      "owner": {
        "id": 1812,
        "type": "account"
      }
    },
    {
      "value": 100,
      "amount": 1,
      "owner": {
        "id": 1526,
        "type": "account"
      }
    },
    {
      "value": 111,
      "amount": 1,
      "owner": {
        "id": 1652,
        "type": "account"
      }
    }
  ]
}

Pobieranie danych: cenach itemu grain w kraju Bulgaria z URL: https://api.eclesiar.com/market/items/get?country_id=30&item_id=1...
--- Dane o cenach itemu grain w kraju Bulgaria ---
{
  "code": 200,
  "description": "Success",
  "data": [
    {
      "value": 0.426,
      "amount": 32,
      "owner": {
        "id": 6265,
        "type": "account"
      }
    },
    {
      "value": 0.427,
      "amount": 721,
      "owner": {
        "id": 7209,
        "type": "account"
      }
    },
    {
      "value": 0.428,
      "amount": 156,
      "owner": {
        "id": 6265,
        "type": "account"
      }
    },
    {
      "value": 0.429,
      "amount": 89,
      "owner": {
        "id": 6075,
        "type": "account"
      }
    },
    {
      "value": 0.43,
      "amount": 99,
      "owner": {
        "id": 15277,
        "type": "account"
      }
    },
    {
      "value": 0.47,
      "amount": 15,
      "owner": {
        "id": 2286,
        "type": "account"
      }
    },
    {
      "value": 0.49,
      "amount": 10,
      "owner": {
        "id": 12197,
        "type": "account"
      }
    },
    {
      "value": 0.5,
      "amount": 5,
      "owner": {
        "id": 15991,
        "type": "account"
      }
    },
    {
      "value": 0.52,
      "amount": 52,
      "owner": {
        "id": 754,
        "type": "account"
      }
    },
    {
      "value": 0.65,
      "amount": 3490,
      "owner": {
        "id": 1222,
        "type": "account"
      }
    },
    {
      "value": 0.789,
      "amount": 123,
      "owner": {
        "id": 1660,
        "type": "account"
      }
    },
    {
      "value": 1,
      "amount": 1,
      "owner": {
        "id": 1594,
        "type": "account"
      }
    },
    {
      "value": 1,
      "amount": 52,
      "owner": {
        "id": 1136,
        "type": "account"
      }
    },
    {
      "value": 1,
      "amount": 30,
      "owner": {
        "id": 1202,
        "type": "account"
      }
    },
    {
      "value": 1,
      "amount": 1,
      "owner": {
        "id": 331,
        "type": "account"
      }
    },
    {
      "value": 1,
      "amount": 1,
      "owner": {
        "id": 8128,
        "type": "account"
      }
    },
    {
      "value": 11,
      "amount": 1,
      "owner": {
        "id": 5599,
        "type": "account"
      }
    },
    {
      "value": 29,
      "amount": 1,
      "owner": {
        "id": 10389,
        "type": "account"
      }
    },
    {
      "value": 45,
      "amount": 1,
      "owner": {
        "id": 9945,
        "type": "account"
      }
    },
    {
      "value": 55,
      "amount": 10,
      "owner": {
        "id": 10389,
        "type": "account"
      }
    }
  ]
}

Pobieranie danych: cenach itemu grain w kraju Turkey z URL: https://api.eclesiar.com/market/items/get?country_id=31&item_id=1...
--- Dane o cenach itemu grain w kraju Turkey ---
{
  "code": 200,
  "description": "Success",
  "data": [
    {
      "value": 0.48,
      "amount": 99,
      "owner": {
        "id": 1812,
        "type": "account"
      }
    },
    {
      "value": 0.49,
      "amount": 91,
      "owner": {
        "id": 10159,
        "type": "account"
      }
    },
    {
      "value": 1,
      "amount": 1,
      "owner": {
        "id": 12657,
        "type": "account"
      }
    },
    {
      "value": 1,
      "amount": 1,
      "owner": {
        "id": 1971,
        "type": "account"
      }
    },
    {
      "value": 2,
      "amount": 3,
      "owner": {
        "id": 10523,
        "type": "account"
      }
    },
    {
      "value": 3,
      "amount": 1,
      "owner": {
        "id": 752,
        "type": "account"
      }
    },
    {
      "value": 10,
      "amount": 1,
      "owner": {
        "id": 12904,
        "type": "account"
      }
    }
  ]
}

Pobieranie danych: cenach itemu grain w kraju Ukraine z URL: https://api.eclesiar.com/market/items/get?country_id=32&item_id=1...
--- Dane o cenach itemu grain w kraju Ukraine ---
{
  "code": 200,
  "description": "Success",
  "data": [
    {
      "value": 0.95,
      "amount": 20,
      "owner": {
        "id": 11634,
        "type": "account"
      }
    }
  ]
}

Pobieranie danych: cenach itemu grain w kraju Russia z URL: https://api.eclesiar.com/market/items/get?country_id=33&item_id=1...
--- Dane o cenach itemu grain w kraju Russia ---
{
  "code": 200,
  "description": "Success"
}

Pobieranie danych: cenach itemu grain w kraju Georgia z URL: https://api.eclesiar.com/market/items/get?country_id=34&item_id=1...
--- Dane o cenach itemu grain w kraju Georgia ---
{
  "code": 200,
  "description": "Success",
  "data": [
    {
      "value": 0.2,
      "amount": 100,
      "owner": {
        "id": 10277,
        "type": "account"
      }
    },
    {
      "value": 0.384,
      "amount": 34,
      "owner": {
        "id": 4607,
        "type": "account"
      }
    },
    {
      "value": 0.386,
      "amount": 155,
      "owner": {
        "id": 2921,
        "type": "npc"
      }
    },
    {
      "value": 0.389,
      "amount": 91,
      "owner": {
        "id": 1785,
        "type": "npc"
      }
    },
    {
      "value": 0.449,
      "amount": 20,
      "owner": {
        "id": 4607,
        "type": "account"
      }
    },
    {
      "value": 0.9,
      "amount": 2,
      "owner": {
        "id": 1812,
        "type": "account"
      }
    },
    {
      "value": 0.91,
      "amount": 20,
      "owner": {
        "id": 5853,
        "type": "account"
      }
    },
    {
      "value": 1,
      "amount": 2,
      "owner": {
        "id": 1812,
        "type": "account"
      }
    },
    {
      "value": 1.02,
      "amount": 2,
      "owner": {
        "id": 1812,
        "type": "account"
      }
    }
  ]
}

Pobieranie danych: cenach itemu grain w kraju Israel z URL: https://api.eclesiar.com/market/items/get?country_id=35&item_id=1...
--- Dane o cenach itemu grain w kraju Israel ---
{
  "code": 200,
  "description": "Success",
  "data": [
    {
      "value": 1,
      "amount": 10,
      "owner": {
        "id": 9889,
        "type": "account"
      }
    },
    {
      "value": 1,
      "amount": 2,
      "owner": {
        "id": 12336,
        "type": "account"
      }
    },
    {
      "value": 3,
      "amount": 20,
      "owner": {
        "id": 10082,
        "type": "account"
      }
    },
    {
      "value": 100,
      "amount": 1,
      "owner": {
        "id": 3553,
        "type": "account"
      }
    }
  ]
}

Pobieranie danych: cenach itemu grain w kraju Egypt z URL: https://api.eclesiar.com/market/items/get?country_id=36&item_id=1...
--- Dane o cenach itemu grain w kraju Egypt ---
{
  "code": 200,
  "description": "Success",
  "data": [
    {
      "value": 0.27,
      "amount": 99,
      "owner": {
        "id": 10277,
        "type": "account"
      }
    },
    {
      "value": 0.3,
      "amount": 1,
      "owner": {
        "id": 12902,
        "type": "account"
      }
    },
    {
      "value": 0.55,
      "amount": 50,
      "owner": {
        "id": 1812,
        "type": "account"
      }
    },
    {
      "value": 0.6,
      "amount": 64,
      "owner": {
        "id": 110,
        "type": "holding"
      }
    },
    {
      "value": 1,
      "amount": 1,
      "owner": {
        "id": 1906,
        "type": "account"
      }
    },
    {
      "value": 100,
      "amount": 1,
      "owner": {
        "id": 1977,
        "type": "account"
      }
    }
  ]
}

Pobieranie danych: cenach itemu grain w kraju South Africa z URL: https://api.eclesiar.com/market/items/get?country_id=37&item_id=1...
--- Dane o cenach itemu grain w kraju South Africa ---
{
  "code": 200,
  "description": "Success"
}

Pobieranie danych: cenach itemu grain w kraju Iraq z URL: https://api.eclesiar.com/market/items/get?country_id=38&item_id=1...
--- Dane o cenach itemu grain w kraju Iraq ---
{
  "code": 200,
  "description": "Success",
  "data": [
    {
      "value": 0.5,
      "amount": 50,
      "owner": {
        "id": 164,
        "type": "holding"
      }
    },
    {
      "value": 0.699,
      "amount": 195,
      "owner": {
        "id": 13488,
        "type": "account"
      }
    }
  ]
}

Pobieranie danych: cenach itemu grain w kraju Saudi Arabia z URL: https://api.eclesiar.com/market/items/get?country_id=39&item_id=1...
--- Dane o cenach itemu grain w kraju Saudi Arabia ---
{
  "code": 200,
  "description": "Success",
  "data": [
    {
      "value": 0.289,
      "amount": 27,
      "owner": {
        "id": 4308,
        "type": "npc"
      }
    },
    {
      "value": 0.29,
      "amount": 12,
      "owner": {
        "id": 14688,
        "type": "account"
      }
    },
    {
      "value": 0.3,
      "amount": 146,
      "owner": {
        "id": 39,
        "type": "country"
      }
    },
    {
      "value": 0.4,
      "amount": 386,
      "owner": {
        "id": 297,
        "type": "holding"
      }
    },
    {
      "value": 0.5,
      "amount": 46,
      "owner": {
        "id": 13630,
        "type": "account"
      }
    },
    {
      "value": 0.645,
      "amount": 16,
      "owner": {
        "id": 8,
        "type": "holding"
      }
    },
    {
      "value": 0.7,
      "amount": 1,
      "owner": {
        "id": 70,
        "type": "account"
      }
    },
    {
      "value": 0.793,
      "amount": 55,
      "owner": {
        "id": 13428,
        "type": "account"
      }
    },
    {
      "value": 0.85,
      "amount": 1,
      "owner": {
        "id": 10743,
        "type": "account"
      }
    },
    {
      "value": 1,
      "amount": 2,
      "owner": {
        "id": 8128,
        "type": "account"
      }
    },
    {
      "value": 1,
      "amount": 1,
      "owner": {
        "id": 12657,
        "type": "account"
      }
    },
    {
      "value": 1.32,
      "amount": 1,
      "owner": {
        "id": 1812,
        "type": "account"
      }
    },
    {
      "value": 2,
      "amount": 4,
      "owner": {
        "id": 1688,
        "type": "account"
      }
    },
    {
      "value": 2,
      "amount": 1,
      "owner": {
        "id": 1812,
        "type": "account"
      }
    },
    {
      "value": 2,
      "amount": 1,
      "owner": {
        "id": 1984,
        "type": "account"
      }
    },
    {
      "value": 2,
      "amount": 1,
      "owner": {
        "id": 1278,
        "type": "account"
      }
    },
    {
      "value": 2.9,
      "amount": 100,
      "owner": {
        "id": 10230,
        "type": "account"
      }
    },
    {
      "value": 3,
      "amount": 1,
      "owner": {
        "id": 1812,
        "type": "account"
      }
    },
    {
      "value": 5,
      "amount": 1,
      "owner": {
        "id": 10827,
        "type": "account"
      }
    },
    {
      "value": 10,
      "amount": 2,
      "owner": {
        "id": 216,
        "type": "account"
      }
    },
    {
      "value": 500,
      "amount": 1,
      "owner": {
        "id": 1209,
        "type": "account"
      }
    }
  ]
}

Pobieranie danych: cenach itemu grain w kraju Iran z URL: https://api.eclesiar.com/market/items/get?country_id=40&item_id=1...
--- Dane o cenach itemu grain w kraju Iran ---
{
  "code": 200,
  "description": "Success"
}

Pobieranie danych: cenach itemu grain w kraju Pakistan z URL: https://api.eclesiar.com/market/items/get?country_id=41&item_id=1...
--- Dane o cenach itemu grain w kraju Pakistan ---
{
  "code": 200,
  "description": "Success",
  "data": [
    {
      "value": 0.2,
      "amount": 88,
      "owner": {
        "id": 41,
        "type": "country"
      }
    },
    {
      "value": 0.2,
      "amount": 70,
      "owner": {
        "id": 10357,
        "type": "account"
      }
    }
  ]
}

Pobieranie danych: cenach itemu grain w kraju India z URL: https://api.eclesiar.com/market/items/get?country_id=42&item_id=1...
--- Dane o cenach itemu grain w kraju India ---
{
  "code": 200,
  "description": "Success",
  "data": [
    {
      "value": 0.25,
      "amount": 26,
      "owner": {
        "id": 10277,
        "type": "account"
      }
    },
    {
      "value": 0.3,
      "amount": 180,
      "owner": {
        "id": 4531,
        "type": "account"
      }
    },
    {
      "value": 5,
      "amount": 2,
      "owner": {
        "id": 3546,
        "type": "account"
      }
    }
  ]
}

Pobieranie danych: cenach itemu grain w kraju China z URL: https://api.eclesiar.com/market/items/get?country_id=43&item_id=1...
--- Dane o cenach itemu grain w kraju China ---
{
  "code": 200,
  "description": "Success",
  "data": [
    {
      "value": 0.132,
      "amount": 129,
      "owner": {
        "id": 12,
        "type": "militaryunit"
      }
    },
    {
      "value": 0.133,
      "amount": 166,
      "owner": {
        "id": 8128,
        "type": "account"
      }
    },
    {
      "value": 0.139,
      "amount": 22,
      "owner": {
        "id": 13573,
        "type": "account"
      }
    },
    {
      "value": 0.174,
      "amount": 35,
      "owner": {
        "id": 216,
        "type": "account"
      }
    },
    {
      "value": 0.45,
      "amount": 56,
      "owner": {
        "id": 6985,
        "type": "account"
      }
    },
    {
      "value": 0.7,
      "amount": 99,
      "owner": {
        "id": 1660,
        "type": "account"
      }
    },
    {
      "value": 0.8,
      "amount": 1,
      "owner": {
        "id": 1442,
        "type": "account"
      }
    },
    {
      "value": 1,
      "amount": 2,
      "owner": {
        "id": 8128,
        "type": "account"
      }
    },
    {
      "value": 1,
      "amount": 1,
      "owner": {
        "id": 1442,
        "type": "account"
      }
    },
    {
      "value": 1,
      "amount": 1,
      "owner": {
        "id": 13489,
        "type": "account"
      }
    },
    {
      "value": 1,
      "amount": 5,
      "owner": {
        "id": 261,
        "type": "account"
      }
    },
    {
      "value": 1,
      "amount": 1,
      "owner": {
        "id": 1255,
        "type": "account"
      }
    }
  ]
}

Pobieranie danych: cenach itemu grain w kraju Japan z URL: https://api.eclesiar.com/market/items/get?country_id=44&item_id=1...
--- Dane o cenach itemu grain w kraju Japan ---
{
  "code": 200,
  "description": "Success",
  "data": [
    {
      "value": 1,
      "amount": 74,
      "owner": {
        "id": 2241,
        "type": "account"
      }
    },
    {
      "value": 9,
      "amount": 17,
      "owner": {
        "id": 13984,
        "type": "account"
      }
    },
    {
      "value": 20,
      "amount": 18,
      "owner": {
        "id": 12485,
        "type": "account"
      }
    },
    {
      "value": 40,
      "amount": 1,
      "owner": {
        "id": 6168,
        "type": "account"
      }
    },
    {
      "value": 50,
      "amount": 1,
      "owner": {
        "id": 2072,
        "type": "account"
      }
    }
  ]
}

Pobieranie danych: cenach itemu grain w kraju South Korea z URL: https://api.eclesiar.com/market/items/get?country_id=45&item_id=1...
--- Dane o cenach itemu grain w kraju South Korea ---
{
  "code": 200,
  "description": "Success",
  "data": [
    {
      "value": 0.9,
      "amount": 199,
      "owner": {
        "id": 5535,
        "type": "account"
      }
    },
    {
      "value": 0.99,
      "amount": 1848,
      "owner": {
        "id": 5853,
        "type": "account"
      }
    },
    {
      "value": 1,
      "amount": 2,
      "owner": {
        "id": 5106,
        "type": "account"
      }
    },
    {
      "value": 1,
      "amount": 1,
      "owner": {
        "id": 8128,
        "type": "account"
      }
    },
    {
      "value": 1,
      "amount": 10,
      "owner": {
        "id": 10357,
        "type": "account"
      }
    },
    {
      "value": 100,
      "amount": 7,
      "owner": {
        "id": 3553,
        "type": "account"
      }
    }
  ]
}

Pobieranie danych: cenach itemu grain w kraju Indonesia z URL: https://api.eclesiar.com/market/items/get?country_id=46&item_id=1...
--- Dane o cenach itemu grain w kraju Indonesia ---
{
  "code": 200,
  "description": "Success"
}

Pobieranie danych: cenach itemu grain w kraju Australia z URL: https://api.eclesiar.com/market/items/get?country_id=47&item_id=1...
--- Dane o cenach itemu grain w kraju Australia ---
{
  "code": 200,
  "description": "Success",
  "data": [
    {
      "value": 0.07,
      "amount": 36,
      "owner": {
        "id": 14130,
        "type": "account"
      }
    },
    {
      "value": 0.07,
      "amount": 266,
      "owner": {
        "id": 94,
        "type": "holding"
      }
    },
    {
      "value": 2,
      "amount": 1,
      "owner": {
        "id": 1688,
        "type": "account"
      }
    },
    {
      "value": 5,
      "amount": 1,
      "owner": {
        "id": 16243,
        "type": "account"
      }
    },
    {
      "value": 5,
      "amount": 1,
      "owner": {
        "id": 13511,
        "type": "account"
      }
    },
    {
      "value": 10,
      "amount": 3,
      "owner": {
        "id": 13511,
        "type": "account"
      }
    }
  ]
}

Pobieranie danych: cenach itemu grain w kraju Philippines z URL: https://api.eclesiar.com/market/items/get?country_id=48&item_id=1...
--- Dane o cenach itemu grain w kraju Philippines ---
{
  "code": 200,
  "description": "Success",
  "data": [
    {
      "value": 0.5,
      "amount": 5,
      "owner": {
        "id": 9574,
        "type": "account"
      }
    },
    {
      "value": 0.99,
      "amount": 2,
      "owner": {
        "id": 2322,
        "type": "account"
      }
    },
    {
      "value": 1,
      "amount": 1,
      "owner": {
        "id": 1594,
        "type": "account"
      }
    },
    {
      "value": 10,
      "amount": 1,
      "owner": {
        "id": 13494,
        "type": "account"
      }
    }
  ]
}

Pobieranie danych: cenach itemu food q1 w kraju United Kingdom z URL: https://api.eclesiar.com/market/items/get?country_id=2&item_id=2...
--- Dane o cenach itemu food q1 w kraju United Kingdom ---
{
  "code": 200,
  "description": "Success",
  "data": [
    {
      "value": 0.54,
      "amount": 110,
      "owner": {
        "id": 16026,
        "type": "account"
      }
    },
    {
      "value": 0.549,
      "amount": 93,
      "owner": {
        "id": 1527,
        "type": "account"
      }
    },
    {
      "value": 0.55,
      "amount": 85,
      "owner": {
        "id": 15929,
        "type": "account"
      }
    },
    {
      "value": 0.6,
      "amount": 4,
      "owner": {
        "id": 247,
        "type": "holding"
      }
    },
    {
      "value": 0.88,
      "amount": 50,
      "owner": {
        "id": 247,
        "type": "holding"
      }
    },
    {
      "value": 1,
      "amount": 1,
      "owner": {
        "id": 13157,
        "type": "account"
      }
    },
    {
      "value": 1.75,
      "amount": 36,
      "owner": {
        "id": 4607,
        "type": "account"
      }
    }
  ]
}

Pobieranie danych: cenach itemu food q1 w kraju United States of America z URL: https://api.eclesiar.com/market/items/get?country_id=3&item_id=2...
--- Dane o cenach itemu food q1 w kraju United States of America ---
{
  "code": 200,
  "description": "Success",
  "data": [
    {
      "value": 0.28,
      "amount": 9,
      "owner": {
        "id": 13471,
        "type": "account"
      }
    },
    {
      "value": 0.29,
      "amount": 15,
      "owner": {
        "id": 9487,
        "type": "account"
      }
    },
    {
      "value": 0.299,
      "amount": 158,
      "owner": {
        "id": 1800,
        "type": "account"
      }
    },
    {
      "value": 0.45,
      "amount": 518,
      "owner": {
        "id": 2484,
        "type": "account"
      }
    },
    {
      "value": 0.5,
      "amount": 59,
      "owner": {
        "id": 12791,
        "type": "account"
      }
    },
    {
      "value": 0.75,
      "amount": 25,
      "owner": {
        "id": 16356,
        "type": "account"
      }
    },
    {
      "value": 0.782,
      "amount": 57,
      "owner": {
        "id": 413,
        "type": "holding"
      }
    },
    {
      "value": 0.99,
      "amount": 1,
      "owner": {
        "id": 1473,
        "type": "account"
      }
    },
    {
      "value": 1,
      "amount": 10,
      "owner": {
        "id": 11956,
        "type": "account"
      }
    },
    {
      "value": 1,
      "amount": 1,
      "owner": {
        "id": 5698,
        "type": "account"
      }
    },
    {
      "value": 1,
      "amount": 1,
      "owner": {
        "id": 16225,
        "type": "account"
      }
    },
    {
      "value": 3,
      "amount": 1,
      "owner": {
        "id": 12096,
        "type": "account"
      }
    },
    {
      "value": 5,
      "amount": 1,
      "owner": {
        "id": 12794,
        "type": "account"
      }
    },
    {
      "value": 10,
      "amount": 14,
      "owner": {
        "id": 12317,
        "type": "account"
      }
    },
    {
      "value": 25,
      "amount": 4,
      "owner": {
        "id": 3938,
        "type": "account"
      }
    },
    {
      "value": 55,
      "amount": 1,
      "owner": {
        "id": 259,
        "type": "account"
      }
    },
    {
      "value": 100,
      "amount": 1,
      "owner": {
        "id": 3945,
        "type": "account"
      }
    },
    {
      "value": 111,
      "amount": 1,
      "owner": {
        "id": 1659,
        "type": "account"
      }
    },
    {
      "value": 9999,
      "amount": 9,
      "owner": {
        "id": 3225,
        "type": "account"
      }
    },
    {
      "value": 9999,
      "amount": 10,
      "owner": {
        "id": 3275,
        "type": "account"
      }
    },
    {
      "value": 9999,
      "amount": 20,
      "owner": {
        "id": 3319,
        "type": "account"
      }
    },
    {
      "value": 9999,
      "amount": 20,
      "owner": {
        "id": 3321,
        "type": "account"
      }
    }
  ]
}

Pobieranie danych: cenach itemu food q1 w kraju Mexico z URL: https://api.eclesiar.com/market/items/get?country_id=4&item_id=2...
--- Dane o cenach itemu food q1 w kraju Mexico ---
{
  "code": 200,
  "description": "Success",
  "data": [
    {
      "value": 1.95,
      "amount": 10,
      "owner": {
        "id": 4607,
        "type": "account"
      }
    }
  ]
}

Pobieranie danych: cenach itemu food q1 w kraju Colombia z URL: https://api.eclesiar.com/market/items/get?country_id=5&item_id=2...
--- Dane o cenach itemu food q1 w kraju Colombia ---
{
  "code": 200,
  "description": "Success"
}

Pobieranie danych: cenach itemu food q1 w kraju Peru z URL: https://api.eclesiar.com/market/items/get?country_id=6&item_id=2...
--- Dane o cenach itemu food q1 w kraju Peru ---
{
  "code": 200,
  "description": "Success",
  "data": [
    {
      "value": 1.249,
      "amount": 21,
      "owner": {
        "id": 9755,
        "type": "account"
      }
    },
    {
      "value": 1.28,
      "amount": 277,
      "owner": {
        "id": 10209,
        "type": "account"
      }
    },
    {
      "value": 1.3,
      "amount": 297,
      "owner": {
        "id": 583,
        "type": "holding"
      }
    },
    {
      "value": 1.339,
      "amount": 123,
      "owner": {
        "id": 11718,
        "type": "account"
      }
    },
    {
      "value": 1.497,
      "amount": 39,
      "owner": {
        "id": 313,
        "type": "holding"
      }
    },
    {
      "value": 1.895,
      "amount": 20,
      "owner": {
        "id": 583,
        "type": "holding"
      }
    },
    {
      "value": 1.9,
      "amount": 57,
      "owner": {
        "id": 313,
        "type": "holding"
      }
    },
    {
      "value": 2.129,
      "amount": 200,
      "owner": {
        "id": 9560,
        "type": "account"
      }
    },
    {
      "value": 2.369,
      "amount": 50,
      "owner": {
        "id": 1693,
        "type": "account"
      }
    }
  ]
}

Pobieranie danych: cenach itemu food q1 w kraju Brazil z URL: https://api.eclesiar.com/market/items/get?country_id=7&item_id=2...
--- Dane o cenach itemu food q1 w kraju Brazil ---
{
  "code": 200,
  "description": "Success",
  "data": [
    {
      "value": 10,
      "amount": 1,
      "owner": {
        "id": 13437,
        "type": "account"
      }
    },
    {
      "value": 10,
      "amount": 1,
      "owner": {
        "id": 16064,
        "type": "account"
      }
    },
    {
      "value": 50,
      "amount": 5,
      "owner": {
        "id": 4052,
        "type": "account"
      }
    },
    {
      "value": 55,
      "amount": 1,
      "owner": {
        "id": 6228,
        "type": "account"
      }
    },
    {
      "value": 55,
      "amount": 1,
      "owner": {
        "id": 6222,
        "type": "account"
      }
    },
    {
      "value": 55,
      "amount": 3,
      "owner": {
        "id": 6257,
        "type": "account"
      }
    }
  ]
}

Pobieranie danych: cenach itemu food q1 w kraju Chile z URL: https://api.eclesiar.com/market/items/get?country_id=8&item_id=2...
--- Dane o cenach itemu food q1 w kraju Chile ---
{
  "code": 200,
  "description": "Success",
  "data": [
    {
      "value": 0.6,
      "amount": 47,
      "owner": {
        "id": 16144,
        "type": "account"
      }
    },
    {
      "value": 0.698,
      "amount": 17,
      "owner": {
        "id": 3131,
        "type": "account"
      }
    },
    {
      "value": 0.7,
      "amount": 65,
      "owner": {
        "id": 14273,
        "type": "account"
      }
    },
    {
      "value": 0.783,
      "amount": 128,
      "owner": {
        "id": 12308,
        "type": "account"
      }
    },
    {
      "value": 0.8,
      "amount": 65,
      "owner": {
        "id": 503,
        "type": "holding"
      }
    },
    {
      "value": 1,
      "amount": 1,
      "owner": {
        "id": 12404,
        "type": "account"
      }
    },
    {
      "value": 1,
      "amount": 2,
      "owner": {
        "id": 12409,
        "type": "account"
      }
    },
    {
      "value": 1,
      "amount": 1,
      "owner": {
        "id": 12429,
        "type": "account"
      }
    },
    {
      "value": 1,
      "amount": 1,
      "owner": {
        "id": 12411,
        "type": "account"
      }
    },
    {
      "value": 1,
      "amount": 2,
      "owner": {
        "id": 12405,
        "type": "account"
      }
    },
    {
      "value": 1,
      "amount": 1,
      "owner": {
        "id": 12410,
        "type": "account"
      }
    },
    {
      "value": 10,
      "amount": 1,
      "owner": {
        "id": 12408,
        "type": "account"
      }
    },
    {
      "value": 10,
      "amount": 1,
      "owner": {
        "id": 12411,
        "type": "account"
      }
    }
  ]
}

Pobieranie danych: cenach itemu food q1 w kraju Argentina z URL: https://api.eclesiar.com/market/items/get?country_id=10&item_id=2...
--- Dane o cenach itemu food q1 w kraju Argentina ---
{
  "code": 200,
  "description": "Success",
  "data": [
    {
      "value": 0.15,
      "amount": 260,
      "owner": {
        "id": 270,
        "type": "holding"
      }
    },
    {
      "value": 2.44,
      "amount": 34,
      "owner": {
        "id": 4607,
        "type": "account"
      }
    },
    {
      "value": 3.5,
      "amount": 7,
      "owner": {
        "id": 3887,
        "type": "account"
      }
    }
  ]
}

Pobieranie danych: cenach itemu food q1 w kraju Ireland z URL: https://api.eclesiar.com/market/items/get?country_id=11&item_id=2...
--- Dane o cenach itemu food q1 w kraju Ireland ---
{
  "code": 200,
  "description": "Success",
  "data": [
    {
      "value": 2.999,
      "amount": 58,
      "owner": {
        "id": 11311,
        "type": "account"
      }
    },
    {
      "value": 1000,
      "amount": 1,
      "owner": {
        "id": 2178,
        "type": "account"
      }
    }
  ]
}

Pobieranie danych: cenach itemu food q1 w kraju France z URL: https://api.eclesiar.com/market/items/get?country_id=12&item_id=2...
--- Dane o cenach itemu food q1 w kraju France ---
{
  "code": 200,
  "description": "Success",
  "data": [
    {
      "value": 0.299,
      "amount": 115,
      "owner": {
        "id": 161,
        "type": "holding"
      }
    },
    {
      "value": 0.387,
      "amount": 37,
      "owner": {
        "id": 180,
        "type": "holding"
      }
    },
    {
      "value": 0.39,
      "amount": 23,
      "owner": {
        "id": 264,
        "type": "account"
      }
    },
    {
      "value": 0.4,
      "amount": 2,
      "owner": {
        "id": 12152,
        "type": "account"
      }
    },
    {
      "value": 6,
      "amount": 1,
      "owner": {
        "id": 16193,
        "type": "account"
      }
    },
    {
      "value": 10,
      "amount": 3,
      "owner": {
        "id": 12903,
        "type": "account"
      }
    },
    {
      "value": 50,
      "amount": 1,
      "owner": {
        "id": 5074,
        "type": "account"
      }
    },
    {
      "value": 55,
      "amount": 24,
      "owner": {
        "id": 1255,
        "type": "account"
      }
    }
  ]
}

Pobieranie danych: cenach itemu food q1 w kraju Portugal z URL: https://api.eclesiar.com/market/items/get?country_id=13&item_id=2...
--- Dane o cenach itemu food q1 w kraju Portugal ---
{
  "code": 200,
  "description": "Success",
  "data": [
    {
      "value": 0.294,
      "amount": 17,
      "owner": {
        "id": 15960,
        "type": "account"
      }
    },
    {
      "value": 0.294,
      "amount": 155,
      "owner": {
        "id": 408,
        "type": "account"
      }
    },
    {
      "value": 0.299,
      "amount": 1103,
      "owner": {
        "id": 457,
        "type": "account"
      }
    },
    {
      "value": 0.38,
      "amount": 116,
      "owner": {
        "id": 9529,
        "type": "account"
      }
    },
    {
      "value": 0.396,
      "amount": 9,
      "owner": {
        "id": 12364,
        "type": "account"
      }
    },
    {
      "value": 0.45,
      "amount": 50,
      "owner": {
        "id": 10357,
        "type": "account"
      }
    },
    {
      "value": 0.66,
      "amount": 2,
      "owner": {
        "id": 15943,
        "type": "account"
      }
    },
    {
      "value": 0.8,
      "amount": 10,
      "owner": {
        "id": 10357,
        "type": "account"
      }
    },
    {
      "value": 1,
      "amount": 1,
      "owner": {
        "id": 13629,
        "type": "account"
      }
    },
    {
      "value": 1,
      "amount": 1,
      "owner": {
        "id": 12295,
        "type": "account"
      }
    },
    {
      "value": 10,
      "amount": 1,
      "owner": {
        "id": 13629,
        "type": "account"
      }
    },
    {
      "value": 12,
      "amount": 1,
      "owner": {
        "id": 13618,
        "type": "account"
      }
    },
    {
      "value": 60,
      "amount": 1,
      "owner": {
        "id": 15943,
        "type": "account"
      }
    }
  ]
}

Pobieranie danych: cenach itemu food q1 w kraju Spain z URL: https://api.eclesiar.com/market/items/get?country_id=14&item_id=2...
--- Dane o cenach itemu food q1 w kraju Spain ---
{
  "code": 200,
  "description": "Success",
  "data": [
    {
      "value": 0.138,
      "amount": 100,
      "owner": {
        "id": 14,
        "type": "country"
      }
    },
    {
      "value": 1,
      "amount": 1,
      "owner": {
        "id": 13633,
        "type": "account"
      }
    },
    {
      "value": 1,
      "amount": 1,
      "owner": {
        "id": 16445,
        "type": "account"
      }
    },
    {
      "value": 10,
      "amount": 1,
      "owner": {
        "id": 13514,
        "type": "account"
      }
    },
    {
      "value": 100,
      "amount": 1,
      "owner": {
        "id": 13376,
        "type": "account"
      }
    },
    {
      "value": 1000,
      "amount": 1,
      "owner": {
        "id": 296,
        "type": "account"
      }
    }
  ]
}

Pobieranie danych: cenach itemu food q1 w kraju Germany z URL: https://api.eclesiar.com/market/items/get?country_id=15&item_id=2...
--- Dane o cenach itemu food q1 w kraju Germany ---
{
  "code": 200,
  "description": "Success",
  "data": [
    {
      "value": 0.45,
      "amount": 201,
      "owner": {
        "id": 503,
        "type": "holding"
      }
    },
    {
      "value": 0.46,
      "amount": 67,
      "owner": {
        "id": 10651,
        "type": "account"
      }
    },
    {
      "value": 0.88,
      "amount": 13,
      "owner": {
        "id": 10651,
        "type": "account"
      }
    },
    {
      "value": 1,
      "amount": 2,
      "owner": {
        "id": 16068,
        "type": "account"
      }
    },
    {
      "value": 1,
      "amount": 1,
      "owner": {
        "id": 13489,
        "type": "account"
      }
    },
    {
      "value": 5,
      "amount": 1,
      "owner": {
        "id": 16016,
        "type": "account"
      }
    },
    {
      "value": 5,
      "amount": 1,
      "owner": {
        "id": 16023,
        "type": "account"
      }
    },
    {
      "value": 10,
      "amount": 1,
      "owner": {
        "id": 13406,
        "type": "account"
      }
    },
    {
      "value": 16,
      "amount": 1,
      "owner": {
        "id": 5435,
        "type": "account"
      }
    }
  ]
}

Pobieranie danych: cenach itemu food q1 w kraju Sweden z URL: https://api.eclesiar.com/market/items/get?country_id=16&item_id=2...
--- Dane o cenach itemu food q1 w kraju Sweden ---
{
  "code": 200,
  "description": "Success",
  "data": [
    {
      "value": 0.32,
      "amount": 8,
      "owner": {
        "id": 506,
        "type": "holding"
      }
    },
    {
      "value": 0.36,
      "amount": 10,
      "owner": {
        "id": 2181,
        "type": "account"
      }
    },
    {
      "value": 0.37,
      "amount": 58,
      "owner": {
        "id": 15572,
        "type": "account"
      }
    },
    {
      "value": 0.398,
      "amount": 8,
      "owner": {
        "id": 1450,
        "type": "account"
      }
    },
    {
      "value": 0.5,
      "amount": 1,
      "owner": {
        "id": 16031,
        "type": "account"
      }
    },
    {
      "value": 0.5,
      "amount": 2,
      "owner": {
        "id": 4607,
        "type": "account"
      }
    },
    {
      "value": 0.6,
      "amount": 1,
      "owner": {
        "id": 12522,
        "type": "account"
      }
    },
    {
      "value": 0.8,
      "amount": 200,
      "owner": {
        "id": 503,
        "type": "holding"
      }
    },
    {
      "value": 1,
      "amount": 3,
      "owner": {
        "id": 12502,
        "type": "account"
      }
    },
    {
      "value": 1,
      "amount": 1,
      "owner": {
        "id": 45,
        "type": "account"
      }
    },
    {
      "value": 1,
      "amount": 1,
      "owner": {
        "id": 10357,
        "type": "account"
      }
    },
    {
      "value": 1,
      "amount": 3,
      "owner": {
        "id": 13629,
        "type": "account"
      }
    },
    {
      "value": 1,
      "amount": 1,
      "owner": {
        "id": 2663,
        "type": "account"
      }
    },
    {
      "value": 1,
      "amount": 20,
      "owner": {
        "id": 12897,
        "type": "account"
      }
    },
    {
      "value": 2,
      "amount": 1,
      "owner": {
        "id": 13494,
        "type": "account"
      }
    },
    {
      "value": 3,
      "amount": 1,
      "owner": {
        "id": 12314,
        "type": "account"
      }
    },
    {
      "value": 3,
      "amount": 3,
      "owner": {
        "id": 218,
        "type": "account"
      }
    },
    {
      "value": 3,
      "amount": 1,
      "owner": {
        "id": 12502,
        "type": "account"
      }
    },
    {
      "value": 5,
      "amount": 1,
      "owner": {
        "id": 11842,
        "type": "account"
      }
    },
    {
      "value": 10,
      "amount": 2,
      "owner": {
        "id": 202,
        "type": "account"
      }
    },
    {
      "value": 10,
      "amount": 2,
      "owner": {
        "id": 33,
        "type": "holding"
      }
    },
    {
      "value": 10,
      "amount": 1,
      "owner": {
        "id": 12491,
        "type": "account"
      }
    }
  ]
}

Pobieranie danych: cenach itemu food q1 w kraju Italy z URL: https://api.eclesiar.com/market/items/get?country_id=17&item_id=2...
--- Dane o cenach itemu food q1 w kraju Italy ---
{
  "code": 200,
  "description": "Success",
  "data": [
    {
      "value": 0.3,
      "amount": 7,
      "owner": {
        "id": 15590,
        "type": "account"
      }
    },
    {
      "value": 0.339,
      "amount": 37,
      "owner": {
        "id": 440,
        "type": "holding"
      }
    },
    {
      "value": 0.34,
      "amount": 684,
      "owner": {
        "id": 10711,
        "type": "account"
      }
    },
    {
      "value": 0.7,
      "amount": 5,
      "owner": {
        "id": 98,
        "type": "holding"
      }
    },
    {
      "value": 2,
      "amount": 5,
      "owner": {
        "id": 15847,
        "type": "account"
      }
    },
    {
      "value": 2,
      "amount": 1,
      "owner": {
        "id": 8071,
        "type": "account"
      }
    },
    {
      "value": 10,
      "amount": 1,
      "owner": {
        "id": 13534,
        "type": "account"
      }
    },
    {
      "value": 50,
      "amount": 1,
      "owner": {
        "id": 13534,
        "type": "account"
      }
    }
  ]
}

Pobieranie danych: cenach itemu food q1 w kraju Poland z URL: https://api.eclesiar.com/market/items/get?country_id=18&item_id=2...
--- Dane o cenach itemu food q1 w kraju Poland ---
{
  "code": 200,
  "description": "Success",
  "data": [
    {
      "value": 0.085,
      "amount": 93,
      "owner": {
        "id": 15912,
        "type": "account"
      }
    },
    {
      "value": 0.085,
      "amount": 50,
      "owner": {
        "id": 14270,
        "type": "account"
      }
    },
    {
      "value": 0.086,
      "amount": 97,
      "owner": {
        "id": 1756,
        "type": "account"
      }
    },
    {
      "value": 0.087,
      "amount": 109,
      "owner": {
        "id": 11311,
        "type": "account"
      }
    },
    {
      "value": 0.087,
      "amount": 12,
      "owner": {
        "id": 10699,
        "type": "account"
      }
    },
    {
      "value": 0.088,
      "amount": 122,
      "owner": {
        "id": 11557,
        "type": "account"
      }
    },
    {
      "value": 0.089,
      "amount": 73,
      "owner": {
        "id": 14837,
        "type": "account"
      }
    },
    {
      "value": 0.089,
      "amount": 24,
      "owner": {
        "id": 1756,
        "type": "account"
      }
    },
    {
      "value": 0.093,
      "amount": 22,
      "owner": {
        "id": 313,
        "type": "holding"
      }
    },
    {
      "value": 0.096,
      "amount": 20,
      "owner": {
        "id": 11546,
        "type": "account"
      }
    },
    {
      "value": 0.098,
      "amount": 20,
      "owner": {
        "id": 9257,
        "type": "account"
      }
    },
    {
      "value": 0.1,
      "amount": 50,
      "owner": {
        "id": 14273,
        "type": "account"
      }
    },
    {
      "value": 0.1,
      "amount": 179,
      "owner": {
        "id": 9580,
        "type": "account"
      }
    },
    {
      "value": 0.1,
      "amount": 10,
      "owner": {
        "id": 1543,
        "type": "account"
      }
    },
    {
      "value": 0.11,
      "amount": 334,
      "owner": {
        "id": 9580,
        "type": "account"
      }
    },
    {
      "value": 0.119,
      "amount": 225,
      "owner": {
        "id": 14810,
        "type": "account"
      }
    },
    {
      "value": 0.13,
      "amount": 95,
      "owner": {
        "id": 14033,
        "type": "account"
      }
    },
    {
      "value": 0.13,
      "amount": 10,
      "owner": {
        "id": 14974,
        "type": "account"
      }
    },
    {
      "value": 0.137,
      "amount": 95,
      "owner": {
        "id": 14810,
        "type": "account"
      }
    },
    {
      "value": 0.138,
      "amount": 5,
      "owner": {
        "id": 12031,
        "type": "account"
      }
    },
    {
      "value": 0.15,
      "amount": 50,
      "owner": {
        "id": 14974,
        "type": "account"
      }
    },
    {
      "value": 0.15,
      "amount": 285,
      "owner": {
        "id": 391,
        "type": "holding"
      }
    },
    {
      "value": 0.15,
      "amount": 10,
      "owner": {
        "id": 10944,
        "type": "account"
      }
    },
    {
      "value": 0.164,
      "amou... (truncated)

Pobieranie danych: cenach itemu food q1 w kraju Lithuania z URL: https://api.eclesiar.com/market/items/get?country_id=19&item_id=2...
--- Dane o cenach itemu food q1 w kraju Lithuania ---
{
  "code": 200,
  "description": "Success"
}

Pobieranie danych: cenach itemu food q1 w kraju Slovenia z URL: https://api.eclesiar.com/market/items/get?country_id=20&item_id=2...
--- Dane o cenach itemu food q1 w kraju Slovenia ---
{
  "code": 200,
  "description": "Success",
  "data": [
    {
      "value": 0.418,
      "amount": 77,
      "owner": {
        "id": 440,
        "type": "holding"
      }
    },
    {
      "value": 0.419,
      "amount": 35,
      "owner": {
        "id": 230,
        "type": "holding"
      }
    },
    {
      "value": 0.5,
      "amount": 88,
      "owner": {
        "id": 503,
        "type": "holding"
      }
    },
    {
      "value": 0.65,
      "amount": 1,
      "owner": {
        "id": 13634,
        "type": "account"
      }
    },
    {
      "value": 0.7,
      "amount": 1,
      "owner": {
        "id": 1278,
        "type": "account"
      }
    },
    {
      "value": 0.99,
      "amount": 2,
      "owner": {
        "id": 1473,
        "type": "account"
      }
    },
    {
      "value": 1,
      "amount": 1,
      "owner": {
        "id": 13089,
        "type": "account"
      }
    },
    {
      "value": 1,
      "amount": 1,
      "owner": {
        "id": 12139,
        "type": "account"
      }
    },
    {
      "value": 1,
      "amount": 2,
      "owner": {
        "id": 12295,
        "type": "account"
      }
    },
    {
      "value": 1,
      "amount": 3,
      "owner": {
        "id": 16340,
        "type": "account"
      }
    },
    {
      "value": 1,
      "amount": 3,
      "owner": {
        "id": 16070,
        "type": "account"
      }
    },
    {
      "value": 2,
      "amount": 1,
      "owner": {
        "id": 5698,
        "type": "account"
      }
    },
    {
      "value": 2,
      "amount": 1,
      "owner": {
        "id": 12295,
        "type": "account"
      }
    },
    {
      "value": 2.5,
      "amount": 4,
      "owner": {
        "id": 2532,
        "type": "account"
      }
    },
    {
      "value": 2.6,
      "amount": 1,
      "owner": {
        "id": 2532,
        "type": "account"
      }
    },
    {
      "value": 3.12,
      "amount": 1,
      "owner": {
        "id": 2666,
        "type": "account"
      }
    },
    {
      "value": 5,
      "amount": 1,
      "owner": {
        "id": 13535,
        "type": "account"
      }
    },
    {
      "value": 10,
      "amount": 1,
      "owner": {
        "id": 12336,
        "type": "account"
      }
    },
    {
      "value": 10,
      "amount": 5,
      "owner": {
        "id": 12317,
        "type": "account"
      }
    },
    {
      "value": 10,
      "amount": 1,
      "owner": {
        "id": 12885,
        "type": "account"
      }
    },
    {
      "value": 50,
      "amount": 1,
      "owner": {
        "id": 13535,
        "type": "account"
      }
    },
    {
      "value": 100,
      "amount": 1,
      "owner": {
        "id": 3553,
        "type": "account"
      }
    },
    {
      "value": 100,
      "amount": 1,
      "owner": {
        "id": 5989,
        "type": "account"
      }
    }
  ]
}

Pobieranie danych: cenach itemu food q1 w kraju Croatia z URL: https://api.eclesiar.com/market/items/get?country_id=21&item_id=2...
--- Dane o cenach itemu food q1 w kraju Croatia ---
{
  "code": 200,
  "description": "Success",
  "data": [
    {
      "value": 0.18,
      "amount": 98,
      "owner": {
        "id": 577,
        "type": "holding"
      }
    },
    {
      "value": 0.189,
      "amount": 31,
      "owner": {
        "id": 6601,
        "type": "account"
      }
    },
    {
      "value": 0.22,
      "amount": 19,
      "owner": {
        "id": 6003,
        "type": "account"
      }
    },
    {
      "value": 0.222,
      "amount": 27,
      "owner": {
        "id": 14974,
        "type": "account"
      }
    },
    {
      "value": 0.225,
      "amount": 30,
      "owner": {
        "id": 10667,
        "type": "account"
      }
    },
    {
      "value": 0.246,
      "amount": 64,
      "owner": {
        "id": 180,
        "type": "holding"
      }
    },
    {
      "value": 0.249,
      "amount": 377,
      "owner": {
        "id": 354,
        "type": "holding"
      }
    },
    {
      "value": 2,
      "amount": 10,
      "owner": {
        "id": 10066,
        "type": "account"
      }
    }
  ]
}

Pobieranie danych: cenach itemu food q1 w kraju Bosnia and Herzegovina z URL: https://api.eclesiar.com/market/items/get?country_id=22&item_id=2...
--- Dane o cenach itemu food q1 w kraju Bosnia and Herzegovina ---
{
  "code": 200,
  "description": "Success",
  "data": [
    {
      "value": 0.3,
      "amount": 282,
      "owner": {
        "id": 2663,
        "type": "account"
      }
    },
    {
      "value": 0.35,
      "amount": 5,
      "owner": {
        "id": 2663,
        "type": "account"
      }
    },
    {
      "value": 0.45,
      "amount": 21,
      "owner": {
        "id": 542,
        "type": "holding"
      }
    }
  ]
}

Pobieranie danych: cenach itemu food q1 w kraju Serbia z URL: https://api.eclesiar.com/market/items/get?country_id=23&item_id=2...
--- Dane o cenach itemu food q1 w kraju Serbia ---
{
  "code": 200,
  "description": "Success",
  "data": [
    {
      "value": 0.2,
      "amount": 1678,
      "owner": {
        "id": 5733,
        "type": "account"
      }
    },
    {
      "value": 0.21,
      "amount": 173,
      "owner": {
        "id": 220,
        "type": "holding"
      }
    },
    {
      "value": 0.21,
      "amount": 588,
      "owner": {
        "id": 5733,
        "type": "account"
      }
    },
    {
      "value": 0.22,
      "amount": 483,
      "owner": {
        "id": 162,
        "type": "holding"
      }
    },
    {
      "value": 0.75,
      "amount": 10,
      "owner": {
        "id": 16518,
        "type": "account"
      }
    },
    {
      "value": 1000,
      "amount": 1,
      "owner": {
        "id": 2337,
        "type": "account"
      }
    }
  ]
}

Pobieranie danych: cenach itemu food q1 w kraju North Macedonia z URL: https://api.eclesiar.com/market/items/get?country_id=24&item_id=2...
--- Dane o cenach itemu food q1 w kraju North Macedonia ---
{
  "code": 200,
  "description": "Success",
  "data": [
    {
      "value": 0.9,
      "amount": 112,
      "owner": {
        "id": 503,
        "type": "holding"
      }
    },
    {
      "value": 1,
      "amount": 1,
      "owner": {
        "id": 2663,
        "type": "account"
      }
    },
    {
      "value": 123,
      "amount": 10,
      "owner": {
        "id": 353,
        "type": "account"
      }
    },
    {
      "value": 222,
      "amount": 1,
      "owner": {
        "id": 2404,
        "type": "account"
      }
    }
  ]
}

Pobieranie danych: cenach itemu food q1 w kraju Albania z URL: https://api.eclesiar.com/market/items/get?country_id=25&item_id=2...
--- Dane o cenach itemu food q1 w kraju Albania ---
{
  "code": 200,
  "description": "Success",
  "data": [
    {
      "value": 1.49,
      "amount": 105,
      "owner": {
        "id": 433,
        "type": "holding"
      }
    }
  ]
}

Pobieranie danych: cenach itemu food q1 w kraju Greece z URL: https://api.eclesiar.com/market/items/get?country_id=26&item_id=2...
--- Dane o cenach itemu food q1 w kraju Greece ---
{
  "code": 200,
  "description": "Success",
  "data": [
    {
      "value": 0.746,
      "amount": 19,
      "owner": {
        "id": 180,
        "type": "holding"
      }
    },
    {
      "value": 0.9,
      "amount": 82,
      "owner": {
        "id": 4637,
        "type": "account"
      }
    },
    {
      "value": 1,
      "amount": 355,
      "owner": {
        "id": 6981,
        "type": "account"
      }
    }
  ]
}

Pobieranie danych: cenach itemu food q1 w kraju Hungary z URL: https://api.eclesiar.com/market/items/get?country_id=27&item_id=2...
--- Dane o cenach itemu food q1 w kraju Hungary ---
{
  "code": 200,
  "description": "Success",
  "data": [
    {
      "value": 0.199,
      "amount": 46,
      "owner": {
        "id": 9716,
        "type": "account"
      }
    },
    {
      "value": 0.4,
      "amount": 89,
      "owner": {
        "id": 14974,
        "type": "account"
      }
    },
    {
      "value": 0.4,
      "amount": 1,
      "owner": {
        "id": 16363,
        "type": "account"
      }
    },
    {
      "value": 1,
      "amount": 1,
      "owner": {
        "id": 2663,
        "type": "account"
      }
    },
    {
      "value": 1,
      "amount": 2,
      "owner": {
        "id": 12602,
        "type": "account"
      }
    },
    {
      "value": 1,
      "amount": 1,
      "owner": {
        "id": 12431,
        "type": "account"
      }
    },
    {
      "value": 6969,
      "amount": 1,
      "owner": {
        "id": 15848,
        "type": "account"
      }
    }
  ]
}

Pobieranie danych: cenach itemu food q1 w kraju Romania z URL: https://api.eclesiar.com/market/items/get?country_id=28&item_id=2...
--- Dane o cenach itemu food q1 w kraju Romania ---
{
  "code": 200,
  "description": "Success"
}

Pobieranie danych: cenach itemu food q1 w kraju Bulgaria z URL: https://api.eclesiar.com/market/items/get?country_id=30&item_id=2...
--- Dane o cenach itemu food q1 w kraju Bulgaria ---
{
  "code": 200,
  "description": "Success",
  "data": [
    {
      "value": 0.6,
      "amount": 150,
      "owner": {
        "id": 4007,
        "type": "account"
      }
    },
    {
      "value": 0.6,
      "amount": 93,
      "owner": {
        "id": 108,
        "type": "holding"
      }
    },
    {
      "value": 0.69,
      "amount": 57,
      "owner": {
        "id": 321,
        "type": "account"
      }
    },
    {
      "value": 0.69,
      "amount": 30,
      "owner": {
        "id": 5807,
        "type": "account"
      }
    },
    {
      "value": 0.99,
      "amount": 11,
      "owner": {
        "id": 1473,
        "type": "account"
      }
    },
    {
      "value": 1,
      "amount": 2,
      "owner": {
        "id": 5677,
        "type": "account"
      }
    }
  ]
}

Pobieranie danych: cenach itemu food q1 w kraju Turkey z URL: https://api.eclesiar.com/market/items/get?country_id=31&item_id=2...
--- Dane o cenach itemu food q1 w kraju Turkey ---
{
  "code": 200,
  "description": "Success",
  "data": [
    {
      "value": 0.19,
      "amount": 345,
      "owner": {
        "id": 1941,
        "type": "account"
      }
    },
    {
      "value": 1,
      "amount": 1,
      "owner": {
        "id": 13629,
        "type": "account"
      }
    },
    {
      "value": 1,
      "amount": 9,
      "owner": {
        "id": 12431,
        "type": "account"
      }
    },
    {
      "value": 100,
      "amount": 2,
      "owner": {
        "id": 2089,
        "type": "account"
      }
    },
    {
      "value": 1000,
      "amount": 1,
      "owner": {
        "id": 12762,
        "type": "account"
      }
    }
  ]
}

Pobieranie danych: cenach itemu food q1 w kraju Ukraine z URL: https://api.eclesiar.com/market/items/get?country_id=32&item_id=2...
--- Dane o cenach itemu food q1 w kraju Ukraine ---
{
  "code": 200,
  "description": "Success"
}

Pobieranie danych: cenach itemu food q1 w kraju Russia z URL: https://api.eclesiar.com/market/items/get?country_id=33&item_id=2...
--- Dane o cenach itemu food q1 w kraju Russia ---
{
  "code": 200,
  "description": "Success"
}

Pobieranie danych: cenach itemu food q1 w kraju Georgia z URL: https://api.eclesiar.com/market/items/get?country_id=34&item_id=2...
--- Dane o cenach itemu food q1 w kraju Georgia ---
{
  "code": 200,
  "description": "Success",
  "data": [
    {
      "value": 0.112,
      "amount": 16,
      "owner": {
        "id": 4607,
        "type": "account"
      }
    },
    {
      "value": 0.114,
      "amount": 199,
      "owner": {
        "id": 216,
        "type": "account"
      }
    },
    {
      "value": 0.9,
      "amount": 1,
      "owner": {
        "id": 1812,
        "type": "account"
      }
    },
    {
      "value": 1,
      "amount": 2,
      "owner": {
        "id": 1812,
        "type": "account"
      }
    },
    {
      "value": 1.1,
      "amount": 1,
      "owner": {
        "id": 1812,
        "type": "account"
      }
    }
  ]
}

Pobieranie danych: cenach itemu food q1 w kraju Israel z URL: https://api.eclesiar.com/market/items/get?country_id=35&item_id=2...
--- Dane o cenach itemu food q1 w kraju Israel ---
{
  "code": 200,
  "description": "Success",
  "data": [
    {
      "value": 0.441,
      "amount": 30,
      "owner": {
        "id": 4607,
        "type": "account"
      }
    },
    {
      "value": 1,
      "amount": 10,
      "owner": {
        "id": 10953,
        "type": "account"
      }
    },
    {
      "value": 9,
      "amount": 1,
      "owner": {
        "id": 3889,
        "type": "account"
      }
    },
    {
      "value": 10,
      "amount": 1,
      "owner": {
        "id": 1864,
        "type": "account"
      }
    },
    {
      "value": 100,
      "amount": 2,
      "owner": {
        "id": 3553,
        "type": "account"
      }
    }
  ]
}

Pobieranie danych: cenach itemu food q1 w kraju Egypt z URL: https://api.eclesiar.com/market/items/get?country_id=36&item_id=2...
--- Dane o cenach itemu food q1 w kraju Egypt ---
{
  "code": 200,
  "description": "Success",
  "data": [
    {
      "value": 1.7,
      "amount": 230,
      "owner": {
        "id": 161,
        "type": "holding"
      }
    },
    {
      "value": 12,
      "amount": 2,
      "owner": {
        "id": 10562,
        "type": "account"
      }
    }
  ]
}

Pobieranie danych: cenach itemu food q1 w kraju South Africa z URL: https://api.eclesiar.com/market/items/get?country_id=37&item_id=2...
--- Dane o cenach itemu food q1 w kraju South Africa ---
{
  "code": 200,
  "description": "Success",
  "data": [
    {
      "value": 0.248,
      "amount": 29,
      "owner": {
        "id": 12354,
        "type": "account"
      }
    },
    {
      "value": 14,
      "amount": 9,
      "owner": {
        "id": 3873,
        "type": "account"
      }
    }
  ]
}

Pobieranie danych: cenach itemu food q1 w kraju Iraq z URL: https://api.eclesiar.com/market/items/get?country_id=38&item_id=2...
--- Dane o cenach itemu food q1 w kraju Iraq ---
{
  "code": 200,
  "description": "Success",
  "data": [
    {
      "value": 1.5,
      "amount": 3,
      "owner": {
        "id": 38,
        "type": "country"
      }
    },
    {
      "value": 3,
      "amount": 29,
      "owner": {
        "id": 4607,
        "type": "account"
      }
    }
  ]
}

Pobieranie danych: cenach itemu food q1 w kraju Saudi Arabia z URL: https://api.eclesiar.com/market/items/get?country_id=39&item_id=2...
--- Dane o cenach itemu food q1 w kraju Saudi Arabia ---
{
  "code": 200,
  "description": "Success",
  "data": [
    {
      "value": 1.666,
      "amount": 94,
      "owner": {
        "id": 523,
        "type": "holding"
      }
    },
    {
      "value": 3,
      "amount": 349,
      "owner": {
        "id": 1543,
        "type": "account"
      }
    },
    {
      "value": 4.8,
      "amount": 500,
      "owner": {
        "id": 1543,
        "type": "account"
      }
    },
    {
      "value": 6.2,
      "amount": 1,
      "owner": {
        "id": 16435,
        "type": "account"
      }
    }
  ]
}

Pobieranie danych: cenach itemu food q1 w kraju Iran z URL: https://api.eclesiar.com/market/items/get?country_id=40&item_id=2...
--- Dane o cenach itemu food q1 w kraju Iran ---
{
  "code": 200,
  "description": "Success"
}

Pobieranie danych: cenach itemu food q1 w kraju Pakistan z URL: https://api.eclesiar.com/market/items/get?country_id=41&item_id=2...
--- Dane o cenach itemu food q1 w kraju Pakistan ---
{
  "code": 200,
  "description": "Success"
}

Pobieranie danych: cenach itemu food q1 w kraju India z URL: https://api.eclesiar.com/market/items/get?country_id=42&item_id=2...
--- Dane o cenach itemu food q1 w kraju India ---
{
  "code": 200,
  "description": "Success",
  "data": [
    {
      "value": 3.5,
      "amount": 350,
      "owner": {
        "id": 588,
        "type": "holding"
      }
    },
    {
      "value": 100,
      "amount": 1,
      "owner": {
        "id": 3553,
        "type": "account"
      }
    }
  ]
}

Pobieranie danych: cenach itemu food q1 w kraju China z URL: https://api.eclesiar.com/market/items/get?country_id=43&item_id=2...
--- Dane o cenach itemu food q1 w kraju China ---
{
  "code": 200,
  "description": "Success",
  "data": [
    {
      "value": 0.119,
      "amount": 362,
      "owner": {
        "id": 42,
        "type": "holding"
      }
    },
    {
      "value": 0.12,
      "amount": 96,
      "owner": {
        "id": 342,
        "type": "holding"
      }
    }
  ]
}

Pobieranie danych: cenach itemu food q1 w kraju Japan z URL: https://api.eclesiar.com/market/items/get?country_id=44&item_id=2...
--- Dane o cenach itemu food q1 w kraju Japan ---
{
  "code": 200,
  "description": "Success"
}

Pobieranie danych: cenach itemu food q1 w kraju South Korea z URL: https://api.eclesiar.com/market/items/get?country_id=45&item_id=2...
--- Dane o cenach itemu food q1 w kraju South Korea ---
{
  "code": 200,
  "description": "Success",
  "data": [
    {
      "value": 0.99,
      "amount": 238,
      "owner": {
        "id": 45,
        "type": "country"
      }
    },
    {
      "value": 1,
      "amount": 98,
      "owner": {
        "id": 10357,
        "type": "account"
      }
    },
    {
      "value": 5,
      "amount": 86,
      "owner": {
        "id": 248,
        "type": "holding"
      }
    },
    {
      "value": 100,
      "amount": 10,
      "owner": {
        "id": 3553,
        "type": "account"
      }
    }
  ]
}

Pobieranie danych: cenach itemu food q1 w kraju Indonesia z URL: https://api.eclesiar.com/market/items/get?country_id=46&item_id=2...
--- Dane o cenach itemu food q1 w kraju Indonesia ---
{
  "code": 200,
  "description": "Success",
  "data": [
    {
      "value": 2.45,
      "amount": 14,
      "owner": {
        "id": 4607,
        "type": "account"
      }
    },
    {
      "value": 4.9,
      "amount": 24,
      "owner": {
        "id": 1749,
        "type": "account"
      }
    },
    {
      "value": 10,
      "amount": 2,
      "owner": {
        "id": 1417,
        "type": "account"
      }
    },
    {
      "value": 10,
      "amount": 1,
      "owner": {
        "id": 841,
        "type": "account"
      }
    },
    {
      "value": 10,
      "amount": 1,
      "owner": {
        "id": 1529,
        "type": "account"
      }
    },
    {
      "value": 10,
      "amount": 1,
      "owner": {
        "id": 1677,
        "type": "account"
      }
    },
    {
      "value": 10,
      "amount": 1,
      "owner": {
        "id": 1024,
        "type": "account"
      }
    },
    {
      "value": 100,
      "amount": 1,
      "owner": {
        "id": 2346,
        "type": "account"
      }
    }
  ]
}

Pobieranie danych: cenach itemu food q1 w kraju Australia z URL: https://api.eclesiar.com/market/items/get?country_id=47&item_id=2...
--- Dane o cenach itemu food q1 w kraju Australia ---
{
  "code": 200,
  "description": "Success",
  "data": [
    {
      "value": 0.15,
      "amount": 6,
      "owner": {
        "id": 175,
        "type": "holding"
      }
    },
    {
      "value": 0.183,
      "amount": 206,
      "owner": {
        "id": 10944,
        "type": "account"
      }
    },
    {
      "value": 0.232,
      "amount": 44,
      "owner": {
        "id": 228,
        "type": "holding"
      }
    },
    {
      "value": 0.343,
      "amount": 50,
      "owner": {
        "id": 4607,
        "type": "account"
      }
    },
    {
      "value": 2,
      "amount": 1,
      "owner": {
        "id": 13511,
        "type": "account"
      }
    },
    {
      "value": 5,
      "amount": 1,
      "owner": {
        "id": 16243,
        "type": "account"
      }
    }
  ]
}

Pobieranie danych: cenach itemu food q1 w kraju Philippines z URL: https://api.eclesiar.com/market/items/get?country_id=48&item_id=2...
--- Dane o cenach itemu food q1 w kraju Philippines ---
{
  "code": 200,
  "description": "Success",
  "data": [
    {
      "value": 0.95,
      "amount": 1,
      "owner": {
        "id": 4607,
        "type": "account"
      }
    },
    {
      "value": 99,
      "amount": 10,
      "owner": {
        "id": 3326,
        "type": "account"
      }
    },
    {
      "value": 99,
      "amount": 26,
      "owner": {
        "id": 3322,
        "type": "account"
      }
    },
    {
      "value": 99,
      "amount": 16,
      "owner": {
        "id": 3323,
        "type": "account"
      }
    },
    {
      "value": 99,
      "amount": 10,
      "owner": {
        "id": 3324,
        "type": "account"
      }
    }
  ]
}

Pobieranie danych: cenach itemu food q2 w kraju United Kingdom z URL: https://api.eclesiar.com/market/items/get?country_id=2&item_id=3...
--- Dane o cenach itemu food q2 w kraju United Kingdom ---
{
  "code": 200,
  "description": "Success",
  "data": [
    {
      "value": 0.54,
      "amount": 78,
      "owner": {
        "id": 15925,
        "type": "account"
      }
    },
    {
      "value": 0.609,
      "amount": 361,
      "owner": {
        "id": 1527,
        "type": "account"
      }
    }
  ]
}

Pobieranie danych: cenach itemu food q2 w kraju United States of America z URL: https://api.eclesiar.com/market/items/get?country_id=3&item_id=3...
--- Dane o cenach itemu food q2 w kraju United States of America ---
{
  "code": 200,
  "description": "Success",
  "data": [
    {
      "value": 0.48,
      "amount": 428,
      "owner": {
        "id": 472,
        "type": "holding"
      }
    },
    {
      "value": 0.499,
      "amount": 123,
      "owner": {
        "id": 12566,
        "type": "account"
      }
    },
    {
      "value": 1,
      "amount": 1,
      "owner": {
        "id": 12139,
        "type": "account"
      }
    },
    {
      "value": 2,
      "amount": 1,
      "owner": {
        "id": 12139,
        "type": "account"
      }
    },
    {
      "value": 2.5,
      "amount": 356,
      "owner": {
        "id": 4062,
        "type": "account"
      }
    },
    {
      "value": 10,
      "amount": 1,
      "owner": {
        "id": 12317,
        "type": "account"
      }
    },
    {
      "value": 222,
      "amount": 1,
      "owner": {
        "id": 277,
        "type": "account"
      }
    },
    {
      "value": 222,
      "amount": 25,
      "owner": {
        "id": 1659,
        "type": "account"
      }
    }
  ]
}

Pobieranie danych: cenach itemu food q2 w kraju Mexico z URL: https://api.eclesiar.com/market/items/get?country_id=4&item_id=3...
--- Dane o cenach itemu food q2 w kraju Mexico ---
{
  "code": 200,
  "description": "Success",
  "data": [
    {
      "value": 2,
      "amount": 89,
      "owner": {
        "id": 9441,
        "type": "account"
      }
    }
  ]
}

Pobieranie danych: cenach itemu food q2 w kraju Colombia z URL: https://api.eclesiar.com/market/items/get?country_id=5&item_id=3...
--- Dane o cenach itemu food q2 w kraju Colombia ---
{
  "code": 200,
  "description": "Success"
}

Pobieranie danych: cenach itemu food q2 w kraju Peru z URL: https://api.eclesiar.com/market/items/get?country_id=6&item_id=3...
--- Dane o cenach itemu food q2 w kraju Peru ---
{
  "code": 200,
  "description": "Success",
  "data": [
    {
      "value": 2.499,
      "amount": 18,
      "owner": {
        "id": 9755,
        "type": "account"
      }
    },
    {
      "value": 2.5,
      "amount": 569,
      "owner": {
        "id": 422,
        "type": "holding"
      }
    }
  ]
}

Pobieranie danych: cenach itemu food q2 w kraju Brazil z URL: https://api.eclesiar.com/market/items/get?country_id=7&item_id=3...
--- Dane o cenach itemu food q2 w kraju Brazil ---
{
  "code": 200,
  "description": "Success",
  "data": [
    {
      "value": 0.799,
      "amount": 156,
      "owner": {
        "id": 14314,
        "type": "account"
      }
    },
    {
      "value": 0.799,
      "amount": 128,
      "owner": {
        "id": 611,
        "type": "holding"
      }
    },
    {
      "value": 1.326,
      "amount": 92,
      "owner": {
        "id": 15895,
        "type": "account"
      }
    },
    {
      "value": 60,
      "amount": 1,
      "owner": {
        "id": 16012,
        "type": "account"
      }
    }
  ]
}

Pobieranie danych: cenach itemu food q2 w kraju Chile z URL: https://api.eclesiar.com/market/items/get?country_id=8&item_id=3...
--- Dane o cenach itemu food q2 w kraju Chile ---
{
  "code": 200,
  "description": "Success",
  "data": [
    {
      "value": 0.685,
      "amount": 206,
      "owner": {
        "id": 544,
        "type": "holding"
      }
    },
    {
      "value": 1,
      "amount": 500,
      "owner": {
        "id": 8925,
        "type": "account"
      }
    },
    {
      "value": 2,
      "amount": 2,
      "owner": {
        "id": 1812,
        "type": "account"
      }
    },
    {
      "value": 666,
      "amount": 1,
      "owner": {
        "id": 12022,
        "type": "account"
      }
    }
  ]
}

Pobieranie danych: cenach itemu food q2 w kraju Argentina z URL: https://api.eclesiar.com/market/items/get?country_id=10&item_id=3...
--- Dane o cenach itemu food q2 w kraju Argentina ---
{
  "code": 200,
  "description": "Success"
}

Pobieranie danych: cenach itemu food q2 w kraju Ireland z URL: https://api.eclesiar.com/market/items/get?country_id=11&item_id=3...
--- Dane o cenach itemu food q2 w kraju Ireland ---
{
  "code": 200,
  "description": "Success",
  "data": [
    {
      "value": 5.945,
      "amount": 44,
      "owner": {
        "id": 4607,
        "type": "account"
      }
    },
    {
      "value": 5.947,
      "amount": 39,
      "owner": {
        "id": 11311,
        "type": "account"
      }
    },
    {
      "value": 5.948,
      "amount": 36,
      "owner": {
        "id": 4607,
        "type": "account"
      }
    }
  ]
}

Pobieranie danych: cenach itemu food q2 w kraju France z URL: https://api.eclesiar.com/market/items/get?country_id=12&item_id=3...
--- Dane o cenach itemu food q2 w kraju France ---
{
  "code": 200,
  "description": "Success",
  "data": [
    {
      "value": 1,
      "amount": 50,
      "owner": {
        "id": 11311,
        "type": "account"
      }
    },
    {
      "value": 55,
      "amount": 20,
      "owner": {
        "id": 1255,
        "type": "account"
      }
    }
  ]
}

Pobieranie danych: cenach itemu food q2 w kraju Portugal z URL: https://api.eclesiar.com/market/items/get?country_id=13&item_id=3...
--- Dane o cenach itemu food q2 w kraju Portugal ---
{
  "code": 200,
  "description": "Success"
}

Pobieranie danych: cenach itemu food q2 w kraju Spain z URL: https://api.eclesiar.com/market/items/get?country_id=14&item_id=3...
--- Dane o cenach itemu food q2 w kraju Spain ---
{
  "code": 200,
  "description": "Success",
  "data": [
    {
      "value": 0.148,
      "amount": 45,
      "owner": {
        "id": 1908,
        "type": "account"
      }
    },
    {
      "value": 0.148,
      "amount": 68,
      "owner": {
        "id": 14,
        "type": "country"
      }
    },
    {
      "value": 0.149,
      "amount": 226,
      "owner": {
        "id": 545,
        "type": "holding"
      }
    },
    {
      "value": 1.5,
      "amount": 98,
      "owner": {
        "id": 9219,
        "type": "account"
      }
    }
  ]
}

Pobieranie danych: cenach itemu food q2 w kraju Germany z URL: https://api.eclesiar.com/market/items/get?country_id=15&item_id=3...
--- Dane o cenach itemu food q2 w kraju Germany ---
{
  "code": 200,
  "description": "Success",
  "data": [
    {
      "value": 0.229,
      "amount": 7,
      "owner": {
        "id": 535,
        "type": "holding"
      }
    },
    {
      "value": 0.35,
      "amount": 185,
      "owner": {
        "id": 461,
        "type": "holding"
      }
    },
    {
      "value": 1,
      "amount": 1,
      "owner": {
        "id": 16068,
        "type": "account"
      }
    },
    {
      "value": 2,
      "amount": 2,
      "owner": {
        "id": 1812,
        "type": "account"
      }
    },
    {
      "value": 2,
      "amount": 1,
      "owner": {
        "id": 16068,
        "type": "account"
      }
    }
  ]
}

Pobieranie danych: cenach itemu food q2 w kraju Sweden z URL: https://api.eclesiar.com/market/items/get?country_id=16&item_id=3...
--- Dane o cenach itemu food q2 w kraju Sweden ---
{
  "code": 200,
  "description": "Success",
  "data": [
    {
      "value": 0.579,
      "amount": 430,
      "owner": {
        "id": 264,
        "type": "holding"
      }
    },
    {
      "value": 0.58,
      "amount": 644,
      "owner": {
        "id": 87,
        "type": "holding"
      }
    },
    {
      "value": 0.587,
      "amount": 565,
      "owner": {
        "id": 1527,
        "type": "account"
      }
    },
    {
      "value": 1,
      "amount": 1,
      "owner": {
        "id": 45,
        "type": "account"
      }
    },
    {
      "value": 66,
      "amount": 2,
      "owner": {
        "id": 1491,
        "type": "account"
      }
    }
  ]
}

Pobieranie danych: cenach itemu food q2 w kraju Italy z URL: https://api.eclesiar.com/market/items/get?country_id=17&item_id=3...
--- Dane o cenach itemu food q2 w kraju Italy ---
{
  "code": 200,
  "description": "Success",
  "data": [
    {
      "value": 1.15,
      "amount": 35,
      "owner": {
        "id": 11301,
        "type": "account"
      }
    },
    {
      "value": 10,
      "amount": 1,
      "owner": {
        "id": 13534,
        "type": "account"
      }
    }
  ]
}

Pobieranie danych: cenach itemu food q2 w kraju Poland z URL: https://api.eclesiar.com/market/items/get?country_id=18&item_id=3...
--- Dane o cenach itemu food q2 w kraju Poland ---
{
  "code": 200,
  "description": "Success",
  "data": [
    {
      "value": 0.178,
      "amount": 300,
      "owner": {
        "id": 11311,
        "type": "account"
      }
    },
    {
      "value": 0.179,
      "amount": 4,
      "owner": {
        "id": 14837,
        "type": "account"
      }
    },
    {
      "value": 0.179,
      "amount": 40,
      "owner": {
        "id": 15257,
        "type": "account"
      }
    },
    {
      "value": 0.183,
      "amount": 79,
      "owner": {
        "id": 14162,
        "type": "account"
      }
    },
    {
      "value": 0.188,
      "amount": 18,
      "owner": {
        "id": 13651,
        "type": "account"
      }
    },
    {
      "value": 0.189,
      "amount": 71,
      "owner": {
        "id": 15108,
        "type": "account"
      }
    },
    {
      "value": 0.198,
      "amount": 80,
      "owner": {
        "id": 14803,
        "type": "account"
      }
    },
    {
      "value": 0.199,
      "amount": 60,
      "owner": {
        "id": 14803,
        "type": "account"
      }
    },
    {
      "value": 0.208,
      "amount": 15,
      "owner": {
        "id": 15108,
        "type": "account"
      }
    },
    {
      "value": 0.209,
      "amount": 42,
      "owner": {
        "id": 15108,
        "type": "account"
      }
    },
    {
      "value": 0.211,
      "amount": 128,
      "owner": {
        "id": 14803,
        "type": "account"
      }
    },
    {
      "value": 0.244,
      "amount": 660,
      "owner": {
        "id": 10428,
        "type": "account"
      }
    },
    {
      "value": 0.25,
      "amount": 2,
      "owner": {
        "id": 12286,
        "type": "account"
      }
    },
    {
      "value": 0.26,
      "amount": 40,
      "owner": {
        "id": 10453,
        "type": "account"
      }
    },
    {
      "value": 0.284,
      "amount": 1,
      "owner": {
        "id": 11992,
        "type": "account"
      }
    },
    {
      "value": 0.3,
      "amount": 1,
      "owner": {
        "id": 8,
        "type": "holding"
      }
    },
    {
      "value": 0.45,
      "amount": 159,
      "owner": {
        "id": 4531,
        "type": "account"
      }
    },
    {
      "value": 1,
      "amount": 1,
      "owner": {
        "id": 11292,
        "type": "account"
      }
    },
    {
      "value": 1,
      "amount": 1,
      "owner": {
        "id": 12497,
        "type": "account"
      }
    },
    {
      "value": 1,
      "amount": 1,
      "owner": {
        "id": 12357,
        "type": "account"
      }
    },
    {
      "value": 1,
      "amount": 2,
      "owner": {
        "id": 1812,
        "type": "account"
      }
    },
    {
      "value": 1,
      "amount": 2,
      "owner": {
        "id": 10425,
        "type": "account"
      }
    },
    {
      "value": 1,
      "amount": 1,
      "owner": {
        "id": 12286,
        "type": "account"
      }
    },
    {
      "value": 1.05,
      "amount": 1,
      "owner": {
... (truncated)

Pobieranie danych: cenach itemu food q2 w kraju Lithuania z URL: https://api.eclesiar.com/market/items/get?country_id=19&item_id=3...
--- Dane o cenach itemu food q2 w kraju Lithuania ---
{
  "code": 200,
  "description": "Success"
}

Pobieranie danych: cenach itemu food q2 w kraju Slovenia z URL: https://api.eclesiar.com/market/items/get?country_id=20&item_id=3...
--- Dane o cenach itemu food q2 w kraju Slovenia ---
{
  "code": 200,
  "description": "Success",
  "data": [
    {
      "value": 0.837,
      "amount": 68,
      "owner": {
        "id": 440,
        "type": "holding"
      }
    },
    {
      "value": 1,
      "amount": 1,
      "owner": {
        "id": 3542,
        "type": "account"
      }
    },
    {
      "value": 1,
      "amount": 5,
      "owner": {
        "id": 2532,
        "type": "account"
      }
    },
    {
      "value": 1,
      "amount": 1,
      "owner": {
        "id": 214,
        "type": "account"
      }
    },
    {
      "value": 1,
      "amount": 1,
      "owner": {
        "id": 728,
        "type": "account"
      }
    },
    {
      "value": 1.3,
      "amount": 1,
      "owner": {
        "id": 214,
        "type": "account"
      }
    },
    {
      "value": 3,
      "amount": 3,
      "owner": {
        "id": 12656,
        "type": "account"
      }
    },
    {
      "value": 3.1,
      "amount": 1,
      "owner": {
        "id": 2532,
        "type": "account"
      }
    },
    {
      "value": 4,
      "amount": 10,
      "owner": {
        "id": 2532,
        "type": "account"
      }
    }
  ]
}

Pobieranie danych: cenach itemu food q2 w kraju Croatia z URL: https://api.eclesiar.com/market/items/get?country_id=21&item_id=3...
--- Dane o cenach itemu food q2 w kraju Croatia ---
{
  "code": 200,
  "description": "Success",
  "data": [
    {
      "value": 0.359,
      "amount": 76,
      "owner": {
        "id": 410,
        "type": "holding"
      }
    },
    {
      "value": 1,
      "amount": 1,
      "owner": {
        "id": 3542,
        "type": "account"
      }
    },
    {
      "value": 1,
      "amount": 1,
      "owner": {
        "id": 9701,
        "type": "account"
      }
    }
  ]
}

Pobieranie danych: cenach itemu food q2 w kraju Bosnia and Herzegovina z URL: https://api.eclesiar.com/market/items/get?country_id=22&item_id=3...
--- Dane o cenach itemu food q2 w kraju Bosnia and Herzegovina ---
{
  "code": 200,
  "description": "Success",
  "data": [
    {
      "value": 1.38,
      "amount": 10,
      "owner": {
        "id": 4607,
        "type": "account"
      }
    },
    {
      "value": 1.4,
      "amount": 2,
      "owner": {
        "id": 2663,
        "type": "account"
      }
    },
    {
      "value": 1.49,
      "amount": 45,
      "owner": {
        "id": 13573,
        "type": "account"
      }
    },
    {
      "value": 1.49,
      "amount": 5,
      "owner": {
        "id": 5413,
        "type": "account"
      }
    },
    {
      "value": 1.5,
      "amount": 14,
      "owner": {
        "id": 10357,
        "type": "account"
      }
    }
  ]
}

Pobieranie danych: cenach itemu food q2 w kraju Serbia z URL: https://api.eclesiar.com/market/items/get?country_id=23&item_id=3...
--- Dane o cenach itemu food q2 w kraju Serbia ---
{
  "code": 200,
  "description": "Success",
  "data": [
    {
      "value": 0.85,
      "amount": 25,
      "owner": {
        "id": 11301,
        "type": "account"
      }
    }
  ]
}

Pobieranie danych: cenach itemu food q2 w kraju North Macedonia z URL: https://api.eclesiar.com/market/items/get?country_id=24&item_id=3...
--- Dane o cenach itemu food q2 w kraju North Macedonia ---
{
  "code": 200,
  "description": "Success"
}

Pobieranie danych: cenach itemu food q2 w kraju Albania z URL: https://api.eclesiar.com/market/items/get?country_id=25&item_id=3...
--- Dane o cenach itemu food q2 w kraju Albania ---
{
  "code": 200,
  "description": "Success"
}

Pobieranie danych: cenach itemu food q2 w kraju Greece z URL: https://api.eclesiar.com/market/items/get?country_id=26&item_id=3...
--- Dane o cenach itemu food q2 w kraju Greece ---
{
  "code": 200,
  "description": "Success",
  "data": [
    {
      "value": 1,
      "amount": 118,
      "owner": {
        "id": 11301,
        "type": "account"
      }
    },
    {
      "value": 1.4,
      "amount": 45,
      "owner": {
        "id": 4637,
        "type": "account"
      }
    }
  ]
}

Pobieranie danych: cenach itemu food q2 w kraju Hungary z URL: https://api.eclesiar.com/market/items/get?country_id=27&item_id=3...
--- Dane o cenach itemu food q2 w kraju Hungary ---
{
  "code": 200,
  "description": "Success",
  "data": [
    {
      "value": 0.451,
      "amount": 45,
      "owner": {
        "id": 11311,
        "type": "account"
      }
    }
  ]
}

Pobieranie danych: cenach itemu food q2 w kraju Romania z URL: https://api.eclesiar.com/market/items/get?country_id=28&item_id=3...
--- Dane o cenach itemu food q2 w kraju Romania ---
{
  "code": 200,
  "description": "Success"
}

Pobieranie danych: cenach itemu food q2 w kraju Bulgaria z URL: https://api.eclesiar.com/market/items/get?country_id=30&item_id=3...
--- Dane o cenach itemu food q2 w kraju Bulgaria ---
{
  "code": 200,
  "description": "Success",
  "data": [
    {
      "value": 1.199,
      "amount": 311,
      "owner": {
        "id": 108,
        "type": "holding"
      }
    }
  ]
}

Pobieranie danych: cenach itemu food q2 w kraju Turkey z URL: https://api.eclesiar.com/market/items/get?country_id=31&item_id=3...
--- Dane o cenach itemu food q2 w kraju Turkey ---
{
  "code": 200,
  "description": "Success",
  "data": [
    {
      "value": 0.399,
      "amount": 15,
      "owner": {
        "id": 15953,
        "type": "account"
      }
    }
  ]
}

Pobieranie danych: cenach itemu food q2 w kraju Ukraine z URL: https://api.eclesiar.com/market/items/get?country_id=32&item_id=3...
--- Dane o cenach itemu food q2 w kraju Ukraine ---
{
  "code": 200,
  "description": "Success",
  "data": [
    {
      "value": 2,
      "amount": 65,
      "owner": {
        "id": 10676,
        "type": "account"
      }
    },
    {
      "value": 100,
      "amount": 1,
      "owner": {
        "id": 3553,
        "type": "account"
      }
    }
  ]
}

Pobieranie danych: cenach itemu food q2 w kraju Russia z URL: https://api.eclesiar.com/market/items/get?country_id=33&item_id=3...
--- Dane o cenach itemu food q2 w kraju Russia ---
{
  "code": 200,
  "description": "Success"
}

Pobieranie danych: cenach itemu food q2 w kraju Georgia z URL: https://api.eclesiar.com/market/items/get?country_id=34&item_id=3...
--- Dane o cenach itemu food q2 w kraju Georgia ---
{
  "code": 200,
  "description": "Success",
  "data": [
    {
      "value": 0.111,
      "amount": 8,
      "owner": {
        "id": 11301,
        "type": "account"
      }
    },
    {
      "value": 0.194,
      "amount": 5,
      "owner": {
        "id": 1082,
        "type": "account"
      }
    },
    {
      "value": 1,
      "amount": 2,
      "owner": {
        "id": 1812,
        "type": "account"
      }
    }
  ]
}

Pobieranie danych: cenach itemu food q2 w kraju Israel z URL: https://api.eclesiar.com/market/items/get?country_id=35&item_id=3...
--- Dane o cenach itemu food q2 w kraju Israel ---
{
  "code": 200,
  "description": "Success",
  "data": [
    {
      "value": 100,
      "amount": 1,
      "owner": {
        "id": 3553,
        "type": "account"
      }
    }
  ]
}

Pobieranie danych: cenach itemu food q2 w kraju Egypt z URL: https://api.eclesiar.com/market/items/get?country_id=36&item_id=3...
--- Dane o cenach itemu food q2 w kraju Egypt ---
{
  "code": 200,
  "description": "Success"
}

Pobieranie danych: cenach itemu food q2 w kraju South Africa z URL: https://api.eclesiar.com/market/items/get?country_id=37&item_id=3...
--- Dane o cenach itemu food q2 w kraju South Africa ---
{
  "code": 200,
  "description": "Success"
}

Pobieranie danych: cenach itemu food q2 w kraju Iraq z URL: https://api.eclesiar.com/market/items/get?country_id=38&item_id=3...
--- Dane o cenach itemu food q2 w kraju Iraq ---
{
  "code": 200,
  "description": "Success"
}

Pobieranie danych: cenach itemu food q2 w kraju Saudi Arabia z URL: https://api.eclesiar.com/market/items/get?country_id=39&item_id=3...
--- Dane o cenach itemu food q2 w kraju Saudi Arabia ---
{
  "code": 200,
  "description": "Success",
  "data": [
    {
      "value": 6.979,
      "amount": 222,
      "owner": {
        "id": 13439,
        "type": "account"
      }
    },
    {
      "value": 7,
      "amount": 75,
      "owner": {
        "id": 297,
        "type": "holding"
      }
    }
  ]
}

Pobieranie danych: cenach itemu food q2 w kraju Iran z URL: https://api.eclesiar.com/market/items/get?country_id=40&item_id=3...
--- Dane o cenach itemu food q2 w kraju Iran ---
{
  "code": 200,
  "description": "Success"
}

Pobieranie danych: cenach itemu food q2 w kraju Pakistan z URL: https://api.eclesiar.com/market/items/get?country_id=41&item_id=3...
--- Dane o cenach itemu food q2 w kraju Pakistan ---
{
  "code": 200,
  "description": "Success",
  "data": [
    {
      "value": 1,
      "amount": 10,
      "owner": {
        "id": 1527,
        "type": "account"
      }
    },
    {
      "value": 10,
      "amount": 4,
      "owner": {
        "id": 2267,
        "type": "account"
      }
    },
    {
      "value": 100,
      "amount": 1,
      "owner": {
        "id": 13477,
        "type": "account"
      }
    }
  ]
}

Pobieranie danych: cenach itemu food q2 w kraju India z URL: https://api.eclesiar.com/market/items/get?country_id=42&item_id=3...
--- Dane o cenach itemu food q2 w kraju India ---
{
  "code": 200,
  "description": "Success",
  "data": [
    {
      "value": 10,
      "amount": 2,
      "owner": {
        "id": 3546,
        "type": "account"
      }
    }
  ]
}

Pobieranie danych: cenach itemu food q2 w kraju China z URL: https://api.eclesiar.com/market/items/get?country_id=43&item_id=3...
--- Dane o cenach itemu food q2 w kraju China ---
{
  "code": 200,
  "description": "Success",
  "data": [
    {
      "value": 0.23,
      "amount": 294,
      "owner": {
        "id": 43,
        "type": "country"
      }
    },
    {
      "value": 0.23,
      "amount": 478,
      "owner": {
        "id": 42,
        "type": "holding"
      }
    },
    {
      "value": 0.231,
      "amount": 61,
      "owner": {
        "id": 13574,
        "type": "account"
      }
    }
  ]
}

Pobieranie danych: cenach itemu food q2 w kraju Japan z URL: https://api.eclesiar.com/market/items/get?country_id=44&item_id=3...
--- Dane o cenach itemu food q2 w kraju Japan ---
{
  "code": 200,
  "description": "Success",
  "data": [
    {
      "value": 1.49,
      "amount": 217,
      "owner": {
        "id": 44,
        "type": "country"
      }
    },
    {
      "value": 1.6,
      "amount": 2297,
      "owner": {
        "id": 44,
        "type": "country"
      }
    },
    {
      "value": 1.69,
      "amount": 167,
      "owner": {
        "id": 179,
        "type": "holding"
      }
    }
  ]
}

Pobieranie danych: cenach itemu food q2 w kraju South Korea z URL: https://api.eclesiar.com/market/items/get?country_id=45&item_id=3...
--- Dane o cenach itemu food q2 w kraju South Korea ---
{
  "code": 200,
  "description": "Success",
  "data": [
    {
      "value": 1.33,
      "amount": 1127,
      "owner": {
        "id": 45,
        "type": "country"
      }
    },
    {
      "value": 100,
      "amount": 3,
      "owner": {
        "id": 3553,
        "type": "account"
      }
    }
  ]
}

Pobieranie danych: cenach itemu food q2 w kraju Indonesia z URL: https://api.eclesiar.com/market/items/get?country_id=46&item_id=3...
--- Dane o cenach itemu food q2 w kraju Indonesia ---
{
  "code": 200,
  "description": "Success"
}

Pobieranie danych: cenach itemu food q2 w kraju Australia z URL: https://api.eclesiar.com/market/items/get?country_id=47&item_id=3...
--- Dane o cenach itemu food q2 w kraju Australia ---
{
  "code": 200,
  "description": "Success",
  "data": [
    {
      "value": 0.229,
      "amount": 845,
      "owner": {
        "id": 527,
        "type": "holding"
      }
    },
    {
      "value": 0.23,
      "amount": 380,
      "owner": {
        "id": 175,
        "type": "holding"
      }
    },
    {
      "value": 0.231,
      "amount": 465,
      "owner": {
        "id": 527,
        "type": "holding"
      }
    },
    {
      "value": 0.235,
      "amount": 114,
      "owner": {
        "id": 47,
        "type": "country"
      }
    }
  ]
}

Pobieranie danych: cenach itemu food q2 w kraju Philippines z URL: https://api.eclesiar.com/market/items/get?country_id=48&item_id=3...
--- Dane o cenach itemu food q2 w kraju Philippines ---
{
  "code": 200,
  "description": "Success",
  "data": [
    {
      "value": 1,
      "amount": 1,
      "owner": {
        "id": 218,
        "type": "account"
      }
    }
  ]
}

Pobieranie danych: cenach itemu food q3 w kraju United Kingdom z URL: https://api.eclesiar.com/market/items/get?country_id=2&item_id=4...
--- Dane o cenach itemu food q3 w kraju United Kingdom ---
{
  "code": 200,
  "description": "Success",
  "data": [
    {
      "value": 0.749,
      "amount": 197,
      "owner": {
        "id": 478,
        "type": "holding"
      }
    },
    {
      "value": 0.911,
      "amount": 78,
      "owner": {
        "id": 1527,
        "type": "account"
      }
    },
    {
      "value": 10,
      "amount": 1,
      "owner": {
        "id": 12013,
        "type": "account"
      }
    }
  ]
}

Pobieranie danych: cenach itemu food q3 w kraju United States of America z URL: https://api.eclesiar.com/market/items/get?country_id=3&item_id=4...
--- Dane o cenach itemu food q3 w kraju United States of America ---
{
  "code": 200,
  "description": "Success",
  "data": [
    {
      "value": 0.75,
      "amount": 44,
      "owner": {
        "id": 472,
        "type": "holding"
      }
    },
    {
      "value": 0.8,
      "amount": 190,
      "owner": {
        "id": 10898,
        "type": "account"
      }
    },
    {
      "value": 1,
      "amount": 1,
      "owner": {
        "id": 3542,
        "type": "account"
      }
    },
    {
      "value": 1.3,
      "amount": 48,
      "owner": {
        "id": 446,
        "type": "holding"
      }
    },
    {
      "value": 3,
      "amount": 1,
      "owner": {
        "id": 960,
        "type": "account"
      }
    },
    {
      "value": 4.7,
      "amount": 2,
      "owner": {
        "id": 1812,
        "type": "account"
      }
    },
    {
      "value": 5,
      "amount": 2,
      "owner": {
        "id": 1812,
        "type": "account"
      }
    },
    {
      "value": 5.1,
      "amount": 2,
      "owner": {
        "id": 1812,
        "type": "account"
      }
    },
    {
      "value": 16,
      "amount": 10,
      "owner": {
        "id": 2129,
        "type": "account"
      }
    },
    {
      "value": 30,
      "amount": 7,
      "owner": {
        "id": 1865,
        "type": "account"
      }
    }
  ]
}

Pobieranie danych: cenach itemu food q3 w kraju Mexico z URL: https://api.eclesiar.com/market/items/get?country_id=4&item_id=4...
--- Dane o cenach itemu food q3 w kraju Mexico ---
{
  "code": 200,
  "description": "Success",
  "data": [
    {
      "value": 1.94,
      "amount": 54,
      "owner": {
        "id": 381,
        "type": "holding"
      }
    },
    {
      "value": 2,
      "amount": 1,
      "owner": {
        "id": 10357,
        "type": "account"
      }
    },
    {
      "value": 2,
      "amount": 77,
      "owner": {
        "id": 446,
        "type": "holding"
      }
    }
  ]
}

Pobieranie danych: cenach itemu food q3 w kraju Colombia z URL: https://api.eclesiar.com/market/items/get?country_id=5&item_id=4...
--- Dane o cenach itemu food q3 w kraju Colombia ---
{
  "code": 200,
  "description": "Success",
  "data": [
    {
      "value": 1,
      "amount": 243,
      "owner": {
        "id": 416,
        "type": "holding"
      }
    },
    {
      "value": 1,
      "amount": 22,
      "owner": {
        "id": 5,
        "type": "country"
      }
    },
    {
      "value": 2,
      "amount": 9,
      "owner": {
        "id": 416,
        "type": "holding"
      }
    },
    {
      "value": 7,
      "amount": 113,
      "owner": {
        "id": 5,
        "type": "country"
      }
    }
  ]
}

Pobieranie danych: cenach itemu food q3 w kraju Peru z URL: https://api.eclesiar.com/market/items/get?country_id=6&item_id=4...
--- Dane o cenach itemu food q3 w kraju Peru ---
{
  "code": 200,
  "description": "Success",
  "data": [
    {
      "value": 4,
      "amount": 5,
      "owner": {
        "id": 623,
        "type": "account"
      }
    },
    {
      "value": 4.019,
      "amount": 27,
      "owner": {
        "id": 11718,
        "type": "account"
      }
    },
    {
      "value": 5.8,
      "amount": 20,
      "owner": {
        "id": 14495,
        "type": "account"
      }
    }
  ]
}

Pobieranie danych: cenach itemu food q3 w kraju Brazil z URL: https://api.eclesiar.com/market/items/get?country_id=7&item_id=4...
--- Dane o cenach itemu food q3 w kraju Brazil ---
{
  "code": 200,
  "description": "Success",
  "data": [
    {
      "value": 1,
      "amount": 94,
      "owner": {
        "id": 3158,
        "type": "account"
      }
    },
    {
      "value": 1.99,
      "amount": 51,
      "owner": {
        "id": 9589,
        "type": "account"
      }
    },
    {
      "value": 2,
      "amount": 30,
      "owner": {
        "id": 446,
        "type": "holding"
      }
    }
  ]
}

Pobieranie danych: cenach itemu food q3 w kraju Chile z URL: https://api.eclesiar.com/market/items/get?country_id=8&item_id=4...
--- Dane o cenach itemu food q3 w kraju Chile ---
{
  "code": 200,
  "description": "Success",
  "data": [
    {
      "value": 1.1,
      "amount": 222,
      "owner": {
        "id": 9717,
        "type": "account"
      }
    },
    {
      "value": 1.19,
      "amount": 9,
      "owner": {
        "id": 8,
        "type": "country"
      }
    },
    {
      "value": 1.29,
      "amount": 38,
      "owner": {
        "id": 9946,
        "type": "account"
      }
    },
    {
      "value": 1.39,
      "amount": 283,
      "owner": {
        "id": 3112,
        "type": "account"
      }
    },
    {
      "value": 2,
      "amount": 200,
      "owner": {
        "id": 446,
        "type": "holding"
      }
    }
  ]
}

Pobieranie danych: cenach itemu food q3 w kraju Argentina z URL: https://api.eclesiar.com/market/items/get?country_id=10&item_id=4...
--- Dane o cenach itemu food q3 w kraju Argentina ---
{
  "code": 200,
  "description": "Success"
}

Pobieranie danych: cenach itemu food q3 w kraju Ireland z URL: https://api.eclesiar.com/market/items/get?country_id=11&item_id=4...
--- Dane o cenach itemu food q3 w kraju Ireland ---
{
  "code": 200,
  "description": "Success"
}

Pobieranie danych: cenach itemu food q3 w kraju France z URL: https://api.eclesiar.com/market/items/get?country_id=12&item_id=4...
--- Dane o cenach itemu food q3 w kraju France ---
{
  "code": 200,
  "description": "Success",
  "data": [
    {
      "value": 0.9,
      "amount": 88,
      "owner": {
        "id": 9574,
        "type": "account"
      }
    },
    {
      "value": 0.95,
      "amount": 100,
      "owner": {
        "id": 9574,
        "type": "account"
      }
    },
    {
      "value": 0.999,
      "amount": 382,
      "owner": {
        "id": 511,
        "type": "holding"
      }
    },
    {
      "value": 1.2,
      "amount": 43,
      "owner": {
        "id": 12,
        "type": "country"
      }
    },
    {
      "value": 1.3,
      "amount": 10,
      "owner": {
        "id": 9819,
        "type": "account"
      }
    },
    {
      "value": 1.4,
      "amount": 48,
      "owner": {
        "id": 446,
        "type": "holding"
      }
    },
    {
      "value": 55,
      "amount": 18,
      "owner": {
        "id": 1255,
        "type": "account"
      }
    }
  ]
}

Pobieranie danych: cenach itemu food q3 w kraju Portugal z URL: https://api.eclesiar.com/market/items/get?country_id=13&item_id=4...
--- Dane o cenach itemu food q3 w kraju Portugal ---
{
  "code": 200,
  "description": "Success",
  "data": [
    {
      "value": 0.85,
      "amount": 25,
      "owner": {
        "id": 537,
        "type": "holding"
      }
    },
    {
      "value": 1,
      "amount": 97,
      "owner": {
        "id": 5285,
        "type": "account"
      }
    },
    {
      "value": 1,
      "amount": 90,
      "owner": {
        "id": 2507,
        "type": "account"
      }
    },
    {
      "value": 1.6,
      "amount": 58,
      "owner": {
        "id": 446,
        "type": "holding"
      }
    },
    {
      "value": 2,
      "amount": 96,
      "owner": {
        "id": 446,
        "type": "holding"
      }
    }
  ]
}

Pobieranie danych: cenach itemu food q3 w kraju Spain z URL: https://api.eclesiar.com/market/items/get?country_id=14&item_id=4...
--- Dane o cenach itemu food q3 w kraju Spain ---
{
  "code": 200,
  "description": "Success",
  "data": [
    {
      "value": 0.249,
      "amount": 100,
      "owner": {
        "id": 545,
        "type": "holding"
      }
    }
  ]
}

Pobieranie danych: cenach itemu food q3 w kraju Germany z URL: https://api.eclesiar.com/market/items/get?country_id=15&item_id=4...
--- Dane o cenach itemu food q3 w kraju Germany ---
{
  "code": 200,
  "description": "Success",
  "data": [
    {
      "value": 0.389,
      "amount": 200,
      "owner": {
        "id": 535,
        "type": "holding"
      }
    },
    {
      "value": 0.989,
      "amount": 100,
      "owner": {
        "id": 14227,
        "type": "account"
      }
    },
    {
      "value": 0.99,
      "amount": 15,
      "owner": {
        "id": 14495,
        "type": "account"
      }
    },
    {
      "value": 2,
      "amount": 50,
      "owner": {
        "id": 446,
        "type": "holding"
      }
    },
    {
      "value": 4.7,
      "amount": 2,
      "owner": {
        "id": 1812,
        "type": "account"
      }
    },
    {
      "value": 4.8,
      "amount": 2,
      "owner": {
        "id": 1812,
        "type": "account"
      }
    },
    {
      "value": 4.9,
      "amount": 2,
      "owner": {
        "id": 1812,
        "type": "account"
      }
    }
  ]
}

Pobieranie danych: cenach itemu food q3 w kraju Sweden z URL: https://api.eclesiar.com/market/items/get?country_id=16&item_id=4...
--- Dane o cenach itemu food q3 w kraju Sweden ---
{
  "code": 200,
  "description": "Success",
  "data": [
    {
      "value": 0.99,
      "amount": 15,
      "owner": {
        "id": 1810,
        "type": "account"
      }
    },
    {
      "value": 1,
      "amount": 88,
      "owner": {
        "id": 1506,
        "type": "account"
      }
    },
    {
      "value": 1.9,
      "amount": 779,
      "owner": {
        "id": 2492,
        "type": "account"
      }
    },
    {
      "value": 2,
      "amount": 62,
      "owner": {
        "id": 446,
        "type": "holding"
      }
    },
    {
      "value": 666,
      "amount": 3,
      "owner": {
        "id": 1491,
        "type": "account"
      }
    }
  ]
}

Pobieranie danych: cenach itemu food q3 w kraju Italy z URL: https://api.eclesiar.com/market/items/get?country_id=17&item_id=4...
--- Dane o cenach itemu food q3 w kraju Italy ---
{
  "code": 200,
  "description": "Success"
}

Pobieranie danych: cenach itemu food q3 w kraju Poland z URL: https://api.eclesiar.com/market/items/get?country_id=18&item_id=4...
--- Dane o cenach itemu food q3 w kraju Poland ---
{
  "code": 200,
  "description": "Success",
  "data": [
    {
      "value": 0.257,
      "amount": 247,
      "owner": {
        "id": 491,
        "type": "holding"
      }
    },
    {
      "value": 0.258,
      "amount": 17,
      "owner": {
        "id": 13651,
        "type": "account"
      }
    },
    {
      "value": 0.259,
      "amount": 300,
      "owner": {
        "id": 11311,
        "type": "account"
      }
    },
    {
      "value": 0.26,
      "amount": 219,
      "owner": {
        "id": 11671,
        "type": "account"
      }
    },
    {
      "value": 0.261,
      "amount": 26,
      "owner": {
        "id": 10720,
        "type": "account"
      }
    },
    {
      "value": 0.264,
      "amount": 20,
      "owner": {
        "id": 14026,
        "type": "account"
      }
    },
    {
      "value": 0.265,
      "amount": 10,
      "owner": {
        "id": 11520,
        "type": "account"
      }
    },
    {
      "value": 0.265,
      "amount": 50,
      "owner": {
        "id": 9819,
        "type": "account"
      }
    },
    {
      "value": 0.267,
      "amount": 163,
      "owner": {
        "id": 11752,
        "type": "account"
      }
    },
    {
      "value": 0.289,
      "amount": 300,
      "owner": {
        "id": 11557,
        "type": "account"
      }
    },
    {
      "value": 0.29,
      "amount": 100,
      "owner": {
        "id": 11591,
        "type": "account"
      }
    },
    {
      "value": 0.293,
      "amount": 200,
      "owner": {
        "id": 11591,
        "type": "account"
      }
    },
    {
      "value": 0.297,
      "amount": 150,
      "owner": {
        "id": 11520,
        "type": "account"
      }
    },
    {
      "value": 0.3,
      "amount": 10,
      "owner": {
        "id": 14974,
        "type": "account"
      }
    },
    {
      "value": 0.301,
      "amount": 73,
      "owner": {
        "id": 11161,
        "type": "account"
      }
    },
    {
      "value": 0.306,
      "amount": 100,
      "owner": {
        "id": 11546,
        "type": "account"
      }
    },
    {
      "value": 0.314,
      "amount": 25,
      "owner": {
        "id": 9819,
        "type": "account"
      }
    },
    {
      "value": 0.315,
      "amount": 20,
      "owner": {
        "id": 14581,
        "type": "account"
      }
    },
    {
      "value": 0.324,
      "amount": 157,
      "owner": {
        "id": 11416,
        "type": "account"
      }
    },
    {
      "value": 0.344,
      "amount": 355,
      "owner": {
        "id": 10428,
        "type": "account"
      }
    },
    {
      "value": 0.4,
      "amount": 50,
      "owner": {
        "id": 446,
        "type": "holding"
      }
    },
    {
      "value": 1,
      "amount": 4,
      "owner": {
        "id": 4721,
        "type": "account"
      }
    },
    {
      "value": 1,
      "amount": 1,
      "owner": {
        "id": 12017,
        "type": "account"
      }
    },
    {
      "value": 1.97,
      "... (truncated)

Pobieranie danych: cenach itemu food q3 w kraju Lithuania z URL: https://api.eclesiar.com/market/items/get?country_id=19&item_id=4...
--- Dane o cenach itemu food q3 w kraju Lithuania ---
{
  "code": 200,
  "description": "Success"
}

Pobieranie danych: cenach itemu food q3 w kraju Slovenia z URL: https://api.eclesiar.com/market/items/get?country_id=20&item_id=4...
--- Dane o cenach itemu food q3 w kraju Slovenia ---
{
  "code": 200,
  "description": "Success",
  "data": [
    {
      "value": 1.258,
      "amount": 94,
      "owner": {
        "id": 440,
        "type": "holding"
      }
    },
    {
      "value": 1.259,
      "amount": 168,
      "owner": {
        "id": 511,
        "type": "holding"
      }
    },
    {
      "value": 1.69,
      "amount": 5,
      "owner": {
        "id": 5986,
        "type": "account"
      }
    },
    {
      "value": 1.7,
      "amount": 2,
      "owner": {
        "id": 2539,
        "type": "account"
      }
    },
    {
      "value": 1.9,
      "amount": 118,
      "owner": {
        "id": 446,
        "type": "holding"
      }
    },
    {
      "value": 2.1,
      "amount": 9,
      "owner": {
        "id": 5595,
        "type": "account"
      }
    }
  ]
}

Pobieranie danych: cenach itemu food q3 w kraju Croatia z URL: https://api.eclesiar.com/market/items/get?country_id=21&item_id=4...
--- Dane o cenach itemu food q3 w kraju Croatia ---
{
  "code": 200,
  "description": "Success",
  "data": [
    {
      "value": 0.539,
      "amount": 88,
      "owner": {
        "id": 21,
        "type": "country"
      }
    },
    {
      "value": 0.539,
      "amount": 49,
      "owner": {
        "id": 6555,
        "type": "account"
      }
    },
    {
      "value": 0.55,
      "amount": 149,
      "owner": {
        "id": 10667,
        "type": "account"
      }
    },
    {
      "value": 1,
      "amount": 1,
      "owner": {
        "id": 13489,
        "type": "account"
      }
    }
  ]
}

Pobieranie danych: cenach itemu food q3 w kraju Bosnia and Herzegovina z URL: https://api.eclesiar.com/market/items/get?country_id=22&item_id=4...
--- Dane o cenach itemu food q3 w kraju Bosnia and Herzegovina ---
{
  "code": 200,
  "description": "Success",
  "data": [
    {
      "value": 1.1,
      "amount": 31,
      "owner": {
        "id": 542,
        "type": "holding"
      }
    },
    {
      "value": 2.25,
      "amount": 1,
      "owner": {
        "id": 5413,
        "type": "account"
      }
    }
  ]
}

Pobieranie danych: cenach itemu food q3 w kraju Serbia z URL: https://api.eclesiar.com/market/items/get?country_id=23&item_id=4...
--- Dane o cenach itemu food q3 w kraju Serbia ---
{
  "code": 200,
  "description": "Success",
  "data": [
    {
      "value": 5,
      "amount": 1,
      "owner": {
        "id": 1577,
        "type": "account"
      }
    }
  ]
}

Pobieranie danych: cenach itemu food q3 w kraju North Macedonia z URL: https://api.eclesiar.com/market/items/get?country_id=24&item_id=4...
--- Dane o cenach itemu food q3 w kraju North Macedonia ---
{
  "code": 200,
  "description": "Success",
  "data": [
    {
      "value": 2.5,
      "amount": 119,
      "owner": {
        "id": 446,
        "type": "holding"
      }
    }
  ]
}

Pobieranie danych: cenach itemu food q3 w kraju Albania z URL: https://api.eclesiar.com/market/items/get?country_id=25&item_id=4...
--- Dane o cenach itemu food q3 w kraju Albania ---
{
  "code": 200,
  "description": "Success",
  "data": [
    {
      "value": 4.49,
      "amount": 238,
      "owner": {
        "id": 433,
        "type": "holding"
      }
    },
    {
      "value": 5,
      "amount": 156,
      "owner": {
        "id": 446,
        "type": "holding"
      }
    }
  ]
}

Pobieranie danych: cenach itemu food q3 w kraju Greece z URL: https://api.eclesiar.com/market/items/get?country_id=26&item_id=4...
--- Dane o cenach itemu food q3 w kraju Greece ---
{
  "code": 200,
  "description": "Success",
  "data": [
    {
      "value": 0.939,
      "amount": 7,
      "owner": {
        "id": 9709,
        "type": "account"
      }
    },
    {
      "value": 1.3,
      "amount": 8,
      "owner": {
        "id": 14974,
        "type": "account"
      }
    },
    {
      "value": 1.4,
      "amount": 228,
      "owner": {
        "id": 7343,
        "type": "account"
      }
    },
    {
      "value": 2,
      "amount": 40,
      "owner": {
        "id": 446,
        "type": "holding"
      }
    }
  ]
}

Pobieranie danych: cenach itemu food q3 w kraju Hungary z URL: https://api.eclesiar.com/market/items/get?country_id=27&item_id=4...
--- Dane o cenach itemu food q3 w kraju Hungary ---
{
  "code": 200,
  "description": "Success",
  "data": [
    {
      "value": 0.6,
      "amount": 133,
      "owner": {
        "id": 548,
        "type": "holding"
      }
    },
    {
      "value": 0.6,
      "amount": 100,
      "owner": {
        "id": 9899,
        "type": "account"
      }
    },
    {
      "value": 0.669,
      "amount": 50,
      "owner": {
        "id": 11311,
        "type": "account"
      }
    },
    {
      "value": 1.299,
      "amount": 100,
      "owner": {
        "id": 14227,
        "type": "account"
      }
    },
    {
      "value": 1.3,
      "amount": 36,
      "owner": {
        "id": 446,
        "type": "holding"
      }
    }
  ]
}

Pobieranie danych: cenach itemu food q3 w kraju Romania z URL: https://api.eclesiar.com/market/items/get?country_id=28&item_id=4...
--- Dane o cenach itemu food q3 w kraju Romania ---
{
  "code": 200,
  "description": "Success"
}

Pobieranie danych: cenach itemu food q3 w kraju Bulgaria z URL: https://api.eclesiar.com/market/items/get?country_id=30&item_id=4...
--- Dane o cenach itemu food q3 w kraju Bulgaria ---
{
  "code": 200,
  "description": "Success",
  "data": [
    {
      "value": 1.8,
      "amount": 49,
      "owner": {
        "id": 9129,
        "type": "account"
      }
    },
    {
      "value": 3.994,
      "amount": 5,
      "owner": {
        "id": 1202,
        "type": "account"
      }
    },
    {
      "value": 6,
      "amount": 10,
      "owner": {
        "id": 3480,
        "type": "account"
      }
    },
    {
      "value": 10,
      "amount": 10,
      "owner": {
        "id": 10277,
        "type": "account"
      }
    },
    {
      "value": 17,
      "amount": 1,
      "owner": {
        "id": 1812,
        "type": "account"
      }
    },
    {
      "value": 17.1,
      "amount": 2,
      "owner": {
        "id": 1812,
        "type": "account"
      }
    },
    {
      "value": 17.2,
      "amount": 2,
      "owner": {
        "id": 1812,
        "type": "account"
      }
    },
    {
      "value": 100,
      "amount": 1,
      "owner": {
        "id": 3553,
        "type": "account"
      }
    }
  ]
}

Pobieranie danych: cenach itemu food q3 w kraju Turkey z URL: https://api.eclesiar.com/market/items/get?country_id=31&item_id=4...
--- Dane o cenach itemu food q3 w kraju Turkey ---
{
  "code": 200,
  "description": "Success",
  "data": [
    {
      "value": 1,
      "amount": 10,
      "owner": {
        "id": 13489,
        "type": "account"
      }
    },
    {
      "value": 1,
      "amount": 100,
      "owner": {
        "id": 1812,
        "type": "account"
      }
    }
  ]
}

Pobieranie danych: cenach itemu food q3 w kraju Ukraine z URL: https://api.eclesiar.com/market/items/get?country_id=32&item_id=4...
--- Dane o cenach itemu food q3 w kraju Ukraine ---
{
  "code": 200,
  "description": "Success"
}

Pobieranie danych: cenach itemu food q3 w kraju Russia z URL: https://api.eclesiar.com/market/items/get?country_id=33&item_id=4...
--- Dane o cenach itemu food q3 w kraju Russia ---
{
  "code": 200,
  "description": "Success"
}

Pobieranie danych: cenach itemu food q3 w kraju Georgia z URL: https://api.eclesiar.com/market/items/get?country_id=34&item_id=4...
--- Dane o cenach itemu food q3 w kraju Georgia ---
{
  "code": 200,
  "description": "Success",
  "data": [
    {
      "value": 1.4,
      "amount": 60,
      "owner": {
        "id": 446,
        "type": "holding"
      }
    }
  ]
}

Pobieranie danych: cenach itemu food q3 w kraju Israel z URL: https://api.eclesiar.com/market/items/get?country_id=35&item_id=4...
--- Dane o cenach itemu food q3 w kraju Israel ---
{
  "code": 200,
  "description": "Success"
}

Pobieranie danych: cenach itemu food q3 w kraju Egypt z URL: https://api.eclesiar.com/market/items/get?country_id=36&item_id=4...
--- Dane o cenach itemu food q3 w kraju Egypt ---
{
  "code": 200,
  "description": "Success",
  "data": [
    {
      "value": 3,
      "amount": 50,
      "owner": {
        "id": 1812,
        "type": "account"
      }
    },
    {
      "value": 5,
      "amount": 1,
      "owner": {
        "id": 1577,
        "type": "account"
      }
    }
  ]
}

Pobieranie danych: cenach itemu food q3 w kraju South Africa z URL: https://api.eclesiar.com/market/items/get?country_id=37&item_id=4...
--- Dane o cenach itemu food q3 w kraju South Africa ---
{
  "code": 200,
  "description": "Success"
}

Pobieranie danych: cenach itemu food q3 w kraju Iraq z URL: https://api.eclesiar.com/market/items/get?country_id=38&item_id=4...
--- Dane o cenach itemu food q3 w kraju Iraq ---
{
  "code": 200,
  "description": "Success"
}

Pobieranie danych: cenach itemu food q3 w kraju Saudi Arabia z URL: https://api.eclesiar.com/market/items/get?country_id=39&item_id=4...
--- Dane o cenach itemu food q3 w kraju Saudi Arabia ---
{
  "code": 200,
  "description": "Success",
  "data": [
    {
      "value": 4.999,
      "amount": 84,
      "owner": {
        "id": 13439,
        "type": "account"
      }
    },
    {
      "value": 5,
      "amount": 84,
      "owner": {
        "id": 14227,
        "type": "account"
      }
    },
    {
      "value": 20,
      "amount": 10,
      "owner": {
        "id": 14495,
        "type": "account"
      }
    },
    {
      "value": 30,
      "amount": 2,
      "owner": {
        "id": 3655,
        "type": "account"
      }
    }
  ]
}

Pobieranie danych: cenach itemu food q3 w kraju Iran z URL: https://api.eclesiar.com/market/items/get?country_id=40&item_id=4...
--- Dane o cenach itemu food q3 w kraju Iran ---
{
  "code": 200,
  "description": "Success"
}

Pobieranie danych: cenach itemu food q3 w kraju Pakistan z URL: https://api.eclesiar.com/market/items/get?country_id=41&item_id=4...
--- Dane o cenach itemu food q3 w kraju Pakistan ---
{
  "code": 200,
  "description": "Success",
  "data": [
    {
      "value": 1,
      "amount": 255,
      "owner": {
        "id": 446,
        "type": "holding"
      }
    }
  ]
}

Pobieranie danych: cenach itemu food q3 w kraju India z URL: https://api.eclesiar.com/market/items/get?country_id=42&item_id=4...
--- Dane o cenach itemu food q3 w kraju India ---
{
  "code": 200,
  "description": "Success"
}

Pobieranie danych: cenach itemu food q3 w kraju China z URL: https://api.eclesiar.com/market/items/get?country_id=43&item_id=4...
--- Dane o cenach itemu food q3 w kraju China ---
{
  "code": 200,
  "description": "Success"
}

Pobieranie danych: cenach itemu food q3 w kraju Japan z URL: https://api.eclesiar.com/market/items/get?country_id=44&item_id=4...
--- Dane o cenach itemu food q3 w kraju Japan ---
{
  "code": 200,
  "description": "Success"
}

Pobieranie danych: cenach itemu food q3 w kraju South Korea z URL: https://api.eclesiar.com/market/items/get?country_id=45&item_id=4...
--- Dane o cenach itemu food q3 w kraju South Korea ---
{
  "code": 200,
  "description": "Success",
  "data": [
    {
      "value": 2,
      "amount": 119,
      "owner": {
        "id": 446,
        "type": "holding"
      }
    },
    {
      "value": 8,
      "amount": 86,
      "owner": {
        "id": 164,
        "type": "holding"
      }
    },
    {
      "value": 100,
      "amount": 1,
      "owner": {
        "id": 3553,
        "type": "account"
      }
    }
  ]
}

Pobieranie danych: cenach itemu food q3 w kraju Indonesia z URL: https://api.eclesiar.com/market/items/get?country_id=46&item_id=4...
--- Dane o cenach itemu food q3 w kraju Indonesia ---
{
  "code": 200,
  "description": "Success",
  "data": [
    {
      "value": 100,
      "amount": 1,
      "owner": {
        "id": 3553,
        "type": "account"
      }
    }
  ]
}

Pobieranie danych: cenach itemu food q3 w kraju Australia z URL: https://api.eclesiar.com/market/items/get?country_id=47&item_id=4...
--- Dane o cenach itemu food q3 w kraju Australia ---
{
  "code": 200,
  "description": "Success",
  "data": [
    {
      "value": 0.35,
      "amount": 278,
      "owner": {
        "id": 527,
        "type": "holding"
      }
    },
    {
      "value": 0.35,
      "amount": 32,
      "owner": {
        "id": 10944,
        "type": "account"
      }
    }
  ]
}

Pobieranie danych: cenach itemu food q3 w kraju Philippines z URL: https://api.eclesiar.com/market/items/get?country_id=48&item_id=4...
--- Dane o cenach itemu food q3 w kraju Philippines ---
{
  "code": 200,
  "description": "Success"
}

Pobieranie danych: cenach itemu food q4 w kraju United Kingdom z URL: https://api.eclesiar.com/market/items/get?country_id=2&item_id=5...
--- Dane o cenach itemu food q4 w kraju United Kingdom ---
{
  "code": 200,
  "description": "Success",
  "data": [
    {
      "value": 1,
      "amount": 18,
      "owner": {
        "id": 5270,
        "type": "account"
      }
    }
  ]
}

Pobieranie danych: cenach itemu food q4 w kraju United States of America z URL: https://api.eclesiar.com/market/items/get?country_id=3&item_id=5...
--- Dane o cenach itemu food q4 w kraju United States of America ---
{
  "code": 200,
  "description": "Success",
  "data": [
    {
      "value": 2,
      "amount": 79,
      "owner": {
        "id": 2129,
        "type": "account"
      }
    },
    {
      "value": 2,
      "amount": 288,
      "owner": {
        "id": 1750,
        "type": "account"
      }
    },
    {
      "value": 25,
      "amount": 5,
      "owner": {
        "id": 2196,
        "type": "account"
      }
    },
    {
      "value": 4444,
      "amount": 2,
      "owner": {
        "id": 1659,
        "type": "account"
      }
    }
  ]
}

Pobieranie danych: cenach itemu food q4 w kraju Mexico z URL: https://api.eclesiar.com/market/items/get?country_id=4&item_id=5...
--- Dane o cenach itemu food q4 w kraju Mexico ---
{
  "code": 200,
  "description": "Success"
}

Pobieranie danych: cenach itemu food q4 w kraju Colombia z URL: https://api.eclesiar.com/market/items/get?country_id=5&item_id=5...
--- Dane o cenach itemu food q4 w kraju Colombia ---
{
  "code": 200,
  "description": "Success"
}

Pobieranie danych: cenach itemu food q4 w kraju Peru z URL: https://api.eclesiar.com/market/items/get?country_id=6&item_id=5...
--- Dane o cenach itemu food q4 w kraju Peru ---
{
  "code": 200,
  "description": "Success",
  "data": [
    {
      "value": 7.9,
      "amount": 10,
      "owner": {
        "id": 1812,
        "type": "account"
      }
    }
  ]
}

Pobieranie danych: cenach itemu food q4 w kraju Brazil z URL: https://api.eclesiar.com/market/items/get?country_id=7&item_id=5...
--- Dane o cenach itemu food q4 w kraju Brazil ---
{
  "code": 200,
  "description": "Success",
  "data": [
    {
      "value": 1.2,
      "amount": 839,
      "owner": {
        "id": 7,
        "type": "country"
      }
    },
    {
      "value": 1.7,
      "amount": 43,
      "owner": {
        "id": 253,
        "type": "holding"
      }
    },
    {
      "value": 2.9,
      "amount": 30,
      "owner": {
        "id": 11058,
        "type": "account"
      }
    }
  ]
}

Pobieranie danych: cenach itemu food q4 w kraju Chile z URL: https://api.eclesiar.com/market/items/get?country_id=8&item_id=5...
--- Dane o cenach itemu food q4 w kraju Chile ---
{
  "code": 200,
  "description": "Success",
  "data": [
    {
      "value": 1.8,
      "amount": 60,
      "owner": {
        "id": 3110,
        "type": "account"
      }
    },
    {
      "value": 4,
      "amount": 1,
      "owner": {
        "id": 1812,
        "type": "account"
      }
    }
  ]
}

Pobieranie danych: cenach itemu food q4 w kraju Argentina z URL: https://api.eclesiar.com/market/items/get?country_id=10&item_id=5...
--- Dane o cenach itemu food q4 w kraju Argentina ---
{
  "code": 200,
  "description": "Success"
}

Pobieranie danych: cenach itemu food q4 w kraju Ireland z URL: https://api.eclesiar.com/market/items/get?country_id=11&item_id=5...
--- Dane o cenach itemu food q4 w kraju Ireland ---
{
  "code": 200,
  "description": "Success",
  "data": [
    {
      "value": 19,
      "amount": 14,
      "owner": {
        "id": 9705,
        "type": "account"
      }
    }
  ]
}

Pobieranie danych: cenach itemu food q4 w kraju France z URL: https://api.eclesiar.com/market/items/get?country_id=12&item_id=5...
--- Dane o cenach itemu food q4 w kraju France ---
{
  "code": 200,
  "description": "Success",
  "data": [
    {
      "value": 1.25,
      "amount": 84,
      "owner": {
        "id": 5548,
        "type": "account"
      }
    },
    {
      "value": 1.25,
      "amount": 24,
      "owner": {
        "id": 5549,
        "type": "account"
      }
    },
    {
      "value": 55,
      "amount": 9,
      "owner": {
        "id": 1255,
        "type": "account"
      }
    }
  ]
}

Pobieranie danych: cenach itemu food q4 w kraju Portugal z URL: https://api.eclesiar.com/market/items/get?country_id=13&item_id=5...
--- Dane o cenach itemu food q4 w kraju Portugal ---
{
  "code": 200,
  "description": "Success",
  "data": [
    {
      "value": 1.19,
      "amount": 138,
      "owner": {
        "id": 396,
        "type": "holding"
      }
    }
  ]
}

Pobieranie danych: cenach itemu food q4 w kraju Spain z URL: https://api.eclesiar.com/market/items/get?country_id=14&item_id=5...
--- Dane o cenach itemu food q4 w kraju Spain ---
{
  "code": 200,
  "description": "Success",
  "data": [
    {
      "value": 35,
      "amount": 5,
      "owner": {
        "id": 4119,
        "type": "account"
      }
    },
    {
      "value": 40,
      "amount": 5,
      "owner": {
        "id": 4119,
        "type": "account"
      }
    }
  ]
}

Pobieranie danych: cenach itemu food q4 w kraju Germany z URL: https://api.eclesiar.com/market/items/get?country_id=15&item_id=5...
--- Dane o cenach itemu food q4 w kraju Germany ---
{
  "code": 200,
  "description": "Success",
  "data": [
    {
      "value": 0.5,
      "amount": 250,
      "owner": {
        "id": 15,
        "type": "country"
      }
    },
    {
      "value": 3,
      "amount": 31,
      "owner": {
        "id": 1812,
        "type": "account"
      }
    },
    {
      "value": 5.8,
      "amount": 2,
      "owner": {
        "id": 1812,
        "type": "account"
      }
    },
    {
      "value": 5.9,
      "amount": 2,
      "owner": {
        "id": 1812,
        "type": "account"
      }
    }
  ]
}

Pobieranie danych: cenach itemu food q4 w kraju Sweden z URL: https://api.eclesiar.com/market/items/get?country_id=16&item_id=5...
--- Dane o cenach itemu food q4 w kraju Sweden ---
{
  "code": 200,
  "description": "Success",
  "data": [
    {
      "value": 1.3,
      "amount": 200,
      "owner": {
        "id": 441,
        "type": "account"
      }
    },
    {
      "value": 2.458,
      "amount": 29,
      "owner": {
        "id": 5376,
        "type": "account"
      }
    },
    {
      "value": 10,
      "amount": 1,
      "owner": {
        "id": 13535,
        "type": "account"
      }
    },
    {
      "value": 10,
      "amount": 1,
      "owner": {
        "id": 202,
        "type": "account"
      }
    }
  ]
}

Pobieranie danych: cenach itemu food q4 w kraju Italy z URL: https://api.eclesiar.com/market/items/get?country_id=17&item_id=5...
--- Dane o cenach itemu food q4 w kraju Italy ---
{
  "code": 200,
  "description": "Success",
  "data": [
    {
      "value": 2,
      "amount": 14,
      "owner": {
        "id": 110,
        "type": "holding"
      }
    },
    {
      "value": 3,
      "amount": 2,
      "owner": {
        "id": 10357,
        "type": "account"
      }
    },
    {
      "value": 3,
      "amount": 46,
      "owner": {
        "id": 298,
        "type": "holding"
      }
    },
    {
      "value": 20,
      "amount": 1,
      "owner": {
        "id": 13534,
        "type": "account"
      }
    }
  ]
}

Pobieranie danych: cenach itemu food q4 w kraju Poland z URL: https://api.eclesiar.com/market/items/get?country_id=18&item_id=5...
--- Dane o cenach itemu food q4 w kraju Poland ---
{
  "code": 200,
  "description": "Success",
  "data": [
    {
      "value": 0.405,
      "amount": 54,
      "owner": {
        "id": 9845,
        "type": "account"
      }
    },
    {
      "value": 0.407,
      "amount": 57,
      "owner": {
        "id": 2759,
        "type": "account"
      }
    },
    {
      "value": 0.408,
      "amount": 26,
      "owner": {
        "id": 9928,
        "type": "account"
      }
    },
    {
      "value": 0.409,
      "amount": 189,
      "owner": {
        "id": 572,
        "type": "holding"
      }
    },
    {
      "value": 0.41,
      "amount": 280,
      "owner": {
        "id": 474,
        "type": "holding"
      }
    },
    {
      "value": 0.413,
      "amount": 157,
      "owner": {
        "id": 10720,
        "type": "account"
      }
    },
    {
      "value": 0.414,
      "amount": 12,
      "owner": {
        "id": 14739,
        "type": "account"
      }
    },
    {
      "value": 0.415,
      "amount": 400,
      "owner": {
        "id": 11890,
        "type": "account"
      }
    },
    {
      "value": 0.428,
      "amount": 76,
      "owner": {
        "id": 11671,
        "type": "account"
      }
    },
    {
      "value": 0.429,
      "amount": 320,
      "owner": {
        "id": 11671,
        "type": "account"
      }
    },
    {
      "value": 0.44,
      "amount": 50,
      "owner": {
        "id": 2759,
        "type": "account"
      }
    },
    {
      "value": 0.488,
      "amount": 39,
      "owner": {
        "id": 11890,
        "type": "account"
      }
    },
    {
      "value": 0.5,
      "amount": 4,
      "owner": {
        "id": 10058,
        "type": "account"
      }
    },
    {
      "value": 0.6,
      "amount": 100,
      "owner": {
        "id": 9822,
        "type": "account"
      }
    },
    {
      "value": 1.45,
      "amount": 1,
      "owner": {
        "id": 1812,
        "type": "account"
      }
    },
    {
      "value": 1.5,
      "amount": 2,
      "owner": {
        "id": 1812,
        "type": "account"
      }
    },
    {
      "value": 2,
      "amount": 1,
      "owner": {
        "id": 1577,
        "type": "account"
      }
    },
    {
      "value": 4,
      "amount": 2,
      "owner": {
        "id": 1812,
        "type": "account"
      }
    },
    {
      "value": 22,
      "amount": 1,
      "owner": {
        "id": 3542,
        "type": "account"
      }
    }
  ]
}

Pobieranie danych: cenach itemu food q4 w kraju Lithuania z URL: https://api.eclesiar.com/market/items/get?country_id=19&item_id=5...
--- Dane o cenach itemu food q4 w kraju Lithuania ---
{
  "code": 200,
  "description": "Success"
}

Pobieranie danych: cenach itemu food q4 w kraju Slovenia z URL: https://api.eclesiar.com/market/items/get?country_id=20&item_id=5...
--- Dane o cenach itemu food q4 w kraju Slovenia ---
{
  "code": 200,
  "description": "Success",
  "data": [
    {
      "value": 1.3,
      "amount": 464,
      "owner": {
        "id": 58,
        "type": "holding"
      }
    },
    {
      "value": 1.94,
      "amount": 89,
      "owner": {
        "id": 55,
        "type": "holding"
      }
    },
    {
      "value": 1.95,
      "amount": 89,
      "owner": {
        "id": 440,
        "type": "holding"
      }
    },
    {
      "value": 1.96,
      "amount": 95,
      "owner": {
        "id": 6964,
        "type": "account"
      }
    },
    {
      "value": 2,
      "amount": 6,
      "owner": {
        "id": 2539,
        "type": "account"
      }
    },
    {
      "value": 50,
      "amount": 100,
      "owner": {
        "id": 4614,
        "type": "account"
      }
    },
    {
      "value": 51,
      "amount": 100,
      "owner": {
        "id": 4614,
        "type": "account"
      }
    },
    {
      "value": 52,
      "amount": 100,
      "owner": {
        "id": 4614,
        "type": "account"
      }
    }
  ]
}

Pobieranie danych: cenach itemu food q4 w kraju Croatia z URL: https://api.eclesiar.com/market/items/get?country_id=21&item_id=5...
--- Dane o cenach itemu food q4 w kraju Croatia ---
{
  "code": 200,
  "description": "Success",
  "data": [
    {
      "value": 0.769,
      "amount": 3,
      "owner": {
        "id": 440,
        "type": "holding"
      }
    },
    {
      "value": 0.78,
      "amount": 252,
      "owner": {
        "id": 410,
        "type": "holding"
      }
    },
    {
      "value": 0.79,
      "amount": 22,
      "owner": {
        "id": 10277,
        "type": "account"
      }
    },
    {
      "value": 0.89,
      "amount": 449,
      "owner": {
        "id": 5616,
        "type": "account"
      }
    }
  ]
}

Pobieranie danych: cenach itemu food q4 w kraju Bosnia and Herzegovina z URL: https://api.eclesiar.com/market/items/get?country_id=22&item_id=5...
--- Dane o cenach itemu food q4 w kraju Bosnia and Herzegovina ---
{
  "code": 200,
  "description": "Success",
  "data": [
    {
      "value": 1.199,
      "amount": 160,
      "owner": {
        "id": 15496,
        "type": "account"
      }
    }
  ]
}

Pobieranie danych: cenach itemu food q4 w kraju Serbia z URL: https://api.eclesiar.com/market/items/get?country_id=23&item_id=5...
--- Dane o cenach itemu food q4 w kraju Serbia ---
{
  "code": 200,
  "description": "Success",
  "data": [
    {
      "value": 0.75,
      "amount": 138,
      "owner": {
        "id": 147,
        "type": "holding"
      }
    },
    {
      "value": 3,
      "amount": 30,
      "owner": {
        "id": 11058,
        "type": "account"
      }
    }
  ]
}

Pobieranie danych: cenach itemu food q4 w kraju North Macedonia z URL: https://api.eclesiar.com/market/items/get?country_id=24&item_id=5...
--- Dane o cenach itemu food q4 w kraju North Macedonia ---
{
  "code": 200,
  "description": "Success"
}

Pobieranie danych: cenach itemu food q4 w kraju Albania z URL: https://api.eclesiar.com/market/items/get?country_id=25&item_id=5...
--- Dane o cenach itemu food q4 w kraju Albania ---
{
  "code": 200,
  "description": "Success"
}

Pobieranie danych: cenach itemu food q4 w kraju Greece z URL: https://api.eclesiar.com/market/items/get?country_id=26&item_id=5...
--- Dane o cenach itemu food q4 w kraju Greece ---
{
  "code": 200,
  "description": "Success",
  "data": [
    {
      "value": 0.94,
      "amount": 553,
      "owner": {
        "id": 419,
        "type": "holding"
      }
    },
    {
      "value": 2.1,
      "amount": 69,
      "owner": {
        "id": 110,
        "type": "holding"
      }
    }
  ]
}

Pobieranie danych: cenach itemu food q4 w kraju Hungary z URL: https://api.eclesiar.com/market/items/get?country_id=27&item_id=5...
--- Dane o cenach itemu food q4 w kraju Hungary ---
{
  "code": 200,
  "description": "Success",
  "data": [
    {
      "value": 0.798,
      "amount": 25,
      "owner": {
        "id": 12618,
        "type": "account"
      }
    },
    {
      "value": 0.799,
      "amount": 32,
      "owner": {
        "id": 2582,
        "type": "account"
      }
    },
    {
      "value": 0.8,
      "amount": 49,
      "owner": {
        "id": 548,
        "type": "holding"
      }
    },
    {
      "value": 0.833,
      "amount": 140,
      "owner": {
        "id": 555,
        "type": "holding"
      }
    },
    {
      "value": 0.889,
      "amount": 50,
      "owner": {
        "id": 11311,
        "type": "account"
      }
    },
    {
      "value": 0.929,
      "amount": 25,
      "owner": {
        "id": 11301,
        "type": "account"
      }
    },
    {
      "value": 0.934,
      "amount": 20,
      "owner": {
        "id": 12564,
        "type": "account"
      }
    },
    {
      "value": 1.25,
      "amount": 56,
      "owner": {
        "id": 10909,
        "type": "account"
      }
    },
    {
      "value": 6.9,
      "amount": 8,
      "owner": {
        "id": 1745,
        "type": "account"
      }
    }
  ]
}

Pobieranie danych: cenach itemu food q4 w kraju Romania z URL: https://api.eclesiar.com/market/items/get?country_id=28&item_id=5...
--- Dane o cenach itemu food q4 w kraju Romania ---
{
  "code": 200,
  "description": "Success"
}

Pobieranie danych: cenach itemu food q4 w kraju Bulgaria z URL: https://api.eclesiar.com/market/items/get?country_id=30&item_id=5...
--- Dane o cenach itemu food q4 w kraju Bulgaria ---
{
  "code": 200,
  "description": "Success",
  "data": [
    {
      "value": 2.59,
      "amount": 50,
      "owner": {
        "id": 9129,
        "type": "account"
      }
    },
    {
      "value": 2.6,
      "amount": 15,
      "owner": {
        "id": 2406,
        "type": "account"
      }
    },
    {
      "value": 2.69,
      "amount": 55,
      "owner": {
        "id": 643,
        "type": "account"
      }
    },
    {
      "value": 3.6,
      "amount": 186,
      "owner": {
        "id": 216,
        "type": "account"
      }
    }
  ]
}

Pobieranie danych: cenach itemu food q4 w kraju Turkey z URL: https://api.eclesiar.com/market/items/get?country_id=31&item_id=5...
--- Dane o cenach itemu food q4 w kraju Turkey ---
{
  "code": 200,
  "description": "Success",
  "data": [
    {
      "value": 0.75,
      "amount": 365,
      "owner": {
        "id": 1,
        "type": "holding"
      }
    },
    {
      "value": 1,
      "amount": 1,
      "owner": {
        "id": 12431,
        "type": "account"
      }
    },
    {
      "value": 400,
      "amount": 5,
      "owner": {
        "id": 1268,
        "type": "account"
      }
    },
    {
      "value": 5000,
      "amount": 9,
      "owner": {
        "id": 1477,
        "type": "account"
      }
    }
  ]
}

Pobieranie danych: cenach itemu food q4 w kraju Ukraine z URL: https://api.eclesiar.com/market/items/get?country_id=32&item_id=5...
--- Dane o cenach itemu food q4 w kraju Ukraine ---
{
  "code": 200,
  "description": "Success"
}

Pobieranie danych: cenach itemu food q4 w kraju Russia z URL: https://api.eclesiar.com/market/items/get?country_id=33&item_id=5...
--- Dane o cenach itemu food q4 w kraju Russia ---
{
  "code": 200,
  "description": "Success",
  "data": [
    {
      "value": 5,
      "amount": 39,
      "owner": {
        "id": 5770,
        "type": "account"
      }
    }
  ]
}

Pobieranie danych: cenach itemu food q4 w kraju Georgia z URL: https://api.eclesiar.com/market/items/get?country_id=34&item_id=5...
--- Dane o cenach itemu food q4 w kraju Georgia ---
{
  "code": 200,
  "description": "Success",
  "data": [
    {
      "value": 0.4,
      "amount": 34,
      "owner": {
        "id": 216,
        "type": "account"
      }
    },
    {
      "value": 0.5,
      "amount": 125,
      "owner": {
        "id": 34,
        "type": "country"
      }
    }
  ]
}

Pobieranie danych: cenach itemu food q4 w kraju Israel z URL: https://api.eclesiar.com/market/items/get?country_id=35&item_id=5...
--- Dane o cenach itemu food q4 w kraju Israel ---
{
  "code": 200,
  "description": "Success",
  "data": [
    {
      "value": 2,
      "amount": 30,
      "owner": {
        "id": 11058,
        "type": "account"
      }
    }
  ]
}

Pobieranie danych: cenach itemu food q4 w kraju Egypt z URL: https://api.eclesiar.com/market/items/get?country_id=36&item_id=5...
--- Dane o cenach itemu food q4 w kraju Egypt ---
{
  "code": 200,
  "description": "Success",
  "data": [
    {
      "value": 7,
      "amount": 71,
      "owner": {
        "id": 110,
        "type": "holding"
      }
    }
  ]
}

Pobieranie danych: cenach itemu food q4 w kraju South Africa z URL: https://api.eclesiar.com/market/items/get?country_id=37&item_id=5...
--- Dane o cenach itemu food q4 w kraju South Africa ---
{
  "code": 200,
  "description": "Success"
}

Pobieranie danych: cenach itemu food q4 w kraju Iraq z URL: https://api.eclesiar.com/market/items/get?country_id=38&item_id=5...
--- Dane o cenach itemu food q4 w kraju Iraq ---
{
  "code": 200,
  "description": "Success"
}

Pobieranie danych: cenach itemu food q4 w kraju Saudi Arabia z URL: https://api.eclesiar.com/market/items/get?country_id=39&item_id=5...
--- Dane o cenach itemu food q4 w kraju Saudi Arabia ---
{
  "code": 200,
  "description": "Success",
  "data": [
    {
      "value": 13.959,
      "amount": 106,
      "owner": {
        "id": 13439,
        "type": "account"
      }
    },
    {
      "value": 333,
      "amount": 6,
      "owner": {
        "id": 2137,
        "type": "account"
      }
    }
  ]
}

Pobieranie danych: cenach itemu food q4 w kraju Iran z URL: https://api.eclesiar.com/market/items/get?country_id=40&item_id=5...
--- Dane o cenach itemu food q4 w kraju Iran ---
{
  "code": 200,
  "description": "Success",
  "data": [
    {
      "value": 155,
      "amount": 10,
      "owner": {
        "id": 2959,
        "type": "account"
      }
    }
  ]
}

Pobieranie danych: cenach itemu food q4 w kraju Pakistan z URL: https://api.eclesiar.com/market/items/get?country_id=41&item_id=5...
--- Dane o cenach itemu food q4 w kraju Pakistan ---
{
  "code": 200,
  "description": "Success"
}

Pobieranie danych: cenach itemu food q4 w kraju India z URL: https://api.eclesiar.com/market/items/get?country_id=42&item_id=5...
--- Dane o cenach itemu food q4 w kraju India ---
{
  "code": 200,
  "description": "Success"
}

Pobieranie danych: cenach itemu food q4 w kraju China z URL: https://api.eclesiar.com/market/items/get?country_id=43&item_id=5...
--- Dane o cenach itemu food q4 w kraju China ---
{
  "code": 200,
  "description": "Success",
  "data": [
    {
      "value": 0.74,
      "amount": 50,
      "owner": {
        "id": 13573,
        "type": "account"
      }
    },
    {
      "value": 3,
      "amount": 11,
      "owner": {
        "id": 2878,
        "type": "account"
      }
    }
  ]
}

Pobieranie danych: cenach itemu food q4 w kraju Japan z URL: https://api.eclesiar.com/market/items/get?country_id=44&item_id=5...
--- Dane o cenach itemu food q4 w kraju Japan ---
{
  "code": 200,
  "description": "Success",
  "data": [
    {
      "value": 2.5,
      "amount": 473,
      "owner": {
        "id": 23,
        "type": "holding"
      }
    },
    {
      "value": 20,
      "amount": 67,
      "owner": {
        "id": 1705,
        "type": "account"
      }
    }
  ]
}

Pobieranie danych: cenach itemu food q4 w kraju South Korea z URL: https://api.eclesiar.com/market/items/get?country_id=45&item_id=5...
--- Dane o cenach itemu food q4 w kraju South Korea ---
{
  "code": 200,
  "description": "Success"
}

Pobieranie danych: cenach itemu food q4 w kraju Indonesia z URL: https://api.eclesiar.com/market/items/get?country_id=46&item_id=5...
--- Dane o cenach itemu food q4 w kraju Indonesia ---
{
  "code": 200,
  "description": "Success"
}

Pobieranie danych: cenach itemu food q4 w kraju Australia z URL: https://api.eclesiar.com/market/items/get?country_id=47&item_id=5...
--- Dane o cenach itemu food q4 w kraju Australia ---
{
  "code": 200,
  "description": "Success",
  "data": [
    {
      "value": 0.498,
      "amount": 283,
      "owner": {
        "id": 175,
        "type": "holding"
      }
    },
    {
      "value": 0.5,
      "amount": 102,
      "owner": {
        "id": 527,
        "type": "holding"
      }
    },
    {
      "value": 0.5,
      "amount": 103,
      "owner": {
        "id": 10944,
        "type": "account"
      }
    }
  ]
}

Pobieranie danych: cenach itemu food q4 w kraju Philippines z URL: https://api.eclesiar.com/market/items/get?country_id=48&item_id=5...
--- Dane o cenach itemu food q4 w kraju Philippines ---
{
  "code": 200,
  "description": "Success"
}

Pobieranie danych: cenach itemu food q5 w kraju United Kingdom z URL: https://api.eclesiar.com/market/items/get?country_id=2&item_id=6...
--- Dane o cenach itemu food q5 w kraju United Kingdom ---
{
  "code": 200,
  "description": "Success"
}

Pobieranie danych: cenach itemu food q5 w kraju United States of America z URL: https://api.eclesiar.com/market/items/get?country_id=3&item_id=6...
--- Dane o cenach itemu food q5 w kraju United States of America ---
{
  "code": 200,
  "description": "Success",
  "data": [
    {
      "value": 2.999,
      "amount": 99,
      "owner": {
        "id": 1738,
        "type": "account"
      }
    },
    {
      "value": 3,
      "amount": 300,
      "owner": {
        "id": 1906,
        "type": "account"
      }
    },
    {
      "value": 4,
      "amount": 287,
      "owner": {
        "id": 2129,
        "type": "account"
      }
    },
    {
      "value": 4,
      "amount": 10,
      "owner": {
        "id": 1524,
        "type": "account"
      }
    },
    {
      "value": 5,
      "amount": 1,
      "owner": {
        "id": 1577,
        "type": "account"
      }
    },
    {
      "value": 13,
      "amount": 2,
      "owner": {
        "id": 10325,
        "type": "account"
      }
    },
    {
      "value": 15,
      "amount": 6,
      "owner": {
        "id": 6053,
        "type": "account"
      }
    },
    {
      "value": 20,
      "amount": 1,
      "owner": {
        "id": 13534,
        "type": "account"
      }
    },
    {
      "value": 25,
      "amount": 13,
      "owner": {
        "id": 2196,
        "type": "account"
      }
    },
    {
      "value": 50,
      "amount": 19,
      "owner": {
        "id": 1659,
        "type": "account"
      }
    },
    {
      "value": 100,
      "amount": 79,
      "owner": {
        "id": 1726,
        "type": "account"
      }
    },
    {
      "value": 100,
      "amount": 13,
      "owner": {
        "id": 400,
        "type": "account"
      }
    },
    {
      "value": 1000,
      "amount": 8,
      "owner": {
        "id": 10902,
        "type": "account"
      }
    }
  ]
}

Pobieranie danych: cenach itemu food q5 w kraju Mexico z URL: https://api.eclesiar.com/market/items/get?country_id=4&item_id=6...
--- Dane o cenach itemu food q5 w kraju Mexico ---
{
  "code": 200,
  "description": "Success"
}

Pobieranie danych: cenach itemu food q5 w kraju Colombia z URL: https://api.eclesiar.com/market/items/get?country_id=5&item_id=6...
--- Dane o cenach itemu food q5 w kraju Colombia ---
{
  "code": 200,
  "description": "Success",
  "data": [
    {
      "value": 2,
      "amount": 184,
      "owner": {
        "id": 416,
        "type": "holding"
      }
    }
  ]
}

Pobieranie danych: cenach itemu food q5 w kraju Peru z URL: https://api.eclesiar.com/market/items/get?country_id=6&item_id=6...
--- Dane o cenach itemu food q5 w kraju Peru ---
{
  "code": 200,
  "description": "Success",
  "data": [
    {
      "value": 9.999,
      "amount": 6,
      "owner": {
        "id": 68,
        "type": "holding"
      }
    },
    {
      "value": 99,
      "amount": 10,
      "owner": {
        "id": 68,
        "type": "holding"
      }
    },
    {
      "value": 999,
      "amount": 14,
      "owner": {
        "id": 935,
        "type": "account"
      }
    },
    {
      "value": 99999,
      "amount": 25,
      "owner": {
        "id": 623,
        "type": "account"
      }
    }
  ]
}

Pobieranie danych: cenach itemu food q5 w kraju Brazil z URL: https://api.eclesiar.com/market/items/get?country_id=7&item_id=6...
--- Dane o cenach itemu food q5 w kraju Brazil ---
{
  "code": 200,
  "description": "Success",
  "data": [
    {
      "value": 3.499,
      "amount": 11,
      "owner": {
        "id": 68,
        "type": "holding"
      }
    },
    {
      "value": 3.5,
      "amount": 27,
      "owner": {
        "id": 12234,
        "type": "account"
      }
    },
    {
      "value": 1000000,
      "amount": 100,
      "owner": {
        "id": 1623,
        "type": "account"
      }
    }
  ]
}

Pobieranie danych: cenach itemu food q5 w kraju Chile z URL: https://api.eclesiar.com/market/items/get?country_id=8&item_id=6...
--- Dane o cenach itemu food q5 w kraju Chile ---
{
  "code": 200,
  "description": "Success",
  "data": [
    {
      "value": 2.5,
      "amount": 339,
      "owner": {
        "id": 236,
        "type": "holding"
      }
    },
    {
      "value": 2.5,
      "amount": 14,
      "owner": {
        "id": 9014,
        "type": "account"
      }
    },
    {
      "value": 4.15,
      "amount": 2,
      "owner": {
        "id": 1812,
        "type": "account"
      }
    },
    {
      "value": 5,
      "amount": 49,
      "owner": {
        "id": 2214,
        "type": "account"
      }
    }
  ]
}

Pobieranie danych: cenach itemu food q5 w kraju Argentina z URL: https://api.eclesiar.com/market/items/get?country_id=10&item_id=6...
--- Dane o cenach itemu food q5 w kraju Argentina ---
{
  "code": 200,
  "description": "Success"
}

Pobieranie danych: cenach itemu food q5 w kraju Ireland z URL: https://api.eclesiar.com/market/items/get?country_id=11&item_id=6...
--- Dane o cenach itemu food q5 w kraju Ireland ---
{
  "code": 200,
  "description": "Success"
}

Pobieranie danych: cenach itemu food q5 w kraju France z URL: https://api.eclesiar.com/market/items/get?country_id=12&item_id=6...
--- Dane o cenach itemu food q5 w kraju France ---
{
  "code": 200,
  "description": "Success",
  "data": [
    {
      "value": 2,
      "amount": 961,
      "owner": {
        "id": 117,
        "type": "holding"
      }
    },
    {
      "value": 3,
      "amount": 104,
      "owner": {
        "id": 423,
        "type": "holding"
      }
    },
    {
      "value": 3.5,
      "amount": 3,
      "owner": {
        "id": 9574,
        "type": "account"
      }
    },
    {
      "value": 21,
      "amount": 15,
      "owner": {
        "id": 706,
        "type": "account"
      }
    }
  ]
}

Pobieranie danych: cenach itemu food q5 w kraju Portugal z URL: https://api.eclesiar.com/market/items/get?country_id=13&item_id=6...
--- Dane o cenach itemu food q5 w kraju Portugal ---
{
  "code": 200,
  "description": "Success",
  "data": [
    {
      "value": 1.75,
      "amount": 5,
      "owner": {
        "id": 10969,
        "type": "account"
      }
    }
  ]
}

Pobieranie danych: cenach itemu food q5 w kraju Spain z URL: https://api.eclesiar.com/market/items/get?country_id=14&item_id=6...
--- Dane o cenach itemu food q5 w kraju Spain ---
{
  "code": 200,
  "description": "Success",
  "data": [
    {
      "value": 0.799,
      "amount": 22,
      "owner": {
        "id": 1908,
        "type": "account"
      }
    }
  ]
}

Pobieranie danych: cenach itemu food q5 w kraju Germany z URL: https://api.eclesiar.com/market/items/get?country_id=15&item_id=6...
--- Dane o cenach itemu food q5 w kraju Germany ---
{
  "code": 200,
  "description": "Success",
  "data": [
    {
      "value": 0.899,
      "amount": 50,
      "owner": {
        "id": 15,
        "type": "country"
      }
    },
    {
      "value": 0.9,
      "amount": 40,
      "owner": {
        "id": 189,
        "type": "holding"
      }
    }
  ]
}

Pobieranie danych: cenach itemu food q5 w kraju Sweden z URL: https://api.eclesiar.com/market/items/get?country_id=16&item_id=6...
--- Dane o cenach itemu food q5 w kraju Sweden ---
{
  "code": 200,
  "description": "Success",
  "data": [
    {
      "value": 2.45,
      "amount": 998,
      "owner": {
        "id": 494,
        "type": "holding"
      }
    },
    {
      "value": 2.791,
      "amount": 262,
      "owner": {
        "id": 529,
        "type": "holding"
      }
    },
    {
      "value": 2.792,
      "amount": 39,
      "owner": {
        "id": 33,
        "type": "holding"
      }
    },
    {
      "value": 2.793,
      "amount": 170,
      "owner": {
        "id": 387,
        "type": "holding"
      }
    },
    {
      "value": 2.795,
      "amount": 10,
      "owner": {
        "id": 1524,
        "type": "account"
      }
    },
    {
      "value": 2.797,
      "amount": 99,
      "owner": {
        "id": 301,
        "type": "holding"
      }
    },
    {
      "value": 2.797,
      "amount": 88,
      "owner": {
        "id": 2292,
        "type": "account"
      }
    },
    {
      "value": 2.798,
      "amount": 3,
      "owner": {
        "id": 2181,
        "type": "account"
      }
    },
    {
      "value": 2.8,
      "amount": 417,
      "owner": {
        "id": 465,
        "type": "holding"
      }
    },
    {
      "value": 8.5,
      "amount": 3,
      "owner": {
        "id": 63,
        "type": "account"
      }
    },
    {
      "value": 9,
      "amount": 9,
      "owner": {
        "id": 4004,
        "type": "account"
      }
    },
    {
      "value": 50,
      "amount": 15,
      "owner": {
        "id": 781,
        "type": "account"
      }
    },
    {
      "value": 555,
      "amount": 14,
      "owner": {
        "id": 349,
        "type": "account"
      }
    },
    {
      "value": 5555,
      "amount": 5,
      "owner": {
        "id": 5783,
        "type": "account"
      }
    }
  ]
}

Pobieranie danych: cenach itemu food q5 w kraju Italy z URL: https://api.eclesiar.com/market/items/get?country_id=17&item_id=6...
--- Dane o cenach itemu food q5 w kraju Italy ---
{
  "code": 200,
  "description": "Success",
  "data": [
    {
      "value": 4.8,
      "amount": 5,
      "owner": {
        "id": 161,
        "type": "holding"
      }
    },
    {
      "value": 7,
      "amount": 10,
      "owner": {
        "id": 298,
        "type": "holding"
      }
    }
  ]
}

Pobieranie danych: cenach itemu food q5 w kraju Poland z URL: https://api.eclesiar.com/market/items/get?country_id=18&item_id=6...
--- Dane o cenach itemu food q5 w kraju Poland ---
{
  "code": 200,
  "description": "Success",
  "data": [
    {
      "value": 0.869,
      "amount": 31,
      "owner": {
        "id": 11311,
        "type": "account"
      }
    },
    {
      "value": 0.87,
      "amount": 13,
      "owner": {
        "id": 613,
        "type": "holding"
      }
    },
    {
      "value": 0.87,
      "amount": 70,
      "owner": {
        "id": 10969,
        "type": "account"
      }
    },
    {
      "value": 0.875,
      "amount": 99,
      "owner": {
        "id": 501,
        "type": "holding"
      }
    },
    {
      "value": 0.877,
      "amount": 35,
      "owner": {
        "id": 13412,
        "type": "account"
      }
    },
    {
      "value": 0.88,
      "amount": 90,
      "owner": {
        "id": 7202,
        "type": "account"
      }
    },
    {
      "value": 0.898,
      "amount": 35,
      "owner": {
        "id": 82,
        "type": "holding"
      }
    },
    {
      "value": 0.899,
      "amount": 3,
      "owner": {
        "id": 10877,
        "type": "account"
      }
    },
    {
      "value": 0.9,
      "amount": 178,
      "owner": {
        "id": 6549,
        "type": "account"
      }
    },
    {
      "value": 0.9,
      "amount": 10,
      "owner": {
        "id": 1524,
        "type": "account"
      }
    },
    {
      "value": 0.95,
      "amount": 100,
      "owner": {
        "id": 9822,
        "type": "account"
      }
    },
    {
      "value": 1,
      "amount": 1,
      "owner": {
        "id": 12286,
        "type": "account"
      }
    },
    {
      "value": 1.5,
      "amount": 30,
      "owner": {
        "id": 68,
        "type": "holding"
      }
    },
    {
      "value": 1.9,
      "amount": 51,
      "owner": {
        "id": 11138,
        "type": "account"
      }
    },
    {
      "value": 2,
      "amount": 10,
      "owner": {
        "id": 11784,
        "type": "account"
      }
    },
    {
      "value": 2.498,
      "amount": 7,
      "owner": {
        "id": 11561,
        "type": "account"
      }
    },
    {
      "value": 5,
      "amount": 2,
      "owner": {
        "id": 11057,
        "type": "account"
      }
    },
    {
      "value": 100,
      "amount": 14,
      "owner": {
        "id": 2171,
        "type": "account"
      }
    }
  ]
}

Pobieranie danych: cenach itemu food q5 w kraju Lithuania z URL: https://api.eclesiar.com/market/items/get?country_id=19&item_id=6...
--- Dane o cenach itemu food q5 w kraju Lithuania ---
{
  "code": 200,
  "description": "Success",
  "data": [
    {
      "value": 123456,
      "amount": 20,
      "owner": {
        "id": 1623,
        "type": "account"
      }
    }
  ]
}

Pobieranie danych: cenach itemu food q5 w kraju Slovenia z URL: https://api.eclesiar.com/market/items/get?country_id=20&item_id=6...
--- Dane o cenach itemu food q5 w kraju Slovenia ---
{
  "code": 200,
  "description": "Success",
  "data": [
    {
      "value": 2.1,
      "amount": 880,
      "owner": {
        "id": 20,
        "type": "country"
      }
    },
    {
      "value": 2.195,
      "amount": 126,
      "owner": {
        "id": 8,
        "type": "holding"
      }
    },
    {
      "value": 10,
      "amount": 37,
      "owner": {
        "id": 6835,
        "type": "account"
      }
    },
    {
      "value": 11,
      "amount": 48,
      "owner": {
        "id": 315,
        "type": "account"
      }
    },
    {
      "value": 15,
      "amount": 30,
      "owner": {
        "id": 9545,
        "type": "account"
      }
    },
    {
      "value": 20,
      "amount": 1,
      "owner": {
        "id": 13535,
        "type": "account"
      }
    },
    {
      "value": 100,
      "amount": 165,
      "owner": {
        "id": 9755,
        "type": "account"
      }
    },
    {
      "value": 1000,
      "amount": 19,
      "owner": {
        "id": 16229,
        "type": "account"
      }
    }
  ]
}

Pobieranie danych: cenach itemu food q5 w kraju Croatia z URL: https://api.eclesiar.com/market/items/get?country_id=21&item_id=6...
--- Dane o cenach itemu food q5 w kraju Croatia ---
{
  "code": 200,
  "description": "Success",
  "data": [
    {
      "value": 1.5,
      "amount": 15,
      "owner": {
        "id": 310,
        "type": "holding"
      }
    },
    {
      "value": 1.5,
      "amount": 66,
      "owner": {
        "id": 410,
        "type": "holding"
      }
    }
  ]
}

Pobieranie danych: cenach itemu food q5 w kraju Bosnia and Herzegovina z URL: https://api.eclesiar.com/market/items/get?country_id=22&item_id=6...
--- Dane o cenach itemu food q5 w kraju Bosnia and Herzegovina ---
{
  "code": 200,
  "description": "Success"
}

Pobieranie danych: cenach itemu food q5 w kraju Serbia z URL: https://api.eclesiar.com/market/items/get?country_id=23&item_id=6...
--- Dane o cenach itemu food q5 w kraju Serbia ---
{
  "code": 200,
  "description": "Success",
  "data": [
    {
      "value": 2,
      "amount": 103,
      "owner": {
        "id": 23,
        "type": "country"
      }
    },
    {
      "value": 15,
      "amount": 13,
      "owner": {
        "id": 706,
        "type": "account"
      }
    }
  ]
}

Pobieranie danych: cenach itemu food q5 w kraju North Macedonia z URL: https://api.eclesiar.com/market/items/get?country_id=24&item_id=6...
--- Dane o cenach itemu food q5 w kraju North Macedonia ---
{
  "code": 200,
  "description": "Success",
  "data": [
    {
      "value": 2.7,
      "amount": 82,
      "owner": {
        "id": 24,
        "type": "country"
      }
    }
  ]
}

Pobieranie danych: cenach itemu food q5 w kraju Albania z URL: https://api.eclesiar.com/market/items/get?country_id=25&item_id=6...
--- Dane o cenach itemu food q5 w kraju Albania ---
{
  "code": 200,
  "description": "Success",
  "data": [
    {
      "value": 100,
      "amount": 18,
      "owner": {
        "id": 9404,
        "type": "account"
      }
    },
    {
      "value": 100,
      "amount": 16,
      "owner": {
        "id": 9418,
        "type": "account"
      }
    },
    {
      "value": 100,
      "amount": 27,
      "owner": {
        "id": 9415,
        "type": "account"
      }
    },
    {
      "value": 100,
      "amount": 64,
      "owner": {
        "id": 816,
        "type": "account"
      }
    }
  ]
}

Pobieranie danych: cenach itemu food q5 w kraju Greece z URL: https://api.eclesiar.com/market/items/get?country_id=26&item_id=6...
--- Dane o cenach itemu food q5 w kraju Greece ---
{
  "code": 200,
  "description": "Success",
  "data": [
    {
      "value": 1.7,
      "amount": 20,
      "owner": {
        "id": 419,
        "type": "holding"
      }
    }
  ]
}

Pobieranie danych: cenach itemu food q5 w kraju Hungary z URL: https://api.eclesiar.com/market/items/get?country_id=27&item_id=6...
--- Dane o cenach itemu food q5 w kraju Hungary ---
{
  "code": 200,
  "description": "Success",
  "data": [
    {
      "value": 1.087,
      "amount": 29,
      "owner": {
        "id": 7922,
        "type": "account"
      }
    },
    {
      "value": 1.088,
      "amount": 84,
      "owner": {
        "id": 555,
        "type": "holding"
      }
    },
    {
      "value": 1.132,
      "amount": 2,
      "owner": {
        "id": 2241,
        "type": "account"
      }
    },
    {
      "value": 1.133,
      "amount": 44,
      "owner": {
        "id": 555,
        "type": "holding"
      }
    },
    {
      "value": 2000,
      "amount": 1,
      "owner": {
        "id": 1546,
        "type": "account"
      }
    }
  ]
}

Pobieranie danych: cenach itemu food q5 w kraju Romania z URL: https://api.eclesiar.com/market/items/get?country_id=28&item_id=6...
--- Dane o cenach itemu food q5 w kraju Romania ---
{
  "code": 200,
  "description": "Success",
  "data": [
    {
      "value": 23.5,
      "amount": 10,
      "owner": {
        "id": 10058,
        "type": "account"
      }
    },
    {
      "value": 24,
      "amount": 49,
      "owner": {
        "id": 879,
        "type": "account"
      }
    },
    {
      "value": 24.5,
      "amount": 2,
      "owner": {
        "id": 1336,
        "type": "account"
      }
    },
    {
      "value": 555,
      "amount": 19,
      "owner": {
        "id": 2959,
        "type": "account"
      }
    },
    {
      "value": 999,
      "amount": 10,
      "owner": {
        "id": 6878,
        "type": "account"
      }
    }
  ]
}

Pobieranie danych: cenach itemu food q5 w kraju Bulgaria z URL: https://api.eclesiar.com/market/items/get?country_id=30&item_id=6...
--- Dane o cenach itemu food q5 w kraju Bulgaria ---
{
  "code": 200,
  "description": "Success",
  "data": [
    {
      "value": 2.98,
      "amount": 5,
      "owner": {
        "id": 358,
        "type": "holding"
      }
    },
    {
      "value": 3.49,
      "amount": 265,
      "owner": {
        "id": 643,
        "type": "account"
      }
    },
    {
      "value": 3.49,
      "amount": 1,
      "owner": {
        "id": 1524,
        "type": "account"
      }
    },
    {
      "value": 3.98,
      "amount": 8,
      "owner": {
        "id": 6265,
        "type": "account"
      }
    },
    {
      "value": 8,
      "amount": 15,
      "owner": {
        "id": 3480,
        "type": "account"
      }
    },
    {
      "value": 15,
      "amount": 4,
      "owner": {
        "id": 3480,
        "type": "account"
      }
    },
    {
      "value": 30,
      "amount": 39,
      "owner": {
        "id": 538,
        "type": "account"
      }
    },
    {
      "value": 99,
      "amount": 28,
      "owner": {
        "id": 2399,
        "type": "account"
      }
    },
    {
      "value": 100,
      "amount": 10,
      "owner": {
        "id": 4536,
        "type": "account"
      }
    },
    {
      "value": 200,
      "amount": 28,
      "owner": {
        "id": 2406,
        "type": "account"
      }
    },
    {
      "value": 222,
      "amount": 3,
      "owner": {
        "id": 2623,
        "type": "account"
      }
    },
    {
      "value": 222,
      "amount": 3,
      "owner": {
        "id": 5227,
        "type": "account"
      }
    },
    {
      "value": 9999,
      "amount": 340,
      "owner": {
        "id": 1473,
        "type": "account"
      }
    }
  ]
}

Pobieranie danych: cenach itemu food q5 w kraju Turkey z URL: https://api.eclesiar.com/market/items/get?country_id=31&item_id=6...
--- Dane o cenach itemu food q5 w kraju Turkey ---
{
  "code": 200,
  "description": "Success",
  "data": [
    {
      "value": 1.5,
      "amount": 219,
      "owner": {
        "id": 31,
        "type": "country"
      }
    },
    {
      "value": 2,
      "amount": 77,
      "owner": {
        "id": 3064,
        "type": "account"
      }
    },
    {
      "value": 400,
      "amount": 11,
      "owner": {
        "id": 1268,
        "type": "account"
      }
    },
    {
      "value": 500,
      "amount": 10,
      "owner": {
        "id": 1480,
        "type": "account"
      }
    },
    {
      "value": 1980,
      "amount": 8,
      "owner": {
        "id": 2779,
        "type": "account"
      }
    },
    {
      "value": 8888,
      "amount": 4,
      "owner": {
        "id": 3037,
        "type": "account"
      }
    },
    {
      "value": 9999,
      "amount": 10,
      "owner": {
        "id": 1752,
        "type": "account"
      }
    },
    {
      "value": 10000,
      "amount": 10,
      "owner": {
        "id": 1575,
        "type": "account"
      }
    },
    {
      "value": 55555,
      "amount": 10,
      "owner": {
        "id": 401,
        "type": "account"
      }
    },
    {
      "value": 9999999,
      "amount": 9,
      "owner": {
        "id": 335,
        "type": "account"
      }
    }
  ]
}

Pobieranie danych: cenach itemu food q5 w kraju Ukraine z URL: https://api.eclesiar.com/market/items/get?country_id=32&item_id=6...
--- Dane o cenach itemu food q5 w kraju Ukraine ---
{
  "code": 200,
  "description": "Success"
}

Pobieranie danych: cenach itemu food q5 w kraju Russia z URL: https://api.eclesiar.com/market/items/get?country_id=33&item_id=6...
--- Dane o cenach itemu food q5 w kraju Russia ---
{
  "code": 200,
  "description": "Success"
}

Pobieranie danych: cenach itemu food q5 w kraju Georgia z URL: https://api.eclesiar.com/market/items/get?country_id=34&item_id=6...
--- Dane o cenach itemu food q5 w kraju Georgia ---
{
  "code": 200,
  "description": "Success",
  "data": [
    {
      "value": 1.5,
      "amount": 10,
      "owner": {
        "id": 879,
        "type": "account"
      }
    },
    {
      "value": 1.59,
      "amount": 10,
      "owner": {
        "id": 1812,
        "type": "account"
      }
    },
    {
      "value": 2.5,
      "amount": 2,
      "owner": {
        "id": 10357,
        "type": "account"
      }
    }
  ]
}

Pobieranie danych: cenach itemu food q5 w kraju Israel z URL: https://api.eclesiar.com/market/items/get?country_id=35&item_id=6...
--- Dane o cenach itemu food q5 w kraju Israel ---
{
  "code": 200,
  "description": "Success",
  "data": [
    {
      "value": 0.8,
      "amount": 7,
      "owner": {
        "id": 161,
        "type": "holding"
      }
    }
  ]
}

Pobieranie danych: cenach itemu food q5 w kraju Egypt z URL: https://api.eclesiar.com/market/items/get?country_id=36&item_id=6...
--- Dane o cenach itemu food q5 w kraju Egypt ---
{
  "code": 200,
  "description": "Success",
  "data": [
    {
      "value": 7.9,
      "amount": 51,
      "owner": {
        "id": 161,
        "type": "holding"
      }
    }
  ]
}

Pobieranie danych: cenach itemu food q5 w kraju South Africa z URL: https://api.eclesiar.com/market/items/get?country_id=37&item_id=6...
--- Dane o cenach itemu food q5 w kraju South Africa ---
{
  "code": 200,
  "description": "Success",
  "data": [
    {
      "value": 1.099,
      "amount": 6,
      "owner": {
        "id": 12328,
        "type": "account"
      }
    },
    {
      "value": 20,
      "amount": 4,
      "owner": {
        "id": 8942,
        "type": "account"
      }
    }
  ]
}

Pobieranie danych: cenach itemu food q5 w kraju Iraq z URL: https://api.eclesiar.com/market/items/get?country_id=38&item_id=6...
--- Dane o cenach itemu food q5 w kraju Iraq ---
{
  "code": 200,
  "description": "Success"
}

Pobieranie danych: cenach itemu food q5 w kraju Saudi Arabia z URL: https://api.eclesiar.com/market/items/get?country_id=39&item_id=6...
--- Dane o cenach itemu food q5 w kraju Saudi Arabia ---
{
  "code": 200,
  "description": "Success",
  "data": [
    {
      "value": 120,
      "amount": 160,
      "owner": {
        "id": 1205,
        "type": "account"
      }
    }
  ]
}

Pobieranie danych: cenach itemu food q5 w kraju Iran z URL: https://api.eclesiar.com/market/items/get?country_id=40&item_id=6...
--- Dane o cenach itemu food q5 w kraju Iran ---
{
  "code": 200,
  "description": "Success",
  "data": [
    {
      "value": 200,
      "amount": 5,
      "owner": {
        "id": 2009,
        "type": "account"
      }
    },
    {
      "value": 200,
      "amount": 4,
      "owner": {
        "id": 2197,
        "type": "account"
      }
    },
    {
      "value": 300,
      "amount": 5,
      "owner": {
        "id": 3164,
        "type": "account"
      }
    },
    {
      "value": 400,
      "amount": 3,
      "owner": {
        "id": 2393,
        "type": "account"
      }
    },
    {
      "value": 500,
      "amount": 5,
      "owner": {
        "id": 2713,
        "type": "account"
      }
    },
    {
      "value": 500,
      "amount": 4,
      "owner": {
        "id": 3160,
        "type": "account"
      }
    },
    {
      "value": 650,
      "amount": 4,
      "owner": {
        "id": 3156,
        "type": "account"
      }
    },
    {
      "value": 1000,
      "amount": 3,
      "owner": {
        "id": 1554,
        "type": "account"
      }
    }
  ]
}

Pobieranie danych: cenach itemu food q5 w kraju Pakistan z URL: https://api.eclesiar.com/market/items/get?country_id=41&item_id=6...
--- Dane o cenach itemu food q5 w kraju Pakistan ---
{
  "code": 200,
  "description": "Success"
}

Pobieranie danych: cenach itemu food q5 w kraju India z URL: https://api.eclesiar.com/market/items/get?country_id=42&item_id=6...
--- Dane o cenach itemu food q5 w kraju India ---
{
  "code": 200,
  "description": "Success"
}

Pobieranie danych: cenach itemu food q5 w kraju China z URL: https://api.eclesiar.com/market/items/get?country_id=43&item_id=6...
--- Dane o cenach itemu food q5 w kraju China ---
{
  "code": 200,
  "description": "Success",
  "data": [
    {
      "value": 1,
      "amount": 50,
      "owner": {
        "id": 11980,
        "type": "account"
      }
    },
    {
      "value": 6,
      "amount": 1,
      "owner": {
        "id": 2878,
        "type": "account"
      }
    },
    {
      "value": 9999,
      "amount": 44,
      "owner": {
        "id": 1294,
        "type": "account"
      }
    }
  ]
}

Pobieranie danych: cenach itemu food q5 w kraju Japan z URL: https://api.eclesiar.com/market/items/get?country_id=44&item_id=6...
--- Dane o cenach itemu food q5 w kraju Japan ---
{
  "code": 200,
  "description": "Success",
  "data": [
    {
      "value": 10,
      "amount": 14,
      "owner": {
        "id": 706,
        "type": "account"
      }
    }
  ]
}

Pobieranie danych: cenach itemu food q5 w kraju South Korea z URL: https://api.eclesiar.com/market/items/get?country_id=45&item_id=6...
--- Dane o cenach itemu food q5 w kraju South Korea ---
{
  "code": 200,
  "description": "Success",
  "data": [
    {
      "value": 100,
      "amount": 10,
      "owner": {
        "id": 5638,
        "type": "account"
      }
    },
    {
      "value": 500,
      "amount": 4,
      "owner": {
        "id": 5530,
        "type": "account"
      }
    },
    {
      "value": 1000,
      "amount": 10,
      "owner": {
        "id": 5638,
        "type": "account"
      }
    }
  ]
}

Pobieranie danych: cenach itemu food q5 w kraju Indonesia z URL: https://api.eclesiar.com/market/items/get?country_id=46&item_id=6...
--- Dane o cenach itemu food q5 w kraju Indonesia ---
{
  "code": 200,
  "description": "Success",
  "data": [
    {
      "value": 10,
      "amount": 1,
      "owner": {
        "id": 1866,
        "type": "account"
      }
    },
    {
      "value": 1000,
      "amount": 4,
      "owner": {
        "id": 1691,
        "type": "account"
      }
    }
  ]
}

Pobieranie danych: cenach itemu food q5 w kraju Australia z URL: https://api.eclesiar.com/market/items/get?country_id=47&item_id=6...
--- Dane o cenach itemu food q5 w kraju Australia ---
{
  "code": 200,
  "description": "Success",
  "data": [
    {
      "value": 1,
      "amount": 28,
      "owner": {
        "id": 436,
        "type": "holding"
      }
    },
    {
      "value": 1.25,
      "amount": 43,
      "owner": {
        "id": 175,
        "type": "holding"
      }
    },
    {
      "value": 100,
      "amount": 4,
      "owner": {
        "id": 2084,
        "type": "account"
      }
    }
  ]
}

Pobieranie danych: cenach itemu food q5 w kraju Philippines z URL: https://api.eclesiar.com/market/items/get?country_id=48&item_id=6...
--- Dane o cenach itemu food q5 w kraju Philippines ---
{
  "code": 200,
  "description": "Success"
}

Pobieranie danych: cenach itemu iron w kraju United Kingdom z URL: https://api.eclesiar.com/market/items/get?country_id=2&item_id=7...
--- Dane o cenach itemu iron w kraju United Kingdom ---
{
  "code": 200,
  "description": "Success",
  "data": [
    {
      "value": 0.4,
      "amount": 246,
      "owner": {
        "id": 1527,
        "type": "account"
      }
    },
    {
      "value": 5,
      "amount": 1,
      "owner": {
        "id": 6946,
        "type": "account"
      }
    }
  ]
}

Pobieranie danych: cenach itemu iron w kraju United States of America z URL: https://api.eclesiar.com/market/items/get?country_id=3&item_id=7...
--- Dane o cenach itemu iron w kraju United States of America ---
{
  "code": 200,
  "description": "Success",
  "data": [
    {
      "value": 0.14,
      "amount": 1248,
      "owner": {
        "id": 282,
        "type": "account"
      }
    },
    {
      "value": 0.17,
      "amount": 4,
      "owner": {
        "id": 13780,
        "type": "account"
      }
    },
    {
      "value": 0.17,
      "amount": 50,
      "owner": {
        "id": 1896,
        "type": "account"
      }
    },
    {
      "value": 0.4,
      "amount": 62,
      "owner": {
        "id": 5896,
        "type": "account"
      }
    },
    {
      "value": 1,
      "amount": 2350,
      "owner": {
        "id": 5355,
        "type": "account"
      }
    },
    {
      "value": 1,
      "amount": 1,
      "owner": {
        "id": 218,
        "type": "account"
      }
    },
    {
      "value": 1,
      "amount": 1,
      "owner": {
        "id": 14766,
        "type": "account"
      }
    },
    {
      "value": 1,
      "amount": 1,
      "owner": {
        "id": 1842,
        "type": "account"
      }
    },
    {
      "value": 1,
      "amount": 1,
      "owner": {
        "id": 13251,
        "type": "account"
      }
    },
    {
      "value": 1,
      "amount": 3,
      "owner": {
        "id": 960,
        "type": "account"
      }
    },
    {
      "value": 1.49,
      "amount": 54,
      "owner": {
        "id": 4637,
        "type": "account"
      }
    },
    {
      "value": 2,
      "amount": 1,
      "owner": {
        "id": 1812,
        "type": "account"
      }
    },
    {
      "value": 2,
      "amount": 1,
      "owner": {
        "id": 1577,
        "type": "account"
      }
    },
    {
      "value": 2.1,
      "amount": 2,
      "owner": {
        "id": 1812,
        "type": "account"
      }
    },
    {
      "value": 2.2,
      "amount": 2,
      "owner": {
        "id": 1812,
        "type": "account"
      }
    },
    {
      "value": 11,
      "amount": 2,
      "owner": {
        "id": 10204,
        "type": "account"
      }
    },
    {
      "value": 100,
      "amount": 1,
      "owner": {
        "id": 2548,
        "type": "account"
      }
    },
    {
      "value": 100,
      "amount": 32,
      "owner": {
        "id": 400,
        "type": "account"
      }
    },
    {
      "value": 100,
      "amount": 1,
      "owner": {
        "id": 5707,
        "type": "account"
      }
    },
    {
      "value": 222,
      "amount": 1,
      "owner": {
        "id": 277,
        "type": "account"
      }
    },
    {
      "value": 1000,
      "amount": 1,
      "owner": {
        "id": 2178,
        "type": "account"
      }
    }
  ]
}

Pobieranie danych: cenach itemu iron w kraju Mexico z URL: https://api.eclesiar.com/market/items/get?country_id=4&item_id=7...
--- Dane o cenach itemu iron w kraju Mexico ---
{
  "code": 200,
  "description": "Success"
}

Pobieranie danych: cenach itemu iron w kraju Colombia z URL: https://api.eclesiar.com/market/items/get?country_id=5&item_id=7...
--- Dane o cenach itemu iron w kraju Colombia ---
{
  "code": 200,
  "description": "Success"
}

Pobieranie danych: cenach itemu iron w kraju Peru z URL: https://api.eclesiar.com/market/items/get?country_id=6&item_id=7...
--- Dane o cenach itemu iron w kraju Peru ---
{
  "code": 200,
  "description": "Success",
  "data": [
    {
      "value": 0.494,
      "amount": 100,
      "owner": {
        "id": 583,
        "type": "holding"
      }
    },
    {
      "value": 0.497,
      "amount": 50,
      "owner": {
        "id": 583,
        "type": "holding"
      }
    },
    {
      "value": 0.499,
      "amount": 100,
      "owner": {
        "id": 229,
        "type": "holding"
      }
    },
    {
      "value": 1.178,
      "amount": 94,
      "owner": {
        "id": 9560,
        "type": "account"
      }
    },
    {
      "value": 1.49,
      "amount": 10,
      "owner": {
        "id": 12673,
        "type": "account"
      }
    },
    {
      "value": 1.5,
      "amount": 159,
      "owner": {
        "id": 3112,
        "type": "account"
      }
    },
    {
      "value": 2.5,
      "amount": 5,
      "owner": {
        "id": 4607,
        "type": "account"
      }
    }
  ]
}

Pobieranie danych: cenach itemu iron w kraju Brazil z URL: https://api.eclesiar.com/market/items/get?country_id=7&item_id=7...
--- Dane o cenach itemu iron w kraju Brazil ---
{
  "code": 200,
  "description": "Success",
  "data": [
    {
      "value": 0.2,
      "amount": 53,
      "owner": {
        "id": 273,
        "type": "holding"
      }
    },
    {
      "value": 0.399,
      "amount": 4,
      "owner": {
        "id": 11311,
        "type": "account"
      }
    },
    {
      "value": 0.419,
      "amount": 185,
      "owner": {
        "id": 2322,
        "type": "account"
      }
    },
    {
      "value": 0.8,
      "amount": 291,
      "owner": {
        "id": 3112,
        "type": "account"
      }
    },
    {
      "value": 0.85,
      "amount": 39,
      "owner": {
        "id": 7219,
        "type": "account"
      }
    },
    {
      "value": 1,
      "amount": 1,
      "owner": {
        "id": 16267,
        "type": "account"
      }
    },
    {
      "value": 50,
      "amount": 5,
      "owner": {
        "id": 7427,
        "type": "account"
      }
    }
  ]
}

Pobieranie danych: cenach itemu iron w kraju Chile z URL: https://api.eclesiar.com/market/items/get?country_id=8&item_id=7...
--- Dane o cenach itemu iron w kraju Chile ---
{
  "code": 200,
  "description": "Success",
  "data": [
    {
      "value": 0.684,
      "amount": 46,
      "owner": {
        "id": 1908,
        "type": "account"
      }
    },
    {
      "value": 0.8,
      "amount": 269,
      "owner": {
        "id": 3112,
        "type": "account"
      }
    },
    {
      "value": 1,
      "amount": 1,
      "owner": {
        "id": 9014,
        "type": "account"
      }
    },
    {
      "value": 1,
      "amount": 2,
      "owner": {
        "id": 6032,
        "type": "account"
      }
    },
    {
      "value": 1,
      "amount": 1,
      "owner": {
        "id": 9030,
        "type": "account"
      }
    },
    {
      "value": 1.1,
      "amount": 2,
      "owner": {
        "id": 1812,
        "type": "account"
      }
    },
    {
      "value": 1.3,
      "amount": 2,
      "owner": {
        "id": 1812,
        "type": "account"
      }
    },
    {
      "value": 1.4,
      "amount": 2,
      "owner": {
        "id": 1812,
        "type": "account"
      }
    },
    {
      "value": 2,
      "amount": 1,
      "owner": {
        "id": 5698,
        "type": "account"
      }
    }
  ]
}

Pobieranie danych: cenach itemu iron w kraju Argentina z URL: https://api.eclesiar.com/market/items/get?country_id=10&item_id=7...
--- Dane o cenach itemu iron w kraju Argentina ---
{
  "code": 200,
  "description": "Success",
  "data": [
    {
      "value": 0.25,
      "amount": 55,
      "owner": {
        "id": 7979,
        "type": "account"
      }
    },
    {
      "value": 0.27,
      "amount": 1,
      "owner": {
        "id": 10754,
        "type": "account"
      }
    }
  ]
}

Pobieranie danych: cenach itemu iron w kraju Ireland z URL: https://api.eclesiar.com/market/items/get?country_id=11&item_id=7...
--- Dane o cenach itemu iron w kraju Ireland ---
{
  "code": 200,
  "description": "Success",
  "data": [
    {
      "value": 4.749,
      "amount": 50,
      "owner": {
        "id": 11311,
        "type": "account"
      }
    },
    {
      "value": 4.75,
      "amount": 10,
      "owner": {
        "id": 4607,
        "type": "account"
      }
    }
  ]
}

Pobieranie danych: cenach itemu iron w kraju France z URL: https://api.eclesiar.com/market/items/get?country_id=12&item_id=7...
--- Dane o cenach itemu iron w kraju France ---
{
  "code": 200,
  "description": "Success",
  "data": [
    {
      "value": 0.149,
      "amount": 1,
      "owner": {
        "id": 5552,
        "type": "account"
      }
    },
    {
      "value": 0.15,
      "amount": 4,
      "owner": {
        "id": 5549,
        "type": "account"
      }
    },
    {
      "value": 0.15,
      "amount": 1500,
      "owner": {
        "id": 12626,
        "type": "account"
      }
    },
    {
      "value": 0.155,
      "amount": 502,
      "owner": {
        "id": 50,
        "type": "holding"
      }
    },
    {
      "value": 0.158,
      "amount": 600,
      "owner": {
        "id": 264,
        "type": "account"
      }
    },
    {
      "value": 0.16,
      "amount": 1009,
      "owner": {
        "id": 50,
        "type": "holding"
      }
    },
    {
      "value": 30,
      "amount": 10,
      "owner": {
        "id": 1453,
        "type": "account"
      }
    }
  ]
}

Pobieranie danych: cenach itemu iron w kraju Portugal z URL: https://api.eclesiar.com/market/items/get?country_id=13&item_id=7...
--- Dane o cenach itemu iron w kraju Portugal ---
{
  "code": 200,
  "description": "Success",
  "data": [
    {
      "value": 0.22,
      "amount": 177,
      "owner": {
        "id": 13608,
        "type": "account"
      }
    },
    {
      "value": 1,
      "amount": 1,
      "owner": {
        "id": 9904,
        "type": "account"
      }
    },
    {
      "value": 1,
      "amount": 1,
      "owner": {
        "id": 2322,
        "type": "account"
      }
    },
    {
      "value": 20,
      "amount": 1,
      "owner": {
        "id": 3805,
        "type": "account"
      }
    },
    {
      "value": 2000,
      "amount": 70,
      "owner": {
        "id": 15753,
        "type": "account"
      }
    }
  ]
}

Pobieranie danych: cenach itemu iron w kraju Spain z URL: https://api.eclesiar.com/market/items/get?country_id=14&item_id=7...
--- Dane o cenach itemu iron w kraju Spain ---
{
  "code": 200,
  "description": "Success",
  "data": [
    {
      "value": 0.119,
      "amount": 120,
      "owner": {
        "id": 1908,
        "type": "account"
      }
    },
    {
      "value": 0.123,
      "amount": 50,
      "owner": {
        "id": 6625,
        "type": "account"
      }
    },
    {
      "value": 0.4,
      "amount": 43,
      "owner": {
        "id": 4637,
        "type": "account"
      }
    }
  ]
}

Pobieranie danych: cenach itemu iron w kraju Germany z URL: https://api.eclesiar.com/market/items/get?country_id=15&item_id=7...
--- Dane o cenach itemu iron w kraju Germany ---
{
  "code": 200,
  "description": "Success",
  "data": [
    {
      "value": 0.075,
      "amount": 401,
      "owner": {
        "id": 54,
        "type": "holding"
      }
    },
    {
      "value": 0.088,
      "amount": 1188,
      "owner": {
        "id": 1961,
        "type": "account"
      }
    },
    {
      "value": 0.089,
      "amount": 133,
      "owner": {
        "id": 1550,
        "type": "account"
      }
    },
    {
      "value": 0.089,
      "amount": 553,
      "owner": {
        "id": 9611,
        "type": "account"
      }
    },
    {
      "value": 0.11,
      "amount": 294,
      "owner": {
        "id": 855,
        "type": "account"
      }
    },
    {
      "value": 0.82,
      "amount": 1345,
      "owner": {
        "id": 3488,
        "type": "account"
      }
    },
    {
      "value": 0.85,
      "amount": 982,
      "owner": {
        "id": 3112,
        "type": "account"
      }
    },
    {
      "value": 0.88,
      "amount": 3000,
      "owner": {
        "id": 324,
        "type": "holding"
      }
    },
    {
      "value": 0.9,
      "amount": 23,
      "owner": {
        "id": 5918,
        "type": "account"
      }
    },
    {
      "value": 0.98,
      "amount": 10,
      "owner": {
        "id": 5918,
        "type": "account"
      }
    },
    {
      "value": 0.99,
      "amount": 99,
      "owner": {
        "id": 5918,
        "type": "account"
      }
    },
    {
      "value": 2.2,
      "amount": 2,
      "owner": {
        "id": 1812,
        "type": "account"
      }
    },
    {
      "value": 2.3,
      "amount": 2,
      "owner": {
        "id": 1812,
        "type": "account"
      }
    },
    {
      "value": 2.4,
      "amount": 2,
      "owner": {
        "id": 1812,
        "type": "account"
      }
    },
    {
      "value": 10,
      "amount": 1,
      "owner": {
        "id": 1074,
        "type": "account"
      }
    },
    {
      "value": 10,
      "amount": 1,
      "owner": {
        "id": 13406,
        "type": "account"
      }
    }
  ]
}

Pobieranie danych: cenach itemu iron w kraju Sweden z URL: https://api.eclesiar.com/market/items/get?country_id=16&item_id=7...
--- Dane o cenach itemu iron w kraju Sweden ---
{
  "code": 200,
  "description": "Success",
  "data": [
    {
      "value": 0.194,
      "amount": 21,
      "owner": {
        "id": 6625,
        "type": "account"
      }
    },
    {
      "value": 0.195,
      "amount": 132,
      "owner": {
        "id": 2181,
        "type": "account"
      }
    },
    {
      "value": 0.196,
      "amount": 400,
      "owner": {
        "id": 1527,
        "type": "account"
      }
    },
    {
      "value": 0.199,
      "amount": 445,
      "owner": {
        "id": 1587,
        "type": "account"
      }
    },
    {
      "value": 1,
      "amount": 10,
      "owner": {
        "id": 349,
        "type": "account"
      }
    },
    {
      "value": 1,
      "amount": 1,
      "owner": {
        "id": 51,
        "type": "holding"
      }
    },
    {
      "value": 666,
      "amount": 5,
      "owner": {
        "id": 1491,
        "type": "account"
      }
    }
  ]
}

Pobieranie danych: cenach itemu iron w kraju Italy z URL: https://api.eclesiar.com/market/items/get?country_id=17&item_id=7...
--- Dane o cenach itemu iron w kraju Italy ---
{
  "code": 200,
  "description": "Success",
  "data": [
    {
      "value": 0.15,
      "amount": 136,
      "owner": {
        "id": 10907,
        "type": "account"
      }
    },
    {
      "value": 0.29,
      "amount": 19,
      "owner": {
        "id": 6625,
        "type": "account"
      }
    },
    {
      "value": 0.3,
      "amount": 922,
      "owner": {
        "id": 541,
        "type": "holding"
      }
    },
    {
      "value": 0.3,
      "amount": 5,
      "owner": {
        "id": 15521,
        "type": "account"
      }
    },
    {
      "value": 0.348,
      "amount": 8,
      "owner": {
        "id": 1755,
        "type": "account"
      }
    },
    {
      "value": 100,
      "amount": 1,
      "owner": {
        "id": 3553,
        "type": "account"
      }
    }
  ]
}

Pobieranie danych: cenach itemu iron w kraju Poland z URL: https://api.eclesiar.com/market/items/get?country_id=18&item_id=7...
--- Dane o cenach itemu iron w kraju Poland ---
{
  "code": 200,
  "description": "Success",
  "data": [
    {
      "value": 0.06,
      "amount": 214,
      "owner": {
        "id": 9774,
        "type": "account"
      }
    },
    {
      "value": 0.06,
      "amount": 8,
      "owner": {
        "id": 14828,
        "type": "account"
      }
    },
    {
      "value": 0.061,
      "amount": 449,
      "owner": {
        "id": 491,
        "type": "holding"
      }
    },
    {
      "value": 0.062,
      "amount": 380,
      "owner": {
        "id": 540,
        "type": "holding"
      }
    },
    {
      "value": 0.063,
      "amount": 156,
      "owner": {
        "id": 11019,
        "type": "account"
      }
    },
    {
      "value": 0.064,
      "amount": 4,
      "owner": {
        "id": 15108,
        "type": "account"
      }
    },
    {
      "value": 0.064,
      "amount": 200,
      "owner": {
        "id": 11744,
        "type": "account"
      }
    },
    {
      "value": 0.065,
      "amount": 113,
      "owner": {
        "id": 14250,
        "type": "account"
      }
    },
    {
      "value": 0.066,
      "amount": 36,
      "owner": {
        "id": 13595,
        "type": "account"
      }
    },
    {
      "value": 0.067,
      "amount": 193,
      "owner": {
        "id": 229,
        "type": "holding"
      }
    },
    {
      "value": 0.069,
      "amount": 200,
      "owner": {
        "id": 11311,
        "type": "account"
      }
    },
    {
      "value": 0.069,
      "amount": 40,
      "owner": {
        "id": 11146,
        "type": "account"
      }
    },
    {
      "value": 0.069,
      "amount": 8,
      "owner": {
        "id": 9861,
        "type": "account"
      }
    },
    {
      "value": 0.07,
      "amount": 501,
      "owner": {
        "id": 259,
        "type": "holding"
      }
    },
    {
      "value": 0.07,
      "amount": 230,
      "owner": {
        "id": 14449,
        "type": "account"
      }
    },
    {
      "value": 0.071,
      "amount": 707,
      "owner": {
        "id": 9832,
        "type": "account"
      }
    },
    {
      "value": 0.073,
      "amount": 29,
      "owner": {
        "id": 11744,
        "type": "account"
      }
    },
    {
      "value": 0.075,
      "amount": 477,
      "owner": {
        "id": 11718,
        "type": "account"
      }
    },
    {
      "value": 0.076,
      "amount": 800,
      "owner": {
        "id": 9832,
        "type": "account"
      }
    },
    {
      "value": 0.092,
      "amount": 36,
      "owner": {
        "id": 15126,
        "type": "account"
      }
    },
    {
      "value": 0.094,
      "amount": 29,
      "owner": {
        "id": 11391,
        "type": "account"
      }
    },
    {
      "value": 0.1,
      "amount": 27,
      "owner": {
        "id": 14537,
        "type": "account"
      }
    },
    {
      "value": 0.1,
      "amount": 100,
      "owner": {
        "id": 14849,
        "type": "account"
      }
    },
    {
      "value": 0.14,
    ... (truncated)

Pobieranie danych: cenach itemu iron w kraju Lithuania z URL: https://api.eclesiar.com/market/items/get?country_id=19&item_id=7...
--- Dane o cenach itemu iron w kraju Lithuania ---
{
  "code": 200,
  "description": "Success",
  "data": [
    {
      "value": 1,
      "amount": 1903,
      "owner": {
        "id": 1271,
        "type": "account"
      }
    },
    {
      "value": 50,
      "amount": 1,
      "owner": {
        "id": 2125,
        "type": "account"
      }
    }
  ]
}

Pobieranie danych: cenach itemu iron w kraju Slovenia z URL: https://api.eclesiar.com/market/items/get?country_id=20&item_id=7...
--- Dane o cenach itemu iron w kraju Slovenia ---
{
  "code": 200,
  "description": "Success",
  "data": [
    {
      "value": 0.18,
      "amount": 450,
      "owner": {
        "id": 262,
        "type": "account"
      }
    },
    {
      "value": 0.185,
      "amount": 476,
      "owner": {
        "id": 435,
        "type": "account"
      }
    },
    {
      "value": 0.185,
      "amount": 1145,
      "owner": {
        "id": 4616,
        "type": "account"
      }
    },
    {
      "value": 0.188,
      "amount": 14,
      "owner": {
        "id": 15220,
        "type": "account"
      }
    },
    {
      "value": 0.195,
      "amount": 619,
      "owner": {
        "id": 2626,
        "type": "account"
      }
    },
    {
      "value": 0.195,
      "amount": 8,
      "owner": {
        "id": 12426,
        "type": "account"
      }
    },
    {
      "value": 0.2,
      "amount": 1500,
      "owner": {
        "id": 8166,
        "type": "account"
      }
    },
    {
      "value": 0.27,
      "amount": 801,
      "owner": {
        "id": 5896,
        "type": "account"
      }
    },
    {
      "value": 0.399,
      "amount": 10,
      "owner": {
        "id": 12694,
        "type": "account"
      }
    },
    {
      "value": 1,
      "amount": 1,
      "owner": {
        "id": 12229,
        "type": "account"
      }
    },
    {
      "value": 1,
      "amount": 1,
      "owner": {
        "id": 12216,
        "type": "account"
      }
    },
    {
      "value": 1,
      "amount": 1,
      "owner": {
        "id": 12572,
        "type": "account"
      }
    },
    {
      "value": 1.12,
      "amount": 1,
      "owner": {
        "id": 10743,
        "type": "account"
      }
    },
    {
      "value": 1.13,
      "amount": 1,
      "owner": {
        "id": 10743,
        "type": "account"
      }
    },
    {
      "value": 1.2,
      "amount": 1,
      "owner": {
        "id": 2532,
        "type": "account"
      }
    },
    {
      "value": 1.3,
      "amount": 1,
      "owner": {
        "id": 2532,
        "type": "account"
      }
    },
    {
      "value": 1.4,
      "amount": 1,
      "owner": {
        "id": 2532,
        "type": "account"
      }
    },
    {
      "value": 3.1,
      "amount": 2,
      "owner": {
        "id": 1812,
        "type": "account"
      }
    },
    {
      "value": 5,
      "amount": 1,
      "owner": {
        "id": 1812,
        "type": "account"
      }
    },
    {
      "value": 10,
      "amount": 1,
      "owner": {
        "id": 1074,
        "type": "account"
      }
    },
    {
      "value": 10,
      "amount": 1,
      "owner": {
        "id": 12336,
        "type": "account"
      }
    }
  ]
}

Pobieranie danych: cenach itemu iron w kraju Croatia z URL: https://api.eclesiar.com/market/items/get?country_id=21&item_id=7...
--- Dane o cenach itemu iron w kraju Croatia ---
{
  "code": 200,
  "description": "Success",
  "data": [
    {
      "value": 0.138,
      "amount": 449,
      "owner": {
        "id": 8029,
        "type": "account"
      }
    },
    {
      "value": 0.138,
      "amount": 153,
      "owner": {
        "id": 12987,
        "type": "account"
      }
    },
    {
      "value": 0.14,
      "amount": 383,
      "owner": {
        "id": 410,
        "type": "holding"
      }
    },
    {
      "value": 0.185,
      "amount": 461,
      "owner": {
        "id": 357,
        "type": "holding"
      }
    },
    {
      "value": 0.2,
      "amount": 1496,
      "owner": {
        "id": 767,
        "type": "account"
      }
    },
    {
      "value": 0.9,
      "amount": 20,
      "owner": {
        "id": 15248,
        "type": "account"
      }
    },
    {
      "value": 1,
      "amount": 1,
      "owner": {
        "id": 960,
        "type": "account"
      }
    },
    {
      "value": 1,
      "amount": 1,
      "owner": {
        "id": 3542,
        "type": "account"
      }
    },
    {
      "value": 1,
      "amount": 1,
      "owner": {
        "id": 12229,
        "type": "account"
      }
    },
    {
      "value": 1,
      "amount": 2,
      "owner": {
        "id": 1812,
        "type": "account"
      }
    },
    {
      "value": 100,
      "amount": 2,
      "owner": {
        "id": 2069,
        "type": "account"
      }
    }
  ]
}

Pobieranie danych: cenach itemu iron w kraju Bosnia and Herzegovina z URL: https://api.eclesiar.com/market/items/get?country_id=22&item_id=7...
--- Dane o cenach itemu iron w kraju Bosnia and Herzegovina ---
{
  "code": 200,
  "description": "Success",
  "data": [
    {
      "value": 0.2,
      "amount": 145,
      "owner": {
        "id": 1155,
        "type": "account"
      }
    }
  ]
}

Pobieranie danych: cenach itemu iron w kraju Serbia z URL: https://api.eclesiar.com/market/items/get?country_id=23&item_id=7...
--- Dane o cenach itemu iron w kraju Serbia ---
{
  "code": 200,
  "description": "Success",
  "data": [
    {
      "value": 0.21,
      "amount": 494,
      "owner": {
        "id": 2191,
        "type": "account"
      }
    },
    {
      "value": 0.22,
      "amount": 90,
      "owner": {
        "id": 6075,
        "type": "account"
      }
    },
    {
      "value": 0.249,
      "amount": 1934,
      "owner": {
        "id": 5733,
        "type": "account"
      }
    },
    {
      "value": 0.25,
      "amount": 1750,
      "owner": {
        "id": 138,
        "type": "holding"
      }
    },
    {
      "value": 2.5,
      "amount": 250,
      "owner": {
        "id": 10542,
        "type": "account"
      }
    },
    {
      "value": 145,
      "amount": 14,
      "owner": {
        "id": 7229,
        "type": "account"
      }
    }
  ]
}

Pobieranie danych: cenach itemu iron w kraju North Macedonia z URL: https://api.eclesiar.com/market/items/get?country_id=24&item_id=7...
--- Dane o cenach itemu iron w kraju North Macedonia ---
{
  "code": 200,
  "description": "Success",
  "data": [
    {
      "value": 0.25,
      "amount": 150,
      "owner": {
        "id": 6075,
        "type": "account"
      }
    },
    {
      "value": 0.9,
      "amount": 100,
      "owner": {
        "id": 15248,
        "type": "account"
      }
    },
    {
      "value": 5,
      "amount": 1,
      "owner": {
        "id": 4983,
        "type": "account"
      }
    }
  ]
}

Pobieranie danych: cenach itemu iron w kraju Albania z URL: https://api.eclesiar.com/market/items/get?country_id=25&item_id=7...
--- Dane o cenach itemu iron w kraju Albania ---
{
  "code": 200,
  "description": "Success",
  "data": [
    {
      "value": 5,
      "amount": 89,
      "owner": {
        "id": 216,
        "type": "account"
      }
    }
  ]
}

Pobieranie danych: cenach itemu iron w kraju Greece z URL: https://api.eclesiar.com/market/items/get?country_id=26&item_id=7...
--- Dane o cenach itemu iron w kraju Greece ---
{
  "code": 200,
  "description": "Success",
  "data": [
    {
      "value": 0.25,
      "amount": 225,
      "owner": {
        "id": 8826,
        "type": "account"
      }
    },
    {
      "value": 0.597,
      "amount": 200,
      "owner": {
        "id": 1908,
        "type": "account"
      }
    },
    {
      "value": 0.599,
      "amount": 8,
      "owner": {
        "id": 9709,
        "type": "account"
      }
    },
    {
      "value": 0.6,
      "amount": 1070,
      "owner": {
        "id": 6993,
        "type": "account"
      }
    },
    {
      "value": 1,
      "amount": 1,
      "owner": {
        "id": 12229,
        "type": "account"
      }
    },
    {
      "value": 3.9,
      "amount": 25,
      "owner": {
        "id": 4637,
        "type": "account"
      }
    },
    {
      "value": 4,
      "amount": 6,
      "owner": {
        "id": 5984,
        "type": "account"
      }
    },
    {
      "value": 10,
      "amount": 8,
      "owner": {
        "id": 4283,
        "type": "account"
      }
    }
  ]
}

Pobieranie danych: cenach itemu iron w kraju Hungary z URL: https://api.eclesiar.com/market/items/get?country_id=27&item_id=7...
--- Dane o cenach itemu iron w kraju Hungary ---
{
  "code": 200,
  "description": "Success",
  "data": [
    {
      "value": 0.12,
      "amount": 254,
      "owner": {
        "id": 5200,
        "type": "account"
      }
    },
    {
      "value": 1,
      "amount": 2,
      "owner": {
        "id": 2276,
        "type": "account"
      }
    },
    {
      "value": 1,
      "amount": 1,
      "owner": {
        "id": 12572,
        "type": "account"
      }
    },
    {
      "value": 1,
      "amount": 14,
      "owner": {
        "id": 13542,
        "type": "account"
      }
    }
  ]
}

Pobieranie danych: cenach itemu iron w kraju Romania z URL: https://api.eclesiar.com/market/items/get?country_id=28&item_id=7...
--- Dane o cenach itemu iron w kraju Romania ---
{
  "code": 200,
  "description": "Success",
  "data": [
    {
      "value": 0.99,
      "amount": 181,
      "owner": {
        "id": 2086,
        "type": "account"
      }
    }
  ]
}

Pobieranie danych: cenach itemu iron w kraju Bulgaria z URL: https://api.eclesiar.com/market/items/get?country_id=30&item_id=7...
--- Dane o cenach itemu iron w kraju Bulgaria ---
{
  "code": 200,
  "description": "Success",
  "data": [
    {
      "value": 0.24,
      "amount": 3674,
      "owner": {
        "id": 904,
        "type": "account"
      }
    },
    {
      "value": 0.25,
      "amount": 655,
      "owner": {
        "id": 6265,
        "type": "account"
      }
    },
    {
      "value": 0.25,
      "amount": 895,
      "owner": {
        "id": 3480,
        "type": "account"
      }
    },
    {
      "value": 0.3,
      "amount": 1944,
      "owner": {
        "id": 473,
        "type": "holding"
      }
    },
    {
      "value": 0.44,
      "amount": 800,
      "owner": {
        "id": 754,
        "type": "account"
      }
    },
    {
      "value": 0.449,
      "amount": 23,
      "owner": {
        "id": 13114,
        "type": "account"
      }
    },
    {
      "value": 0.5,
      "amount": 1,
      "owner": {
        "id": 2286,
        "type": "account"
      }
    },
    {
      "value": 0.6,
      "amount": 308,
      "owner": {
        "id": 5896,
        "type": "account"
      }
    },
    {
      "value": 0.64,
      "amount": 27,
      "owner": {
        "id": 9561,
        "type": "account"
      }
    },
    {
      "value": 1,
      "amount": 1003,
      "owner": {
        "id": 349,
        "type": "account"
      }
    },
    {
      "value": 1,
      "amount": 3,
      "owner": {
        "id": 5227,
        "type": "account"
      }
    },
    {
      "value": 1.5,
      "amount": 81,
      "owner": {
        "id": 5737,
        "type": "account"
      }
    },
    {
      "value": 1.6,
      "amount": 1,
      "owner": {
        "id": 1812,
        "type": "account"
      }
    },
    {
      "value": 1.7,
      "amount": 2,
      "owner": {
        "id": 1812,
        "type": "account"
      }
    },
    {
      "value": 2,
      "amount": 2,
      "owner": {
        "id": 1812,
        "type": "account"
      }
    },
    {
      "value": 5,
      "amount": 6,
      "owner": {
        "id": 6812,
        "type": "account"
      }
    }
  ]
}

Pobieranie danych: cenach itemu iron w kraju Turkey z URL: https://api.eclesiar.com/market/items/get?country_id=31&item_id=7...
--- Dane o cenach itemu iron w kraju Turkey ---
{
  "code": 200,
  "description": "Success",
  "data": [
    {
      "value": 0.25,
      "amount": 1092,
      "owner": {
        "id": 10279,
        "type": "account"
      }
    },
    {
      "value": 1,
      "amount": 508,
      "owner": {
        "id": 9233,
        "type": "account"
      }
    },
    {
      "value": 1,
      "amount": 114,
      "owner": {
        "id": 1971,
        "type": "account"
      }
    },
    {
      "value": 2,
      "amount": 1,
      "owner": {
        "id": 2188,
        "type": "account"
      }
    },
    {
      "value": 100,
      "amount": 1,
      "owner": {
        "id": 4231,
        "type": "account"
      }
    },
    {
      "value": 1111,
      "amount": 1,
      "owner": {
        "id": 2178,
        "type": "account"
      }
    }
  ]
}

Pobieranie danych: cenach itemu iron w kraju Ukraine z URL: https://api.eclesiar.com/market/items/get?country_id=32&item_id=7...
--- Dane o cenach itemu iron w kraju Ukraine ---
{
  "code": 200,
  "description": "Success"
}

Pobieranie danych: cenach itemu iron w kraju Russia z URL: https://api.eclesiar.com/market/items/get?country_id=33&item_id=7...
--- Dane o cenach itemu iron w kraju Russia ---
{
  "code": 200,
  "description": "Success"
}

Pobieranie danych: cenach itemu iron w kraju Georgia z URL: https://api.eclesiar.com/market/items/get?country_id=34&item_id=7...
--- Dane o cenach itemu iron w kraju Georgia ---
{
  "code": 200,
  "description": "Success",
  "data": [
    {
      "value": 0.299,
      "amount": 160,
      "owner": {
        "id": 2025,
        "type": "npc"
      }
    },
    {
      "value": 0.576,
      "amount": 26,
      "owner": {
        "id": 4607,
        "type": "account"
      }
    },
    {
      "value": 1,
      "amount": 5,
      "owner": {
        "id": 6044,
        "type": "account"
      }
    },
    {
      "value": 1.2,
      "amount": 2,
      "owner": {
        "id": 1812,
        "type": "account"
      }
    },
    {
      "value": 1.25,
      "amount": 2,
      "owner": {
        "id": 1812,
        "type": "account"
      }
    },
    {
      "value": 1.3,
      "amount": 2,
      "owner": {
        "id": 1812,
        "type": "account"
      }
    }
  ]
}

Pobieranie danych: cenach itemu iron w kraju Israel z URL: https://api.eclesiar.com/market/items/get?country_id=35&item_id=7...
--- Dane o cenach itemu iron w kraju Israel ---
{
  "code": 200,
  "description": "Success",
  "data": [
    {
      "value": 0.7,
      "amount": 15,
      "owner": {
        "id": 4607,
        "type": "account"
      }
    },
    {
      "value": 0.85,
      "amount": 15,
      "owner": {
        "id": 4607,
        "type": "account"
      }
    },
    {
      "value": 1,
      "amount": 1,
      "owner": {
        "id": 12229,
        "type": "account"
      }
    }
  ]
}

Pobieranie danych: cenach itemu iron w kraju Egypt z URL: https://api.eclesiar.com/market/items/get?country_id=36&item_id=7...
--- Dane o cenach itemu iron w kraju Egypt ---
{
  "code": 200,
  "description": "Success",
  "data": [
    {
      "value": 2,
      "amount": 2,
      "owner": {
        "id": 1812,
        "type": "account"
      }
    },
    {
      "value": 2.1,
      "amount": 2,
      "owner": {
        "id": 1812,
        "type": "account"
      }
    }
  ]
}

Pobieranie danych: cenach itemu iron w kraju South Africa z URL: https://api.eclesiar.com/market/items/get?country_id=37&item_id=7...
--- Dane o cenach itemu iron w kraju South Africa ---
{
  "code": 200,
  "description": "Success",
  "data": [
    {
      "value": 0.2,
      "amount": 357,
      "owner": {
        "id": 12354,
        "type": "account"
      }
    },
    {
      "value": 1,
      "amount": 1,
      "owner": {
        "id": 2322,
        "type": "account"
      }
    }
  ]
}

Pobieranie danych: cenach itemu iron w kraju Iraq z URL: https://api.eclesiar.com/market/items/get?country_id=38&item_id=7...
--- Dane o cenach itemu iron w kraju Iraq ---
{
  "code": 200,
  "description": "Success",
  "data": [
    {
      "value": 0.5,
      "amount": 34,
      "owner": {
        "id": 5532,
        "type": "account"
      }
    },
    {
      "value": 0.899,
      "amount": 24,
      "owner": {
        "id": 13488,
        "type": "account"
      }
    },
    {
      "value": 1,
      "amount": 1,
      "owner": {
        "id": 12229,
        "type": "account"
      }
    },
    {
      "value": 1,
      "amount": 33,
      "owner": {
        "id": 8186,
        "type": "account"
      }
    }
  ]
}

Pobieranie danych: cenach itemu iron w kraju Saudi Arabia z URL: https://api.eclesiar.com/market/items/get?country_id=39&item_id=7...
--- Dane o cenach itemu iron w kraju Saudi Arabia ---
{
  "code": 200,
  "description": "Success",
  "data": [
    {
      "value": 1,
      "amount": 19,
      "owner": {
        "id": 323,
        "type": "account"
      }
    },
    {
      "value": 1,
      "amount": 38,
      "owner": {
        "id": 16435,
        "type": "account"
      }
    },
    {
      "value": 1.64,
      "amount": 163,
      "owner": {
        "id": 216,
        "type": "account"
      }
    },
    {
      "value": 2,
      "amount": 1,
      "owner": {
        "id": 1812,
        "type": "account"
      }
    },
    {
      "value": 10,
      "amount": 22,
      "owner": {
        "id": 1074,
        "type": "account"
      }
    }
  ]
}

Pobieranie danych: cenach itemu iron w kraju Iran z URL: https://api.eclesiar.com/market/items/get?country_id=40&item_id=7...
--- Dane o cenach itemu iron w kraju Iran ---
{
  "code": 200,
  "description": "Success",
  "data": [
    {
      "value": 20,
      "amount": 4,
      "owner": {
        "id": 10277,
        "type": "account"
      }
    }
  ]
}

Pobieranie danych: cenach itemu iron w kraju Pakistan z URL: https://api.eclesiar.com/market/items/get?country_id=41&item_id=7...
--- Dane o cenach itemu iron w kraju Pakistan ---
{
  "code": 200,
  "description": "Success"
}

Pobieranie danych: cenach itemu iron w kraju India z URL: https://api.eclesiar.com/market/items/get?country_id=42&item_id=7...
--- Dane o cenach itemu iron w kraju India ---
{
  "code": 200,
  "description": "Success",
  "data": [
    {
      "value": 0.29,
      "amount": 10,
      "owner": {
        "id": 4531,
        "type": "account"
      }
    },
    {
      "value": 0.3,
      "amount": 1,
      "owner": {
        "id": 5566,
        "type": "account"
      }
    }
  ]
}

Pobieranie danych: cenach itemu iron w kraju China z URL: https://api.eclesiar.com/market/items/get?country_id=43&item_id=7...
--- Dane o cenach itemu iron w kraju China ---
{
  "code": 200,
  "description": "Success",
  "data": [
    {
      "value": 0.129,
      "amount": 200,
      "owner": {
        "id": 12,
        "type": "militaryunit"
      }
    },
    {
      "value": 1,
      "amount": 208,
      "owner": {
        "id": 191,
        "type": "account"
      }
    },
    {
      "value": 1,
      "amount": 1,
      "owner": {
        "id": 1762,
        "type": "account"
      }
    },
    {
      "value": 172,
      "amount": 1,
      "owner": {
        "id": 2402,
        "type": "account"
      }
    }
  ]
}

Pobieranie danych: cenach itemu iron w kraju Japan z URL: https://api.eclesiar.com/market/items/get?country_id=44&item_id=7...
--- Dane o cenach itemu iron w kraju Japan ---
{
  "code": 200,
  "description": "Success",
  "data": [
    {
      "value": 1.2,
      "amount": 515,
      "owner": {
        "id": 2241,
        "type": "account"
      }
    }
  ]
}

Pobieranie danych: cenach itemu iron w kraju South Korea z URL: https://api.eclesiar.com/market/items/get?country_id=45&item_id=7...
--- Dane o cenach itemu iron w kraju South Korea ---
{
  "code": 200,
  "description": "Success",
  "data": [
    {
      "value": 1.98,
      "amount": 73,
      "owner": {
        "id": 5597,
        "type": "account"
      }
    },
    {
      "value": 2,
      "amount": 15,
      "owner": {
        "id": 150,
        "type": "holding"
      }
    },
    {
      "value": 2.999,
      "amount": 3,
      "owner": {
        "id": 314,
        "type": "holding"
      }
    },
    {
      "value": 5,
      "amount": 46,
      "owner": {
        "id": 5500,
        "type": "account"
      }
    },
    {
      "value": 100,
      "amount": 9,
      "owner": {
        "id": 3553,
        "type": "account"
      }
    },
    {
      "value": 200,
      "amount": 2,
      "owner": {
        "id": 3553,
        "type": "account"
      }
    }
  ]
}

Pobieranie danych: cenach itemu iron w kraju Indonesia z URL: https://api.eclesiar.com/market/items/get?country_id=46&item_id=7...
--- Dane o cenach itemu iron w kraju Indonesia ---
{
  "code": 200,
  "description": "Success",
  "data": [
    {
      "value": 7,
      "amount": 1,
      "owner": {
        "id": 1812,
        "type": "account"
      }
    },
    {
      "value": 1000,
      "amount": 1,
      "owner": {
        "id": 1529,
        "type": "account"
      }
    }
  ]
}

Pobieranie danych: cenach itemu iron w kraju Australia z URL: https://api.eclesiar.com/market/items/get?country_id=47&item_id=7...
--- Dane o cenach itemu iron w kraju Australia ---
{
  "code": 200,
  "description": "Success",
  "data": [
    {
      "value": 0.599,
      "amount": 120,
      "owner": {
        "id": 1908,
        "type": "account"
      }
    },
    {
      "value": 0.685,
      "amount": 522,
      "owner": {
        "id": 15977,
        "type": "account"
      }
    },
    {
      "value": 0.689,
      "amount": 195,
      "owner": {
        "id": 11954,
        "type": "account"
      }
    },
    {
      "value": 1.2,
      "amount": 200,
      "owner": {
        "id": 11954,
        "type": "account"
      }
    },
    {
      "value": 1.6,
      "amount": 3,
      "owner": {
        "id": 12256,
        "type": "account"
      }
    },
    {
      "value": 1.66,
      "amount": 100,
      "owner": {
        "id": 11954,
        "type": "account"
      }
    },
    {
      "value": 2,
      "amount": 10,
      "owner": {
        "id": 10277,
        "type": "account"
      }
    },
    {
      "value": 10,
      "amount": 1,
      "owner": {
        "id": 13511,
        "type": "account"
      }
    }
  ]
}

Pobieranie danych: cenach itemu iron w kraju Philippines z URL: https://api.eclesiar.com/market/items/get?country_id=48&item_id=7...
--- Dane o cenach itemu iron w kraju Philippines ---
{
  "code": 200,
  "description": "Success"
}

Pobieranie danych: cenach itemu weapon q1 w kraju United Kingdom z URL: https://api.eclesiar.com/market/items/get?country_id=2&item_id=8...
--- Dane o cenach itemu weapon q1 w kraju United Kingdom ---
{
  "code": 200,
  "description": "Success",
  "data": [
    {
      "value": 0.24,
      "amount": 236,
      "owner": {
        "id": 1527,
        "type": "account"
      }
    },
    {
      "value": 1,
      "amount": 72,
      "owner": {
        "id": 45,
        "type": "account"
      }
    },
    {
      "value": 10000,
      "amount": 1,
      "owner": {
        "id": 2178,
        "type": "account"
      }
    }
  ]
}

Pobieranie danych: cenach itemu weapon q1 w kraju United States of America z URL: https://api.eclesiar.com/market/items/get?country_id=3&item_id=8...
--- Dane o cenach itemu weapon q1 w kraju United States of America ---
{
  "code": 200,
  "description": "Success",
  "data": [
    {
      "value": 0.143,
      "amount": 460,
      "owner": {
        "id": 472,
        "type": "holding"
      }
    },
    {
      "value": 0.149,
      "amount": 1,
      "owner": {
        "id": 564,
        "type": "holding"
      }
    },
    {
      "value": 0.162,
      "amount": 3,
      "owner": {
        "id": 12086,
        "type": "account"
      }
    },
    {
      "value": 0.168,
      "amount": 258,
      "owner": {
        "id": 1800,
        "type": "account"
      }
    },
    {
      "value": 0.178,
      "amount": 777,
      "owner": {
        "id": 13471,
        "type": "account"
      }
    },
    {
      "value": 0.199,
      "amount": 171,
      "owner": {
        "id": 51,
        "type": "holding"
      }
    },
    {
      "value": 0.206,
      "amount": 144,
      "owner": {
        "id": 12460,
        "type": "account"
      }
    },
    {
      "value": 0.208,
      "amount": 310,
      "owner": {
        "id": 53,
        "type": "holding"
      }
    },
    {
      "value": 0.209,
      "amount": 374,
      "owner": {
        "id": 53,
        "type": "holding"
      }
    },
    {
      "value": 0.21,
      "amount": 500,
      "owner": {
        "id": 1906,
        "type": "account"
      }
    },
    {
      "value": 0.21,
      "amount": 300,
      "owner": {
        "id": 53,
        "type": "holding"
      }
    },
    {
      "value": 0.3,
      "amount": 1,
      "owner": {
        "id": 3940,
        "type": "account"
      }
    },
    {
      "value": 0.4,
      "amount": 1,
      "owner": {
        "id": 3940,
        "type": "account"
      }
    },
    {
      "value": 0.4,
      "amount": 149,
      "owner": {
        "id": 10357,
        "type": "account"
      }
    },
    {
      "value": 0.5,
      "amount": 140,
      "owner": {
        "id": 400,
        "type": "account"
      }
    },
    {
      "value": 0.5,
      "amount": 1,
      "owner": {
        "id": 3940,
        "type": "account"
      }
    },
    {
      "value": 0.8,
      "amount": 6,
      "owner": {
        "id": 1879,
        "type": "account"
      }
    },
    {
      "value": 1,
      "amount": 26,
      "owner": {
        "id": 5884,
        "type": "account"
      }
    },
    {
      "value": 2,
      "amount": 1,
      "owner": {
        "id": 1577,
        "type": "account"
      }
    },
    {
      "value": 2,
      "amount": 2,
      "owner": {
        "id": 5698,
        "type": "account"
      }
    },
    {
      "value": 40,
      "amount": 2,
      "owner": {
        "id": 4289,
        "type": "account"
      }
    },
    {
      "value": 50,
      "amount": 1,
      "owner": {
        "id": 7520,
        "type": "account"
      }
    },
    {
      "value": 100,
      "amount": 1,
      "owner": {
        "id": 12438,
        "type": "account"
      }
    },
    {
      "value": 111,
      "amount": 1,
      "owner": {
        "id": 1659,
   ... (truncated)

Pobieranie danych: cenach itemu weapon q1 w kraju Mexico z URL: https://api.eclesiar.com/market/items/get?country_id=4&item_id=8...
--- Dane o cenach itemu weapon q1 w kraju Mexico ---
{
  "code": 200,
  "description": "Success",
  "data": [
    {
      "value": 0.35,
      "amount": 5,
      "owner": {
        "id": 16204,
        "type": "account"
      }
    },
    {
      "value": 0.4,
      "amount": 96,
      "owner": {
        "id": 10357,
        "type": "account"
      }
    }
  ]
}

Pobieranie danych: cenach itemu weapon q1 w kraju Colombia z URL: https://api.eclesiar.com/market/items/get?country_id=5&item_id=8...
--- Dane o cenach itemu weapon q1 w kraju Colombia ---
{
  "code": 200,
  "description": "Success"
}

Pobieranie danych: cenach itemu weapon q1 w kraju Peru z URL: https://api.eclesiar.com/market/items/get?country_id=6&item_id=8...
--- Dane o cenach itemu weapon q1 w kraju Peru ---
{
  "code": 200,
  "description": "Success",
  "data": [
    {
      "value": 0.529,
      "amount": 23,
      "owner": {
        "id": 229,
        "type": "holding"
      }
    },
    {
      "value": 2.8,
      "amount": 10,
      "owner": {
        "id": 1812,
        "type": "account"
      }
    },
    {
      "value": 2.81,
      "amount": 20,
      "owner": {
        "id": 1812,
        "type": "account"
      }
    },
    {
      "value": 2.82,
      "amount": 20,
      "owner": {
        "id": 1812,
        "type": "account"
      }
    },
    {
      "value": 3,
      "amount": 31,
      "owner": {
        "id": 12673,
        "type": "account"
      }
    },
    {
      "value": 3.5,
      "amount": 17,
      "owner": {
        "id": 12673,
        "type": "account"
      }
    },
    {
      "value": 10,
      "amount": 10,
      "owner": {
        "id": 12843,
        "type": "account"
      }
    },
    {
      "value": 1111,
      "amount": 1,
      "owner": {
        "id": 2178,
        "type": "account"
      }
    }
  ]
}

Pobieranie danych: cenach itemu weapon q1 w kraju Brazil z URL: https://api.eclesiar.com/market/items/get?country_id=7&item_id=8...
--- Dane o cenach itemu weapon q1 w kraju Brazil ---
{
  "code": 200,
  "description": "Success",
  "data": [
    {
      "value": 111,
      "amount": 1,
      "owner": {
        "id": 2178,
        "type": "account"
      }
    },
    {
      "value": 1111,
      "amount": 1,
      "owner": {
        "id": 2178,
        "type": "account"
      }
    },
    {
      "value": 10000,
      "amount": 1,
      "owner": {
        "id": 2178,
        "type": "account"
      }
    }
  ]
}

Pobieranie danych: cenach itemu weapon q1 w kraju Chile z URL: https://api.eclesiar.com/market/items/get?country_id=8&item_id=8...
--- Dane o cenach itemu weapon q1 w kraju Chile ---
{
  "code": 200,
  "description": "Success",
  "data": [
    {
      "value": 0.239,
      "amount": 27,
      "owner": {
        "id": 180,
        "type": "holding"
      }
    },
    {
      "value": 0.49,
      "amount": 342,
      "owner": {
        "id": 3112,
        "type": "account"
      }
    },
    {
      "value": 0.69,
      "amount": 79,
      "owner": {
        "id": 9028,
        "type": "account"
      }
    },
    {
      "value": 1,
      "amount": 1,
      "owner": {
        "id": 5698,
        "type": "account"
      }
    },
    {
      "value": 1.11,
      "amount": 2,
      "owner": {
        "id": 1812,
        "type": "account"
      }
    },
    {
      "value": 1.15,
      "amount": 2,
      "owner": {
        "id": 1812,
        "type": "account"
      }
    },
    {
      "value": 1.2,
      "amount": 2,
      "owner": {
        "id": 1812,
        "type": "account"
      }
    },
    {
      "value": 2,
      "amount": 1,
      "owner": {
        "id": 1577,
        "type": "account"
      }
    },
    {
      "value": 2,
      "amount": 1,
      "owner": {
        "id": 5698,
        "type": "account"
      }
    }
  ]
}

Pobieranie danych: cenach itemu weapon q1 w kraju Argentina z URL: https://api.eclesiar.com/market/items/get?country_id=10&item_id=8...
--- Dane o cenach itemu weapon q1 w kraju Argentina ---
{
  "code": 200,
  "description": "Success"
}

Pobieranie danych: cenach itemu weapon q1 w kraju Ireland z URL: https://api.eclesiar.com/market/items/get?country_id=11&item_id=8...
--- Dane o cenach itemu weapon q1 w kraju Ireland ---
{
  "code": 200,
  "description": "Success",
  "data": [
    {
      "value": 0.999,
      "amount": 50,
      "owner": {
        "id": 11311,
        "type": "account"
      }
    },
    {
      "value": 1,
      "amount": 26,
      "owner": {
        "id": 10182,
        "type": "account"
      }
    }
  ]
}

Pobieranie danych: cenach itemu weapon q1 w kraju France z URL: https://api.eclesiar.com/market/items/get?country_id=12&item_id=8...
--- Dane o cenach itemu weapon q1 w kraju France ---
{
  "code": 200,
  "description": "Success",
  "data": [
    {
      "value": 0.18,
      "amount": 114,
      "owner": {
        "id": 5554,
        "type": "account"
      }
    },
    {
      "value": 1,
      "amount": 1,
      "owner": {
        "id": 7839,
        "type": "account"
      }
    }
  ]
}

Pobieranie danych: cenach itemu weapon q1 w kraju Portugal z URL: https://api.eclesiar.com/market/items/get?country_id=13&item_id=8...
--- Dane o cenach itemu weapon q1 w kraju Portugal ---
{
  "code": 200,
  "description": "Success",
  "data": [
    {
      "value": 0.125,
      "amount": 69,
      "owner": {
        "id": 180,
        "type": "holding"
      }
    },
    {
      "value": 0.126,
      "amount": 144,
      "owner": {
        "id": 16046,
        "type": "account"
      }
    },
    {
      "value": 0.148,
      "amount": 300,
      "owner": {
        "id": 203,
        "type": "account"
      }
    },
    {
      "value": 0.149,
      "amount": 1018,
      "owner": {
        "id": 408,
        "type": "account"
      }
    },
    {
      "value": 0.15,
      "amount": 48,
      "owner": {
        "id": 16422,
        "type": "account"
      }
    },
    {
      "value": 0.188,
      "amount": 935,
      "owner": {
        "id": 443,
        "type": "holding"
      }
    },
    {
      "value": 0.209,
      "amount": 10,
      "owner": {
        "id": 13629,
        "type": "account"
      }
    },
    {
      "value": 0.66,
      "amount": 1,
      "owner": {
        "id": 15943,
        "type": "account"
      }
    },
    {
      "value": 1,
      "amount": 1,
      "owner": {
        "id": 13619,
        "type": "account"
      }
    },
    {
      "value": 5,
      "amount": 1,
      "owner": {
        "id": 12295,
        "type": "account"
      }
    }
  ]
}

Pobieranie danych: cenach itemu weapon q1 w kraju Spain z URL: https://api.eclesiar.com/market/items/get?country_id=14&item_id=8...
--- Dane o cenach itemu weapon q1 w kraju Spain ---
{
  "code": 200,
  "description": "Success",
  "data": [
    {
      "value": 0.047,
      "amount": 155,
      "owner": {
        "id": 1908,
        "type": "account"
      }
    },
    {
      "value": 0.048,
      "amount": 635,
      "owner": {
        "id": 5613,
        "type": "account"
      }
    },
    {
      "value": 0.25,
      "amount": 39,
      "owner": {
        "id": 550,
        "type": "account"
      }
    },
    {
      "value": 1,
      "amount": 1,
      "owner": {
        "id": 12526,
        "type": "account"
      }
    },
    {
      "value": 1,
      "amount": 1,
      "owner": {
        "id": 13603,
        "type": "account"
      }
    },
    {
      "value": 1,
      "amount": 1,
      "owner": {
        "id": 13514,
        "type": "account"
      }
    }
  ]
}

Pobieranie danych: cenach itemu weapon q1 w kraju Germany z URL: https://api.eclesiar.com/market/items/get?country_id=15&item_id=8...
--- Dane o cenach itemu weapon q1 w kraju Germany ---
{
  "code": 200,
  "description": "Success",
  "data": [
    {
      "value": 0.039,
      "amount": 232,
      "owner": {
        "id": 397,
        "type": "holding"
      }
    },
    {
      "value": 0.059,
      "amount": 52,
      "owner": {
        "id": 227,
        "type": "holding"
      }
    },
    {
      "value": 0.06,
      "amount": 99,
      "owner": {
        "id": 541,
        "type": "holding"
      }
    },
    {
      "value": 0.066,
      "amount": 585,
      "owner": {
        "id": 144,
        "type": "holding"
      }
    },
    {
      "value": 0.077,
      "amount": 132,
      "owner": {
        "id": 12264,
        "type": "account"
      }
    },
    {
      "value": 0.099,
      "amount": 217,
      "owner": {
        "id": 228,
        "type": "holding"
      }
    },
    {
      "value": 1,
      "amount": 1,
      "owner": {
        "id": 12526,
        "type": "account"
      }
    },
    {
      "value": 2,
      "amount": 2,
      "owner": {
        "id": 1812,
        "type": "account"
      }
    },
    {
      "value": 2.1,
      "amount": 2,
      "owner": {
        "id": 1812,
        "type": "account"
      }
    },
    {
      "value": 2.2,
      "amount": 2,
      "owner": {
        "id": 1812,
        "type": "account"
      }
    },
    {
      "value": 10,
      "amount": 1,
      "owner": {
        "id": 13406,
        "type": "account"
      }
    },
    {
      "value": 111111,
      "amount": 1,
      "owner": {
        "id": 2178,
        "type": "account"
      }
    }
  ]
}

Pobieranie danych: cenach itemu weapon q1 w kraju Sweden z URL: https://api.eclesiar.com/market/items/get?country_id=16&item_id=8...
--- Dane o cenach itemu weapon q1 w kraju Sweden ---
{
  "code": 200,
  "description": "Success",
  "data": [
    {
      "value": 0.15,
      "amount": 996,
      "owner": {
        "id": 1527,
        "type": "account"
      }
    },
    {
      "value": 0.494,
      "amount": 500,
      "owner": {
        "id": 13598,
        "type": "account"
      }
    },
    {
      "value": 0.495,
      "amount": 100,
      "owner": {
        "id": 51,
        "type": "holding"
      }
    },
    {
      "value": 0.5,
      "amount": 47,
      "owner": {
        "id": 10357,
        "type": "account"
      }
    },
    {
      "value": 1,
      "amount": 3,
      "owner": {
        "id": 45,
        "type": "account"
      }
    },
    {
      "value": 1,
      "amount": 1,
      "owner": {
        "id": 202,
        "type": "account"
      }
    },
    {
      "value": 11,
      "amount": 1,
      "owner": {
        "id": 4207,
        "type": "account"
      }
    },
    {
      "value": 1000,
      "amount": 1,
      "owner": {
        "id": 16013,
        "type": "account"
      }
    }
  ]
}

Pobieranie danych: cenach itemu weapon q1 w kraju Italy z URL: https://api.eclesiar.com/market/items/get?country_id=17&item_id=8...
--- Dane o cenach itemu weapon q1 w kraju Italy ---
{
  "code": 200,
  "description": "Success",
  "data": [
    {
      "value": 0.2,
      "amount": 297,
      "owner": {
        "id": 15356,
        "type": "account"
      }
    },
    {
      "value": 0.215,
      "amount": 44,
      "owner": {
        "id": 1908,
        "type": "account"
      }
    },
    {
      "value": 0.26,
      "amount": 2,
      "owner": {
        "id": 16389,
        "type": "account"
      }
    },
    {
      "value": 10,
      "amount": 1,
      "owner": {
        "id": 13534,
        "type": "account"
      }
    }
  ]
}

Pobieranie danych: cenach itemu weapon q1 w kraju Poland z URL: https://api.eclesiar.com/market/items/get?country_id=18&item_id=8...
--- Dane o cenach itemu weapon q1 w kraju Poland ---
{
  "code": 200,
  "description": "Success",
  "data": [
    {
      "value": 0.035,
      "amount": 136,
      "owner": {
        "id": 591,
        "type": "holding"
      }
    },
    {
      "value": 0.036,
      "amount": 99,
      "owner": {
        "id": 491,
        "type": "holding"
      }
    },
    {
      "value": 0.037,
      "amount": 996,
      "owner": {
        "id": 11744,
        "type": "account"
      }
    },
    {
      "value": 0.038,
      "amount": 378,
      "owner": {
        "id": 559,
        "type": "holding"
      }
    },
    {
      "value": 0.039,
      "amount": 317,
      "owner": {
        "id": 16079,
        "type": "account"
      }
    },
    {
      "value": 0.039,
      "amount": 658,
      "owner": {
        "id": 11311,
        "type": "account"
      }
    },
    {
      "value": 0.04,
      "amount": 479,
      "owner": {
        "id": 11391,
        "type": "account"
      }
    },
    {
      "value": 0.04,
      "amount": 1,
      "owner": {
        "id": 13898,
        "type": "account"
      }
    },
    {
      "value": 0.042,
      "amount": 400,
      "owner": {
        "id": 11718,
        "type": "account"
      }
    },
    {
      "value": 0.043,
      "amount": 353,
      "owner": {
        "id": 11744,
        "type": "account"
      }
    },
    {
      "value": 0.044,
      "amount": 332,
      "owner": {
        "id": 14581,
        "type": "account"
      }
    },
    {
      "value": 0.047,
      "amount": 85,
      "owner": {
        "id": 14810,
        "type": "account"
      }
    },
    {
      "value": 0.048,
      "amount": 4813,
      "owner": {
        "id": 11454,
        "type": "account"
      }
    },
    {
      "value": 0.048,
      "amount": 500,
      "owner": {
        "id": 14633,
        "type": "account"
      }
    },
    {
      "value": 0.055,
      "amount": 128,
      "owner": {
        "id": 11905,
        "type": "account"
      }
    },
    {
      "value": 0.1,
      "amount": 1,
      "owner": {
        "id": 5699,
        "type": "account"
      }
    },
    {
      "value": 0.104,
      "amount": 320,
      "owner": {
        "id": 7549,
        "type": "account"
      }
    },
    {
      "value": 0.205,
      "amount": 69,
      "owner": {
        "id": 7622,
        "type": "account"
      }
    },
    {
      "value": 0.218,
      "amount": 462,
      "owner": {
        "id": 6790,
        "type": "account"
      }
    },
    {
      "value": 0.229,
      "amount": 272,
      "owner": {
        "id": 5843,
        "type": "account"
      }
    },
    {
      "value": 0.34,
      "amount": 31,
      "owner": {
        "id": 15152,
        "type": "account"
      }
    },
    {
      "value": 0.499,
      "amount": 13,
      "owner": {
        "id": 5519,
        "type": "account"
      }
    },
    {
      "value": 1,
      "amount": 2,
      "owner": {
        "id": 9787,
        "type": "account"
      }
    },
    {
      "value": 1,
      "... (truncated)

Pobieranie danych: cenach itemu weapon q1 w kraju Lithuania z URL: https://api.eclesiar.com/market/items/get?country_id=19&item_id=8...
--- Dane o cenach itemu weapon q1 w kraju Lithuania ---
{
  "code": 200,
  "description": "Success",
  "data": [
    {
      "value": 2.4,
      "amount": 43,
      "owner": {
        "id": 6985,
        "type": "account"
      }
    },
    {
      "value": 3.176,
      "amount": 49,
      "owner": {
        "id": 5638,
        "type": "account"
      }
    },
    {
      "value": 5,
      "amount": 1,
      "owner": {
        "id": 12076,
        "type": "account"
      }
    },
    {
      "value": 30,
      "amount": 1,
      "owner": {
        "id": 1321,
        "type": "account"
      }
    }
  ]
}

Pobieranie danych: cenach itemu weapon q1 w kraju Slovenia z URL: https://api.eclesiar.com/market/items/get?country_id=20&item_id=8...
--- Dane o cenach itemu weapon q1 w kraju Slovenia ---
{
  "code": 200,
  "description": "Success",
  "data": [
    {
      "value": 0.4,
      "amount": 10,
      "owner": {
        "id": 10357,
        "type": "account"
      }
    },
    {
      "value": 0.45,
      "amount": 1,
      "owner": {
        "id": 10357,
        "type": "account"
      }
    },
    {
      "value": 0.8,
      "amount": 10,
      "owner": {
        "id": 505,
        "type": "holding"
      }
    },
    {
      "value": 1,
      "amount": 1,
      "owner": {
        "id": 6835,
        "type": "account"
      }
    },
    {
      "value": 1,
      "amount": 1,
      "owner": {
        "id": 13089,
        "type": "account"
      }
    },
    {
      "value": 2,
      "amount": 1,
      "owner": {
        "id": 5698,
        "type": "account"
      }
    },
    {
      "value": 5,
      "amount": 1,
      "owner": {
        "id": 12139,
        "type": "account"
      }
    },
    {
      "value": 25,
      "amount": 1,
      "owner": {
        "id": 5698,
        "type": "account"
      }
    },
    {
      "value": 52,
      "amount": 100,
      "owner": {
        "id": 4614,
        "type": "account"
      }
    },
    {
      "value": 100,
      "amount": 1,
      "owner": {
        "id": 2548,
        "type": "account"
      }
    },
    {
      "value": 1000,
      "amount": 1,
      "owner": {
        "id": 2178,
        "type": "account"
      }
    },
    {
      "value": 1111,
      "amount": 1,
      "owner": {
        "id": 2178,
        "type": "account"
      }
    },
    {
      "value": 11000,
      "amount": 1,
      "owner": {
        "id": 2178,
        "type": "account"
      }
    }
  ]
}

Pobieranie danych: cenach itemu weapon q1 w kraju Croatia z URL: https://api.eclesiar.com/market/items/get?country_id=21&item_id=8...
--- Dane o cenach itemu weapon q1 w kraju Croatia ---
{
  "code": 200,
  "description": "Success",
  "data": [
    {
      "value": 0.093,
      "amount": 198,
      "owner": {
        "id": 11517,
        "type": "account"
      }
    },
    {
      "value": 0.095,
      "amount": 393,
      "owner": {
        "id": 10667,
        "type": "account"
      }
    },
    {
      "value": 0.9,
      "amount": 50,
      "owner": {
        "id": 1464,
        "type": "account"
      }
    },
    {
      "value": 1,
      "amount": 3,
      "owner": {
        "id": 960,
        "type": "account"
      }
    },
    {
      "value": 1,
      "amount": 1,
      "owner": {
        "id": 8187,
        "type": "account"
      }
    },
    {
      "value": 46,
      "amount": 24,
      "owner": {
        "id": 16072,
        "type": "account"
      }
    },
    {
      "value": 1000,
      "amount": 1,
      "owner": {
        "id": 2178,
        "type": "account"
      }
    },
    {
      "value": 10000,
      "amount": 1,
      "owner": {
        "id": 2178,
        "type": "account"
      }
    }
  ]
}

Pobieranie danych: cenach itemu weapon q1 w kraju Bosnia and Herzegovina z URL: https://api.eclesiar.com/market/items/get?country_id=22&item_id=8...
--- Dane o cenach itemu weapon q1 w kraju Bosnia and Herzegovina ---
{
  "code": 200,
  "description": "Success",
  "data": [
    {
      "value": 0.1,
      "amount": 32,
      "owner": {
        "id": 1155,
        "type": "account"
      }
    },
    {
      "value": 0.17,
      "amount": 179,
      "owner": {
        "id": 1155,
        "type": "account"
      }
    },
    {
      "value": 0.799,
      "amount": 56,
      "owner": {
        "id": 9744,
        "type": "account"
      }
    },
    {
      "value": 1000,
      "amount": 1,
      "owner": {
        "id": 2178,
        "type": "account"
      }
    },
    {
      "value": 1111,
      "amount": 2,
      "owner": {
        "id": 2178,
        "type": "account"
      }
    }
  ]
}

Pobieranie danych: cenach itemu weapon q1 w kraju Serbia z URL: https://api.eclesiar.com/market/items/get?country_id=23&item_id=8...
--- Dane o cenach itemu weapon q1 w kraju Serbia ---
{
  "code": 200,
  "description": "Success",
  "data": [
    {
      "value": 0.1,
      "amount": 550,
      "owner": {
        "id": 5733,
        "type": "account"
      }
    },
    {
      "value": 1,
      "amount": 1,
      "owner": {
        "id": 12398,
        "type": "account"
      }
    },
    {
      "value": 5000,
      "amount": 5,
      "owner": {
        "id": 10542,
        "type": "account"
      }
    }
  ]
}

Pobieranie danych: cenach itemu weapon q1 w kraju North Macedonia z URL: https://api.eclesiar.com/market/items/get?country_id=24&item_id=8...
--- Dane o cenach itemu weapon q1 w kraju North Macedonia ---
{
  "code": 200,
  "description": "Success",
  "data": [
    {
      "value": 0.69,
      "amount": 23,
      "owner": {
        "id": 11301,
        "type": "account"
      }
    },
    {
      "value": 0.699,
      "amount": 32,
      "owner": {
        "id": 9271,
        "type": "account"
      }
    },
    {
      "value": 0.8,
      "amount": 300,
      "owner": {
        "id": 10357,
        "type": "account"
      }
    },
    {
      "value": 8,
      "amount": 497,
      "owner": {
        "id": 10609,
        "type": "account"
      }
    }
  ]
}

Pobieranie danych: cenach itemu weapon q1 w kraju Albania z URL: https://api.eclesiar.com/market/items/get?country_id=25&item_id=8...
--- Dane o cenach itemu weapon q1 w kraju Albania ---
{
  "code": 200,
  "description": "Success",
  "data": [
    {
      "value": 2.49,
      "amount": 11,
      "owner": {
        "id": 216,
        "type": "account"
      }
    },
    {
      "value": 2.5,
      "amount": 9,
      "owner": {
        "id": 25,
        "type": "country"
      }
    }
  ]
}

Pobieranie danych: cenach itemu weapon q1 w kraju Greece z URL: https://api.eclesiar.com/market/items/get?country_id=26&item_id=8...
--- Dane o cenach itemu weapon q1 w kraju Greece ---
{
  "code": 200,
  "description": "Success",
  "data": [
    {
      "value": 0.397,
      "amount": 50,
      "owner": {
        "id": 1908,
        "type": "account"
      }
    },
    {
      "value": 0.398,
      "amount": 43,
      "owner": {
        "id": 454,
        "type": "holding"
      }
    }
  ]
}

Pobieranie danych: cenach itemu weapon q1 w kraju Hungary z URL: https://api.eclesiar.com/market/items/get?country_id=27&item_id=8...
--- Dane o cenach itemu weapon q1 w kraju Hungary ---
{
  "code": 200,
  "description": "Success",
  "data": [
    {
      "value": 0.089,
      "amount": 79,
      "owner": {
        "id": 15,
        "type": "holding"
      }
    },
    {
      "value": 0.091,
      "amount": 67,
      "owner": {
        "id": 342,
        "type": "holding"
      }
    },
    {
      "value": 0.093,
      "amount": 30,
      "owner": {
        "id": 11301,
        "type": "account"
      }
    },
    {
      "value": 0.095,
      "amount": 34,
      "owner": {
        "id": 180,
        "type": "holding"
      }
    },
    {
      "value": 0.117,
      "amount": 382,
      "owner": {
        "id": 139,
        "type": "holding"
      }
    },
    {
      "value": 1.12,
      "amount": 1,
      "owner": {
        "id": 13644,
        "type": "account"
      }
    },
    {
      "value": 1000,
      "amount": 1,
      "owner": {
        "id": 2178,
        "type": "account"
      }
    }
  ]
}

Pobieranie danych: cenach itemu weapon q1 w kraju Romania z URL: https://api.eclesiar.com/market/items/get?country_id=28&item_id=8...
--- Dane o cenach itemu weapon q1 w kraju Romania ---
{
  "code": 200,
  "description": "Success",
  "data": [
    {
      "value": 1.488,
      "amount": 47,
      "owner": {
        "id": 879,
        "type": "account"
      }
    },
    {
      "value": 1.489,
      "amount": 7,
      "owner": {
        "id": 1332,
        "type": "account"
      }
    }
  ]
}

Pobieranie danych: cenach itemu weapon q1 w kraju Bulgaria z URL: https://api.eclesiar.com/market/items/get?country_id=30&item_id=8...
--- Dane o cenach itemu weapon q1 w kraju Bulgaria ---
{
  "code": 200,
  "description": "Success",
  "data": [
    {
      "value": 0.22,
      "amount": 42,
      "owner": {
        "id": 13114,
        "type": "account"
      }
    },
    {
      "value": 0.221,
      "amount": 9,
      "owner": {
        "id": 9,
        "type": "militaryunit"
      }
    },
    {
      "value": 0.223,
      "amount": 418,
      "owner": {
        "id": 643,
        "type": "account"
      }
    },
    {
      "value": 0.225,
      "amount": 139,
      "owner": {
        "id": 131,
        "type": "holding"
      }
    },
    {
      "value": 0.225,
      "amount": 320,
      "owner": {
        "id": 321,
        "type": "account"
      }
    },
    {
      "value": 0.231,
      "amount": 139,
      "owner": {
        "id": 2155,
        "type": "npc"
      }
    },
    {
      "value": 1,
      "amount": 1,
      "owner": {
        "id": 904,
        "type": "account"
      }
    },
    {
      "value": 4,
      "amount": 3,
      "owner": {
        "id": 3874,
        "type": "account"
      }
    }
  ]
}

Pobieranie danych: cenach itemu weapon q1 w kraju Turkey z URL: https://api.eclesiar.com/market/items/get?country_id=31&item_id=8...
--- Dane o cenach itemu weapon q1 w kraju Turkey ---
{
  "code": 200,
  "description": "Success",
  "data": [
    {
      "value": 0.119,
      "amount": 41,
      "owner": {
        "id": 564,
        "type": "holding"
      }
    },
    {
      "value": 1,
      "amount": 100,
      "owner": {
        "id": 1812,
        "type": "account"
      }
    },
    {
      "value": 1,
      "amount": 1,
      "owner": {
        "id": 1941,
        "type": "account"
      }
    },
    {
      "value": 100,
      "amount": 1,
      "owner": {
        "id": 1531,
        "type": "account"
      }
    },
    {
      "value": 10000,
      "amount": 1,
      "owner": {
        "id": 2178,
        "type": "account"
      }
    }
  ]
}

Pobieranie danych: cenach itemu weapon q1 w kraju Ukraine z URL: https://api.eclesiar.com/market/items/get?country_id=32&item_id=8...
--- Dane o cenach itemu weapon q1 w kraju Ukraine ---
{
  "code": 200,
  "description": "Success",
  "data": [
    {
      "value": 0.2,
      "amount": 25,
      "owner": {
        "id": 5251,
        "type": "account"
      }
    }
  ]
}

Pobieranie danych: cenach itemu weapon q1 w kraju Russia z URL: https://api.eclesiar.com/market/items/get?country_id=33&item_id=8...
--- Dane o cenach itemu weapon q1 w kraju Russia ---
{
  "code": 200,
  "description": "Success"
}

Pobieranie danych: cenach itemu weapon q1 w kraju Georgia z URL: https://api.eclesiar.com/market/items/get?country_id=34&item_id=8...
--- Dane o cenach itemu weapon q1 w kraju Georgia ---
{
  "code": 200,
  "description": "Success",
  "data": [
    {
      "value": 0.079,
      "amount": 53,
      "owner": {
        "id": 11301,
        "type": "account"
      }
    },
    {
      "value": 0.08,
      "amount": 49,
      "owner": {
        "id": 216,
        "type": "account"
      }
    },
    {
      "value": 0.095,
      "amount": 93,
      "owner": {
        "id": 279,
        "type": "holding"
      }
    },
    {
      "value": 0.096,
      "amount": 80,
      "owner": {
        "id": 1496,
        "type": "npc"
      }
    },
    {
      "value": 0.8,
      "amount": 100,
      "owner": {
        "id": 10357,
        "type": "account"
      }
    },
    {
      "value": 1,
      "amount": 2,
      "owner": {
        "id": 1812,
        "type": "account"
      }
    },
    {
      "value": 1.1,
      "amount": 2,
      "owner": {
        "id": 1812,
        "type": "account"
      }
    },
    {
      "value": 1.15,
      "amount": 2,
      "owner": {
        "id": 1812,
        "type": "account"
      }
    }
  ]
}

Pobieranie danych: cenach itemu weapon q1 w kraju Israel z URL: https://api.eclesiar.com/market/items/get?country_id=35&item_id=8...
--- Dane o cenach itemu weapon q1 w kraju Israel ---
{
  "code": 200,
  "description": "Success",
  "data": [
    {
      "value": 0.5,
      "amount": 49,
      "owner": {
        "id": 1554,
        "type": "account"
      }
    },
    {
      "value": 0.8,
      "amount": 50,
      "owner": {
        "id": 1554,
        "type": "account"
      }
    }
  ]
}

Pobieranie danych: cenach itemu weapon q1 w kraju Egypt z URL: https://api.eclesiar.com/market/items/get?country_id=36&item_id=8...
--- Dane o cenach itemu weapon q1 w kraju Egypt ---
{
  "code": 200,
  "description": "Success",
  "data": [
    {
      "value": 8,
      "amount": 44,
      "owner": {
        "id": 4637,
        "type": "account"
      }
    },
    {
      "value": 10,
      "amount": 45,
      "owner": {
        "id": 4637,
        "type": "account"
      }
    }
  ]
}

Pobieranie danych: cenach itemu weapon q1 w kraju South Africa z URL: https://api.eclesiar.com/market/items/get?country_id=37&item_id=8...
--- Dane o cenach itemu weapon q1 w kraju South Africa ---
{
  "code": 200,
  "description": "Success",
  "data": [
    {
      "value": 0.059,
      "amount": 270,
      "owner": {
        "id": 12328,
        "type": "account"
      }
    }
  ]
}

Pobieranie danych: cenach itemu weapon q1 w kraju Iraq z URL: https://api.eclesiar.com/market/items/get?country_id=38&item_id=8...
--- Dane o cenach itemu weapon q1 w kraju Iraq ---
{
  "code": 200,
  "description": "Success",
  "data": [
    {
      "value": 0.187,
      "amount": 19,
      "owner": {
        "id": 12638,
        "type": "account"
      }
    },
    {
      "value": 0.188,
      "amount": 29,
      "owner": {
        "id": 5532,
        "type": "account"
      }
    },
    {
      "value": 0.249,
      "amount": 20,
      "owner": {
        "id": 13488,
        "type": "account"
      }
    }
  ]
}

Pobieranie danych: cenach itemu weapon q1 w kraju Saudi Arabia z URL: https://api.eclesiar.com/market/items/get?country_id=39&item_id=8...
--- Dane o cenach itemu weapon q1 w kraju Saudi Arabia ---
{
  "code": 200,
  "description": "Success",
  "data": [
    {
      "value": 0.42,
      "amount": 740,
      "owner": {
        "id": 297,
        "type": "holding"
      }
    },
    {
      "value": 1.2,
      "amount": 10,
      "owner": {
        "id": 1812,
        "type": "account"
      }
    },
    {
      "value": 2,
      "amount": 1,
      "owner": {
        "id": 3874,
        "type": "account"
      }
    },
    {
      "value": 4,
      "amount": 1,
      "owner": {
        "id": 3874,
        "type": "account"
      }
    },
    {
      "value": 1000,
      "amount": 1,
      "owner": {
        "id": 2178,
        "type": "account"
      }
    },
    {
      "value": 10000,
      "amount": 1,
      "owner": {
        "id": 2178,
        "type": "account"
      }
    }
  ]
}

Pobieranie danych: cenach itemu weapon q1 w kraju Iran z URL: https://api.eclesiar.com/market/items/get?country_id=40&item_id=8...
--- Dane o cenach itemu weapon q1 w kraju Iran ---
{
  "code": 200,
  "description": "Success"
}

Pobieranie danych: cenach itemu weapon q1 w kraju Pakistan z URL: https://api.eclesiar.com/market/items/get?country_id=41&item_id=8...
--- Dane o cenach itemu weapon q1 w kraju Pakistan ---
{
  "code": 200,
  "description": "Success",
  "data": [
    {
      "value": 0.25,
      "amount": 36,
      "owner": {
        "id": 10357,
        "type": "account"
      }
    }
  ]
}

Pobieranie danych: cenach itemu weapon q1 w kraju India z URL: https://api.eclesiar.com/market/items/get?country_id=42&item_id=8...
--- Dane o cenach itemu weapon q1 w kraju India ---
{
  "code": 200,
  "description": "Success"
}

Pobieranie danych: cenach itemu weapon q1 w kraju China z URL: https://api.eclesiar.com/market/items/get?country_id=43&item_id=8...
--- Dane o cenach itemu weapon q1 w kraju China ---
{
  "code": 200,
  "description": "Success",
  "data": [
    {
      "value": 0.074,
      "amount": 500,
      "owner": {
        "id": 368,
        "type": "holding"
      }
    },
    {
      "value": 0.163,
      "amount": 29,
      "owner": {
        "id": 12543,
        "type": "account"
      }
    },
    {
      "value": 1111,
      "amount": 1,
      "owner": {
        "id": 2178,
        "type": "account"
      }
    }
  ]
}

Pobieranie danych: cenach itemu weapon q1 w kraju Japan z URL: https://api.eclesiar.com/market/items/get?country_id=44&item_id=8...
--- Dane o cenach itemu weapon q1 w kraju Japan ---
{
  "code": 200,
  "description": "Success",
  "data": [
    {
      "value": 3,
      "amount": 69,
      "owner": {
        "id": 11311,
        "type": "account"
      }
    },
    {
      "value": 100,
      "amount": 1,
      "owner": {
        "id": 2050,
        "type": "account"
      }
    }
  ]
}

Pobieranie danych: cenach itemu weapon q1 w kraju South Korea z URL: https://api.eclesiar.com/market/items/get?country_id=45&item_id=8...
--- Dane o cenach itemu weapon q1 w kraju South Korea ---
{
  "code": 200,
  "description": "Success",
  "data": [
    {
      "value": 0.164,
      "amount": 1921,
      "owner": {
        "id": 45,
        "type": "country"
      }
    },
    {
      "value": 0.217,
      "amount": 16,
      "owner": {
        "id": 5638,
        "type": "account"
      }
    },
    {
      "value": 1,
      "amount": 1,
      "owner": {
        "id": 5638,
        "type": "account"
      }
    },
    {
      "value": 100,
      "amount": 6,
      "owner": {
        "id": 3553,
        "type": "account"
      }
    }
  ]
}

Pobieranie danych: cenach itemu weapon q1 w kraju Indonesia z URL: https://api.eclesiar.com/market/items/get?country_id=46&item_id=8...
--- Dane o cenach itemu weapon q1 w kraju Indonesia ---
{
  "code": 200,
  "description": "Success"
}

Pobieranie danych: cenach itemu weapon q1 w kraju Australia z URL: https://api.eclesiar.com/market/items/get?country_id=47&item_id=8...
--- Dane o cenach itemu weapon q1 w kraju Australia ---
{
  "code": 200,
  "description": "Success",
  "data": [
    {
      "value": 0.099,
      "amount": 39,
      "owner": {
        "id": 1908,
        "type": "account"
      }
    },
    {
      "value": 0.1,
      "amount": 143,
      "owner": {
        "id": 2028,
        "type": "account"
      }
    }
  ]
}

Pobieranie danych: cenach itemu weapon q1 w kraju Philippines z URL: https://api.eclesiar.com/market/items/get?country_id=48&item_id=8...
--- Dane o cenach itemu weapon q1 w kraju Philippines ---
{
  "code": 200,
  "description": "Success",
  "data": [
    {
      "value": 0.5,
      "amount": 1,
      "owner": {
        "id": 9574,
        "type": "account"
      }
    },
    {
      "value": 1,
      "amount": 34,
      "owner": {
        "id": 1444,
        "type": "account"
      }
    },
    {
      "value": 99,
      "amount": 2,
      "owner": {
        "id": 3326,
        "type": "account"
      }
    },
    {
      "value": 99,
      "amount": 1,
      "owner": {
        "id": 3323,
        "type": "account"
      }
    }
  ]
}

Pobieranie danych: cenach itemu weapon q2 w kraju United Kingdom z URL: https://api.eclesiar.com/market/items/get?country_id=2&item_id=9...
--- Dane o cenach itemu weapon q2 w kraju United Kingdom ---
{
  "code": 200,
  "description": "Success",
  "data": [
    {
      "value": 0.399,
      "amount": 448,
      "owner": {
        "id": 1527,
        "type": "account"
      }
    }
  ]
}

Pobieranie danych: cenach itemu weapon q2 w kraju United States of America z URL: https://api.eclesiar.com/market/items/get?country_id=3&item_id=9...
--- Dane o cenach itemu weapon q2 w kraju United States of America ---
{
  "code": 200,
  "description": "Success",
  "data": [
    {
      "value": 0.289,
      "amount": 181,
      "owner": {
        "id": 6075,
        "type": "account"
      }
    },
    {
      "value": 0.365,
      "amount": 138,
      "owner": {
        "id": 51,
        "type": "holding"
      }
    },
    {
      "value": 0.5,
      "amount": 3,
      "owner": {
        "id": 5533,
        "type": "account"
      }
    },
    {
      "value": 1,
      "amount": 1,
      "owner": {
        "id": 5698,
        "type": "account"
      }
    },
    {
      "value": 2,
      "amount": 2,
      "owner": {
        "id": 5533,
        "type": "account"
      }
    },
    {
      "value": 10,
      "amount": 4,
      "owner": {
        "id": 4568,
        "type": "account"
      }
    }
  ]
}

Pobieranie danych: cenach itemu weapon q2 w kraju Mexico z URL: https://api.eclesiar.com/market/items/get?country_id=4&item_id=9...
--- Dane o cenach itemu weapon q2 w kraju Mexico ---
{
  "code": 200,
  "description": "Success"
}

Pobieranie danych: cenach itemu weapon q2 w kraju Colombia z URL: https://api.eclesiar.com/market/items/get?country_id=5&item_id=9...
--- Dane o cenach itemu weapon q2 w kraju Colombia ---
{
  "code": 200,
  "description": "Success",
  "data": [
    {
      "value": 1,
      "amount": 58,
      "owner": {
        "id": 10915,
        "type": "account"
      }
    }
  ]
}

Pobieranie danych: cenach itemu weapon q2 w kraju Peru z URL: https://api.eclesiar.com/market/items/get?country_id=6&item_id=9...
--- Dane o cenach itemu weapon q2 w kraju Peru ---
{
  "code": 200,
  "description": "Success",
  "data": [
    {
      "value": 2,
      "amount": 5,
      "owner": {
        "id": 1693,
        "type": "account"
      }
    },
    {
      "value": 2.4,
      "amount": 4,
      "owner": {
        "id": 1812,
        "type": "account"
      }
    },
    {
      "value": 2.48,
      "amount": 8,
      "owner": {
        "id": 935,
        "type": "account"
      }
    },
    {
      "value": 2.99,
      "amount": 12,
      "owner": {
        "id": 12673,
        "type": "account"
      }
    }
  ]
}

Pobieranie danych: cenach itemu weapon q2 w kraju Brazil z URL: https://api.eclesiar.com/market/items/get?country_id=7&item_id=9...
--- Dane o cenach itemu weapon q2 w kraju Brazil ---
{
  "code": 200,
  "description": "Success"
}

Pobieranie danych: cenach itemu weapon q2 w kraju Chile z URL: https://api.eclesiar.com/market/items/get?country_id=8&item_id=9...
--- Dane o cenach itemu weapon q2 w kraju Chile ---
{
  "code": 200,
  "description": "Success",
  "data": [
    {
      "value": 0.245,
      "amount": 610,
      "owner": {
        "id": 544,
        "type": "holding"
      }
    }
  ]
}

Pobieranie danych: cenach itemu weapon q2 w kraju Argentina z URL: https://api.eclesiar.com/market/items/get?country_id=10&item_id=9...
--- Dane o cenach itemu weapon q2 w kraju Argentina ---
{
  "code": 200,
  "description": "Success"
}

Pobieranie danych: cenach itemu weapon q2 w kraju Ireland z URL: https://api.eclesiar.com/market/items/get?country_id=11&item_id=9...
--- Dane o cenach itemu weapon q2 w kraju Ireland ---
{
  "code": 200,
  "description": "Success",
  "data": [
    {
      "value": 1,
      "amount": 73,
      "owner": {
        "id": 13536,
        "type": "account"
      }
    }
  ]
}

Pobieranie danych: cenach itemu weapon q2 w kraju France z URL: https://api.eclesiar.com/market/items/get?country_id=12&item_id=9...
--- Dane o cenach itemu weapon q2 w kraju France ---
{
  "code": 200,
  "description": "Success",
  "data": [
    {
      "value": 0.222,
      "amount": 29,
      "owner": {
        "id": 1908,
        "type": "account"
      }
    }
  ]
}

Pobieranie danych: cenach itemu weapon q2 w kraju Portugal z URL: https://api.eclesiar.com/market/items/get?country_id=13&item_id=9...
--- Dane o cenach itemu weapon q2 w kraju Portugal ---
{
  "code": 200,
  "description": "Success",
  "data": [
    {
      "value": 0.199,
      "amount": 69,
      "owner": {
        "id": 1908,
        "type": "account"
      }
    },
    {
      "value": 0.24,
      "amount": 191,
      "owner": {
        "id": 2429,
        "type": "account"
      }
    }
  ]
}

Pobieranie danych: cenach itemu weapon q2 w kraju Spain z URL: https://api.eclesiar.com/market/items/get?country_id=14&item_id=9...
--- Dane o cenach itemu weapon q2 w kraju Spain ---
{
  "code": 200,
  "description": "Success",
  "data": [
    {
      "value": 0.078,
      "amount": 35,
      "owner": {
        "id": 1908,
        "type": "account"
      }
    },
    {
      "value": 0.22,
      "amount": 36,
      "owner": {
        "id": 5619,
        "type": "account"
      }
    }
  ]
}

Pobieranie danych: cenach itemu weapon q2 w kraju Germany z URL: https://api.eclesiar.com/market/items/get?country_id=15&item_id=9...
--- Dane o cenach itemu weapon q2 w kraju Germany ---
{
  "code": 200,
  "description": "Success",
  "data": [
    {
      "value": 0.077,
      "amount": 430,
      "owner": {
        "id": 227,
        "type": "holding"
      }
    },
    {
      "value": 0.079,
      "amount": 1067,
      "owner": {
        "id": 535,
        "type": "holding"
      }
    },
    {
      "value": 2.499,
      "amount": 195,
      "owner": {
        "id": 2658,
        "type": "account"
      }
    }
  ]
}

Pobieranie danych: cenach itemu weapon q2 w kraju Sweden z URL: https://api.eclesiar.com/market/items/get?country_id=16&item_id=9...
--- Dane o cenach itemu weapon q2 w kraju Sweden ---
{
  "code": 200,
  "description": "Success",
  "data": [
    {
      "value": 0.182,
      "amount": 1138,
      "owner": {
        "id": 1527,
        "type": "account"
      }
    },
    {
      "value": 0.182,
      "amount": 422,
      "owner": {
        "id": 81,
        "type": "holding"
      }
    },
    {
      "value": 0.192,
      "amount": 17,
      "owner": {
        "id": 1527,
        "type": "account"
      }
    },
    {
      "value": 0.2,
      "amount": 30,
      "owner": {
        "id": 1506,
        "type": "account"
      }
    },
    {
      "value": 0.4,
      "amount": 98,
      "owner": {
        "id": 1851,
        "type": "account"
      }
    }
  ]
}

Pobieranie danych: cenach itemu weapon q2 w kraju Italy z URL: https://api.eclesiar.com/market/items/get?country_id=17&item_id=9...
--- Dane o cenach itemu weapon q2 w kraju Italy ---
{
  "code": 200,
  "description": "Success",
  "data": [
    {
      "value": 0.354,
      "amount": 25,
      "owner": {
        "id": 1908,
        "type": "account"
      }
    }
  ]
}

Pobieranie danych: cenach itemu weapon q2 w kraju Poland z URL: https://api.eclesiar.com/market/items/get?country_id=18&item_id=9...
--- Dane o cenach itemu weapon q2 w kraju Poland ---
{
  "code": 200,
  "description": "Success",
  "data": [
    {
      "value": 0.057,
      "amount": 314,
      "owner": {
        "id": 559,
        "type": "holding"
      }
    },
    {
      "value": 0.058,
      "amount": 72,
      "owner": {
        "id": 6549,
        "type": "account"
      }
    },
    {
      "value": 0.062,
      "amount": 22,
      "owner": {
        "id": 15111,
        "type": "account"
      }
    },
    {
      "value": 0.062,
      "amount": 599,
      "owner": {
        "id": 11718,
        "type": "account"
      }
    },
    {
      "value": 0.063,
      "amount": 692,
      "owner": {
        "id": 490,
        "type": "holding"
      }
    },
    {
      "value": 0.065,
      "amount": 10,
      "owner": {
        "id": 13951,
        "type": "account"
      }
    },
    {
      "value": 0.085,
      "amount": 169,
      "owner": {
        "id": 9861,
        "type": "account"
      }
    },
    {
      "value": 0.09,
      "amount": 1,
      "owner": {
        "id": 15246,
        "type": "account"
      }
    },
    {
      "value": 0.095,
      "amount": 482,
      "owner": {
        "id": 11031,
        "type": "account"
      }
    },
    {
      "value": 0.24,
      "amount": 108,
      "owner": {
        "id": 9472,
        "type": "account"
      }
    },
    {
      "value": 0.25,
      "amount": 603,
      "owner": {
        "id": 4889,
        "type": "account"
      }
    },
    {
      "value": 0.9,
      "amount": 10,
      "owner": {
        "id": 11660,
        "type": "account"
      }
    },
    {
      "value": 2,
      "amount": 10,
      "owner": {
        "id": 13506,
        "type": "account"
      }
    },
    {
      "value": 10,
      "amount": 1,
      "owner": {
        "id": 13511,
        "type": "account"
      }
    }
  ]
}

Pobieranie danych: cenach itemu weapon q2 w kraju Lithuania z URL: https://api.eclesiar.com/market/items/get?country_id=19&item_id=9...
--- Dane o cenach itemu weapon q2 w kraju Lithuania ---
{
  "code": 200,
  "description": "Success",
  "data": [
    {
      "value": 2.4,
      "amount": 216,
      "owner": {
        "id": 6985,
        "type": "account"
      }
    },
    {
      "value": 2.5,
      "amount": 115,
      "owner": {
        "id": 11660,
        "type": "account"
      }
    },
    {
      "value": 2.8,
      "amount": 235,
      "owner": {
        "id": 6985,
        "type": "account"
      }
    }
  ]
}

Pobieranie danych: cenach itemu weapon q2 w kraju Slovenia z URL: https://api.eclesiar.com/market/items/get?country_id=20&item_id=9...
--- Dane o cenach itemu weapon q2 w kraju Slovenia ---
{
  "code": 200,
  "description": "Success",
  "data": [
    {
      "value": 0.31,
      "amount": 53,
      "owner": {
        "id": 11311,
        "type": "account"
      }
    },
    {
      "value": 0.311,
      "amount": 1519,
      "owner": {
        "id": 5986,
        "type": "account"
      }
    },
    {
      "value": 0.312,
      "amount": 2500,
      "owner": {
        "id": 4616,
        "type": "account"
      }
    },
    {
      "value": 0.99,
      "amount": 9,
      "owner": {
        "id": 2539,
        "type": "account"
      }
    },
    {
      "value": 1,
      "amount": 1,
      "owner": {
        "id": 2532,
        "type": "account"
      }
    },
    {
      "value": 2,
      "amount": 1,
      "owner": {
        "id": 5698,
        "type": "account"
      }
    }
  ]
}

Pobieranie danych: cenach itemu weapon q2 w kraju Croatia z URL: https://api.eclesiar.com/market/items/get?country_id=21&item_id=9...
--- Dane o cenach itemu weapon q2 w kraju Croatia ---
{
  "code": 200,
  "description": "Success",
  "data": [
    {
      "value": 0.145,
      "amount": 535,
      "owner": {
        "id": 10667,
        "type": "account"
      }
    },
    {
      "value": 1,
      "amount": 2,
      "owner": {
        "id": 960,
        "type": "account"
      }
    },
    {
      "value": 1,
      "amount": 1,
      "owner": {
        "id": 10066,
        "type": "account"
      }
    }
  ]
}

Pobieranie danych: cenach itemu weapon q2 w kraju Bosnia and Herzegovina z URL: https://api.eclesiar.com/market/items/get?country_id=22&item_id=9...
--- Dane o cenach itemu weapon q2 w kraju Bosnia and Herzegovina ---
{
  "code": 200,
  "description": "Success",
  "data": [
    {
      "value": 0.199,
      "amount": 20,
      "owner": {
        "id": 564,
        "type": "holding"
      }
    },
    {
      "value": 0.2,
      "amount": 4,
      "owner": {
        "id": 5533,
        "type": "account"
      }
    }
  ]
}

Pobieranie danych: cenach itemu weapon q2 w kraju Serbia z URL: https://api.eclesiar.com/market/items/get?country_id=23&item_id=9...
--- Dane o cenach itemu weapon q2 w kraju Serbia ---
{
  "code": 200,
  "description": "Success",
  "data": [
    {
      "value": 0.194,
      "amount": 35,
      "owner": {
        "id": 1908,
        "type": "account"
      }
    },
    {
      "value": 0.2,
      "amount": 27,
      "owner": {
        "id": 15598,
        "type": "account"
      }
    },
    {
      "value": 200,
      "amount": 1,
      "owner": {
        "id": 2337,
        "type": "account"
      }
    }
  ]
}

Pobieranie danych: cenach itemu weapon q2 w kraju North Macedonia z URL: https://api.eclesiar.com/market/items/get?country_id=24&item_id=9...
--- Dane o cenach itemu weapon q2 w kraju North Macedonia ---
{
  "code": 200,
  "description": "Success"
}

Pobieranie danych: cenach itemu weapon q2 w kraju Albania z URL: https://api.eclesiar.com/market/items/get?country_id=25&item_id=9...
--- Dane o cenach itemu weapon q2 w kraju Albania ---
{
  "code": 200,
  "description": "Success",
  "data": [
    {
      "value": 15,
      "amount": 4,
      "owner": {
        "id": 1201,
        "type": "account"
      }
    }
  ]
}

Pobieranie danych: cenach itemu weapon q2 w kraju Greece z URL: https://api.eclesiar.com/market/items/get?country_id=26&item_id=9...
--- Dane o cenach itemu weapon q2 w kraju Greece ---
{
  "code": 200,
  "description": "Success",
  "data": [
    {
      "value": 1.5,
      "amount": 125,
      "owner": {
        "id": 4621,
        "type": "account"
      }
    }
  ]
}

Pobieranie danych: cenach itemu weapon q2 w kraju Hungary z URL: https://api.eclesiar.com/market/items/get?country_id=27&item_id=9...
--- Dane o cenach itemu weapon q2 w kraju Hungary ---
{
  "code": 200,
  "description": "Success",
  "data": [
    {
      "value": 0.13,
      "amount": 99,
      "owner": {
        "id": 2582,
        "type": "account"
      }
    }
  ]
}

Pobieranie danych: cenach itemu weapon q2 w kraju Romania z URL: https://api.eclesiar.com/market/items/get?country_id=28&item_id=9...
--- Dane o cenach itemu weapon q2 w kraju Romania ---
{
  "code": 200,
  "description": "Success"
}

Pobieranie danych: cenach itemu weapon q2 w kraju Bulgaria z URL: https://api.eclesiar.com/market/items/get?country_id=30&item_id=9...
--- Dane o cenach itemu weapon q2 w kraju Bulgaria ---
{
  "code": 200,
  "description": "Success",
  "data": [
    {
      "value": 0.25,
      "amount": 20,
      "owner": {
        "id": 15216,
        "type": "account"
      }
    },
    {
      "value": 0.28,
      "amount": 3,
      "owner": {
        "id": 321,
        "type": "account"
      }
    }
  ]
}

Pobieranie danych: cenach itemu weapon q2 w kraju Turkey z URL: https://api.eclesiar.com/market/items/get?country_id=31&item_id=9...
--- Dane o cenach itemu weapon q2 w kraju Turkey ---
{
  "code": 200,
  "description": "Success",
  "data": [
    {
      "value": 0.5,
      "amount": 169,
      "owner": {
        "id": 1054,
        "type": "account"
      }
    },
    {
      "value": 0.5,
      "amount": 135,
      "owner": {
        "id": 9995,
        "type": "account"
      }
    }
  ]
}

Pobieranie danych: cenach itemu weapon q2 w kraju Ukraine z URL: https://api.eclesiar.com/market/items/get?country_id=32&item_id=9...
--- Dane o cenach itemu weapon q2 w kraju Ukraine ---
{
  "code": 200,
  "description": "Success"
}

Pobieranie danych: cenach itemu weapon q2 w kraju Russia z URL: https://api.eclesiar.com/market/items/get?country_id=33&item_id=9...
--- Dane o cenach itemu weapon q2 w kraju Russia ---
{
  "code": 200,
  "description": "Success",
  "data": [
    {
      "value": 1,
      "amount": 1,
      "owner": {
        "id": 5698,
        "type": "account"
      }
    },
    {
      "value": 3,
      "amount": 1,
      "owner": {
        "id": 3874,
        "type": "account"
      }
    }
  ]
}

Pobieranie danych: cenach itemu weapon q2 w kraju Georgia z URL: https://api.eclesiar.com/market/items/get?country_id=34&item_id=9...
--- Dane o cenach itemu weapon q2 w kraju Georgia ---
{
  "code": 200,
  "description": "Success",
  "data": [
    {
      "value": 1.2,
      "amount": 2,
      "owner": {
        "id": 1812,
        "type": "account"
      }
    },
    {
      "value": 1.25,
      "amount": 2,
      "owner": {
        "id": 1812,
        "type": "account"
      }
    },
    {
      "value": 1.3,
      "amount": 2,
      "owner": {
        "id": 1812,
        "type": "account"
      }
    }
  ]
}

Pobieranie danych: cenach itemu weapon q2 w kraju Israel z URL: https://api.eclesiar.com/market/items/get?country_id=35&item_id=9...
--- Dane o cenach itemu weapon q2 w kraju Israel ---
{
  "code": 200,
  "description": "Success"
}

Pobieranie danych: cenach itemu weapon q2 w kraju Egypt z URL: https://api.eclesiar.com/market/items/get?country_id=36&item_id=9...
--- Dane o cenach itemu weapon q2 w kraju Egypt ---
{
  "code": 200,
  "description": "Success"
}

Pobieranie danych: cenach itemu weapon q2 w kraju South Africa z URL: https://api.eclesiar.com/market/items/get?country_id=37&item_id=9...
--- Dane o cenach itemu weapon q2 w kraju South Africa ---
{
  "code": 200,
  "description": "Success"
}

Pobieranie danych: cenach itemu weapon q2 w kraju Iraq z URL: https://api.eclesiar.com/market/items/get?country_id=38&item_id=9...
--- Dane o cenach itemu weapon q2 w kraju Iraq ---
{
  "code": 200,
  "description": "Success",
  "data": [
    {
      "value": 0.38,
      "amount": 3,
      "owner": {
        "id": 5532,
        "type": "account"
      }
    }
  ]
}

Pobieranie danych: cenach itemu weapon q2 w kraju Saudi Arabia z URL: https://api.eclesiar.com/market/items/get?country_id=39&item_id=9...
--- Dane o cenach itemu weapon q2 w kraju Saudi Arabia ---
{
  "code": 200,
  "description": "Success",
  "data": [
    {
      "value": 1.154,
      "amount": 95,
      "owner": {
        "id": 23,
        "type": "militaryunit"
      }
    }
  ]
}

Pobieranie danych: cenach itemu weapon q2 w kraju Iran z URL: https://api.eclesiar.com/market/items/get?country_id=40&item_id=9...
--- Dane o cenach itemu weapon q2 w kraju Iran ---
{
  "code": 200,
  "description": "Success",
  "data": [
    {
      "value": 5555555,
      "amount": 1,
      "owner": {
        "id": 3053,
        "type": "account"
      }
    }
  ]
}

Pobieranie danych: cenach itemu weapon q2 w kraju Pakistan z URL: https://api.eclesiar.com/market/items/get?country_id=41&item_id=9...
--- Dane o cenach itemu weapon q2 w kraju Pakistan ---
{
  "code": 200,
  "description": "Success"
}

Pobieranie danych: cenach itemu weapon q2 w kraju India z URL: https://api.eclesiar.com/market/items/get?country_id=42&item_id=9...
--- Dane o cenach itemu weapon q2 w kraju India ---
{
  "code": 200,
  "description": "Success"
}

Pobieranie danych: cenach itemu weapon q2 w kraju China z URL: https://api.eclesiar.com/market/items/get?country_id=43&item_id=9...
--- Dane o cenach itemu weapon q2 w kraju China ---
{
  "code": 200,
  "description": "Success",
  "data": [
    {
      "value": 0.161,
      "amount": 20,
      "owner": {
        "id": 564,
        "type": "holding"
      }
    },
    {
      "value": 0.39,
      "amount": 10,
      "owner": {
        "id": 5149,
        "type": "account"
      }
    },
    {
      "value": 0.4,
      "amount": 179,
      "owner": {
        "id": 1889,
        "type": "account"
      }
    },
    {
      "value": 0.49,
      "amount": 14,
      "owner": {
        "id": 4139,
        "type": "account"
      }
    }
  ]
}

Pobieranie danych: cenach itemu weapon q2 w kraju Japan z URL: https://api.eclesiar.com/market/items/get?country_id=44&item_id=9...
--- Dane o cenach itemu weapon q2 w kraju Japan ---
{
  "code": 200,
  "description": "Success",
  "data": [
    {
      "value": 2.999,
      "amount": 205,
      "owner": {
        "id": 14314,
        "type": "account"
      }
    }
  ]
}

Pobieranie danych: cenach itemu weapon q2 w kraju South Korea z URL: https://api.eclesiar.com/market/items/get?country_id=45&item_id=9...
--- Dane o cenach itemu weapon q2 w kraju South Korea ---
{
  "code": 200,
  "description": "Success",
  "data": [
    {
      "value": 0.61,
      "amount": 14,
      "owner": {
        "id": 314,
        "type": "holding"
      }
    },
    {
      "value": 100,
      "amount": 1,
      "owner": {
        "id": 3553,
        "type": "account"
      }
    }
  ]
}

Pobieranie danych: cenach itemu weapon q2 w kraju Indonesia z URL: https://api.eclesiar.com/market/items/get?country_id=46&item_id=9...
--- Dane o cenach itemu weapon q2 w kraju Indonesia ---
{
  "code": 200,
  "description": "Success",
  "data": [
    {
      "value": 0.9,
      "amount": 127,
      "owner": {
        "id": 7807,
        "type": "account"
      }
    }
  ]
}

Pobieranie danych: cenach itemu weapon q2 w kraju Australia z URL: https://api.eclesiar.com/market/items/get?country_id=47&item_id=9...
--- Dane o cenach itemu weapon q2 w kraju Australia ---
{
  "code": 200,
  "description": "Success",
  "data": [
    {
      "value": 0.14,
      "amount": 800,
      "owner": {
        "id": 10944,
        "type": "account"
      }
    }
  ]
}

Pobieranie danych: cenach itemu weapon q2 w kraju Philippines z URL: https://api.eclesiar.com/market/items/get?country_id=48&item_id=9...
--- Dane o cenach itemu weapon q2 w kraju Philippines ---
{
  "code": 200,
  "description": "Success"
}

Pobieranie danych: cenach itemu weapon q3 w kraju United Kingdom z URL: https://api.eclesiar.com/market/items/get?country_id=2&item_id=10...
--- Dane o cenach itemu weapon q3 w kraju United Kingdom ---
{
  "code": 200,
  "description": "Success"
}

Pobieranie danych: cenach itemu weapon q3 w kraju United States of America z URL: https://api.eclesiar.com/market/items/get?country_id=3&item_id=10...
--- Dane o cenach itemu weapon q3 w kraju United States of America ---
{
  "code": 200,
  "description": "Success",
  "data": [
    {
      "value": 0.449,
      "amount": 15,
      "owner": {
        "id": 564,
        "type": "holding"
      }
    },
    {
      "value": 1,
      "amount": 1,
      "owner": {
        "id": 15795,
        "type": "account"
      }
    },
    {
      "value": 1,
      "amount": 9,
      "owner": {
        "id": 260,
        "type": "account"
      }
    },
    {
      "value": 2,
      "amount": 20,
      "owner": {
        "id": 10357,
        "type": "account"
      }
    }
  ]
}

Pobieranie danych: cenach itemu weapon q3 w kraju Mexico z URL: https://api.eclesiar.com/market/items/get?country_id=4&item_id=10...
--- Dane o cenach itemu weapon q3 w kraju Mexico ---
{
  "code": 200,
  "description": "Success"
}

Pobieranie danych: cenach itemu weapon q3 w kraju Colombia z URL: https://api.eclesiar.com/market/items/get?country_id=5&item_id=10...
--- Dane o cenach itemu weapon q3 w kraju Colombia ---
{
  "code": 200,
  "description": "Success"
}

Pobieranie danych: cenach itemu weapon q3 w kraju Peru z URL: https://api.eclesiar.com/market/items/get?country_id=6&item_id=10...
--- Dane o cenach itemu weapon q3 w kraju Peru ---
{
  "code": 200,
  "description": "Success",
  "data": [
    {
      "value": 0.82,
      "amount": 10,
      "owner": {
        "id": 9755,
        "type": "account"
      }
    },
    {
      "value": 1.586,
      "amount": 10,
      "owner": {
        "id": 9755,
        "type": "account"
      }
    },
    {
      "value": 1.588,
      "amount": 190,
      "owner": {
        "id": 229,
        "type": "holding"
      }
    },
    {
      "value": 1.589,
      "amount": 82,
      "owner": {
        "id": 12390,
        "type": "account"
      }
    },
    {
      "value": 4,
      "amount": 180,
      "owner": {
        "id": 229,
        "type": "holding"
      }
    },
    {
      "value": 5,
      "amount": 100,
      "owner": {
        "id": 935,
        "type": "account"
      }
    }
  ]
}

Pobieranie danych: cenach itemu weapon q3 w kraju Brazil z URL: https://api.eclesiar.com/market/items/get?country_id=7&item_id=10...
--- Dane o cenach itemu weapon q3 w kraju Brazil ---
{
  "code": 200,
  "description": "Success",
  "data": [
    {
      "value": 0.4,
      "amount": 205,
      "owner": {
        "id": 2374,
        "type": "account"
      }
    },
    {
      "value": 0.45,
      "amount": 738,
      "owner": {
        "id": 3158,
        "type": "account"
      }
    }
  ]
}

Pobieranie danych: cenach itemu weapon q3 w kraju Chile z URL: https://api.eclesiar.com/market/items/get?country_id=8&item_id=10...
--- Dane o cenach itemu weapon q3 w kraju Chile ---
{
  "code": 200,
  "description": "Success",
  "data": [
    {
      "value": 0.78,
      "amount": 15,
      "owner": {
        "id": 3112,
        "type": "account"
      }
    },
    {
      "value": 1,
      "amount": 2,
      "owner": {
        "id": 9014,
        "type": "account"
      }
    }
  ]
}

Pobieranie danych: cenach itemu weapon q3 w kraju Argentina z URL: https://api.eclesiar.com/market/items/get?country_id=10&item_id=10...
--- Dane o cenach itemu weapon q3 w kraju Argentina ---
{
  "code": 200,
  "description": "Success",
  "data": [
    {
      "value": 5,
      "amount": 1,
      "owner": {
        "id": 260,
        "type": "account"
      }
    }
  ]
}

Pobieranie danych: cenach itemu weapon q3 w kraju Ireland z URL: https://api.eclesiar.com/market/items/get?country_id=11&item_id=10...
--- Dane o cenach itemu weapon q3 w kraju Ireland ---
{
  "code": 200,
  "description": "Success",
  "data": [
    {
      "value": 1.97,
      "amount": 17,
      "owner": {
        "id": 11301,
        "type": "account"
      }
    }
  ]
}

Pobieranie danych: cenach itemu weapon q3 w kraju France z URL: https://api.eclesiar.com/market/items/get?country_id=12&item_id=10...
--- Dane o cenach itemu weapon q3 w kraju France ---
{
  "code": 200,
  "description": "Success"
}

Pobieranie danych: cenach itemu weapon q3 w kraju Portugal z URL: https://api.eclesiar.com/market/items/get?country_id=13&item_id=10...
--- Dane o cenach itemu weapon q3 w kraju Portugal ---
{
  "code": 200,
  "description": "Success",
  "data": [
    {
      "value": 0.3,
      "amount": 476,
      "owner": {
        "id": 551,
        "type": "holding"
      }
    },
    {
      "value": 0.349,
      "amount": 9,
      "owner": {
        "id": 4556,
        "type": "account"
      }
    },
    {
      "value": 0.48,
      "amount": 100,
      "owner": {
        "id": 10277,
        "type": "account"
      }
    },
    {
      "value": 0.48,
      "amount": 68,
      "owner": {
        "id": 6703,
        "type": "account"
      }
    },
    {
      "value": 0.639,
      "amount": 399,
      "owner": {
        "id": 2507,
        "type": "account"
      }
    },
    {
      "value": 0.64,
      "amount": 40,
      "owner": {
        "id": 4607,
        "type": "account"
      }
    },
    {
      "value": 0.66,
      "amount": 1477,
      "owner": {
        "id": 9269,
        "type": "account"
      }
    },
    {
      "value": 1,
      "amount": 1,
      "owner": {
        "id": 260,
        "type": "account"
      }
    }
  ]
}

Pobieranie danych: cenach itemu weapon q3 w kraju Spain z URL: https://api.eclesiar.com/market/items/get?country_id=14&item_id=10...
--- Dane o cenach itemu weapon q3 w kraju Spain ---
{
  "code": 200,
  "description": "Success",
  "data": [
    {
      "value": 0.142,
      "amount": 100,
      "owner": {
        "id": 10177,
        "type": "account"
      }
    },
    {
      "value": 0.173,
      "amount": 79,
      "owner": {
        "id": 5613,
        "type": "account"
      }
    },
    {
      "value": 0.176,
      "amount": 214,
      "owner": {
        "id": 46,
        "type": "country"
      }
    },
    {
      "value": 0.177,
      "amount": 179,
      "owner": {
        "id": 5666,
        "type": "account"
      }
    },
    {
      "value": 0.178,
      "amount": 471,
      "owner": {
        "id": 3309,
        "type": "account"
      }
    },
    {
      "value": 0.199,
      "amount": 196,
      "owner": {
        "id": 5666,
        "type": "account"
      }
    },
    {
      "value": 0.2,
      "amount": 411,
      "owner": {
        "id": 1843,
        "type": "account"
      }
    },
    {
      "value": 0.226,
      "amount": 53,
      "owner": {
        "id": 3481,
        "type": "account"
      }
    },
    {
      "value": 0.499,
      "amount": 11,
      "owner": {
        "id": 68,
        "type": "holding"
      }
    }
  ]
}

Pobieranie danych: cenach itemu weapon q3 w kraju Germany z URL: https://api.eclesiar.com/market/items/get?country_id=15&item_id=10...
--- Dane o cenach itemu weapon q3 w kraju Germany ---
{
  "code": 200,
  "description": "Success",
  "data": [
    {
      "value": 0.14,
      "amount": 93,
      "owner": {
        "id": 1614,
        "type": "account"
      }
    },
    {
      "value": 0.148,
      "amount": 60,
      "owner": {
        "id": 144,
        "type": "holding"
      }
    },
    {
      "value": 0.15,
      "amount": 769,
      "owner": {
        "id": 13,
        "type": "holding"
      }
    }
  ]
}

Pobieranie danych: cenach itemu weapon q3 w kraju Sweden z URL: https://api.eclesiar.com/market/items/get?country_id=16&item_id=10...
--- Dane o cenach itemu weapon q3 w kraju Sweden ---
{
  "code": 200,
  "description": "Success",
  "data": [
    {
      "value": 0.294,
      "amount": 951,
      "owner": {
        "id": 81,
        "type": "holding"
      }
    },
    {
      "value": 0.295,
      "amount": 610,
      "owner": {
        "id": 87,
        "type": "holding"
      }
    },
    {
      "value": 0.35,
      "amount": 2,
      "owner": {
        "id": 441,
        "type": "account"
      }
    },
    {
      "value": 3,
      "amount": 1,
      "owner": {
        "id": 13629,
        "type": "account"
      }
    }
  ]
}

Pobieranie danych: cenach itemu weapon q3 w kraju Italy z URL: https://api.eclesiar.com/market/items/get?country_id=17&item_id=10...
--- Dane o cenach itemu weapon q3 w kraju Italy ---
{
  "code": 200,
  "description": "Success",
  "data": [
    {
      "value": 5,
      "amount": 1,
      "owner": {
        "id": 13534,
        "type": "account"
      }
    },
    {
      "value": 10,
      "amount": 2,
      "owner": {
        "id": 13534,
        "type": "account"
      }
    }
  ]
}

Pobieranie danych: cenach itemu weapon q3 w kraju Poland z URL: https://api.eclesiar.com/market/items/get?country_id=18&item_id=10...
--- Dane o cenach itemu weapon q3 w kraju Poland ---
{
  "code": 200,
  "description": "Success",
  "data": [
    {
      "value": 0.085,
      "amount": 39,
      "owner": {
        "id": 229,
        "type": "holding"
      }
    },
    {
      "value": 0.086,
      "amount": 1273,
      "owner": {
        "id": 491,
        "type": "holding"
      }
    },
    {
      "value": 0.087,
      "amount": 129,
      "owner": {
        "id": 11541,
        "type": "account"
      }
    },
    {
      "value": 0.088,
      "amount": 187,
      "owner": {
        "id": 229,
        "type": "holding"
      }
    },
    {
      "value": 0.089,
      "amount": 476,
      "owner": {
        "id": 12031,
        "type": "account"
      }
    },
    {
      "value": 0.089,
      "amount": 300,
      "owner": {
        "id": 11375,
        "type": "account"
      }
    },
    {
      "value": 0.09,
      "amount": 443,
      "owner": {
        "id": 11373,
        "type": "account"
      }
    },
    {
      "value": 0.091,
      "amount": 111,
      "owner": {
        "id": 935,
        "type": "account"
      }
    },
    {
      "value": 0.093,
      "amount": 49,
      "owner": {
        "id": 12515,
        "type": "account"
      }
    },
    {
      "value": 0.095,
      "amount": 350,
      "owner": {
        "id": 12515,
        "type": "account"
      }
    },
    {
      "value": 0.095,
      "amount": 400,
      "owner": {
        "id": 14435,
        "type": "account"
      }
    },
    {
      "value": 0.097,
      "amount": 2,
      "owner": {
        "id": 11641,
        "type": "account"
      }
    },
    {
      "value": 0.1,
      "amount": 450,
      "owner": {
        "id": 12515,
        "type": "account"
      }
    },
    {
      "value": 0.11,
      "amount": 4,
      "owner": {
        "id": 10058,
        "type": "account"
      }
    },
    {
      "value": 0.174,
      "amount": 40,
      "owner": {
        "id": 12015,
        "type": "account"
      }
    },
    {
      "value": 0.97,
      "amount": 43,
      "owner": {
        "id": 7549,
        "type": "account"
      }
    },
    {
      "value": 1,
      "amount": 39,
      "owner": {
        "id": 5519,
        "type": "account"
      }
    },
    {
      "value": 1,
      "amount": 4,
      "owner": {
        "id": 260,
        "type": "account"
      }
    },
    {
      "value": 1,
      "amount": 1,
      "owner": {
        "id": 10425,
        "type": "account"
      }
    },
    {
      "value": 1,
      "amount": 20,
      "owner": {
        "id": 13506,
        "type": "account"
      }
    },
    {
      "value": 2,
      "amount": 10,
      "owner": {
        "id": 13506,
        "type": "account"
      }
    },
    {
      "value": 10,
      "amount": 1,
      "owner": {
        "id": 16048,
        "type": "account"
      }
    }
  ]
}

Pobieranie danych: cenach itemu weapon q3 w kraju Lithuania z URL: https://api.eclesiar.com/market/items/get?country_id=19&item_id=10...
--- Dane o cenach itemu weapon q3 w kraju Lithuania ---
{
  "code": 200,
  "description": "Success"
}

Pobieranie danych: cenach itemu weapon q3 w kraju Slovenia z URL: https://api.eclesiar.com/market/items/get?country_id=20&item_id=10...
--- Dane o cenach itemu weapon q3 w kraju Slovenia ---
{
  "code": 200,
  "description": "Success",
  "data": [
    {
      "value": 0.48,
      "amount": 1,
      "owner": {
        "id": 5533,
        "type": "account"
      }
    },
    {
      "value": 0.496,
      "amount": 13,
      "owner": {
        "id": 1755,
        "type": "account"
      }
    },
    {
      "value": 0.6,
      "amount": 5,
      "owner": {
        "id": 4721,
        "type": "account"
      }
    },
    {
      "value": 2.9,
      "amount": 1,
      "owner": {
        "id": 2532,
        "type": "account"
      }
    },
    {
      "value": 25,
      "amount": 1,
      "owner": {
        "id": 218,
        "type": "account"
      }
    },
    {
      "value": 50,
      "amount": 1,
      "owner": {
        "id": 13535,
        "type": "account"
      }
    }
  ]
}

Pobieranie danych: cenach itemu weapon q3 w kraju Croatia z URL: https://api.eclesiar.com/market/items/get?country_id=21&item_id=10...
--- Dane o cenach itemu weapon q3 w kraju Croatia ---
{
  "code": 200,
  "description": "Success",
  "data": [
    {
      "value": 0.202,
      "amount": 23,
      "owner": {
        "id": 9993,
        "type": "account"
      }
    },
    {
      "value": 0.204,
      "amount": 7,
      "owner": {
        "id": 410,
        "type": "holding"
      }
    },
    {
      "value": 0.34,
      "amount": 61,
      "owner": {
        "id": 7827,
        "type": "account"
      }
    },
    {
      "value": 10000,
      "amount": 1,
      "owner": {
        "id": 5733,
        "type": "account"
      }
    }
  ]
}

Pobieranie danych: cenach itemu weapon q3 w kraju Bosnia and Herzegovina z URL: https://api.eclesiar.com/market/items/get?country_id=22&item_id=10...
--- Dane o cenach itemu weapon q3 w kraju Bosnia and Herzegovina ---
{
  "code": 200,
  "description": "Success",
  "data": [
    {
      "value": 0.298,
      "amount": 10,
      "owner": {
        "id": 564,
        "type": "holding"
      }
    },
    {
      "value": 0.3,
      "amount": 10,
      "owner": {
        "id": 5533,
        "type": "account"
      }
    }
  ]
}

Pobieranie danych: cenach itemu weapon q3 w kraju Serbia z URL: https://api.eclesiar.com/market/items/get?country_id=23&item_id=10...
--- Dane o cenach itemu weapon q3 w kraju Serbia ---
{
  "code": 200,
  "description": "Success",
  "data": [
    {
      "value": 0.25,
      "amount": 174,
      "owner": {
        "id": 2191,
        "type": "account"
      }
    },
    {
      "value": 2,
      "amount": 1,
      "owner": {
        "id": 1812,
        "type": "account"
      }
    },
    {
      "value": 11,
      "amount": 1,
      "owner": {
        "id": 5599,
        "type": "account"
      }
    }
  ]
}

Pobieranie danych: cenach itemu weapon q3 w kraju North Macedonia z URL: https://api.eclesiar.com/market/items/get?country_id=24&item_id=10...
--- Dane o cenach itemu weapon q3 w kraju North Macedonia ---
{
  "code": 200,
  "description": "Success",
  "data": [
    {
      "value": 0.35,
      "amount": 518,
      "owner": {
        "id": 24,
        "type": "country"
      }
    },
    {
      "value": 0.4,
      "amount": 164,
      "owner": {
        "id": 24,
        "type": "country"
      }
    },
    {
      "value": 1,
      "amount": 1,
      "owner": {
        "id": 3874,
        "type": "account"
      }
    }
  ]
}

Pobieranie danych: cenach itemu weapon q3 w kraju Albania z URL: https://api.eclesiar.com/market/items/get?country_id=25&item_id=10...
--- Dane o cenach itemu weapon q3 w kraju Albania ---
{
  "code": 200,
  "description": "Success"
}

Pobieranie danych: cenach itemu weapon q3 w kraju Greece z URL: https://api.eclesiar.com/market/items/get?country_id=26&item_id=10...
--- Dane o cenach itemu weapon q3 w kraju Greece ---
{
  "code": 200,
  "description": "Success",
  "data": [
    {
      "value": 3.99,
      "amount": 47,
      "owner": {
        "id": 4637,
        "type": "account"
      }
    }
  ]
}

Pobieranie danych: cenach itemu weapon q3 w kraju Hungary z URL: https://api.eclesiar.com/market/items/get?country_id=27&item_id=10...
--- Dane o cenach itemu weapon q3 w kraju Hungary ---
{
  "code": 200,
  "description": "Success",
  "data": [
    {
      "value": 0.141,
      "amount": 29,
      "owner": {
        "id": 140,
        "type": "holding"
      }
    },
    {
      "value": 0.142,
      "amount": 61,
      "owner": {
        "id": 323,
        "type": "account"
      }
    }
  ]
}

Pobieranie danych: cenach itemu weapon q3 w kraju Romania z URL: https://api.eclesiar.com/market/items/get?country_id=28&item_id=10...
--- Dane o cenach itemu weapon q3 w kraju Romania ---
{
  "code": 200,
  "description": "Success"
}

Pobieranie danych: cenach itemu weapon q3 w kraju Bulgaria z URL: https://api.eclesiar.com/market/items/get?country_id=30&item_id=10...
--- Dane o cenach itemu weapon q3 w kraju Bulgaria ---
{
  "code": 200,
  "description": "Success",
  "data": [
    {
      "value": 0.314,
      "amount": 138,
      "owner": {
        "id": 61,
        "type": "holding"
      }
    },
    {
      "value": 0.315,
      "amount": 290,
      "owner": {
        "id": 5807,
        "type": "account"
      }
    },
    {
      "value": 0.319,
      "amount": 19,
      "owner": {
        "id": 7212,
        "type": "account"
      }
    },
    {
      "value": 0.32,
      "amount": 224,
      "owner": {
        "id": 5807,
        "type": "account"
      }
    },
    {
      "value": 0.33,
      "amount": 55,
      "owner": {
        "id": 2406,
        "type": "account"
      }
    },
    {
      "value": 1,
      "amount": 1,
      "owner": {
        "id": 12229,
        "type": "account"
      }
    }
  ]
}

Pobieranie danych: cenach itemu weapon q3 w kraju Turkey z URL: https://api.eclesiar.com/market/items/get?country_id=31&item_id=10...
--- Dane o cenach itemu weapon q3 w kraju Turkey ---
{
  "code": 200,
  "description": "Success",
  "data": [
    {
      "value": 0.2,
      "amount": 446,
      "owner": {
        "id": 1,
        "type": "holding"
      }
    },
    {
      "value": 0.6,
      "amount": 506,
      "owner": {
        "id": 3064,
        "type": "account"
      }
    }
  ]
}

Pobieranie danych: cenach itemu weapon q3 w kraju Ukraine z URL: https://api.eclesiar.com/market/items/get?country_id=32&item_id=10...
--- Dane o cenach itemu weapon q3 w kraju Ukraine ---
{
  "code": 200,
  "description": "Success"
}

Pobieranie danych: cenach itemu weapon q3 w kraju Russia z URL: https://api.eclesiar.com/market/items/get?country_id=33&item_id=10...
--- Dane o cenach itemu weapon q3 w kraju Russia ---
{
  "code": 200,
  "description": "Success"
}

Pobieranie danych: cenach itemu weapon q3 w kraju Georgia z URL: https://api.eclesiar.com/market/items/get?country_id=34&item_id=10...
--- Dane o cenach itemu weapon q3 w kraju Georgia ---
{
  "code": 200,
  "description": "Success",
  "data": [
    {
      "value": 1.299,
      "amount": 40,
      "owner": {
        "id": 4607,
        "type": "account"
      }
    }
  ]
}

Pobieranie danych: cenach itemu weapon q3 w kraju Israel z URL: https://api.eclesiar.com/market/items/get?country_id=35&item_id=10...
--- Dane o cenach itemu weapon q3 w kraju Israel ---
{
  "code": 200,
  "description": "Success"
}

Pobieranie danych: cenach itemu weapon q3 w kraju Egypt z URL: https://api.eclesiar.com/market/items/get?country_id=36&item_id=10...
--- Dane o cenach itemu weapon q3 w kraju Egypt ---
{
  "code": 200,
  "description": "Success"
}

Pobieranie danych: cenach itemu weapon q3 w kraju South Africa z URL: https://api.eclesiar.com/market/items/get?country_id=37&item_id=10...
--- Dane o cenach itemu weapon q3 w kraju South Africa ---
{
  "code": 200,
  "description": "Success",
  "data": [
    {
      "value": 2.099,
      "amount": 25,
      "owner": {
        "id": 12328,
        "type": "account"
      }
    }
  ]
}

Pobieranie danych: cenach itemu weapon q3 w kraju Iraq z URL: https://api.eclesiar.com/market/items/get?country_id=38&item_id=10...
--- Dane o cenach itemu weapon q3 w kraju Iraq ---
{
  "code": 200,
  "description": "Success",
  "data": [
    {
      "value": 2.499,
      "amount": 5,
      "owner": {
        "id": 4607,
        "type": "account"
      }
    }
  ]
}

Pobieranie danych: cenach itemu weapon q3 w kraju Saudi Arabia z URL: https://api.eclesiar.com/market/items/get?country_id=39&item_id=10...
--- Dane o cenach itemu weapon q3 w kraju Saudi Arabia ---
{
  "code": 200,
  "description": "Success",
  "data": [
    {
      "value": 1.4,
      "amount": 600,
      "owner": {
        "id": 5054,
        "type": "account"
      }
    }
  ]
}

Pobieranie danych: cenach itemu weapon q3 w kraju Iran z URL: https://api.eclesiar.com/market/items/get?country_id=40&item_id=10...
--- Dane o cenach itemu weapon q3 w kraju Iran ---
{
  "code": 200,
  "description": "Success",
  "data": [
    {
      "value": 17,
      "amount": 9,
      "owner": {
        "id": 2009,
        "type": "account"
      }
    }
  ]
}

Pobieranie danych: cenach itemu weapon q3 w kraju Pakistan z URL: https://api.eclesiar.com/market/items/get?country_id=41&item_id=10...
--- Dane o cenach itemu weapon q3 w kraju Pakistan ---
{
  "code": 200,
  "description": "Success"
}

Pobieranie danych: cenach itemu weapon q3 w kraju India z URL: https://api.eclesiar.com/market/items/get?country_id=42&item_id=10...
--- Dane o cenach itemu weapon q3 w kraju India ---
{
  "code": 200,
  "description": "Success",
  "data": [
    {
      "value": 2.5,
      "amount": 5,
      "owner": {
        "id": 4607,
        "type": "account"
      }
    }
  ]
}

Pobieranie danych: cenach itemu weapon q3 w kraju China z URL: https://api.eclesiar.com/market/items/get?country_id=43&item_id=10...
--- Dane o cenach itemu weapon q3 w kraju China ---
{
  "code": 200,
  "description": "Success",
  "data": [
    {
      "value": 0.244,
      "amount": 20,
      "owner": {
        "id": 5149,
        "type": "account"
      }
    }
  ]
}

Pobieranie danych: cenach itemu weapon q3 w kraju Japan z URL: https://api.eclesiar.com/market/items/get?country_id=44&item_id=10...
--- Dane o cenach itemu weapon q3 w kraju Japan ---
{
  "code": 200,
  "description": "Success",
  "data": [
    {
      "value": 8,
      "amount": 10,
      "owner": {
        "id": 11757,
        "type": "account"
      }
    },
    {
      "value": 8.999,
      "amount": 95,
      "owner": {
        "id": 12390,
        "type": "account"
      }
    }
  ]
}

Pobieranie danych: cenach itemu weapon q3 w kraju South Korea z URL: https://api.eclesiar.com/market/items/get?country_id=45&item_id=10...
--- Dane o cenach itemu weapon q3 w kraju South Korea ---
{
  "code": 200,
  "description": "Success",
  "data": [
    {
      "value": 0.999,
      "amount": 9,
      "owner": {
        "id": 314,
        "type": "holding"
      }
    }
  ]
}

Pobieranie danych: cenach itemu weapon q3 w kraju Indonesia z URL: https://api.eclesiar.com/market/items/get?country_id=46&item_id=10...
--- Dane o cenach itemu weapon q3 w kraju Indonesia ---
{
  "code": 200,
  "description": "Success"
}

Pobieranie danych: cenach itemu weapon q3 w kraju Australia z URL: https://api.eclesiar.com/market/items/get?country_id=47&item_id=10...
--- Dane o cenach itemu weapon q3 w kraju Australia ---
{
  "code": 200,
  "description": "Success",
  "data": [
    {
      "value": 0.15,
      "amount": 8,
      "owner": {
        "id": 500,
        "type": "holding"
      }
    },
    {
      "value": 0.8,
      "amount": 9,
      "owner": {
        "id": 12256,
        "type": "account"
      }
    }
  ]
}

Pobieranie danych: cenach itemu weapon q3 w kraju Philippines z URL: https://api.eclesiar.com/market/items/get?country_id=48&item_id=10...
--- Dane o cenach itemu weapon q3 w kraju Philippines ---
{
  "code": 200,
  "description": "Success"
}

Pobieranie danych: cenach itemu weapon q4 w kraju United Kingdom z URL: https://api.eclesiar.com/market/items/get?country_id=2&item_id=11...
--- Dane o cenach itemu weapon q4 w kraju United Kingdom ---
{
  "code": 200,
  "description": "Success",
  "data": [
    {
      "value": 0.48,
      "amount": 107,
      "owner": {
        "id": 5270,
        "type": "account"
      }
    },
    {
      "value": 1.699,
      "amount": 5,
      "owner": {
        "id": 12390,
        "type": "account"
      }
    }
  ]
}

Pobieranie danych: cenach itemu weapon q4 w kraju United States of America z URL: https://api.eclesiar.com/market/items/get?country_id=3&item_id=11...
--- Dane o cenach itemu weapon q4 w kraju United States of America ---
{
  "code": 200,
  "description": "Success",
  "data": [
    {
      "value": 0.588,
      "amount": 141,
      "owner": {
        "id": 11301,
        "type": "account"
      }
    },
    {
      "value": 0.589,
      "amount": 82,
      "owner": {
        "id": 524,
        "type": "holding"
      }
    },
    {
      "value": 0.59,
      "amount": 500,
      "owner": {
        "id": 12616,
        "type": "account"
      }
    },
    {
      "value": 1,
      "amount": 1,
      "owner": {
        "id": 5698,
        "type": "account"
      }
    },
    {
      "value": 2,
      "amount": 1,
      "owner": {
        "id": 218,
        "type": "account"
      }
    },
    {
      "value": 2,
      "amount": 1,
      "owner": {
        "id": 5698,
        "type": "account"
      }
    },
    {
      "value": 14,
      "amount": 5,
      "owner": {
        "id": 12385,
        "type": "account"
      }
    },
    {
      "value": 25,
      "amount": 1,
      "owner": {
        "id": 1577,
        "type": "account"
      }
    }
  ]
}

Pobieranie danych: cenach itemu weapon q4 w kraju Mexico z URL: https://api.eclesiar.com/market/items/get?country_id=4&item_id=11...
--- Dane o cenach itemu weapon q4 w kraju Mexico ---
{
  "code": 200,
  "description": "Success"
}

Pobieranie danych: cenach itemu weapon q4 w kraju Colombia z URL: https://api.eclesiar.com/market/items/get?country_id=5&item_id=11...
--- Dane o cenach itemu weapon q4 w kraju Colombia ---
{
  "code": 200,
  "description": "Success"
}

Pobieranie danych: cenach itemu weapon q4 w kraju Peru z URL: https://api.eclesiar.com/market/items/get?country_id=6&item_id=11...
--- Dane o cenach itemu weapon q4 w kraju Peru ---
{
  "code": 200,
  "description": "Success",
  "data": [
    {
      "value": 3.49,
      "amount": 50,
      "owner": {
        "id": 935,
        "type": "account"
      }
    },
    {
      "value": 3.5,
      "amount": 5,
      "owner": {
        "id": 14581,
        "type": "account"
      }
    },
    {
      "value": 3.989,
      "amount": 20,
      "owner": {
        "id": 68,
        "type": "holding"
      }
    }
  ]
}

Pobieranie danych: cenach itemu weapon q4 w kraju Brazil z URL: https://api.eclesiar.com/market/items/get?country_id=7&item_id=11...
--- Dane o cenach itemu weapon q4 w kraju Brazil ---
{
  "code": 200,
  "description": "Success",
  "data": [
    {
      "value": 0.55,
      "amount": 340,
      "owner": {
        "id": 7,
        "type": "country"
      }
    }
  ]
}

Pobieranie danych: cenach itemu weapon q4 w kraju Chile z URL: https://api.eclesiar.com/market/items/get?country_id=8&item_id=11...
--- Dane o cenach itemu weapon q4 w kraju Chile ---
{
  "code": 200,
  "description": "Success",
  "data": [
    {
      "value": 1.1,
      "amount": 40,
      "owner": {
        "id": 11311,
        "type": "account"
      }
    }
  ]
}

Pobieranie danych: cenach itemu weapon q4 w kraju Argentina z URL: https://api.eclesiar.com/market/items/get?country_id=10&item_id=11...
--- Dane o cenach itemu weapon q4 w kraju Argentina ---
{
  "code": 200,
  "description": "Success",
  "data": [
    {
      "value": 5,
      "amount": 1,
      "owner": {
        "id": 5698,
        "type": "account"
      }
    }
  ]
}

Pobieranie danych: cenach itemu weapon q4 w kraju Ireland z URL: https://api.eclesiar.com/market/items/get?country_id=11&item_id=11...
--- Dane o cenach itemu weapon q4 w kraju Ireland ---
{
  "code": 200,
  "description": "Success"
}

Pobieranie danych: cenach itemu weapon q4 w kraju France z URL: https://api.eclesiar.com/market/items/get?country_id=12&item_id=11...
--- Dane o cenach itemu weapon q4 w kraju France ---
{
  "code": 200,
  "description": "Success",
  "data": [
    {
      "value": 0.445,
      "amount": 1380,
      "owner": {
        "id": 5548,
        "type": "account"
      }
    },
    {
      "value": 0.448,
      "amount": 101,
      "owner": {
        "id": 11311,
        "type": "account"
      }
    },
    {
      "value": 0.449,
      "amount": 72,
      "owner": {
        "id": 67,
        "type": "holding"
      }
    },
    {
      "value": 0.45,
      "amount": 570,
      "owner": {
        "id": 233,
        "type": "holding"
      }
    },
    {
      "value": 0.5,
      "amount": 1452,
      "owner": {
        "id": 130,
        "type": "holding"
      }
    }
  ]
}

Pobieranie danych: cenach itemu weapon q4 w kraju Portugal z URL: https://api.eclesiar.com/market/items/get?country_id=13&item_id=11...
--- Dane o cenach itemu weapon q4 w kraju Portugal ---
{
  "code": 200,
  "description": "Success",
  "data": [
    {
      "value": 0.42,
      "amount": 2000,
      "owner": {
        "id": 3762,
        "type": "account"
      }
    },
    {
      "value": 0.459,
      "amount": 290,
      "owner": {
        "id": 556,
        "type": "holding"
      }
    },
    {
      "value": 0.468,
      "amount": 82,
      "owner": {
        "id": 556,
        "type": "holding"
      }
    },
    {
      "value": 0.48,
      "amount": 757,
      "owner": {
        "id": 556,
        "type": "holding"
      }
    },
    {
      "value": 0.825,
      "amount": 135,
      "owner": {
        "id": 4607,
        "type": "account"
      }
    },
    {
      "value": 0.88,
      "amount": 66,
      "owner": {
        "id": 4607,
        "type": "account"
      }
    },
    {
      "value": 10,
      "amount": 92,
      "owner": {
        "id": 4293,
        "type": "account"
      }
    },
    {
      "value": 99,
      "amount": 100,
      "owner": {
        "id": 4607,
        "type": "account"
      }
    }
  ]
}

Pobieranie danych: cenach itemu weapon q4 w kraju Spain z URL: https://api.eclesiar.com/market/items/get?country_id=14&item_id=11...
--- Dane o cenach itemu weapon q4 w kraju Spain ---
{
  "code": 200,
  "description": "Success",
  "data": [
    {
      "value": 0.16,
      "amount": 92,
      "owner": {
        "id": 11062,
        "type": "account"
      }
    },
    {
      "value": 0.268,
      "amount": 101,
      "owner": {
        "id": 5613,
        "type": "account"
      }
    },
    {
      "value": 0.269,
      "amount": 118,
      "owner": {
        "id": 228,
        "type": "holding"
      }
    },
    {
      "value": 0.29,
      "amount": 184,
      "owner": {
        "id": 5666,
        "type": "account"
      }
    }
  ]
}

Pobieranie danych: cenach itemu weapon q4 w kraju Germany z URL: https://api.eclesiar.com/market/items/get?country_id=15&item_id=11...
--- Dane o cenach itemu weapon q4 w kraju Germany ---
{
  "code": 200,
  "description": "Success",
  "data": [
    {
      "value": 0.278,
      "amount": 100,
      "owner": {
        "id": 11311,
        "type": "account"
      }
    },
    {
      "value": 0.28,
      "amount": 108,
      "owner": {
        "id": 1614,
        "type": "account"
      }
    },
    {
      "value": 0.3,
      "amount": 646,
      "owner": {
        "id": 2854,
        "type": "account"
      }
    }
  ]
}

Pobieranie danych: cenach itemu weapon q4 w kraju Sweden z URL: https://api.eclesiar.com/market/items/get?country_id=16&item_id=11...
--- Dane o cenach itemu weapon q4 w kraju Sweden ---
{
  "code": 200,
  "description": "Success",
  "data": [
    {
      "value": 0.399,
      "amount": 100,
      "owner": {
        "id": 1550,
        "type": "account"
      }
    },
    {
      "value": 0.4,
      "amount": 200,
      "owner": {
        "id": 1851,
        "type": "account"
      }
    },
    {
      "value": 0.4,
      "amount": 960,
      "owner": {
        "id": 384,
        "type": "holding"
      }
    },
    {
      "value": 0.42,
      "amount": 239,
      "owner": {
        "id": 384,
        "type": "holding"
      }
    },
    {
      "value": 1,
      "amount": 1,
      "owner": {
        "id": 5698,
        "type": "account"
      }
    },
    {
      "value": 1,
      "amount": 1,
      "owner": {
        "id": 1577,
        "type": "account"
      }
    },
    {
      "value": 1.32,
      "amount": 1,
      "owner": {
        "id": 12657,
        "type": "account"
      }
    },
    {
      "value": 3.9,
      "amount": 1,
      "owner": {
        "id": 12657,
        "type": "account"
      }
    }
  ]
}

Pobieranie danych: cenach itemu weapon q4 w kraju Italy z URL: https://api.eclesiar.com/market/items/get?country_id=17&item_id=11...
--- Dane o cenach itemu weapon q4 w kraju Italy ---
{
  "code": 200,
  "description": "Success",
  "data": [
    {
      "value": 1.19,
      "amount": 111,
      "owner": {
        "id": 11301,
        "type": "account"
      }
    }
  ]
}

Pobieranie danych: cenach itemu weapon q4 w kraju Poland z URL: https://api.eclesiar.com/market/items/get?country_id=18&item_id=11...
--- Dane o cenach itemu weapon q4 w kraju Poland ---
{
  "code": 200,
  "description": "Success",
  "data": [
    {
      "value": 0.132,
      "amount": 250,
      "owner": {
        "id": 9845,
        "type": "account"
      }
    },
    {
      "value": 0.133,
      "amount": 700,
      "owner": {
        "id": 9986,
        "type": "account"
      }
    },
    {
      "value": 0.134,
      "amount": 500,
      "owner": {
        "id": 11591,
        "type": "account"
      }
    },
    {
      "value": 0.138,
      "amount": 500,
      "owner": {
        "id": 11311,
        "type": "account"
      }
    },
    {
      "value": 0.139,
      "amount": 279,
      "owner": {
        "id": 11161,
        "type": "account"
      }
    },
    {
      "value": 0.14,
      "amount": 200,
      "owner": {
        "id": 11062,
        "type": "account"
      }
    },
    {
      "value": 0.142,
      "amount": 60,
      "owner": {
        "id": 568,
        "type": "holding"
      }
    },
    {
      "value": 0.144,
      "amount": 100,
      "owner": {
        "id": 11591,
        "type": "account"
      }
    },
    {
      "value": 0.146,
      "amount": 150,
      "owner": {
        "id": 9861,
        "type": "account"
      }
    },
    {
      "value": 0.187,
      "amount": 4,
      "owner": {
        "id": 10264,
        "type": "account"
      }
    },
    {
      "value": 3,
      "amount": 1,
      "owner": {
        "id": 1577,
        "type": "account"
      }
    },
    {
      "value": 12,
      "amount": 1,
      "owner": {
        "id": 218,
        "type": "account"
      }
    }
  ]
}

Pobieranie danych: cenach itemu weapon q4 w kraju Lithuania z URL: https://api.eclesiar.com/market/items/get?country_id=19&item_id=11...
--- Dane o cenach itemu weapon q4 w kraju Lithuania ---
{
  "code": 200,
  "description": "Success",
  "data": [
    {
      "value": 420,
      "amount": 1,
      "owner": {
        "id": 2125,
        "type": "account"
      }
    }
  ]
}

Pobieranie danych: cenach itemu weapon q4 w kraju Slovenia z URL: https://api.eclesiar.com/market/items/get?country_id=20&item_id=11...
--- Dane o cenach itemu weapon q4 w kraju Slovenia ---
{
  "code": 200,
  "description": "Success",
  "data": [
    {
      "value": 0.489,
      "amount": 36,
      "owner": {
        "id": 29,
        "type": "holding"
      }
    },
    {
      "value": 0.49,
      "amount": 716,
      "owner": {
        "id": 4616,
        "type": "account"
      }
    },
    {
      "value": 0.49,
      "amount": 155,
      "owner": {
        "id": 12499,
        "type": "account"
      }
    },
    {
      "value": 0.499,
      "amount": 683,
      "owner": {
        "id": 64,
        "type": "holding"
      }
    },
    {
      "value": 0.518,
      "amount": 236,
      "owner": {
        "id": 12499,
        "type": "account"
      }
    },
    {
      "value": 0.6,
      "amount": 1687,
      "owner": {
        "id": 20,
        "type": "country"
      }
    }
  ]
}

Pobieranie danych: cenach itemu weapon q4 w kraju Croatia z URL: https://api.eclesiar.com/market/items/get?country_id=21&item_id=11...
--- Dane o cenach itemu weapon q4 w kraju Croatia ---
{
  "code": 200,
  "description": "Success",
  "data": [
    {
      "value": 0.379,
      "amount": 600,
      "owner": {
        "id": 410,
        "type": "holding"
      }
    },
    {
      "value": 0.42,
      "amount": 5,
      "owner": {
        "id": 10787,
        "type": "account"
      }
    }
  ]
}

Pobieranie danych: cenach itemu weapon q4 w kraju Bosnia and Herzegovina z URL: https://api.eclesiar.com/market/items/get?country_id=22&item_id=11...
--- Dane o cenach itemu weapon q4 w kraju Bosnia and Herzegovina ---
{
  "code": 200,
  "description": "Success",
  "data": [
    {
      "value": 0.25,
      "amount": 806,
      "owner": {
        "id": 22,
        "type": "country"
      }
    }
  ]
}

Pobieranie danych: cenach itemu weapon q4 w kraju Serbia z URL: https://api.eclesiar.com/market/items/get?country_id=23&item_id=11...
--- Dane o cenach itemu weapon q4 w kraju Serbia ---
{
  "code": 200,
  "description": "Success",
  "data": [
    {
      "value": 0.489,
      "amount": 100,
      "owner": {
        "id": 11311,
        "type": "account"
      }
    },
    {
      "value": 0.49,
      "amount": 789,
      "owner": {
        "id": 913,
        "type": "account"
      }
    },
    {
      "value": 1,
      "amount": 51,
      "owner": {
        "id": 9336,
        "type": "account"
      }
    }
  ]
}

Pobieranie danych: cenach itemu weapon q4 w kraju North Macedonia z URL: https://api.eclesiar.com/market/items/get?country_id=24&item_id=11...
--- Dane o cenach itemu weapon q4 w kraju North Macedonia ---
{
  "code": 200,
  "description": "Success",
  "data": [
    {
      "value": 0.45,
      "amount": 897,
      "owner": {
        "id": 24,
        "type": "country"
      }
    }
  ]
}

Pobieranie danych: cenach itemu weapon q4 w kraju Albania z URL: https://api.eclesiar.com/market/items/get?country_id=25&item_id=11...
--- Dane o cenach itemu weapon q4 w kraju Albania ---
{
  "code": 200,
  "description": "Success"
}

Pobieranie danych: cenach itemu weapon q4 w kraju Greece z URL: https://api.eclesiar.com/market/items/get?country_id=26&item_id=11...
--- Dane o cenach itemu weapon q4 w kraju Greece ---
{
  "code": 200,
  "description": "Success",
  "data": [
    {
      "value": 0.78,
      "amount": 842,
      "owner": {
        "id": 425,
        "type": "holding"
      }
    },
    {
      "value": 0.79,
      "amount": 65,
      "owner": {
        "id": 11301,
        "type": "account"
      }
    },
    {
      "value": 0.99,
      "amount": 552,
      "owner": {
        "id": 10619,
        "type": "account"
      }
    },
    {
      "value": 1.75,
      "amount": 33,
      "owner": {
        "id": 110,
        "type": "holding"
      }
    },
    {
      "value": 3,
      "amount": 28,
      "owner": {
        "id": 3910,
        "type": "account"
      }
    }
  ]
}

Pobieranie danych: cenach itemu weapon q4 w kraju Hungary z URL: https://api.eclesiar.com/market/items/get?country_id=27&item_id=11...
--- Dane o cenach itemu weapon q4 w kraju Hungary ---
{
  "code": 200,
  "description": "Success",
  "data": [
    {
      "value": 0.26,
      "amount": 200,
      "owner": {
        "id": 9899,
        "type": "account"
      }
    },
    {
      "value": 0.284,
      "amount": 100,
      "owner": {
        "id": 2582,
        "type": "account"
      }
    },
    {
      "value": 0.285,
      "amount": 100,
      "owner": {
        "id": 11311,
        "type": "account"
      }
    },
    {
      "value": 0.29,
      "amount": 45,
      "owner": {
        "id": 11301,
        "type": "account"
      }
    },
    {
      "value": 0.3,
      "amount": 316,
      "owner": {
        "id": 555,
        "type": "holding"
      }
    }
  ]
}

Pobieranie danych: cenach itemu weapon q4 w kraju Romania z URL: https://api.eclesiar.com/market/items/get?country_id=28&item_id=11...
--- Dane o cenach itemu weapon q4 w kraju Romania ---
{
  "code": 200,
  "description": "Success"
}

Pobieranie danych: cenach itemu weapon q4 w kraju Bulgaria z URL: https://api.eclesiar.com/market/items/get?country_id=30&item_id=11...
--- Dane o cenach itemu weapon q4 w kraju Bulgaria ---
{
  "code": 200,
  "description": "Success",
  "data": [
    {
      "value": 0.65,
      "amount": 97,
      "owner": {
        "id": 11062,
        "type": "account"
      }
    },
    {
      "value": 1,
      "amount": 1,
      "owner": {
        "id": 3874,
        "type": "account"
      }
    },
    {
      "value": 1.6,
      "amount": 101,
      "owner": {
        "id": 1222,
        "type": "account"
      }
    },
    {
      "value": 111,
      "amount": 1,
      "owner": {
        "id": 3346,
        "type": "account"
      }
    }
  ]
}

Pobieranie danych: cenach itemu weapon q4 w kraju Turkey z URL: https://api.eclesiar.com/market/items/get?country_id=31&item_id=11...
--- Dane o cenach itemu weapon q4 w kraju Turkey ---
{
  "code": 200,
  "description": "Success"
}

Pobieranie danych: cenach itemu weapon q4 w kraju Ukraine z URL: https://api.eclesiar.com/market/items/get?country_id=32&item_id=11...
--- Dane o cenach itemu weapon q4 w kraju Ukraine ---
{
  "code": 200,
  "description": "Success"
}

Pobieranie danych: cenach itemu weapon q4 w kraju Russia z URL: https://api.eclesiar.com/market/items/get?country_id=33&item_id=11...
--- Dane o cenach itemu weapon q4 w kraju Russia ---
{
  "code": 200,
  "description": "Success"
}

Pobieranie danych: cenach itemu weapon q4 w kraju Georgia z URL: https://api.eclesiar.com/market/items/get?country_id=34&item_id=11...
--- Dane o cenach itemu weapon q4 w kraju Georgia ---
{
  "code": 200,
  "description": "Success"
}

Pobieranie danych: cenach itemu weapon q4 w kraju Israel z URL: https://api.eclesiar.com/market/items/get?country_id=35&item_id=11...
--- Dane o cenach itemu weapon q4 w kraju Israel ---
{
  "code": 200,
  "description": "Success"
}

Pobieranie danych: cenach itemu weapon q4 w kraju Egypt z URL: https://api.eclesiar.com/market/items/get?country_id=36&item_id=11...
--- Dane o cenach itemu weapon q4 w kraju Egypt ---
{
  "code": 200,
  "description": "Success"
}

Pobieranie danych: cenach itemu weapon q4 w kraju South Africa z URL: https://api.eclesiar.com/market/items/get?country_id=37&item_id=11...
--- Dane o cenach itemu weapon q4 w kraju South Africa ---
{
  "code": 200,
  "description": "Success"
}

Pobieranie danych: cenach itemu weapon q4 w kraju Iraq z URL: https://api.eclesiar.com/market/items/get?country_id=38&item_id=11...
--- Dane o cenach itemu weapon q4 w kraju Iraq ---
{
  "code": 200,
  "description": "Success",
  "data": [
    {
      "value": 1,
      "amount": 19,
      "owner": {
        "id": 5532,
        "type": "account"
      }
    },
    {
      "value": 2,
      "amount": 20,
      "owner": {
        "id": 5532,
        "type": "account"
      }
    }
  ]
}

Pobieranie danych: cenach itemu weapon q4 w kraju Saudi Arabia z URL: https://api.eclesiar.com/market/items/get?country_id=39&item_id=11...
--- Dane o cenach itemu weapon q4 w kraju Saudi Arabia ---
{
  "code": 200,
  "description": "Success",
  "data": [
    {
      "value": 3.65,
      "amount": 85,
      "owner": {
        "id": 323,
        "type": "account"
      }
    },
    {
      "value": 444,
      "amount": 1,
      "owner": {
        "id": 752,
        "type": "account"
      }
    }
  ]
}

Pobieranie danych: cenach itemu weapon q4 w kraju Iran z URL: https://api.eclesiar.com/market/items/get?country_id=40&item_id=11...
--- Dane o cenach itemu weapon q4 w kraju Iran ---
{
  "code": 200,
  "description": "Success"
}

Pobieranie danych: cenach itemu weapon q4 w kraju Pakistan z URL: https://api.eclesiar.com/market/items/get?country_id=41&item_id=11...
--- Dane o cenach itemu weapon q4 w kraju Pakistan ---
{
  "code": 200,
  "description": "Success"
}

Pobieranie danych: cenach itemu weapon q4 w kraju India z URL: https://api.eclesiar.com/market/items/get?country_id=42&item_id=11...
--- Dane o cenach itemu weapon q4 w kraju India ---
{
  "code": 200,
  "description": "Success"
}

Pobieranie danych: cenach itemu weapon q4 w kraju China z URL: https://api.eclesiar.com/market/items/get?country_id=43&item_id=11...
--- Dane o cenach itemu weapon q4 w kraju China ---
{
  "code": 200,
  "description": "Success"
}

Pobieranie danych: cenach itemu weapon q4 w kraju Japan z URL: https://api.eclesiar.com/market/items/get?country_id=44&item_id=11...
--- Dane o cenach itemu weapon q4 w kraju Japan ---
{
  "code": 200,
  "description": "Success"
}

Pobieranie danych: cenach itemu weapon q4 w kraju South Korea z URL: https://api.eclesiar.com/market/items/get?country_id=45&item_id=11...
--- Dane o cenach itemu weapon q4 w kraju South Korea ---
{
  "code": 200,
  "description": "Success"
}

Pobieranie danych: cenach itemu weapon q4 w kraju Indonesia z URL: https://api.eclesiar.com/market/items/get?country_id=46&item_id=11...
--- Dane o cenach itemu weapon q4 w kraju Indonesia ---
{
  "code": 200,
  "description": "Success"
}

Pobieranie danych: cenach itemu weapon q4 w kraju Australia z URL: https://api.eclesiar.com/market/items/get?country_id=47&item_id=11...
--- Dane o cenach itemu weapon q4 w kraju Australia ---
{
  "code": 200,
  "description": "Success",
  "data": [
    {
      "value": 0.8,
      "amount": 4,
      "owner": {
        "id": 12256,
        "type": "account"
      }
    },
    {
      "value": 1,
      "amount": 2,
      "owner": {
        "id": 536,
        "type": "holding"
      }
    },
    {
      "value": 4,
      "amount": 6,
      "owner": {
        "id": 10277,
        "type": "account"
      }
    }
  ]
}

Pobieranie danych: cenach itemu weapon q4 w kraju Philippines z URL: https://api.eclesiar.com/market/items/get?country_id=48&item_id=11...
--- Dane o cenach itemu weapon q4 w kraju Philippines ---
{
  "code": 200,
  "description": "Success"
}

Pobieranie danych: cenach itemu weapon q5 w kraju United Kingdom z URL: https://api.eclesiar.com/market/items/get?country_id=2&item_id=12...
--- Dane o cenach itemu weapon q5 w kraju United Kingdom ---
{
  "code": 200,
  "description": "Success"
}

Pobieranie danych: cenach itemu weapon q5 w kraju United States of America z URL: https://api.eclesiar.com/market/items/get?country_id=3&item_id=12...
--- Dane o cenach itemu weapon q5 w kraju United States of America ---
{
  "code": 200,
  "description": "Success",
  "data": [
    {
      "value": 0.89,
      "amount": 329,
      "owner": {
        "id": 515,
        "type": "holding"
      }
    },
    {
      "value": 1,
      "amount": 637,
      "owner": {
        "id": 66,
        "type": "holding"
      }
    },
    {
      "value": 2,
      "amount": 11,
      "owner": {
        "id": 1306,
        "type": "account"
      }
    },
    {
      "value": 15,
      "amount": 4,
      "owner": {
        "id": 5894,
        "type": "account"
      }
    }
  ]
}

Pobieranie danych: cenach itemu weapon q5 w kraju Mexico z URL: https://api.eclesiar.com/market/items/get?country_id=4&item_id=12...
--- Dane o cenach itemu weapon q5 w kraju Mexico ---
{
  "code": 200,
  "description": "Success"
}

Pobieranie danych: cenach itemu weapon q5 w kraju Colombia z URL: https://api.eclesiar.com/market/items/get?country_id=5&item_id=12...
--- Dane o cenach itemu weapon q5 w kraju Colombia ---
{
  "code": 200,
  "description": "Success"
}

Pobieranie danych: cenach itemu weapon q5 w kraju Peru z URL: https://api.eclesiar.com/market/items/get?country_id=6&item_id=12...
--- Dane o cenach itemu weapon q5 w kraju Peru ---
{
  "code": 200,
  "description": "Success",
  "data": [
    {
      "value": 4.949,
      "amount": 50,
      "owner": {
        "id": 229,
        "type": "holding"
      }
    },
    {
      "value": 4.999,
      "amount": 50,
      "owner": {
        "id": 229,
        "type": "holding"
      }
    }
  ]
}

Pobieranie danych: cenach itemu weapon q5 w kraju Brazil z URL: https://api.eclesiar.com/market/items/get?country_id=7&item_id=12...
--- Dane o cenach itemu weapon q5 w kraju Brazil ---
{
  "code": 200,
  "description": "Success"
}

Pobieranie danych: cenach itemu weapon q5 w kraju Chile z URL: https://api.eclesiar.com/market/items/get?country_id=8&item_id=12...
--- Dane o cenach itemu weapon q5 w kraju Chile ---
{
  "code": 200,
  "description": "Success",
  "data": [
    {
      "value": 11,
      "amount": 1,
      "owner": {
        "id": 1812,
        "type": "account"
      }
    }
  ]
}

Pobieranie danych: cenach itemu weapon q5 w kraju Argentina z URL: https://api.eclesiar.com/market/items/get?country_id=10&item_id=12...
--- Dane o cenach itemu weapon q5 w kraju Argentina ---
{
  "code": 200,
  "description": "Success"
}

Pobieranie danych: cenach itemu weapon q5 w kraju Ireland z URL: https://api.eclesiar.com/market/items/get?country_id=11&item_id=12...
--- Dane o cenach itemu weapon q5 w kraju Ireland ---
{
  "code": 200,
  "description": "Success"
}

Pobieranie danych: cenach itemu weapon q5 w kraju France z URL: https://api.eclesiar.com/market/items/get?country_id=12&item_id=12...
--- Dane o cenach itemu weapon q5 w kraju France ---
{
  "code": 200,
  "description": "Success",
  "data": [
    {
      "value": 0.649,
      "amount": 800,
      "owner": {
        "id": 117,
        "type": "holding"
      }
    },
    {
      "value": 0.65,
      "amount": 1109,
      "owner": {
        "id": 338,
        "type": "holding"
      }
    },
    {
      "value": 0.65,
      "amount": 589,
      "owner": {
        "id": 130,
        "type": "holding"
      }
    }
  ]
}

Pobieranie danych: cenach itemu weapon q5 w kraju Portugal z URL: https://api.eclesiar.com/market/items/get?country_id=13&item_id=12...
--- Dane o cenach itemu weapon q5 w kraju Portugal ---
{
  "code": 200,
  "description": "Success",
  "data": [
    {
      "value": 0.738,
      "amount": 92,
      "owner": {
        "id": 556,
        "type": "holding"
      }
    },
    {
      "value": 0.739,
      "amount": 50,
      "owner": {
        "id": 4607,
        "type": "account"
      }
    },
    {
      "value": 0.74,
      "amount": 15,
      "owner": {
        "id": 15989,
        "type": "account"
      }
    },
    {
      "value": 1.1,
      "amount": 260,
      "owner": {
        "id": 91,
        "type": "holding"
      }
    },
    {
      "value": 20,
      "amount": 1,
      "owner": {
        "id": 13098,
        "type": "account"
      }
    }
  ]
}

Pobieranie danych: cenach itemu weapon q5 w kraju Spain z URL: https://api.eclesiar.com/market/items/get?country_id=14&item_id=12...
--- Dane o cenach itemu weapon q5 w kraju Spain ---
{
  "code": 200,
  "description": "Success",
  "data": [
    {
      "value": 0.279,
      "amount": 100,
      "owner": {
        "id": 14,
        "type": "country"
      }
    },
    {
      "value": 0.28,
      "amount": 190,
      "owner": {
        "id": 82,
        "type": "holding"
      }
    },
    {
      "value": 0.283,
      "amount": 300,
      "owner": {
        "id": 1720,
        "type": "account"
      }
    },
    {
      "value": 0.284,
      "amount": 200,
      "owner": {
        "id": 82,
        "type": "holding"
      }
    },
    {
      "value": 0.287,
      "amount": 488,
      "owner": {
        "id": 1720,
        "type": "account"
      }
    },
    {
      "value": 0.289,
      "amount": 35,
      "owner": {
        "id": 5613,
        "type": "account"
      }
    },
    {
      "value": 0.29,
      "amount": 300,
      "owner": {
        "id": 1720,
        "type": "account"
      }
    },
    {
      "value": 0.35,
      "amount": 256,
      "owner": {
        "id": 3309,
        "type": "account"
      }
    }
  ]
}

Pobieranie danych: cenach itemu weapon q5 w kraju Germany z URL: https://api.eclesiar.com/market/items/get?country_id=15&item_id=12...
--- Dane o cenach itemu weapon q5 w kraju Germany ---
{
  "code": 200,
  "description": "Success",
  "data": [
    {
      "value": 0.35,
      "amount": 99,
      "owner": {
        "id": 1613,
        "type": "account"
      }
    },
    {
      "value": 0.36,
      "amount": 600,
      "owner": {
        "id": 214,
        "type": "holding"
      }
    },
    {
      "value": 0.36,
      "amount": 400,
      "owner": {
        "id": 2589,
        "type": "account"
      }
    },
    {
      "value": 0.37,
      "amount": 498,
      "owner": {
        "id": 15,
        "type": "country"
      }
    },
    {
      "value": 0.393,
      "amount": 428,
      "owner": {
        "id": 82,
        "type": "holding"
      }
    },
    {
      "value": 0.399,
      "amount": 50,
      "owner": {
        "id": 2210,
        "type": "account"
      }
    },
    {
      "value": 0.399,
      "amount": 300,
      "owner": {
        "id": 1614,
        "type": "account"
      }
    },
    {
      "value": 0.7,
      "amount": 100,
      "owner": {
        "id": 15,
        "type": "country"
      }
    },
    {
      "value": 5,
      "amount": 11,
      "owner": {
        "id": 218,
        "type": "account"
      }
    }
  ]
}

Pobieranie danych: cenach itemu weapon q5 w kraju Sweden z URL: https://api.eclesiar.com/market/items/get?country_id=16&item_id=12...
--- Dane o cenach itemu weapon q5 w kraju Sweden ---
{
  "code": 200,
  "description": "Success",
  "data": [
    {
      "value": 0.639,
      "amount": 692,
      "owner": {
        "id": 81,
        "type": "holding"
      }
    },
    {
      "value": 0.64,
      "amount": 535,
      "owner": {
        "id": 275,
        "type": "holding"
      }
    },
    {
      "value": 0.649,
      "amount": 377,
      "owner": {
        "id": 42,
        "type": "account"
      }
    },
    {
      "value": 0.689,
      "amount": 1000,
      "owner": {
        "id": 1509,
        "type": "account"
      }
    },
    {
      "value": 0.698,
      "amount": 89,
      "owner": {
        "id": 196,
        "type": "holding"
      }
    },
    {
      "value": 0.7,
      "amount": 1000,
      "owner": {
        "id": 40,
        "type": "holding"
      }
    },
    {
      "value": 0.8,
      "amount": 505,
      "owner": {
        "id": 465,
        "type": "holding"
      }
    }
  ]
}

Pobieranie danych: cenach itemu weapon q5 w kraju Italy z URL: https://api.eclesiar.com/market/items/get?country_id=17&item_id=12...
--- Dane o cenach itemu weapon q5 w kraju Italy ---
{
  "code": 200,
  "description": "Success"
}

Pobieranie danych: cenach itemu weapon q5 w kraju Poland z URL: https://api.eclesiar.com/market/items/get?country_id=18&item_id=12...
--- Dane o cenach itemu weapon q5 w kraju Poland ---
{
  "code": 200,
  "description": "Success",
  "data": [
    {
      "value": 0.241,
      "amount": 1100,
      "owner": {
        "id": 491,
        "type": "holding"
      }
    },
    {
      "value": 0.242,
      "amount": 150,
      "owner": {
        "id": 10537,
        "type": "account"
      }
    },
    {
      "value": 0.242,
      "amount": 24,
      "owner": {
        "id": 14414,
        "type": "account"
      }
    },
    {
      "value": 0.243,
      "amount": 79,
      "owner": {
        "id": 229,
        "type": "holding"
      }
    },
    {
      "value": 0.244,
      "amount": 960,
      "owner": {
        "id": 11100,
        "type": "account"
      }
    },
    {
      "value": 0.25,
      "amount": 604,
      "owner": {
        "id": 82,
        "type": "holding"
      }
    },
    {
      "value": 0.29,
      "amount": 1100,
      "owner": {
        "id": 11752,
        "type": "account"
      }
    },
    {
      "value": 0.3,
      "amount": 100,
      "owner": {
        "id": 9827,
        "type": "account"
      }
    },
    {
      "value": 0.305,
      "amount": 295,
      "owner": {
        "id": 229,
        "type": "holding"
      }
    },
    {
      "value": 0.31,
      "amount": 65,
      "owner": {
        "id": 9885,
        "type": "account"
      }
    },
    {
      "value": 0.32,
      "amount": 250,
      "owner": {
        "id": 9827,
        "type": "account"
      }
    },
    {
      "value": 0.5,
      "amount": 8,
      "owner": {
        "id": 12497,
        "type": "account"
      }
    },
    {
      "value": 1,
      "amount": 1,
      "owner": {
        "id": 9885,
        "type": "account"
      }
    },
    {
      "value": 1,
      "amount": 1,
      "owner": {
        "id": 12526,
        "type": "account"
      }
    },
    {
      "value": 1,
      "amount": 1,
      "owner": {
        "id": 9787,
        "type": "account"
      }
    },
    {
      "value": 2,
      "amount": 3,
      "owner": {
        "id": 13506,
        "type": "account"
      }
    },
    {
      "value": 2,
      "amount": 1,
      "owner": {
        "id": 5698,
        "type": "account"
      }
    },
    {
      "value": 3,
      "amount": 1,
      "owner": {
        "id": 5698,
        "type": "account"
      }
    },
    {
      "value": 5,
      "amount": 5,
      "owner": {
        "id": 13548,
        "type": "account"
      }
    },
    {
      "value": 10,
      "amount": 1,
      "owner": {
        "id": 9298,
        "type": "account"
      }
    },
    {
      "value": 1000,
      "amount": 30,
      "owner": {
        "id": 12173,
        "type": "account"
      }
    }
  ]
}

Pobieranie danych: cenach itemu weapon q5 w kraju Lithuania z URL: https://api.eclesiar.com/market/items/get?country_id=19&item_id=12...
--- Dane o cenach itemu weapon q5 w kraju Lithuania ---
{
  "code": 200,
  "description": "Success"
}

Pobieranie danych: cenach itemu weapon q5 w kraju Slovenia z URL: https://api.eclesiar.com/market/items/get?country_id=20&item_id=12...
--- Dane o cenach itemu weapon q5 w kraju Slovenia ---
{
  "code": 200,
  "description": "Success",
  "data": [
    {
      "value": 0.777,
      "amount": 170,
      "owner": {
        "id": 29,
        "type": "holding"
      }
    },
    {
      "value": 0.779,
      "amount": 673,
      "owner": {
        "id": 64,
        "type": "holding"
      }
    },
    {
      "value": 0.78,
      "amount": 568,
      "owner": {
        "id": 8,
        "type": "holding"
      }
    },
    {
      "value": 0.8,
      "amount": 614,
      "owner": {
        "id": 20,
        "type": "country"
      }
    },
    {
      "value": 5,
      "amount": 1,
      "owner": {
        "id": 218,
        "type": "account"
      }
    },
    {
      "value": 10,
      "amount": 2,
      "owner": {
        "id": 12295,
        "type": "account"
      }
    }
  ]
}

Pobieranie danych: cenach itemu weapon q5 w kraju Croatia z URL: https://api.eclesiar.com/market/items/get?country_id=21&item_id=12...
--- Dane o cenach itemu weapon q5 w kraju Croatia ---
{
  "code": 200,
  "description": "Success",
  "data": [
    {
      "value": 0.419,
      "amount": 833,
      "owner": {
        "id": 310,
        "type": "holding"
      }
    },
    {
      "value": 0.42,
      "amount": 446,
      "owner": {
        "id": 577,
        "type": "holding"
      }
    },
    {
      "value": 0.42,
      "amount": 1201,
      "owner": {
        "id": 410,
        "type": "holding"
      }
    },
    {
      "value": 0.449,
      "amount": 256,
      "owner": {
        "id": 6003,
        "type": "account"
      }
    },
    {
      "value": 0.498,
      "amount": 1011,
      "owner": {
        "id": 367,
        "type": "holding"
      }
    }
  ]
}

Pobieranie danych: cenach itemu weapon q5 w kraju Bosnia and Herzegovina z URL: https://api.eclesiar.com/market/items/get?country_id=22&item_id=12...
--- Dane o cenach itemu weapon q5 w kraju Bosnia and Herzegovina ---
{
  "code": 200,
  "description": "Success",
  "data": [
    {
      "value": 0.5,
      "amount": 10,
      "owner": {
        "id": 4721,
        "type": "account"
      }
    }
  ]
}

Pobieranie danych: cenach itemu weapon q5 w kraju Serbia z URL: https://api.eclesiar.com/market/items/get?country_id=23&item_id=12...
--- Dane o cenach itemu weapon q5 w kraju Serbia ---
{
  "code": 200,
  "description": "Success",
  "data": [
    {
      "value": 0.48,
      "amount": 600,
      "owner": {
        "id": 23,
        "type": "country"
      }
    },
    {
      "value": 0.919,
      "amount": 153,
      "owner": {
        "id": 3542,
        "type": "account"
      }
    },
    {
      "value": 0.92,
      "amount": 100,
      "owner": {
        "id": 5733,
        "type": "account"
      }
    },
    {
      "value": 100,
      "amount": 1,
      "owner": {
        "id": 12770,
        "type": "account"
      }
    },
    {
      "value": 10000,
      "amount": 1,
      "owner": {
        "id": 10542,
        "type": "account"
      }
    }
  ]
}

Pobieranie danych: cenach itemu weapon q5 w kraju North Macedonia z URL: https://api.eclesiar.com/market/items/get?country_id=24&item_id=12...
--- Dane o cenach itemu weapon q5 w kraju North Macedonia ---
{
  "code": 200,
  "description": "Success",
  "data": [
    {
      "value": 0.65,
      "amount": 1407,
      "owner": {
        "id": 24,
        "type": "country"
      }
    }
  ]
}

Pobieranie danych: cenach itemu weapon q5 w kraju Albania z URL: https://api.eclesiar.com/market/items/get?country_id=25&item_id=12...
--- Dane o cenach itemu weapon q5 w kraju Albania ---
{
  "code": 200,
  "description": "Success",
  "data": [
    {
      "value": 10,
      "amount": 200,
      "owner": {
        "id": 816,
        "type": "account"
      }
    }
  ]
}

Pobieranie danych: cenach itemu weapon q5 w kraju Greece z URL: https://api.eclesiar.com/market/items/get?country_id=26&item_id=12...
--- Dane o cenach itemu weapon q5 w kraju Greece ---
{
  "code": 200,
  "description": "Success",
  "data": [
    {
      "value": 0.6,
      "amount": 847,
      "owner": {
        "id": 419,
        "type": "holding"
      }
    },
    {
      "value": 4,
      "amount": 9,
      "owner": {
        "id": 10357,
        "type": "account"
      }
    }
  ]
}

Pobieranie danych: cenach itemu weapon q5 w kraju Hungary z URL: https://api.eclesiar.com/market/items/get?country_id=27&item_id=12...
--- Dane o cenach itemu weapon q5 w kraju Hungary ---
{
  "code": 200,
  "description": "Success",
  "data": [
    {
      "value": 0.5,
      "amount": 80,
      "owner": {
        "id": 9352,
        "type": "account"
      }
    }
  ]
}

Pobieranie danych: cenach itemu weapon q5 w kraju Romania z URL: https://api.eclesiar.com/market/items/get?country_id=28&item_id=12...
--- Dane o cenach itemu weapon q5 w kraju Romania ---
{
  "code": 200,
  "description": "Success",
  "data": [
    {
      "value": 9,
      "amount": 5,
      "owner": {
        "id": 879,
        "type": "account"
      }
    },
    {
      "value": 10,
      "amount": 3,
      "owner": {
        "id": 1253,
        "type": "account"
      }
    }
  ]
}

Pobieranie danych: cenach itemu weapon q5 w kraju Bulgaria z URL: https://api.eclesiar.com/market/items/get?country_id=30&item_id=12...
--- Dane o cenach itemu weapon q5 w kraju Bulgaria ---
{
  "code": 200,
  "description": "Success",
  "data": [
    {
      "value": 1,
      "amount": 500,
      "owner": {
        "id": 358,
        "type": "holding"
      }
    },
    {
      "value": 1.49,
      "amount": 787,
      "owner": {
        "id": 643,
        "type": "account"
      }
    },
    {
      "value": 1.5,
      "amount": 10,
      "owner": {
        "id": 4721,
        "type": "account"
      }
    },
    {
      "value": 39,
      "amount": 20,
      "owner": {
        "id": 5322,
        "type": "account"
      }
    },
    {
      "value": 40,
      "amount": 1,
      "owner": {
        "id": 5227,
        "type": "account"
      }
    },
    {
      "value": 200,
      "amount": 14,
      "owner": {
        "id": 5227,
        "type": "account"
      }
    },
    {
      "value": 200,
      "amount": 48,
      "owner": {
        "id": 2406,
        "type": "account"
      }
    }
  ]
}

Pobieranie danych: cenach itemu weapon q5 w kraju Turkey z URL: https://api.eclesiar.com/market/items/get?country_id=31&item_id=12...
--- Dane o cenach itemu weapon q5 w kraju Turkey ---
{
  "code": 200,
  "description": "Success",
  "data": [
    {
      "value": 150,
      "amount": 8,
      "owner": {
        "id": 1971,
        "type": "account"
      }
    },
    {
      "value": 1500,
      "amount": 5,
      "owner": {
        "id": 2779,
        "type": "account"
      }
    }
  ]
}

Pobieranie danych: cenach itemu weapon q5 w kraju Ukraine z URL: https://api.eclesiar.com/market/items/get?country_id=32&item_id=12...
--- Dane o cenach itemu weapon q5 w kraju Ukraine ---
{
  "code": 200,
  "description": "Success"
}

Pobieranie danych: cenach itemu weapon q5 w kraju Russia z URL: https://api.eclesiar.com/market/items/get?country_id=33&item_id=12...
--- Dane o cenach itemu weapon q5 w kraju Russia ---
{
  "code": 200,
  "description": "Success"
}

Pobieranie danych: cenach itemu weapon q5 w kraju Georgia z URL: https://api.eclesiar.com/market/items/get?country_id=34&item_id=12...
--- Dane o cenach itemu weapon q5 w kraju Georgia ---
{
  "code": 200,
  "description": "Success"
}

Pobieranie danych: cenach itemu weapon q5 w kraju Israel z URL: https://api.eclesiar.com/market/items/get?country_id=35&item_id=12...
--- Dane o cenach itemu weapon q5 w kraju Israel ---
{
  "code": 200,
  "description": "Success"
}

Pobieranie danych: cenach itemu weapon q5 w kraju Egypt z URL: https://api.eclesiar.com/market/items/get?country_id=36&item_id=12...
--- Dane o cenach itemu weapon q5 w kraju Egypt ---
{
  "code": 200,
  "description": "Success"
}

Pobieranie danych: cenach itemu weapon q5 w kraju South Africa z URL: https://api.eclesiar.com/market/items/get?country_id=37&item_id=12...
--- Dane o cenach itemu weapon q5 w kraju South Africa ---
{
  "code": 200,
  "description": "Success",
  "data": [
    {
      "value": 0.399,
      "amount": 7,
      "owner": {
        "id": 12328,
        "type": "account"
      }
    }
  ]
}

Pobieranie danych: cenach itemu weapon q5 w kraju Iraq z URL: https://api.eclesiar.com/market/items/get?country_id=38&item_id=12...
--- Dane o cenach itemu weapon q5 w kraju Iraq ---
{
  "code": 200,
  "description": "Success"
}

Pobieranie danych: cenach itemu weapon q5 w kraju Saudi Arabia z URL: https://api.eclesiar.com/market/items/get?country_id=39&item_id=12...
--- Dane o cenach itemu weapon q5 w kraju Saudi Arabia ---
{
  "code": 200,
  "description": "Success",
  "data": [
    {
      "value": 5,
      "amount": 9,
      "owner": {
        "id": 323,
        "type": "account"
      }
    }
  ]
}

Pobieranie danych: cenach itemu weapon q5 w kraju Iran z URL: https://api.eclesiar.com/market/items/get?country_id=40&item_id=12...
--- Dane o cenach itemu weapon q5 w kraju Iran ---
{
  "code": 200,
  "description": "Success",
  "data": [
    {
      "value": 500,
      "amount": 2,
      "owner": {
        "id": 2419,
        "type": "account"
      }
    },
    {
      "value": 1000,
      "amount": 10,
      "owner": {
        "id": 2419,
        "type": "account"
      }
    }
  ]
}

Pobieranie danych: cenach itemu weapon q5 w kraju Pakistan z URL: https://api.eclesiar.com/market/items/get?country_id=41&item_id=12...
--- Dane o cenach itemu weapon q5 w kraju Pakistan ---
{
  "code": 200,
  "description": "Success"
}

Pobieranie danych: cenach itemu weapon q5 w kraju India z URL: https://api.eclesiar.com/market/items/get?country_id=42&item_id=12...
--- Dane o cenach itemu weapon q5 w kraju India ---
{
  "code": 200,
  "description": "Success"
}

Pobieranie danych: cenach itemu weapon q5 w kraju China z URL: https://api.eclesiar.com/market/items/get?country_id=43&item_id=12...
--- Dane o cenach itemu weapon q5 w kraju China ---
{
  "code": 200,
  "description": "Success",
  "data": [
    {
      "value": 1,
      "amount": 75,
      "owner": {
        "id": 1720,
        "type": "account"
      }
    },
    {
      "value": 1,
      "amount": 1,
      "owner": {
        "id": 4721,
        "type": "account"
      }
    }
  ]
}

Pobieranie danych: cenach itemu weapon q5 w kraju Japan z URL: https://api.eclesiar.com/market/items/get?country_id=44&item_id=12...
--- Dane o cenach itemu weapon q5 w kraju Japan ---
{
  "code": 200,
  "description": "Success"
}

Pobieranie danych: cenach itemu weapon q5 w kraju South Korea z URL: https://api.eclesiar.com/market/items/get?country_id=45&item_id=12...
--- Dane o cenach itemu weapon q5 w kraju South Korea ---
{
  "code": 200,
  "description": "Success",
  "data": [
    {
      "value": 10,
      "amount": 13,
      "owner": {
        "id": 10357,
        "type": "account"
      }
    },
    {
      "value": 100,
      "amount": 1,
      "owner": {
        "id": 5638,
        "type": "account"
      }
    }
  ]
}

Pobieranie danych: cenach itemu weapon q5 w kraju Indonesia z URL: https://api.eclesiar.com/market/items/get?country_id=46&item_id=12...
--- Dane o cenach itemu weapon q5 w kraju Indonesia ---
{
  "code": 200,
  "description": "Success"
}

Pobieranie danych: cenach itemu weapon q5 w kraju Australia z URL: https://api.eclesiar.com/market/items/get?country_id=47&item_id=12...
--- Dane o cenach itemu weapon q5 w kraju Australia ---
{
  "code": 200,
  "description": "Success",
  "data": [
    {
      "value": 1.25,
      "amount": 15,
      "owner": {
        "id": 536,
        "type": "holding"
      }
    },
    {
      "value": 1.5,
      "amount": 9,
      "owner": {
        "id": 536,
        "type": "holding"
      }
    },
    {
      "value": 10,
      "amount": 5,
      "owner": {
        "id": 5863,
        "type": "account"
      }
    }
  ]
}

Pobieranie danych: cenach itemu weapon q5 w kraju Philippines z URL: https://api.eclesiar.com/market/items/get?country_id=48&item_id=12...
--- Dane o cenach itemu weapon q5 w kraju Philippines ---
{
  "code": 200,
  "description": "Success"
}

Pobieranie danych: cenach itemu fuel w kraju United Kingdom z URL: https://api.eclesiar.com/market/items/get?country_id=2&item_id=13...
--- Dane o cenach itemu fuel w kraju United Kingdom ---
{
  "code": 200,
  "description": "Success",
  "data": [
    {
      "value": 0.4,
      "amount": 76,
      "owner": {
        "id": 148,
        "type": "holding"
      }
    }
  ]
}

Pobieranie danych: cenach itemu fuel w kraju United States of America z URL: https://api.eclesiar.com/market/items/get?country_id=3&item_id=13...
--- Dane o cenach itemu fuel w kraju United States of America ---
{
  "code": 200,
  "description": "Success",
  "data": [
    {
      "value": 0.144,
      "amount": 2696,
      "owner": {
        "id": 282,
        "type": "account"
      }
    },
    {
      "value": 0.149,
      "amount": 283,
      "owner": {
        "id": 12520,
        "type": "account"
      }
    },
    {
      "value": 0.3,
      "amount": 230,
      "owner": {
        "id": 754,
        "type": "account"
      }
    },
    {
      "value": 0.31,
      "amount": 8,
      "owner": {
        "id": 12355,
        "type": "account"
      }
    },
    {
      "value": 0.4,
      "amount": 10,
      "owner": {
        "id": 3094,
        "type": "account"
      }
    },
    {
      "value": 1,
      "amount": 4,
      "owner": {
        "id": 257,
        "type": "account"
      }
    },
    {
      "value": 5.8,
      "amount": 2,
      "owner": {
        "id": 1812,
        "type": "account"
      }
    },
    {
      "value": 6,
      "amount": 2,
      "owner": {
        "id": 1812,
        "type": "account"
      }
    },
    {
      "value": 7.1,
      "amount": 2,
      "owner": {
        "id": 1812,
        "type": "account"
      }
    },
    {
      "value": 100,
      "amount": 2,
      "owner": {
        "id": 400,
        "type": "account"
      }
    },
    {
      "value": 100,
      "amount": 1,
      "owner": {
        "id": 3553,
        "type": "account"
      }
    },
    {
      "value": 123,
      "amount": 1,
      "owner": {
        "id": 2253,
        "type": "account"
      }
    },
    {
      "value": 9999,
      "amount": 16,
      "owner": {
        "id": 3225,
        "type": "account"
      }
    }
  ]
}

Pobieranie danych: cenach itemu fuel w kraju Mexico z URL: https://api.eclesiar.com/market/items/get?country_id=4&item_id=13...
--- Dane o cenach itemu fuel w kraju Mexico ---
{
  "code": 200,
  "description": "Success"
}

Pobieranie danych: cenach itemu fuel w kraju Colombia z URL: https://api.eclesiar.com/market/items/get?country_id=5&item_id=13...
--- Dane o cenach itemu fuel w kraju Colombia ---
{
  "code": 200,
  "description": "Success",
  "data": [
    {
      "value": 1.8,
      "amount": 200,
      "owner": {
        "id": 11387,
        "type": "account"
      }
    },
    {
      "value": 100,
      "amount": 10,
      "owner": {
        "id": 2655,
        "type": "account"
      }
    }
  ]
}

Pobieranie danych: cenach itemu fuel w kraju Peru z URL: https://api.eclesiar.com/market/items/get?country_id=6&item_id=13...
--- Dane o cenach itemu fuel w kraju Peru ---
{
  "code": 200,
  "description": "Success",
  "data": [
    {
      "value": 0.739,
      "amount": 45,
      "owner": {
        "id": 313,
        "type": "holding"
      }
    },
    {
      "value": 0.85,
      "amount": 100,
      "owner": {
        "id": 623,
        "type": "account"
      }
    },
    {
      "value": 0.86,
      "amount": 29,
      "owner": {
        "id": 1812,
        "type": "account"
      }
    },
    {
      "value": 0.899,
      "amount": 147,
      "owner": {
        "id": 11387,
        "type": "account"
      }
    }
  ]
}

Pobieranie danych: cenach itemu fuel w kraju Brazil z URL: https://api.eclesiar.com/market/items/get?country_id=7&item_id=13...
--- Dane o cenach itemu fuel w kraju Brazil ---
{
  "code": 200,
  "description": "Success",
  "data": [
    {
      "value": 0.316,
      "amount": 14,
      "owner": {
        "id": 6075,
        "type": "account"
      }
    },
    {
      "value": 0.495,
      "amount": 8,
      "owner": {
        "id": 2655,
        "type": "account"
      }
    },
    {
      "value": 0.498,
      "amount": 246,
      "owner": {
        "id": 6994,
        "type": "account"
      }
    },
    {
      "value": 0.5,
      "amount": 132,
      "owner": {
        "id": 6755,
        "type": "account"
      }
    },
    {
      "value": 0.6,
      "amount": 38,
      "owner": {
        "id": 110,
        "type": "holding"
      }
    },
    {
      "value": 1,
      "amount": 1,
      "owner": {
        "id": 9719,
        "type": "account"
      }
    },
    {
      "value": 10,
      "amount": 13,
      "owner": {
        "id": 2103,
        "type": "account"
      }
    }
  ]
}

Pobieranie danych: cenach itemu fuel w kraju Chile z URL: https://api.eclesiar.com/market/items/get?country_id=8&item_id=13...
--- Dane o cenach itemu fuel w kraju Chile ---
{
  "code": 200,
  "description": "Success",
  "data": [
    {
      "value": 0.749,
      "amount": 84,
      "owner": {
        "id": 1908,
        "type": "account"
      }
    },
    {
      "value": 1,
      "amount": 50,
      "owner": {
        "id": 11311,
        "type": "account"
      }
    }
  ]
}

Pobieranie danych: cenach itemu fuel w kraju Argentina z URL: https://api.eclesiar.com/market/items/get?country_id=10&item_id=13...
--- Dane o cenach itemu fuel w kraju Argentina ---
{
  "code": 200,
  "description": "Success"
}

Pobieranie danych: cenach itemu fuel w kraju Ireland z URL: https://api.eclesiar.com/market/items/get?country_id=11&item_id=13...
--- Dane o cenach itemu fuel w kraju Ireland ---
{
  "code": 200,
  "description": "Success",
  "data": [
    {
      "value": 6.998,
      "amount": 30,
      "owner": {
        "id": 11311,
        "type": "account"
      }
    },
    {
      "value": 6.999,
      "amount": 5,
      "owner": {
        "id": 4607,
        "type": "account"
      }
    },
    {
      "value": 9,
      "amount": 33,
      "owner": {
        "id": 11387,
        "type": "account"
      }
    },
    {
      "value": 9.9,
      "amount": 33,
      "owner": {
        "id": 11387,
        "type": "account"
      }
    }
  ]
}

Pobieranie danych: cenach itemu fuel w kraju France z URL: https://api.eclesiar.com/market/items/get?country_id=12&item_id=13...
--- Dane o cenach itemu fuel w kraju France ---
{
  "code": 200,
  "description": "Success",
  "data": [
    {
      "value": 0.233,
      "amount": 32,
      "owner": {
        "id": 16046,
        "type": "account"
      }
    },
    {
      "value": 0.235,
      "amount": 272,
      "owner": {
        "id": 13864,
        "type": "account"
      }
    },
    {
      "value": 0.368,
      "amount": 128,
      "owner": {
        "id": 3265,
        "type": "account"
      }
    },
    {
      "value": 0.369,
      "amount": 72,
      "owner": {
        "id": 227,
        "type": "holding"
      }
    },
    {
      "value": 0.4,
      "amount": 151,
      "owner": {
        "id": 5549,
        "type": "account"
      }
    }
  ]
}

Pobieranie danych: cenach itemu fuel w kraju Portugal z URL: https://api.eclesiar.com/market/items/get?country_id=13&item_id=13...
--- Dane o cenach itemu fuel w kraju Portugal ---
{
  "code": 200,
  "description": "Success",
  "data": [
    {
      "value": 0.15,
      "amount": 1600,
      "owner": {
        "id": 3762,
        "type": "account"
      }
    },
    {
      "value": 0.155,
      "amount": 500,
      "owner": {
        "id": 13643,
        "type": "account"
      }
    },
    {
      "value": 0.156,
      "amount": 1315,
      "owner": {
        "id": 396,
        "type": "holding"
      }
    },
    {
      "value": 0.165,
      "amount": 1,
      "owner": {
        "id": 15960,
        "type": "account"
      }
    },
    {
      "value": 0.185,
      "amount": 1800,
      "owner": {
        "id": 13606,
        "type": "account"
      }
    },
    {
      "value": 0.38,
      "amount": 200,
      "owner": {
        "id": 11387,
        "type": "account"
      }
    },
    {
      "value": 0.65,
      "amount": 48,
      "owner": {
        "id": 8031,
        "type": "account"
      }
    },
    {
      "value": 1000,
      "amount": 81,
      "owner": {
        "id": 10038,
        "type": "account"
      }
    }
  ]
}

Pobieranie danych: cenach itemu fuel w kraju Spain z URL: https://api.eclesiar.com/market/items/get?country_id=14&item_id=13...
--- Dane o cenach itemu fuel w kraju Spain ---
{
  "code": 200,
  "description": "Success",
  "data": [
    {
      "value": 0.087,
      "amount": 86,
      "owner": {
        "id": 1908,
        "type": "account"
      }
    },
    {
      "value": 0.088,
      "amount": 200,
      "owner": {
        "id": 11387,
        "type": "account"
      }
    },
    {
      "value": 0.09,
      "amount": 140,
      "owner": {
        "id": 7247,
        "type": "account"
      }
    },
    {
      "value": 0.185,
      "amount": 34,
      "owner": {
        "id": 7279,
        "type": "account"
      }
    }
  ]
}

Pobieranie danych: cenach itemu fuel w kraju Germany z URL: https://api.eclesiar.com/market/items/get?country_id=15&item_id=13...
--- Dane o cenach itemu fuel w kraju Germany ---
{
  "code": 200,
  "description": "Success",
  "data": [
    {
      "value": 0.075,
      "amount": 557,
      "owner": {
        "id": 2194,
        "type": "account"
      }
    },
    {
      "value": 0.09,
      "amount": 666,
      "owner": {
        "id": 9611,
        "type": "account"
      }
    },
    {
      "value": 0.099,
      "amount": 344,
      "owner": {
        "id": 541,
        "type": "holding"
      }
    },
    {
      "value": 0.099,
      "amount": 1768,
      "owner": {
        "id": 9611,
        "type": "account"
      }
    },
    {
      "value": 0.356,
      "amount": 55,
      "owner": {
        "id": 144,
        "type": "holding"
      }
    },
    {
      "value": 0.494,
      "amount": 40,
      "owner": {
        "id": 11387,
        "type": "account"
      }
    },
    {
      "value": 0.5,
      "amount": 60,
      "owner": {
        "id": 510,
        "type": "holding"
      }
    },
    {
      "value": 0.55,
      "amount": 500,
      "owner": {
        "id": 1613,
        "type": "account"
      }
    },
    {
      "value": 2.2,
      "amount": 2,
      "owner": {
        "id": 1812,
        "type": "account"
      }
    },
    {
      "value": 2.3,
      "amount": 2,
      "owner": {
        "id": 1812,
        "type": "account"
      }
    },
    {
      "value": 2.4,
      "amount": 2,
      "owner": {
        "id": 1812,
        "type": "account"
      }
    }
  ]
}

Pobieranie danych: cenach itemu fuel w kraju Sweden z URL: https://api.eclesiar.com/market/items/get?country_id=16&item_id=13...
--- Dane o cenach itemu fuel w kraju Sweden ---
{
  "code": 200,
  "description": "Success",
  "data": [
    {
      "value": 0.187,
      "amount": 837,
      "owner": {
        "id": 148,
        "type": "holding"
      }
    },
    {
      "value": 0.188,
      "amount": 185,
      "owner": {
        "id": 11387,
        "type": "account"
      }
    },
    {
      "value": 0.23,
      "amount": 222,
      "owner": {
        "id": 311,
        "type": "holding"
      }
    },
    {
      "value": 0.25,
      "amount": 1,
      "owner": {
        "id": 9200,
        "type": "account"
      }
    },
    {
      "value": 1,
      "amount": 1,
      "owner": {
        "id": 5847,
        "type": "account"
      }
    },
    {
      "value": 1,
      "amount": 280,
      "owner": {
        "id": 1475,
        "type": "account"
      }
    }
  ]
}

Pobieranie danych: cenach itemu fuel w kraju Italy z URL: https://api.eclesiar.com/market/items/get?country_id=17&item_id=13...
--- Dane o cenach itemu fuel w kraju Italy ---
{
  "code": 200,
  "description": "Success",
  "data": [
    {
      "value": 0.2,
      "amount": 80,
      "owner": {
        "id": 15521,
        "type": "account"
      }
    },
    {
      "value": 0.235,
      "amount": 9,
      "owner": {
        "id": 15521,
        "type": "account"
      }
    },
    {
      "value": 0.24,
      "amount": 165,
      "owner": {
        "id": 9611,
        "type": "account"
      }
    },
    {
      "value": 0.25,
      "amount": 25,
      "owner": {
        "id": 15521,
        "type": "account"
      }
    },
    {
      "value": 0.275,
      "amount": 400,
      "owner": {
        "id": 541,
        "type": "holding"
      }
    },
    {
      "value": 0.39,
      "amount": 115,
      "owner": {
        "id": 541,
        "type": "holding"
      }
    }
  ]
}

Pobieranie danych: cenach itemu fuel w kraju Poland z URL: https://api.eclesiar.com/market/items/get?country_id=18&item_id=13...
--- Dane o cenach itemu fuel w kraju Poland ---
{
  "code": 200,
  "description": "Success",
  "data": [
    {
      "value": 0.06,
      "amount": 996,
      "owner": {
        "id": 11311,
        "type": "account"
      }
    },
    {
      "value": 0.061,
      "amount": 250,
      "owner": {
        "id": 313,
        "type": "holding"
      }
    },
    {
      "value": 0.061,
      "amount": 700,
      "owner": {
        "id": 491,
        "type": "holding"
      }
    },
    {
      "value": 0.062,
      "amount": 60,
      "owner": {
        "id": 14396,
        "type": "account"
      }
    },
    {
      "value": 0.063,
      "amount": 98,
      "owner": {
        "id": 12088,
        "type": "account"
      }
    },
    {
      "value": 0.065,
      "amount": 27,
      "owner": {
        "id": 13592,
        "type": "account"
      }
    },
    {
      "value": 0.065,
      "amount": 527,
      "owner": {
        "id": 613,
        "type": "holding"
      }
    },
    {
      "value": 0.07,
      "amount": 45,
      "owner": {
        "id": 13864,
        "type": "account"
      }
    },
    {
      "value": 0.071,
      "amount": 489,
      "owner": {
        "id": 6549,
        "type": "account"
      }
    },
    {
      "value": 0.072,
      "amount": 228,
      "owner": {
        "id": 13864,
        "type": "account"
      }
    },
    {
      "value": 0.073,
      "amount": 99,
      "owner": {
        "id": 14261,
        "type": "account"
      }
    },
    {
      "value": 0.075,
      "amount": 219,
      "owner": {
        "id": 7078,
        "type": "account"
      }
    },
    {
      "value": 0.089,
      "amount": 225,
      "owner": {
        "id": 11914,
        "type": "account"
      }
    },
    {
      "value": 0.276,
      "amount": 33,
      "owner": {
        "id": 11387,
        "type": "account"
      }
    },
    {
      "value": 0.377,
      "amount": 79,
      "owner": {
        "id": 9914,
        "type": "account"
      }
    },
    {
      "value": 0.5,
      "amount": 70,
      "owner": {
        "id": 12497,
        "type": "account"
      }
    },
    {
      "value": 0.78,
      "amount": 75,
      "owner": {
        "id": 11974,
        "type": "account"
      }
    },
    {
      "value": 0.839,
      "amount": 3,
      "owner": {
        "id": 11644,
        "type": "account"
      }
    },
    {
      "value": 1,
      "amount": 1,
      "owner": {
        "id": 12497,
        "type": "account"
      }
    },
    {
      "value": 1,
      "amount": 346,
      "owner": {
        "id": 13506,
        "type": "account"
      }
    },
    {
      "value": 1,
      "amount": 1,
      "owner": {
        "id": 9853,
        "type": "account"
      }
    },
    {
      "value": 1.4,
      "amount": 67,
      "owner": {
        "id": 8946,
        "type": "account"
      }
    },
    {
      "value": 1.5,
      "amount": 10,
      "owner": {
        "id": 8946,
        "type": "account"
      }
    },
    {
      "value": 1.87,
      "amount": 2,
   ... (truncated)

Pobieranie danych: cenach itemu fuel w kraju Lithuania z URL: https://api.eclesiar.com/market/items/get?country_id=19&item_id=13...
--- Dane o cenach itemu fuel w kraju Lithuania ---
{
  "code": 200,
  "description": "Success",
  "data": [
    {
      "value": 1.5,
      "amount": 81,
      "owner": {
        "id": 7696,
        "type": "account"
      }
    },
    {
      "value": 3,
      "amount": 127,
      "owner": {
        "id": 2185,
        "type": "account"
      }
    },
    {
      "value": 5,
      "amount": 79,
      "owner": {
        "id": 5584,
        "type": "account"
      }
    }
  ]
}

Pobieranie danych: cenach itemu fuel w kraju Slovenia z URL: https://api.eclesiar.com/market/items/get?country_id=20&item_id=13...
--- Dane o cenach itemu fuel w kraju Slovenia ---
{
  "code": 200,
  "description": "Success",
  "data": [
    {
      "value": 0.269,
      "amount": 390,
      "owner": {
        "id": 1755,
        "type": "account"
      }
    },
    {
      "value": 0.27,
      "amount": 100,
      "owner": {
        "id": 11387,
        "type": "account"
      }
    },
    {
      "value": 0.271,
      "amount": 419,
      "owner": {
        "id": 29,
        "type": "holding"
      }
    },
    {
      "value": 0.273,
      "amount": 858,
      "owner": {
        "id": 5986,
        "type": "account"
      }
    },
    {
      "value": 0.286,
      "amount": 70,
      "owner": {
        "id": 180,
        "type": "holding"
      }
    },
    {
      "value": 0.307,
      "amount": 100,
      "owner": {
        "id": 11387,
        "type": "account"
      }
    },
    {
      "value": 0.324,
      "amount": 306,
      "owner": {
        "id": 440,
        "type": "account"
      }
    },
    {
      "value": 0.327,
      "amount": 68,
      "owner": {
        "id": 436,
        "type": "account"
      }
    },
    {
      "value": 0.332,
      "amount": 46,
      "owner": {
        "id": 148,
        "type": "holding"
      }
    },
    {
      "value": 0.341,
      "amount": 33,
      "owner": {
        "id": 11387,
        "type": "account"
      }
    },
    {
      "value": 0.5,
      "amount": 1,
      "owner": {
        "id": 9200,
        "type": "account"
      }
    },
    {
      "value": 0.585,
      "amount": 288,
      "owner": {
        "id": 1837,
        "type": "account"
      }
    },
    {
      "value": 0.591,
      "amount": 14,
      "owner": {
        "id": 5595,
        "type": "account"
      }
    },
    {
      "value": 0.6,
      "amount": 30,
      "owner": {
        "id": 12013,
        "type": "account"
      }
    },
    {
      "value": 1,
      "amount": 1,
      "owner": {
        "id": 257,
        "type": "account"
      }
    },
    {
      "value": 1,
      "amount": 276,
      "owner": {
        "id": 6044,
        "type": "account"
      }
    },
    {
      "value": 1,
      "amount": 15,
      "owner": {
        "id": 2626,
        "type": "account"
      }
    },
    {
      "value": 1,
      "amount": 1,
      "owner": {
        "id": 5969,
        "type": "account"
      }
    },
    {
      "value": 3,
      "amount": 2,
      "owner": {
        "id": 1812,
        "type": "account"
      }
    }
  ]
}

Pobieranie danych: cenach itemu fuel w kraju Croatia z URL: https://api.eclesiar.com/market/items/get?country_id=21&item_id=13...
--- Dane o cenach itemu fuel w kraju Croatia ---
{
  "code": 200,
  "description": "Success",
  "data": [
    {
      "value": 0.12,
      "amount": 1978,
      "owner": {
        "id": 6555,
        "type": "account"
      }
    },
    {
      "value": 0.13,
      "amount": 90,
      "owner": {
        "id": 10277,
        "type": "account"
      }
    },
    {
      "value": 0.15,
      "amount": 476,
      "owner": {
        "id": 10667,
        "type": "account"
      }
    },
    {
      "value": 0.299,
      "amount": 266,
      "owner": {
        "id": 11387,
        "type": "account"
      }
    },
    {
      "value": 1,
      "amount": 1,
      "owner": {
        "id": 5583,
        "type": "account"
      }
    },
    {
      "value": 2,
      "amount": 100,
      "owner": {
        "id": 216,
        "type": "account"
      }
    },
    {
      "value": 2,
      "amount": 1,
      "owner": {
        "id": 5583,
        "type": "account"
      }
    },
    {
      "value": 222,
      "amount": 1,
      "owner": {
        "id": 7048,
        "type": "account"
      }
    }
  ]
}

Pobieranie danych: cenach itemu fuel w kraju Bosnia and Herzegovina z URL: https://api.eclesiar.com/market/items/get?country_id=22&item_id=13...
--- Dane o cenach itemu fuel w kraju Bosnia and Herzegovina ---
{
  "code": 200,
  "description": "Success",
  "data": [
    {
      "value": 0.2,
      "amount": 81,
      "owner": {
        "id": 1155,
        "type": "account"
      }
    },
    {
      "value": 0.499,
      "amount": 78,
      "owner": {
        "id": 9897,
        "type": "account"
      }
    },
    {
      "value": 1,
      "amount": 5,
      "owner": {
        "id": 4030,
        "type": "account"
      }
    },
    {
      "value": 1,
      "amount": 1,
      "owner": {
        "id": 2663,
        "type": "account"
      }
    },
    {
      "value": 1,
      "amount": 13,
      "owner": {
        "id": 257,
        "type": "account"
      }
    },
    {
      "value": 2,
      "amount": 1,
      "owner": {
        "id": 5847,
        "type": "account"
      }
    },
    {
      "value": 2.3,
      "amount": 1,
      "owner": {
        "id": 10743,
        "type": "account"
      }
    },
    {
      "value": 10,
      "amount": 5,
      "owner": {
        "id": 5492,
        "type": "account"
      }
    }
  ]
}

Pobieranie danych: cenach itemu fuel w kraju Serbia z URL: https://api.eclesiar.com/market/items/get?country_id=23&item_id=13...
--- Dane o cenach itemu fuel w kraju Serbia ---
{
  "code": 200,
  "description": "Success",
  "data": [
    {
      "value": 1.69,
      "amount": 196,
      "owner": {
        "id": 5733,
        "type": "account"
      }
    },
    {
      "value": 1.73,
      "amount": 10,
      "owner": {
        "id": 1812,
        "type": "account"
      }
    },
    {
      "value": 1.74,
      "amount": 5,
      "owner": {
        "id": 1812,
        "type": "account"
      }
    },
    {
      "value": 22,
      "amount": 1,
      "owner": {
        "id": 5599,
        "type": "account"
      }
    },
    {
      "value": 50,
      "amount": 1,
      "owner": {
        "id": 12770,
        "type": "account"
      }
    }
  ]
}

Pobieranie danych: cenach itemu fuel w kraju North Macedonia z URL: https://api.eclesiar.com/market/items/get?country_id=24&item_id=13...
--- Dane o cenach itemu fuel w kraju North Macedonia ---
{
  "code": 200,
  "description": "Success",
  "data": [
    {
      "value": 0.22,
      "amount": 689,
      "owner": {
        "id": 24,
        "type": "country"
      }
    },
    {
      "value": 4.5,
      "amount": 16,
      "owner": {
        "id": 10182,
        "type": "account"
      }
    },
    {
      "value": 5,
      "amount": 1,
      "owner": {
        "id": 2572,
        "type": "account"
      }
    },
    {
      "value": 100,
      "amount": 1,
      "owner": {
        "id": 3553,
        "type": "account"
      }
    }
  ]
}

Pobieranie danych: cenach itemu fuel w kraju Albania z URL: https://api.eclesiar.com/market/items/get?country_id=25&item_id=13...
--- Dane o cenach itemu fuel w kraju Albania ---
{
  "code": 200,
  "description": "Success",
  "data": [
    {
      "value": 1.79,
      "amount": 99,
      "owner": {
        "id": 216,
        "type": "account"
      }
    },
    {
      "value": 1.8,
      "amount": 50,
      "owner": {
        "id": 10182,
        "type": "account"
      }
    },
    {
      "value": 2,
      "amount": 400,
      "owner": {
        "id": 25,
        "type": "country"
      }
    }
  ]
}

Pobieranie danych: cenach itemu fuel w kraju Greece z URL: https://api.eclesiar.com/market/items/get?country_id=26&item_id=13...
--- Dane o cenach itemu fuel w kraju Greece ---
{
  "code": 200,
  "description": "Success",
  "data": [
    {
      "value": 0.15,
      "amount": 167,
      "owner": {
        "id": 419,
        "type": "holding"
      }
    }
  ]
}

Pobieranie danych: cenach itemu fuel w kraju Hungary z URL: https://api.eclesiar.com/market/items/get?country_id=27&item_id=13...
--- Dane o cenach itemu fuel w kraju Hungary ---
{
  "code": 200,
  "description": "Success",
  "data": [
    {
      "value": 0.324,
      "amount": 40,
      "owner": {
        "id": 9716,
        "type": "account"
      }
    },
    {
      "value": 0.325,
      "amount": 100,
      "owner": {
        "id": 2582,
        "type": "account"
      }
    },
    {
      "value": 0.326,
      "amount": 67,
      "owner": {
        "id": 11311,
        "type": "account"
      }
    },
    {
      "value": 0.34,
      "amount": 153,
      "owner": {
        "id": 1395,
        "type": "account"
      }
    },
    {
      "value": 0.357,
      "amount": 7,
      "owner": {
        "id": 180,
        "type": "holding"
      }
    },
    {
      "value": 0.487,
      "amount": 145,
      "owner": {
        "id": 398,
        "type": "holding"
      }
    },
    {
      "value": 1,
      "amount": 2,
      "owner": {
        "id": 257,
        "type": "account"
      }
    }
  ]
}

Pobieranie danych: cenach itemu fuel w kraju Romania z URL: https://api.eclesiar.com/market/items/get?country_id=28&item_id=13...
--- Dane o cenach itemu fuel w kraju Romania ---
{
  "code": 200,
  "description": "Success",
  "data": [
    {
      "value": 0.96,
      "amount": 22,
      "owner": {
        "id": 10182,
        "type": "account"
      }
    },
    {
      "value": 0.96,
      "amount": 30,
      "owner": {
        "id": 71,
        "type": "holding"
      }
    },
    {
      "value": 1,
      "amount": 2,
      "owner": {
        "id": 1812,
        "type": "account"
      }
    },
    {
      "value": 1,
      "amount": 61,
      "owner": {
        "id": 1255,
        "type": "account"
      }
    },
    {
      "value": 1.05,
      "amount": 2,
      "owner": {
        "id": 1812,
        "type": "account"
      }
    },
    {
      "value": 1.25,
      "amount": 1,
      "owner": {
        "id": 1812,
        "type": "account"
      }
    },
    {
      "value": 2.8,
      "amount": 100,
      "owner": {
        "id": 92,
        "type": "account"
      }
    }
  ]
}

Pobieranie danych: cenach itemu fuel w kraju Bulgaria z URL: https://api.eclesiar.com/market/items/get?country_id=30&item_id=13...
--- Dane o cenach itemu fuel w kraju Bulgaria ---
{
  "code": 200,
  "description": "Success",
  "data": [
    {
      "value": 0.549,
      "amount": 86,
      "owner": {
        "id": 11311,
        "type": "account"
      }
    },
    {
      "value": 1.796,
      "amount": 26,
      "owner": {
        "id": 5251,
        "type": "account"
      }
    },
    {
      "value": 2,
      "amount": 3,
      "owner": {
        "id": 1812,
        "type": "account"
      }
    },
    {
      "value": 2.2,
      "amount": 3,
      "owner": {
        "id": 1812,
        "type": "account"
      }
    },
    {
      "value": 3,
      "amount": 2,
      "owner": {
        "id": 1812,
        "type": "account"
      }
    },
    {
      "value": 3,
      "amount": 2,
      "owner": {
        "id": 5807,
        "type": "account"
      }
    },
    {
      "value": 4.9,
      "amount": 8,
      "owner": {
        "id": 748,
        "type": "account"
      }
    },
    {
      "value": 15,
      "amount": 10,
      "owner": {
        "id": 5599,
        "type": "account"
      }
    },
    {
      "value": 111,
      "amount": 2,
      "owner": {
        "id": 5599,
        "type": "account"
      }
    }
  ]
}

Pobieranie danych: cenach itemu fuel w kraju Turkey z URL: https://api.eclesiar.com/market/items/get?country_id=31&item_id=13...
--- Dane o cenach itemu fuel w kraju Turkey ---
{
  "code": 200,
  "description": "Success",
  "data": [
    {
      "value": 0.4,
      "amount": 9,
      "owner": {
        "id": 31,
        "type": "country"
      }
    },
    {
      "value": 0.41,
      "amount": 1,
      "owner": {
        "id": 1941,
        "type": "account"
      }
    },
    {
      "value": 0.48,
      "amount": 79,
      "owner": {
        "id": 1812,
        "type": "account"
      }
    },
    {
      "value": 1,
      "amount": 4,
      "owner": {
        "id": 2188,
        "type": "account"
      }
    },
    {
      "value": 1,
      "amount": 225,
      "owner": {
        "id": 1971,
        "type": "account"
      }
    },
    {
      "value": 5,
      "amount": 8,
      "owner": {
        "id": 5085,
        "type": "account"
      }
    },
    {
      "value": 10,
      "amount": 1,
      "owner": {
        "id": 2047,
        "type": "account"
      }
    }
  ]
}

Pobieranie danych: cenach itemu fuel w kraju Ukraine z URL: https://api.eclesiar.com/market/items/get?country_id=32&item_id=13...
--- Dane o cenach itemu fuel w kraju Ukraine ---
{
  "code": 200,
  "description": "Success"
}

Pobieranie danych: cenach itemu fuel w kraju Russia z URL: https://api.eclesiar.com/market/items/get?country_id=33&item_id=13...
--- Dane o cenach itemu fuel w kraju Russia ---
{
  "code": 200,
  "description": "Success"
}

Pobieranie danych: cenach itemu fuel w kraju Georgia z URL: https://api.eclesiar.com/market/items/get?country_id=34&item_id=13...
--- Dane o cenach itemu fuel w kraju Georgia ---
{
  "code": 200,
  "description": "Success",
  "data": [
    {
      "value": 0.15,
      "amount": 17,
      "owner": {
        "id": 216,
        "type": "account"
      }
    },
    {
      "value": 0.29,
      "amount": 50,
      "owner": {
        "id": 216,
        "type": "account"
      }
    },
    {
      "value": 1,
      "amount": 2,
      "owner": {
        "id": 1812,
        "type": "account"
      }
    },
    {
      "value": 1,
      "amount": 2,
      "owner": {
        "id": 1730,
        "type": "account"
      }
    },
    {
      "value": 1.1,
      "amount": 2,
      "owner": {
        "id": 1812,
        "type": "account"
      }
    },
    {
      "value": 1.15,
      "amount": 2,
      "owner": {
        "id": 1812,
        "type": "account"
      }
    }
  ]
}

Pobieranie danych: cenach itemu fuel w kraju Israel z URL: https://api.eclesiar.com/market/items/get?country_id=35&item_id=13...
--- Dane o cenach itemu fuel w kraju Israel ---
{
  "code": 200,
  "description": "Success"
}

Pobieranie danych: cenach itemu fuel w kraju Egypt z URL: https://api.eclesiar.com/market/items/get?country_id=36&item_id=13...
--- Dane o cenach itemu fuel w kraju Egypt ---
{
  "code": 200,
  "description": "Success",
  "data": [
    {
      "value": 0.289,
      "amount": 20,
      "owner": {
        "id": 11387,
        "type": "account"
      }
    },
    {
      "value": 0.3,
      "amount": 100,
      "owner": {
        "id": 10277,
        "type": "account"
      }
    },
    {
      "value": 0.59,
      "amount": 51,
      "owner": {
        "id": 71,
        "type": "holding"
      }
    },
    {
      "value": 0.6,
      "amount": 38,
      "owner": {
        "id": 110,
        "type": "holding"
      }
    },
    {
      "value": 1,
      "amount": 5,
      "owner": {
        "id": 257,
        "type": "account"
      }
    }
  ]
}

Pobieranie danych: cenach itemu fuel w kraju South Africa z URL: https://api.eclesiar.com/market/items/get?country_id=37&item_id=13...
--- Dane o cenach itemu fuel w kraju South Africa ---
{
  "code": 200,
  "description": "Success"
}

Pobieranie danych: cenach itemu fuel w kraju Iraq z URL: https://api.eclesiar.com/market/items/get?country_id=38&item_id=13...
--- Dane o cenach itemu fuel w kraju Iraq ---
{
  "code": 200,
  "description": "Success"
}

Pobieranie danych: cenach itemu fuel w kraju Saudi Arabia z URL: https://api.eclesiar.com/market/items/get?country_id=39&item_id=13...
--- Dane o cenach itemu fuel w kraju Saudi Arabia ---
{
  "code": 200,
  "description": "Success",
  "data": [
    {
      "value": 0.498,
      "amount": 24,
      "owner": {
        "id": 3495,
        "type": "npc"
      }
    },
    {
      "value": 0.499,
      "amount": 26,
      "owner": {
        "id": 4404,
        "type": "npc"
      }
    },
    {
      "value": 0.5,
      "amount": 20,
      "owner": {
        "id": 5054,
        "type": "account"
      }
    },
    {
      "value": 1,
      "amount": 1,
      "owner": {
        "id": 377,
        "type": "account"
      }
    },
    {
      "value": 2,
      "amount": 6,
      "owner": {
        "id": 1205,
        "type": "account"
      }
    },
    {
      "value": 3,
      "amount": 88,
      "owner": {
        "id": 216,
        "type": "account"
      }
    },
    {
      "value": 30,
      "amount": 3,
      "owner": {
        "id": 6046,
        "type": "account"
      }
    },
    {
      "value": 50,
      "amount": 1,
      "owner": {
        "id": 6046,
        "type": "account"
      }
    }
  ]
}

Pobieranie danych: cenach itemu fuel w kraju Iran z URL: https://api.eclesiar.com/market/items/get?country_id=40&item_id=13...
--- Dane o cenach itemu fuel w kraju Iran ---
{
  "code": 200,
  "description": "Success",
  "data": [
    {
      "value": 59,
      "amount": 6,
      "owner": {
        "id": 1055,
        "type": "account"
      }
    },
    {
      "value": 60,
      "amount": 5,
      "owner": {
        "id": 3479,
        "type": "account"
      }
    }
  ]
}

Pobieranie danych: cenach itemu fuel w kraju Pakistan z URL: https://api.eclesiar.com/market/items/get?country_id=41&item_id=13...
--- Dane o cenach itemu fuel w kraju Pakistan ---
{
  "code": 200,
  "description": "Success"
}

Pobieranie danych: cenach itemu fuel w kraju India z URL: https://api.eclesiar.com/market/items/get?country_id=42&item_id=13...
--- Dane o cenach itemu fuel w kraju India ---
{
  "code": 200,
  "description": "Success"
}

Pobieranie danych: cenach itemu fuel w kraju China z URL: https://api.eclesiar.com/market/items/get?country_id=43&item_id=13...
--- Dane o cenach itemu fuel w kraju China ---
{
  "code": 200,
  "description": "Success",
  "data": [
    {
      "value": 0.449,
      "amount": 2500,
      "owner": {
        "id": 9611,
        "type": "account"
      }
    },
    {
      "value": 0.49,
      "amount": 11,
      "owner": {
        "id": 5597,
        "type": "account"
      }
    },
    {
      "value": 1,
      "amount": 1,
      "owner": {
        "id": 257,
        "type": "account"
      }
    },
    {
      "value": 1,
      "amount": 48,
      "owner": {
        "id": 12543,
        "type": "account"
      }
    },
    {
      "value": 111,
      "amount": 1,
      "owner": {
        "id": 5599,
        "type": "account"
      }
    }
  ]
}

Pobieranie danych: cenach itemu fuel w kraju Japan z URL: https://api.eclesiar.com/market/items/get?country_id=44&item_id=13...
--- Dane o cenach itemu fuel w kraju Japan ---
{
  "code": 200,
  "description": "Success",
  "data": [
    {
      "value": 9,
      "amount": 94,
      "owner": {
        "id": 11311,
        "type": "account"
      }
    },
    {
      "value": 9.999,
      "amount": 57,
      "owner": {
        "id": 11387,
        "type": "account"
      }
    }
  ]
}

Pobieranie danych: cenach itemu fuel w kraju South Korea z URL: https://api.eclesiar.com/market/items/get?country_id=45&item_id=13...
--- Dane o cenach itemu fuel w kraju South Korea ---
{
  "code": 200,
  "description": "Success",
  "data": [
    {
      "value": 0.98,
      "amount": 83,
      "owner": {
        "id": 5597,
        "type": "account"
      }
    },
    {
      "value": 0.99,
      "amount": 344,
      "owner": {
        "id": 45,
        "type": "country"
      }
    },
    {
      "value": 1,
      "amount": 6,
      "owner": {
        "id": 257,
        "type": "account"
      }
    },
    {
      "value": 1,
      "amount": 38,
      "owner": {
        "id": 10357,
        "type": "account"
      }
    },
    {
      "value": 10,
      "amount": 11,
      "owner": {
        "id": 5597,
        "type": "account"
      }
    },
    {
      "value": 100,
      "amount": 4,
      "owner": {
        "id": 3553,
        "type": "account"
      }
    }
  ]
}

Pobieranie danych: cenach itemu fuel w kraju Indonesia z URL: https://api.eclesiar.com/market/items/get?country_id=46&item_id=13...
--- Dane o cenach itemu fuel w kraju Indonesia ---
{
  "code": 200,
  "description": "Success",
  "data": [
    {
      "value": 4.999,
      "amount": 140,
      "owner": {
        "id": 77,
        "type": "npc"
      }
    },
    {
      "value": 10,
      "amount": 1,
      "owner": {
        "id": 1529,
        "type": "account"
      }
    },
    {
      "value": 10,
      "amount": 1,
      "owner": {
        "id": 833,
        "type": "account"
      }
    }
  ]
}

Pobieranie danych: cenach itemu fuel w kraju Australia z URL: https://api.eclesiar.com/market/items/get?country_id=47&item_id=13...
--- Dane o cenach itemu fuel w kraju Australia ---
{
  "code": 200,
  "description": "Success",
  "data": [
    {
      "value": 0.07,
      "amount": 644,
      "owner": {
        "id": 94,
        "type": "holding"
      }
    },
    {
      "value": 0.249,
      "amount": 59,
      "owner": {
        "id": 180,
        "type": "holding"
      }
    },
    {
      "value": 0.25,
      "amount": 307,
      "owner": {
        "id": 536,
        "type": "holding"
      }
    },
    {
      "value": 0.7,
      "amount": 100,
      "owner": {
        "id": 536,
        "type": "holding"
      }
    },
    {
      "value": 1,
      "amount": 1,
      "owner": {
        "id": 13506,
        "type": "account"
      }
    },
    {
      "value": 2,
      "amount": 3,
      "owner": {
        "id": 13506,
        "type": "account"
      }
    }
  ]
}

Pobieranie danych: cenach itemu fuel w kraju Philippines z URL: https://api.eclesiar.com/market/items/get?country_id=48&item_id=13...
--- Dane o cenach itemu fuel w kraju Philippines ---
{
  "code": 200,
  "description": "Success"
}

Pobieranie danych: cenach itemu airplane ticket q1 w kraju United Kingdom z URL: https://api.eclesiar.com/market/items/get?country_id=2&item_id=14...
--- Dane o cenach itemu airplane ticket q1 w kraju United Kingdom ---
{
  "code": 200,
  "description": "Success",
  "data": [
    {
      "value": 1,
      "amount": 7,
      "owner": {
        "id": 45,
        "type": "account"
      }
    },
    {
      "value": 1,
      "amount": 21,
      "owner": {
        "id": 6946,
        "type": "account"
      }
    },
    {
      "value": 10,
      "amount": 1,
      "owner": {
        "id": 15929,
        "type": "account"
      }
    },
    {
      "value": 50,
      "amount": 1,
      "owner": {
        "id": 6851,
        "type": "account"
      }
    }
  ]
}

Pobieranie danych: cenach itemu airplane ticket q1 w kraju United States of America z URL: https://api.eclesiar.com/market/items/get?country_id=3&item_id=14...
--- Dane o cenach itemu airplane ticket q1 w kraju United States of America ---
{
  "code": 200,
  "description": "Success",
  "data": [
    {
      "value": 0.459,
      "amount": 8,
      "owner": {
        "id": 564,
        "type": "holding"
      }
    },
    {
      "value": 0.46,
      "amount": 8,
      "owner": {
        "id": 13471,
        "type": "account"
      }
    },
    {
      "value": 0.489,
      "amount": 12,
      "owner": {
        "id": 1738,
        "type": "account"
      }
    },
    {
      "value": 0.696,
      "amount": 331,
      "owner": {
        "id": 1690,
        "type": "account"
      }
    },
    {
      "value": 0.79,
      "amount": 20,
      "owner": {
        "id": 3940,
        "type": "account"
      }
    },
    {
      "value": 1,
      "amount": 1,
      "owner": {
        "id": 13251,
        "type": "account"
      }
    },
    {
      "value": 1.5,
      "amount": 5,
      "owner": {
        "id": 16356,
        "type": "account"
      }
    },
    {
      "value": 5,
      "amount": 1,
      "owner": {
        "id": 12791,
        "type": "account"
      }
    },
    {
      "value": 10,
      "amount": 1,
      "owner": {
        "id": 13406,
        "type": "account"
      }
    },
    {
      "value": 10,
      "amount": 1,
      "owner": {
        "id": 5835,
        "type": "account"
      }
    },
    {
      "value": 20,
      "amount": 2,
      "owner": {
        "id": 3938,
        "type": "account"
      }
    },
    {
      "value": 83,
      "amount": 9,
      "owner": {
        "id": 2129,
        "type": "account"
      }
    },
    {
      "value": 133,
      "amount": 1,
      "owner": {
        "id": 2129,
        "type": "account"
      }
    },
    {
      "value": 500,
      "amount": 1,
      "owner": {
        "id": 11984,
        "type": "account"
      }
    },
    {
      "value": 3333,
      "amount": 13,
      "owner": {
        "id": 2129,
        "type": "account"
      }
    },
    {
      "value": 9999,
      "amount": 3,
      "owner": {
        "id": 3225,
        "type": "account"
      }
    },
    {
      "value": 9999,
      "amount": 3,
      "owner": {
        "id": 3275,
        "type": "account"
      }
    },
    {
      "value": 9999,
      "amount": 3,
      "owner": {
        "id": 3277,
        "type": "account"
      }
    },
    {
      "value": 9999,
      "amount": 3,
      "owner": {
        "id": 3278,
        "type": "account"
      }
    },
    {
      "value": 9999,
      "amount": 3,
      "owner": {
        "id": 3319,
        "type": "account"
      }
    },
    {
      "value": 9999,
      "amount": 3,
      "owner": {
        "id": 3321,
        "type": "account"
      }
    }
  ]
}

Pobieranie danych: cenach itemu airplane ticket q1 w kraju Mexico z URL: https://api.eclesiar.com/market/items/get?country_id=4&item_id=14...
--- Dane o cenach itemu airplane ticket q1 w kraju Mexico ---
{
  "code": 200,
  "description": "Success",
  "data": [
    {
      "value": 1,
      "amount": 3,
      "owner": {
        "id": 16204,
        "type": "account"
      }
    }
  ]
}

Pobieranie danych: cenach itemu airplane ticket q1 w kraju Colombia z URL: https://api.eclesiar.com/market/items/get?country_id=5&item_id=14...
--- Dane o cenach itemu airplane ticket q1 w kraju Colombia ---
{
  "code": 200,
  "description": "Success"
}

Pobieranie danych: cenach itemu airplane ticket q1 w kraju Peru z URL: https://api.eclesiar.com/market/items/get?country_id=6&item_id=14...
--- Dane o cenach itemu airplane ticket q1 w kraju Peru ---
{
  "code": 200,
  "description": "Success",
  "data": [
    {
      "value": 1.198,
      "amount": 40,
      "owner": {
        "id": 12419,
        "type": "account"
      }
    },
    {
      "value": 1.198,
      "amount": 104,
      "owner": {
        "id": 9755,
        "type": "account"
      }
    },
    {
      "value": 1.199,
      "amount": 17,
      "owner": {
        "id": 15907,
        "type": "account"
      }
    },
    {
      "value": 3,
      "amount": 22,
      "owner": {
        "id": 935,
        "type": "account"
      }
    }
  ]
}

Pobieranie danych: cenach itemu airplane ticket q1 w kraju Brazil z URL: https://api.eclesiar.com/market/items/get?country_id=7&item_id=14...
--- Dane o cenach itemu airplane ticket q1 w kraju Brazil ---
{
  "code": 200,
  "description": "Success",
  "data": [
    {
      "value": 0.794,
      "amount": 2,
      "owner": {
        "id": 15895,
        "type": "account"
      }
    },
    {
      "value": 2,
      "amount": 6,
      "owner": {
        "id": 12250,
        "type": "account"
      }
    },
    {
      "value": 2,
      "amount": 3,
      "owner": {
        "id": 6320,
        "type": "account"
      }
    },
    {
      "value": 3.8,
      "amount": 1,
      "owner": {
        "id": 13427,
        "type": "account"
      }
    },
    {
      "value": 5,
      "amount": 1,
      "owner": {
        "id": 1202,
        "type": "account"
      }
    },
    {
      "value": 10,
      "amount": 2,
      "owner": {
        "id": 9116,
        "type": "account"
      }
    },
    {
      "value": 10,
      "amount": 3,
      "owner": {
        "id": 16043,
        "type": "account"
      }
    },
    {
      "value": 170,
      "amount": 1,
      "owner": {
        "id": 6464,
        "type": "account"
      }
    },
    {
      "value": 1000,
      "amount": 1,
      "owner": {
        "id": 1672,
        "type": "account"
      }
    }
  ]
}

Pobieranie danych: cenach itemu airplane ticket q1 w kraju Chile z URL: https://api.eclesiar.com/market/items/get?country_id=8&item_id=14...
--- Dane o cenach itemu airplane ticket q1 w kraju Chile ---
{
  "code": 200,
  "description": "Success",
  "data": [
    {
      "value": 2,
      "amount": 18,
      "owner": {
        "id": 11311,
        "type": "account"
      }
    },
    {
      "value": 2.5,
      "amount": 50,
      "owner": {
        "id": 1395,
        "type": "account"
      }
    },
    {
      "value": 3,
      "amount": 6,
      "owner": {
        "id": 16053,
        "type": "account"
      }
    },
    {
      "value": 3.4,
      "amount": 1,
      "owner": {
        "id": 12374,
        "type": "account"
      }
    },
    {
      "value": 3.8,
      "amount": 1,
      "owner": {
        "id": 12374,
        "type": "account"
      }
    },
    {
      "value": 5,
      "amount": 1,
      "owner": {
        "id": 12139,
        "type": "account"
      }
    },
    {
      "value": 11,
      "amount": 1,
      "owner": {
        "id": 3542,
        "type": "account"
      }
    },
    {
      "value": 20,
      "amount": 1,
      "owner": {
        "id": 12374,
        "type": "account"
      }
    },
    {
      "value": 30,
      "amount": 1,
      "owner": {
        "id": 12408,
        "type": "account"
      }
    }
  ]
}

Pobieranie danych: cenach itemu airplane ticket q1 w kraju Argentina z URL: https://api.eclesiar.com/market/items/get?country_id=10&item_id=14...
--- Dane o cenach itemu airplane ticket q1 w kraju Argentina ---
{
  "code": 200,
  "description": "Success",
  "data": [
    {
      "value": 3,
      "amount": 8,
      "owner": {
        "id": 7218,
        "type": "account"
      }
    },
    {
      "value": 15,
      "amount": 3,
      "owner": {
        "id": 3887,
        "type": "account"
      }
    }
  ]
}

Pobieranie danych: cenach itemu airplane ticket q1 w kraju Ireland z URL: https://api.eclesiar.com/market/items/get?country_id=11&item_id=14...
--- Dane o cenach itemu airplane ticket q1 w kraju Ireland ---
{
  "code": 200,
  "description": "Success",
  "data": [
    {
      "value": 10,
      "amount": 9,
      "owner": {
        "id": 11311,
        "type": "account"
      }
    }
  ]
}

Pobieranie danych: cenach itemu airplane ticket q1 w kraju France z URL: https://api.eclesiar.com/market/items/get?country_id=12&item_id=14...
--- Dane o cenach itemu airplane ticket q1 w kraju France ---
{
  "code": 200,
  "description": "Success",
  "data": [
    {
      "value": 0.45,
      "amount": 115,
      "owner": {
        "id": 1849,
        "type": "account"
      }
    },
    {
      "value": 0.452,
      "amount": 12,
      "owner": {
        "id": 3281,
        "type": "npc"
      }
    },
    {
      "value": 0.453,
      "amount": 17,
      "owner": {
        "id": 11311,
        "type": "account"
      }
    },
    {
      "value": 10,
      "amount": 6,
      "owner": {
        "id": 13494,
        "type": "account"
      }
    },
    {
      "value": 30,
      "amount": 1,
      "owner": {
        "id": 1453,
        "type": "account"
      }
    },
    {
      "value": 500,
      "amount": 1,
      "owner": {
        "id": 5074,
        "type": "account"
      }
    }
  ]
}

Pobieranie danych: cenach itemu airplane ticket q1 w kraju Portugal z URL: https://api.eclesiar.com/market/items/get?country_id=13&item_id=14...
--- Dane o cenach itemu airplane ticket q1 w kraju Portugal ---
{
  "code": 200,
  "description": "Success",
  "data": [
    {
      "value": 0.19,
      "amount": 26,
      "owner": {
        "id": 9433,
        "type": "account"
      }
    },
    {
      "value": 0.19,
      "amount": 124,
      "owner": {
        "id": 13643,
        "type": "account"
      }
    },
    {
      "value": 0.2,
      "amount": 5,
      "owner": {
        "id": 16353,
        "type": "account"
      }
    },
    {
      "value": 0.2,
      "amount": 20,
      "owner": {
        "id": 12364,
        "type": "account"
      }
    },
    {
      "value": 0.22,
      "amount": 5,
      "owner": {
        "id": 15991,
        "type": "account"
      }
    },
    {
      "value": 0.3,
      "amount": 42,
      "owner": {
        "id": 12364,
        "type": "account"
      }
    },
    {
      "value": 0.3,
      "amount": 1,
      "owner": {
        "id": 13611,
        "type": "account"
      }
    },
    {
      "value": 0.67,
      "amount": 28,
      "owner": {
        "id": 12364,
        "type": "account"
      }
    },
    {
      "value": 1,
      "amount": 10,
      "owner": {
        "id": 4556,
        "type": "account"
      }
    },
    {
      "value": 10,
      "amount": 1,
      "owner": {
        "id": 16043,
        "type": "account"
      }
    },
    {
      "value": 10,
      "amount": 2,
      "owner": {
        "id": 13477,
        "type": "account"
      }
    },
    {
      "value": 12,
      "amount": 1,
      "owner": {
        "id": 12652,
        "type": "account"
      }
    },
    {
      "value": 50,
      "amount": 1,
      "owner": {
        "id": 13618,
        "type": "account"
      }
    },
    {
      "value": 100,
      "amount": 1,
      "owner": {
        "id": 13477,
        "type": "account"
      }
    },
    {
      "value": 100,
      "amount": 1,
      "owner": {
        "id": 3553,
        "type": "account"
      }
    },
    {
      "value": 123,
      "amount": 1,
      "owner": {
        "id": 9904,
        "type": "account"
      }
    },
    {
      "value": 1000,
      "amount": 1,
      "owner": {
        "id": 7455,
        "type": "account"
      }
    }
  ]
}

Pobieranie danych: cenach itemu airplane ticket q1 w kraju Spain z URL: https://api.eclesiar.com/market/items/get?country_id=14&item_id=14...
--- Dane o cenach itemu airplane ticket q1 w kraju Spain ---
{
  "code": 200,
  "description": "Success",
  "data": [
    {
      "value": 0.23,
      "amount": 10,
      "owner": {
        "id": 564,
        "type": "holding"
      }
    },
    {
      "value": 0.235,
      "amount": 14,
      "owner": {
        "id": 1908,
        "type": "account"
      }
    },
    {
      "value": 0.238,
      "amount": 30,
      "owner": {
        "id": 11311,
        "type": "account"
      }
    },
    {
      "value": 0.239,
      "amount": 100,
      "owner": {
        "id": 3481,
        "type": "account"
      }
    },
    {
      "value": 0.24,
      "amount": 5,
      "owner": {
        "id": 13228,
        "type": "account"
      }
    },
    {
      "value": 0.8,
      "amount": 1,
      "owner": {
        "id": 12552,
        "type": "account"
      }
    },
    {
      "value": 1,
      "amount": 1,
      "owner": {
        "id": 13515,
        "type": "account"
      }
    },
    {
      "value": 1,
      "amount": 1,
      "owner": {
        "id": 13514,
        "type": "account"
      }
    },
    {
      "value": 9,
      "amount": 1,
      "owner": {
        "id": 2472,
        "type": "account"
      }
    },
    {
      "value": 10,
      "amount": 1,
      "owner": {
        "id": 2478,
        "type": "account"
      }
    },
    {
      "value": 20,
      "amount": 1,
      "owner": {
        "id": 12535,
        "type": "account"
      }
    },
    {
      "value": 1234,
      "amount": 3,
      "owner": {
        "id": 1963,
        "type": "account"
      }
    },
    {
      "value": 10000,
      "amount": 1,
      "owner": {
        "id": 12448,
        "type": "account"
      }
    }
  ]
}

Pobieranie danych: cenach itemu airplane ticket q1 w kraju Germany z URL: https://api.eclesiar.com/market/items/get?country_id=15&item_id=14...
--- Dane o cenach itemu airplane ticket q1 w kraju Germany ---
{
  "code": 200,
  "description": "Success",
  "data": [
    {
      "value": 0.293,
      "amount": 3,
      "owner": {
        "id": 16395,
        "type": "account"
      }
    },
    {
      "value": 0.294,
      "amount": 62,
      "owner": {
        "id": 9611,
        "type": "account"
      }
    },
    {
      "value": 0.298,
      "amount": 28,
      "owner": {
        "id": 11311,
        "type": "account"
      }
    },
    {
      "value": 0.3,
      "amount": 20,
      "owner": {
        "id": 2589,
        "type": "account"
      }
    },
    {
      "value": 0.49,
      "amount": 8,
      "owner": {
        "id": 1658,
        "type": "account"
      }
    },
    {
      "value": 2.96,
      "amount": 2,
      "owner": {
        "id": 1812,
        "type": "account"
      }
    },
    {
      "value": 2.97,
      "amount": 2,
      "owner": {
        "id": 1812,
        "type": "account"
      }
    },
    {
      "value": 4,
      "amount": 1,
      "owner": {
        "id": 12347,
        "type": "account"
      }
    },
    {
      "value": 10,
      "amount": 2,
      "owner": {
        "id": 13406,
        "type": "account"
      }
    },
    {
      "value": 12,
      "amount": 1,
      "owner": {
        "id": 12347,
        "type": "account"
      }
    }
  ]
}

Pobieranie danych: cenach itemu airplane ticket q1 w kraju Sweden z URL: https://api.eclesiar.com/market/items/get?country_id=16&item_id=14...
--- Dane o cenach itemu airplane ticket q1 w kraju Sweden ---
{
  "code": 200,
  "description": "Success",
  "data": [
    {
      "value": 0.389,
      "amount": 14,
      "owner": {
        "id": 1506,
        "type": "account"
      }
    },
    {
      "value": 0.39,
      "amount": 35,
      "owner": {
        "id": 2508,
        "type": "account"
      }
    },
    {
      "value": 0.5,
      "amount": 39,
      "owner": {
        "id": 441,
        "type": "account"
      }
    },
    {
      "value": 0.888,
      "amount": 3,
      "owner": {
        "id": 1527,
        "type": "account"
      }
    },
    {
      "value": 1,
      "amount": 1,
      "owner": {
        "id": 45,
        "type": "account"
      }
    },
    {
      "value": 15,
      "amount": 1,
      "owner": {
        "id": 9693,
        "type": "account"
      }
    },
    {
      "value": 100,
      "amount": 1,
      "owner": {
        "id": 202,
        "type": "account"
      }
    },
    {
      "value": 666,
      "amount": 1,
      "owner": {
        "id": 1491,
        "type": "account"
      }
    },
    {
      "value": 23000,
      "amount": 1,
      "owner": {
        "id": 15996,
        "type": "account"
      }
    }
  ]
}

Pobieranie danych: cenach itemu airplane ticket q1 w kraju Italy z URL: https://api.eclesiar.com/market/items/get?country_id=17&item_id=14...
--- Dane o cenach itemu airplane ticket q1 w kraju Italy ---
{
  "code": 200,
  "description": "Success",
  "data": [
    {
      "value": 0.55,
      "amount": 88,
      "owner": {
        "id": 15915,
        "type": "account"
      }
    },
    {
      "value": 0.739,
      "amount": 16,
      "owner": {
        "id": 11311,
        "type": "account"
      }
    },
    {
      "value": 0.74,
      "amount": 19,
      "owner": {
        "id": 1755,
        "type": "account"
      }
    },
    {
      "value": 1.44,
      "amount": 13,
      "owner": {
        "id": 161,
        "type": "holding"
      }
    },
    {
      "value": 5,
      "amount": 1,
      "owner": {
        "id": 13534,
        "type": "account"
      }
    },
    {
      "value": 3333,
      "amount": 1,
      "owner": {
        "id": 5983,
        "type": "account"
      }
    }
  ]
}

Pobieranie danych: cenach itemu airplane ticket q1 w kraju Poland z URL: https://api.eclesiar.com/market/items/get?country_id=18&item_id=14...
--- Dane o cenach itemu airplane ticket q1 w kraju Poland ---
{
  "code": 200,
  "description": "Success",
  "data": [
    {
      "value": 0.094,
      "amount": 1,
      "owner": {
        "id": 10985,
        "type": "account"
      }
    },
    {
      "value": 0.095,
      "amount": 25,
      "owner": {
        "id": 16415,
        "type": "account"
      }
    },
    {
      "value": 0.096,
      "amount": 6,
      "owner": {
        "id": 11494,
        "type": "account"
      }
    },
    {
      "value": 0.097,
      "amount": 15,
      "owner": {
        "id": 13937,
        "type": "account"
      }
    },
    {
      "value": 0.098,
      "amount": 100,
      "owner": {
        "id": 11311,
        "type": "account"
      }
    },
    {
      "value": 0.098,
      "amount": 4,
      "owner": {
        "id": 14739,
        "type": "account"
      }
    },
    {
      "value": 0.099,
      "amount": 28,
      "owner": {
        "id": 9832,
        "type": "account"
      }
    },
    {
      "value": 0.1,
      "amount": 1,
      "owner": {
        "id": 14518,
        "type": "account"
      }
    },
    {
      "value": 0.1,
      "amount": 27,
      "owner": {
        "id": 12515,
        "type": "account"
      }
    },
    {
      "value": 0.1,
      "amount": 17,
      "owner": {
        "id": 15126,
        "type": "account"
      }
    },
    {
      "value": 0.1,
      "amount": 32,
      "owner": {
        "id": 11582,
        "type": "account"
      }
    },
    {
      "value": 0.1,
      "amount": 18,
      "owner": {
        "id": 14224,
        "type": "account"
      }
    },
    {
      "value": 0.1,
      "amount": 5,
      "owner": {
        "id": 14933,
        "type": "account"
      }
    },
    {
      "value": 0.11,
      "amount": 30,
      "owner": {
        "id": 15192,
        "type": "account"
      }
    },
    {
      "value": 0.12,
      "amount": 29,
      "owner": {
        "id": 12338,
        "type": "account"
      }
    },
    {
      "value": 0.13,
      "amount": 10,
      "owner": {
        "id": 14810,
        "type": "account"
      }
    },
    {
      "value": 0.163,
      "amount": 5,
      "owner": {
        "id": 14000,
        "type": "account"
      }
    },
    {
      "value": 0.165,
      "amount": 17,
      "owner": {
        "id": 10699,
        "type": "account"
      }
    },
    {
      "value": 0.25,
      "amount": 1,
      "owner": {
        "id": 12292,
        "type": "account"
      }
    },
    {
      "value": 0.25,
      "amount": 1,
      "owner": {
        "id": 16019,
        "type": "account"
      }
    },
    {
      "value": 0.274,
      "amount": 10,
      "owner": {
        "id": 9785,
        "type": "account"
      }
    },
    {
      "value": 0.3,
      "amount": 52,
      "owner": {
        "id": 68,
        "type": "holding"
      }
    },
    {
      "value": 0.5,
      "amount": 1,
      "owner": {
        "id": 14297,
        "type": "account"
      }
    },
    {
      "value": 1,
      "amount": 2,
      "owner"... (truncated)

Pobieranie danych: cenach itemu airplane ticket q1 w kraju Lithuania z URL: https://api.eclesiar.com/market/items/get?country_id=19&item_id=14...
--- Dane o cenach itemu airplane ticket q1 w kraju Lithuania ---
{
  "code": 200,
  "description": "Success",
  "data": [
    {
      "value": 1,
      "amount": 2,
      "owner": {
        "id": 13251,
        "type": "account"
      }
    },
    {
      "value": 3.85,
      "amount": 52,
      "owner": {
        "id": 2185,
        "type": "account"
      }
    },
    {
      "value": 3.99,
      "amount": 20,
      "owner": {
        "id": 1517,
        "type": "account"
      }
    },
    {
      "value": 58,
      "amount": 1,
      "owner": {
        "id": 11990,
        "type": "account"
      }
    }
  ]
}

Pobieranie danych: cenach itemu airplane ticket q1 w kraju Slovenia z URL: https://api.eclesiar.com/market/items/get?country_id=20&item_id=14...
--- Dane o cenach itemu airplane ticket q1 w kraju Slovenia ---
{
  "code": 200,
  "description": "Success",
  "data": [
    {
      "value": 0.436,
      "amount": 25,
      "owner": {
        "id": 3136,
        "type": "npc"
      }
    },
    {
      "value": 0.437,
      "amount": 58,
      "owner": {
        "id": 2974,
        "type": "npc"
      }
    },
    {
      "value": 0.5,
      "amount": 1,
      "owner": {
        "id": 12216,
        "type": "account"
      }
    },
    {
      "value": 0.63,
      "amount": 16,
      "owner": {
        "id": 2458,
        "type": "account"
      }
    },
    {
      "value": 0.8,
      "amount": 6,
      "owner": {
        "id": 15220,
        "type": "account"
      }
    },
    {
      "value": 1.548,
      "amount": 2,
      "owner": {
        "id": 2539,
        "type": "account"
      }
    },
    {
      "value": 1.699,
      "amount": 21,
      "owner": {
        "id": 9077,
        "type": "account"
      }
    },
    {
      "value": 1.8,
      "amount": 2,
      "owner": {
        "id": 12694,
        "type": "account"
      }
    },
    {
      "value": 1.898,
      "amount": 20,
      "owner": {
        "id": 440,
        "type": "account"
      }
    },
    {
      "value": 1.899,
      "amount": 195,
      "owner": {
        "id": 5567,
        "type": "account"
      }
    },
    {
      "value": 2,
      "amount": 3,
      "owner": {
        "id": 9077,
        "type": "account"
      }
    },
    {
      "value": 2,
      "amount": 1,
      "owner": {
        "id": 12295,
        "type": "account"
      }
    },
    {
      "value": 3,
      "amount": 2,
      "owner": {
        "id": 12263,
        "type": "account"
      }
    },
    {
      "value": 5,
      "amount": 1,
      "owner": {
        "id": 16070,
        "type": "account"
      }
    },
    {
      "value": 10,
      "amount": 2,
      "owner": {
        "id": 12656,
        "type": "account"
      }
    },
    {
      "value": 10,
      "amount": 4,
      "owner": {
        "id": 12336,
        "type": "account"
      }
    },
    {
      "value": 10,
      "amount": 1,
      "owner": {
        "id": 13408,
        "type": "account"
      }
    },
    {
      "value": 10,
      "amount": 8,
      "owner": {
        "id": 12885,
        "type": "account"
      }
    },
    {
      "value": 100,
      "amount": 1,
      "owner": {
        "id": 3553,
        "type": "account"
      }
    },
    {
      "value": 500,
      "amount": 1,
      "owner": {
        "id": 12656,
        "type": "account"
      }
    }
  ]
}

Pobieranie danych: cenach itemu airplane ticket q1 w kraju Croatia z URL: https://api.eclesiar.com/market/items/get?country_id=21&item_id=14...
--- Dane o cenach itemu airplane ticket q1 w kraju Croatia ---
{
  "code": 200,
  "description": "Success",
  "data": [
    {
      "value": 0.3,
      "amount": 94,
      "owner": {
        "id": 10667,
        "type": "account"
      }
    },
    {
      "value": 0.5,
      "amount": 29,
      "owner": {
        "id": 2097,
        "type": "account"
      }
    },
    {
      "value": 0.5,
      "amount": 48,
      "owner": {
        "id": 6013,
        "type": "account"
      }
    },
    {
      "value": 0.7,
      "amount": 14,
      "owner": {
        "id": 138,
        "type": "holding"
      }
    },
    {
      "value": 1,
      "amount": 1,
      "owner": {
        "id": 12526,
        "type": "account"
      }
    },
    {
      "value": 1,
      "amount": 1,
      "owner": {
        "id": 12458,
        "type": "account"
      }
    },
    {
      "value": 2,
      "amount": 1,
      "owner": {
        "id": 960,
        "type": "account"
      }
    },
    {
      "value": 2,
      "amount": 16,
      "owner": {
        "id": 3936,
        "type": "account"
      }
    },
    {
      "value": 15,
      "amount": 1,
      "owner": {
        "id": 9693,
        "type": "account"
      }
    },
    {
      "value": 555,
      "amount": 3,
      "owner": {
        "id": 1742,
        "type": "account"
      }
    }
  ]
}

Pobieranie danych: cenach itemu airplane ticket q1 w kraju Bosnia and Herzegovina z URL: https://api.eclesiar.com/market/items/get?country_id=22&item_id=14...
--- Dane o cenach itemu airplane ticket q1 w kraju Bosnia and Herzegovina ---
{
  "code": 200,
  "description": "Success",
  "data": [
    {
      "value": 2,
      "amount": 7,
      "owner": {
        "id": 564,
        "type": "holding"
      }
    },
    {
      "value": 2.498,
      "amount": 8,
      "owner": {
        "id": 1594,
        "type": "account"
      }
    },
    {
      "value": 2.5,
      "amount": 10,
      "owner": {
        "id": 5413,
        "type": "account"
      }
    },
    {
      "value": 150,
      "amount": 4,
      "owner": {
        "id": 7157,
        "type": "account"
      }
    },
    {
      "value": 369,
      "amount": 2,
      "owner": {
        "id": 7676,
        "type": "account"
      }
    },
    {
      "value": 1000,
      "amount": 2,
      "owner": {
        "id": 2077,
        "type": "account"
      }
    }
  ]
}

Pobieranie danych: cenach itemu airplane ticket q1 w kraju Serbia z URL: https://api.eclesiar.com/market/items/get?country_id=23&item_id=14...
--- Dane o cenach itemu airplane ticket q1 w kraju Serbia ---
{
  "code": 200,
  "description": "Success",
  "data": [
    {
      "value": 0.77,
      "amount": 55,
      "owner": {
        "id": 6013,
        "type": "account"
      }
    },
    {
      "value": 2.499,
      "amount": 6,
      "owner": {
        "id": 5519,
        "type": "account"
      }
    },
    {
      "value": 8,
      "amount": 21,
      "owner": {
        "id": 1812,
        "type": "account"
      }
    }
  ]
}

Pobieranie danych: cenach itemu airplane ticket q1 w kraju North Macedonia z URL: https://api.eclesiar.com/market/items/get?country_id=24&item_id=14...
--- Dane o cenach itemu airplane ticket q1 w kraju North Macedonia ---
{
  "code": 200,
  "description": "Success",
  "data": [
    {
      "value": 0.75,
      "amount": 12,
      "owner": {
        "id": 2625,
        "type": "account"
      }
    },
    {
      "value": 0.99,
      "amount": 14,
      "owner": {
        "id": 15507,
        "type": "account"
      }
    },
    {
      "value": 1,
      "amount": 8,
      "owner": {
        "id": 1457,
        "type": "account"
      }
    }
  ]
}

Pobieranie danych: cenach itemu airplane ticket q1 w kraju Albania z URL: https://api.eclesiar.com/market/items/get?country_id=25&item_id=14...
--- Dane o cenach itemu airplane ticket q1 w kraju Albania ---
{
  "code": 200,
  "description": "Success",
  "data": [
    {
      "value": 100,
      "amount": 1,
      "owner": {
        "id": 3553,
        "type": "account"
      }
    }
  ]
}

Pobieranie danych: cenach itemu airplane ticket q1 w kraju Greece z URL: https://api.eclesiar.com/market/items/get?country_id=26&item_id=14...
--- Dane o cenach itemu airplane ticket q1 w kraju Greece ---
{
  "code": 200,
  "description": "Success",
  "data": [
    {
      "value": 1.1,
      "amount": 5,
      "owner": {
        "id": 564,
        "type": "holding"
      }
    },
    {
      "value": 1.49,
      "amount": 8,
      "owner": {
        "id": 9709,
        "type": "account"
      }
    }
  ]
}

Pobieranie danych: cenach itemu airplane ticket q1 w kraju Hungary z URL: https://api.eclesiar.com/market/items/get?country_id=27&item_id=14...
--- Dane o cenach itemu airplane ticket q1 w kraju Hungary ---
{
  "code": 200,
  "description": "Success",
  "data": [
    {
      "value": 0.294,
      "amount": 30,
      "owner": {
        "id": 11311,
        "type": "account"
      }
    },
    {
      "value": 0.295,
      "amount": 58,
      "owner": {
        "id": 1395,
        "type": "account"
      }
    },
    {
      "value": 0.297,
      "amount": 10,
      "owner": {
        "id": 564,
        "type": "holding"
      }
    },
    {
      "value": 1,
      "amount": 1,
      "owner": {
        "id": 10948,
        "type": "account"
      }
    }
  ]
}

Pobieranie danych: cenach itemu airplane ticket q1 w kraju Romania z URL: https://api.eclesiar.com/market/items/get?country_id=28&item_id=14...
--- Dane o cenach itemu airplane ticket q1 w kraju Romania ---
{
  "code": 200,
  "description": "Success",
  "data": [
    {
      "value": 10,
      "amount": 3,
      "owner": {
        "id": 1521,
        "type": "account"
      }
    }
  ]
}

Pobieranie danych: cenach itemu airplane ticket q1 w kraju Bulgaria z URL: https://api.eclesiar.com/market/items/get?country_id=30&item_id=14...
--- Dane o cenach itemu airplane ticket q1 w kraju Bulgaria ---
{
  "code": 200,
  "description": "Success",
  "data": [
    {
      "value": 1.362,
      "amount": 1,
      "owner": {
        "id": 3642,
        "type": "npc"
      }
    },
    {
      "value": 1.363,
      "amount": 27,
      "owner": {
        "id": 3323,
        "type": "npc"
      }
    },
    {
      "value": 1.366,
      "amount": 80,
      "owner": {
        "id": 3346,
        "type": "npc"
      }
    },
    {
      "value": 1.37,
      "amount": 4,
      "owner": {
        "id": 7209,
        "type": "account"
      }
    },
    {
      "value": 1.382,
      "amount": 16,
      "owner": {
        "id": 7377,
        "type": "account"
      }
    },
    {
      "value": 1.5,
      "amount": 30,
      "owner": {
        "id": 2406,
        "type": "account"
      }
    },
    {
      "value": 1.659,
      "amount": 15,
      "owner": {
        "id": 442,
        "type": "account"
      }
    },
    {
      "value": 1.999,
      "amount": 5,
      "owner": {
        "id": 1202,
        "type": "account"
      }
    },
    {
      "value": 2,
      "amount": 24,
      "owner": {
        "id": 3964,
        "type": "account"
      }
    },
    {
      "value": 55,
      "amount": 1,
      "owner": {
        "id": 7228,
        "type": "account"
      }
    }
  ]
}

Pobieranie danych: cenach itemu airplane ticket q1 w kraju Turkey z URL: https://api.eclesiar.com/market/items/get?country_id=31&item_id=14...
--- Dane o cenach itemu airplane ticket q1 w kraju Turkey ---
{
  "code": 200,
  "description": "Success",
  "data": [
    {
      "value": 25,
      "amount": 2,
      "owner": {
        "id": 1480,
        "type": "account"
      }
    }
  ]
}

Pobieranie danych: cenach itemu airplane ticket q1 w kraju Ukraine z URL: https://api.eclesiar.com/market/items/get?country_id=32&item_id=14...
--- Dane o cenach itemu airplane ticket q1 w kraju Ukraine ---
{
  "code": 200,
  "description": "Success",
  "data": [
    {
      "value": 1,
      "amount": 19,
      "owner": {
        "id": 9271,
        "type": "account"
      }
    }
  ]
}

Pobieranie danych: cenach itemu airplane ticket q1 w kraju Russia z URL: https://api.eclesiar.com/market/items/get?country_id=33&item_id=14...
--- Dane o cenach itemu airplane ticket q1 w kraju Russia ---
{
  "code": 200,
  "description": "Success"
}

Pobieranie danych: cenach itemu airplane ticket q1 w kraju Georgia z URL: https://api.eclesiar.com/market/items/get?country_id=34&item_id=14...
--- Dane o cenach itemu airplane ticket q1 w kraju Georgia ---
{
  "code": 200,
  "description": "Success"
}

Pobieranie danych: cenach itemu airplane ticket q1 w kraju Israel z URL: https://api.eclesiar.com/market/items/get?country_id=35&item_id=14...
--- Dane o cenach itemu airplane ticket q1 w kraju Israel ---
{
  "code": 200,
  "description": "Success",
  "data": [
    {
      "value": 0.997,
      "amount": 31,
      "owner": {
        "id": 244,
        "type": "npc"
      }
    },
    {
      "value": 60,
      "amount": 1,
      "owner": {
        "id": 10082,
        "type": "account"
      }
    }
  ]
}

Pobieranie danych: cenach itemu airplane ticket q1 w kraju Egypt z URL: https://api.eclesiar.com/market/items/get?country_id=36&item_id=14...
--- Dane o cenach itemu airplane ticket q1 w kraju Egypt ---
{
  "code": 200,
  "description": "Success",
  "data": [
    {
      "value": 0.419,
      "amount": 5,
      "owner": {
        "id": 564,
        "type": "holding"
      }
    }
  ]
}

Pobieranie danych: cenach itemu airplane ticket q1 w kraju South Africa z URL: https://api.eclesiar.com/market/items/get?country_id=37&item_id=14...
--- Dane o cenach itemu airplane ticket q1 w kraju South Africa ---
{
  "code": 200,
  "description": "Success",
  "data": [
    {
      "value": 1,
      "amount": 4,
      "owner": {
        "id": 12354,
        "type": "account"
      }
    },
    {
      "value": 150,
      "amount": 1,
      "owner": {
        "id": 4753,
        "type": "account"
      }
    }
  ]
}

Pobieranie danych: cenach itemu airplane ticket q1 w kraju Iraq z URL: https://api.eclesiar.com/market/items/get?country_id=38&item_id=14...
--- Dane o cenach itemu airplane ticket q1 w kraju Iraq ---
{
  "code": 200,
  "description": "Success",
  "data": [
    {
      "value": 1.999,
      "amount": 16,
      "owner": {
        "id": 13488,
        "type": "account"
      }
    },
    {
      "value": 2,
      "amount": 2,
      "owner": {
        "id": 5532,
        "type": "account"
      }
    }
  ]
}

Pobieranie danych: cenach itemu airplane ticket q1 w kraju Saudi Arabia z URL: https://api.eclesiar.com/market/items/get?country_id=39&item_id=14...
--- Dane o cenach itemu airplane ticket q1 w kraju Saudi Arabia ---
{
  "code": 200,
  "description": "Success"
}

Pobieranie danych: cenach itemu airplane ticket q1 w kraju Iran z URL: https://api.eclesiar.com/market/items/get?country_id=40&item_id=14...
--- Dane o cenach itemu airplane ticket q1 w kraju Iran ---
{
  "code": 200,
  "description": "Success"
}

Pobieranie danych: cenach itemu airplane ticket q1 w kraju Pakistan z URL: https://api.eclesiar.com/market/items/get?country_id=41&item_id=14...
--- Dane o cenach itemu airplane ticket q1 w kraju Pakistan ---
{
  "code": 200,
  "description": "Success"
}

Pobieranie danych: cenach itemu airplane ticket q1 w kraju India z URL: https://api.eclesiar.com/market/items/get?country_id=42&item_id=14...
--- Dane o cenach itemu airplane ticket q1 w kraju India ---
{
  "code": 200,
  "description": "Success",
  "data": [
    {
      "value": 100,
      "amount": 1,
      "owner": {
        "id": 3553,
        "type": "account"
      }
    }
  ]
}

Pobieranie danych: cenach itemu airplane ticket q1 w kraju China z URL: https://api.eclesiar.com/market/items/get?country_id=43&item_id=14...
--- Dane o cenach itemu airplane ticket q1 w kraju China ---
{
  "code": 200,
  "description": "Success",
  "data": [
    {
      "value": 0.73,
      "amount": 10,
      "owner": {
        "id": 564,
        "type": "holding"
      }
    },
    {
      "value": 0.74,
      "amount": 9,
      "owner": {
        "id": 5149,
        "type": "account"
      }
    },
    {
      "value": 1.5,
      "amount": 2,
      "owner": {
        "id": 13573,
        "type": "account"
      }
    }
  ]
}

Pobieranie danych: cenach itemu airplane ticket q1 w kraju Japan z URL: https://api.eclesiar.com/market/items/get?country_id=44&item_id=14...
--- Dane o cenach itemu airplane ticket q1 w kraju Japan ---
{
  "code": 200,
  "description": "Success",
  "data": [
    {
      "value": 4.997,
      "amount": 34,
      "owner": {
        "id": 3797,
        "type": "npc"
      }
    },
    {
      "value": 5,
      "amount": 5,
      "owner": {
        "id": 12551,
        "type": "account"
      }
    },
    {
      "value": 1000,
      "amount": 6,
      "owner": {
        "id": 12483,
        "type": "account"
      }
    }
  ]
}

Pobieranie danych: cenach itemu airplane ticket q1 w kraju South Korea z URL: https://api.eclesiar.com/market/items/get?country_id=45&item_id=14...
--- Dane o cenach itemu airplane ticket q1 w kraju South Korea ---
{
  "code": 200,
  "description": "Success",
  "data": [
    {
      "value": 1.399,
      "amount": 15,
      "owner": {
        "id": 2936,
        "type": "npc"
      }
    },
    {
      "value": 1.4,
      "amount": 4,
      "owner": {
        "id": 5532,
        "type": "account"
      }
    },
    {
      "value": 1.5,
      "amount": 6,
      "owner": {
        "id": 314,
        "type": "holding"
      }
    },
    {
      "value": 100,
      "amount": 2,
      "owner": {
        "id": 3553,
        "type": "account"
      }
    }
  ]
}

Pobieranie danych: cenach itemu airplane ticket q1 w kraju Indonesia z URL: https://api.eclesiar.com/market/items/get?country_id=46&item_id=14...
--- Dane o cenach itemu airplane ticket q1 w kraju Indonesia ---
{
  "code": 200,
  "description": "Success"
}

Pobieranie danych: cenach itemu airplane ticket q1 w kraju Australia z URL: https://api.eclesiar.com/market/items/get?country_id=47&item_id=14...
--- Dane o cenach itemu airplane ticket q1 w kraju Australia ---
{
  "code": 200,
  "description": "Success",
  "data": [
    {
      "value": 0.37,
      "amount": 5,
      "owner": {
        "id": 564,
        "type": "holding"
      }
    },
    {
      "value": 0.38,
      "amount": 33,
      "owner": {
        "id": 500,
        "type": "holding"
      }
    },
    {
      "value": 0.39,
      "amount": 8,
      "owner": {
        "id": 13643,
        "type": "account"
      }
    },
    {
      "value": 0.4,
      "amount": 10,
      "owner": {
        "id": 1511,
        "type": "account"
      }
    },
    {
      "value": 0.499,
      "amount": 27,
      "owner": {
        "id": 11311,
        "type": "account"
      }
    },
    {
      "value": 5,
      "amount": 1,
      "owner": {
        "id": 12497,
        "type": "account"
      }
    }
  ]
}

Pobieranie danych: cenach itemu airplane ticket q1 w kraju Philippines z URL: https://api.eclesiar.com/market/items/get?country_id=48&item_id=14...
--- Dane o cenach itemu airplane ticket q1 w kraju Philippines ---
{
  "code": 200,
  "description": "Success",
  "data": [
    {
      "value": 2,
      "amount": 5,
      "owner": {
        "id": 1815,
        "type": "account"
      }
    },
    {
      "value": 99,
      "amount": 3,
      "owner": {
        "id": 3326,
        "type": "account"
      }
    },
    {
      "value": 99,
      "amount": 3,
      "owner": {
        "id": 3327,
        "type": "account"
      }
    },
    {
      "value": 99,
      "amount": 3,
      "owner": {
        "id": 3323,
        "type": "account"
      }
    },
    {
      "value": 99,
      "amount": 3,
      "owner": {
        "id": 3324,
        "type": "account"
      }
    },
    {
      "value": 99,
      "amount": 3,
      "owner": {
        "id": 3325,
        "type": "account"
      }
    }
  ]
}

Pobieranie danych: cenach itemu airplane ticket q2 w kraju United Kingdom z URL: https://api.eclesiar.com/market/items/get?country_id=2&item_id=15...
--- Dane o cenach itemu airplane ticket q2 w kraju United Kingdom ---
{
  "code": 200,
  "description": "Success"
}

Pobieranie danych: cenach itemu airplane ticket q2 w kraju United States of America z URL: https://api.eclesiar.com/market/items/get?country_id=3&item_id=15...
--- Dane o cenach itemu airplane ticket q2 w kraju United States of America ---
{
  "code": 200,
  "description": "Success",
  "data": [
    {
      "value": 0.899,
      "amount": 250,
      "owner": {
        "id": 472,
        "type": "holding"
      }
    },
    {
      "value": 0.9,
      "amount": 4,
      "owner": {
        "id": 10325,
        "type": "account"
      }
    },
    {
      "value": 0.9,
      "amount": 19,
      "owner": {
        "id": 12616,
        "type": "account"
      }
    },
    {
      "value": 1.6,
      "amount": 4,
      "owner": {
        "id": 13501,
        "type": "account"
      }
    },
    {
      "value": 2,
      "amount": 26,
      "owner": {
        "id": 6985,
        "type": "account"
      }
    },
    {
      "value": 50,
      "amount": 1,
      "owner": {
        "id": 1163,
        "type": "account"
      }
    },
    {
      "value": 50,
      "amount": 5,
      "owner": {
        "id": 5292,
        "type": "account"
      }
    },
    {
      "value": 100,
      "amount": 3,
      "owner": {
        "id": 1659,
        "type": "account"
      }
    },
    {
      "value": 333,
      "amount": 22,
      "owner": {
        "id": 2129,
        "type": "account"
      }
    }
  ]
}

Pobieranie danych: cenach itemu airplane ticket q2 w kraju Mexico z URL: https://api.eclesiar.com/market/items/get?country_id=4&item_id=15...
--- Dane o cenach itemu airplane ticket q2 w kraju Mexico ---
{
  "code": 200,
  "description": "Success"
}

Pobieranie danych: cenach itemu airplane ticket q2 w kraju Colombia z URL: https://api.eclesiar.com/market/items/get?country_id=5&item_id=15...
--- Dane o cenach itemu airplane ticket q2 w kraju Colombia ---
{
  "code": 200,
  "description": "Success"
}

Pobieranie danych: cenach itemu airplane ticket q2 w kraju Peru z URL: https://api.eclesiar.com/market/items/get?country_id=6&item_id=15...
--- Dane o cenach itemu airplane ticket q2 w kraju Peru ---
{
  "code": 200,
  "description": "Success",
  "data": [
    {
      "value": 2.396,
      "amount": 296,
      "owner": {
        "id": 9755,
        "type": "account"
      }
    },
    {
      "value": 2.99,
      "amount": 10,
      "owner": {
        "id": 935,
        "type": "account"
      }
    }
  ]
}

Pobieranie danych: cenach itemu airplane ticket q2 w kraju Brazil z URL: https://api.eclesiar.com/market/items/get?country_id=7&item_id=15...
--- Dane o cenach itemu airplane ticket q2 w kraju Brazil ---
{
  "code": 200,
  "description": "Success",
  "data": [
    {
      "value": 1.589,
      "amount": 1,
      "owner": {
        "id": 538,
        "type": "holding"
      }
    },
    {
      "value": 1.75,
      "amount": 8,
      "owner": {
        "id": 9634,
        "type": "account"
      }
    },
    {
      "value": 9,
      "amount": 432,
      "owner": {
        "id": 6994,
        "type": "account"
      }
    },
    {
      "value": 2000,
      "amount": 1,
      "owner": {
        "id": 1672,
        "type": "account"
      }
    }
  ]
}

Pobieranie danych: cenach itemu airplane ticket q2 w kraju Chile z URL: https://api.eclesiar.com/market/items/get?country_id=8&item_id=15...
--- Dane o cenach itemu airplane ticket q2 w kraju Chile ---
{
  "code": 200,
  "description": "Success",
  "data": [
    {
      "value": 3.448,
      "amount": 5,
      "owner": {
        "id": 8925,
        "type": "account"
      }
    },
    {
      "value": 3.449,
      "amount": 20,
      "owner": {
        "id": 11311,
        "type": "account"
      }
    },
    {
      "value": 9,
      "amount": 1,
      "owner": {
        "id": 1812,
        "type": "account"
      }
    }
  ]
}

Pobieranie danych: cenach itemu airplane ticket q2 w kraju Argentina z URL: https://api.eclesiar.com/market/items/get?country_id=10&item_id=15...
--- Dane o cenach itemu airplane ticket q2 w kraju Argentina ---
{
  "code": 200,
  "description": "Success",
  "data": [
    {
      "value": 3.1,
      "amount": 4,
      "owner": {
        "id": 2595,
        "type": "account"
      }
    }
  ]
}

Pobieranie danych: cenach itemu airplane ticket q2 w kraju Ireland z URL: https://api.eclesiar.com/market/items/get?country_id=11&item_id=15...
--- Dane o cenach itemu airplane ticket q2 w kraju Ireland ---
{
  "code": 200,
  "description": "Success",
  "data": [
    {
      "value": 19.95,
      "amount": 5,
      "owner": {
        "id": 538,
        "type": "holding"
      }
    }
  ]
}

Pobieranie danych: cenach itemu airplane ticket q2 w kraju France z URL: https://api.eclesiar.com/market/items/get?country_id=12&item_id=15...
--- Dane o cenach itemu airplane ticket q2 w kraju France ---
{
  "code": 200,
  "description": "Success",
  "data": [
    {
      "value": 1,
      "amount": 20,
      "owner": {
        "id": 11311,
        "type": "account"
      }
    }
  ]
}

Pobieranie danych: cenach itemu airplane ticket q2 w kraju Portugal z URL: https://api.eclesiar.com/market/items/get?country_id=13&item_id=15...
--- Dane o cenach itemu airplane ticket q2 w kraju Portugal ---
{
  "code": 200,
  "description": "Success",
  "data": [
    {
      "value": 1,
      "amount": 13,
      "owner": {
        "id": 5148,
        "type": "account"
      }
    },
    {
      "value": 1.1,
      "amount": 16,
      "owner": {
        "id": 203,
        "type": "account"
      }
    },
    {
      "value": 1.119,
      "amount": 20,
      "owner": {
        "id": 11311,
        "type": "account"
      }
    }
  ]
}

Pobieranie danych: cenach itemu airplane ticket q2 w kraju Spain z URL: https://api.eclesiar.com/market/items/get?country_id=14&item_id=15...
--- Dane o cenach itemu airplane ticket q2 w kraju Spain ---
{
  "code": 200,
  "description": "Success",
  "data": [
    {
      "value": 0.334,
      "amount": 4,
      "owner": {
        "id": 1908,
        "type": "account"
      }
    }
  ]
}

Pobieranie danych: cenach itemu airplane ticket q2 w kraju Germany z URL: https://api.eclesiar.com/market/items/get?country_id=15&item_id=15...
--- Dane o cenach itemu airplane ticket q2 w kraju Germany ---
{
  "code": 200,
  "description": "Success",
  "data": [
    {
      "value": 0.669,
      "amount": 3,
      "owner": {
        "id": 9611,
        "type": "account"
      }
    },
    {
      "value": 0.79,
      "amount": 18,
      "owner": {
        "id": 1658,
        "type": "account"
      }
    }
  ]
}

Pobieranie danych: cenach itemu airplane ticket q2 w kraju Sweden z URL: https://api.eclesiar.com/market/items/get?country_id=16&item_id=15...
--- Dane o cenach itemu airplane ticket q2 w kraju Sweden ---
{
  "code": 200,
  "description": "Success",
  "data": [
    {
      "value": 0.9,
      "amount": 40,
      "owner": {
        "id": 1506,
        "type": "account"
      }
    },
    {
      "value": 1,
      "amount": 10,
      "owner": {
        "id": 11311,
        "type": "account"
      }
    },
    {
      "value": 1.1,
      "amount": 3,
      "owner": {
        "id": 1527,
        "type": "account"
      }
    },
    {
      "value": 1.9,
      "amount": 1,
      "owner": {
        "id": 12657,
        "type": "account"
      }
    },
    {
      "value": 3,
      "amount": 3,
      "owner": {
        "id": 202,
        "type": "account"
      }
    },
    {
      "value": 666,
      "amount": 2,
      "owner": {
        "id": 1491,
        "type": "account"
      }
    }
  ]
}

Pobieranie danych: cenach itemu airplane ticket q2 w kraju Italy z URL: https://api.eclesiar.com/market/items/get?country_id=17&item_id=15...
--- Dane o cenach itemu airplane ticket q2 w kraju Italy ---
{
  "code": 200,
  "description": "Success",
  "data": [
    {
      "value": 1.8,
      "amount": 20,
      "owner": {
        "id": 11311,
        "type": "account"
      }
    },
    {
      "value": 1.9,
      "amount": 3,
      "owner": {
        "id": 538,
        "type": "holding"
      }
    },
    {
      "value": 2,
      "amount": 2,
      "owner": {
        "id": 6442,
        "type": "account"
      }
    }
  ]
}

Pobieranie danych: cenach itemu airplane ticket q2 w kraju Poland z URL: https://api.eclesiar.com/market/items/get?country_id=18&item_id=15...
--- Dane o cenach itemu airplane ticket q2 w kraju Poland ---
{
  "code": 200,
  "description": "Success",
  "data": [
    {
      "value": 0.14,
      "amount": 8,
      "owner": {
        "id": 15121,
        "type": "account"
      }
    },
    {
      "value": 0.15,
      "amount": 4,
      "owner": {
        "id": 13851,
        "type": "account"
      }
    },
    {
      "value": 0.15,
      "amount": 1,
      "owner": {
        "id": 11004,
        "type": "account"
      }
    },
    {
      "value": 0.16,
      "amount": 9,
      "owner": {
        "id": 14261,
        "type": "account"
      }
    },
    {
      "value": 0.17,
      "amount": 8,
      "owner": {
        "id": 11992,
        "type": "account"
      }
    },
    {
      "value": 0.199,
      "amount": 100,
      "owner": {
        "id": 11311,
        "type": "account"
      }
    },
    {
      "value": 0.199,
      "amount": 6,
      "owner": {
        "id": 15192,
        "type": "account"
      }
    },
    {
      "value": 0.2,
      "amount": 5,
      "owner": {
        "id": 14208,
        "type": "account"
      }
    },
    {
      "value": 0.2,
      "amount": 4,
      "owner": {
        "id": 15126,
        "type": "account"
      }
    },
    {
      "value": 0.2,
      "amount": 64,
      "owner": {
        "id": 13651,
        "type": "account"
      }
    },
    {
      "value": 0.23,
      "amount": 10,
      "owner": {
        "id": 9819,
        "type": "account"
      }
    },
    {
      "value": 0.243,
      "amount": 8,
      "owner": {
        "id": 12670,
        "type": "account"
      }
    },
    {
      "value": 0.249,
      "amount": 8,
      "owner": {
        "id": 6549,
        "type": "account"
      }
    },
    {
      "value": 0.254,
      "amount": 6,
      "owner": {
        "id": 10699,
        "type": "account"
      }
    },
    {
      "value": 0.3,
      "amount": 2,
      "owner": {
        "id": 14656,
        "type": "account"
      }
    },
    {
      "value": 0.447,
      "amount": 96,
      "owner": {
        "id": 11864,
        "type": "account"
      }
    },
    {
      "value": 0.46,
      "amount": 29,
      "owner": {
        "id": 12178,
        "type": "account"
      }
    },
    {
      "value": 1,
      "amount": 1,
      "owner": {
        "id": 331,
        "type": "account"
      }
    },
    {
      "value": 1,
      "amount": 8,
      "owner": {
        "id": 13548,
        "type": "account"
      }
    },
    {
      "value": 1,
      "amount": 1,
      "owner": {
        "id": 5698,
        "type": "account"
      }
    },
    {
      "value": 2,
      "amount": 1,
      "owner": {
        "id": 14309,
        "type": "account"
      }
    },
    {
      "value": 5,
      "amount": 1,
      "owner": {
        "id": 13580,
        "type": "account"
      }
    },
    {
      "value": 50,
      "amount": 5,
      "owner": {
        "id": 13511,
        "type": "account"
      }
    }
  ]
}

Pobieranie danych: cenach itemu airplane ticket q2 w kraju Lithuania z URL: https://api.eclesiar.com/market/items/get?country_id=19&item_id=15...
--- Dane o cenach itemu airplane ticket q2 w kraju Lithuania ---
{
  "code": 200,
  "description": "Success",
  "data": [
    {
      "value": 15,
      "amount": 3,
      "owner": {
        "id": 10247,
        "type": "account"
      }
    }
  ]
}

Pobieranie danych: cenach itemu airplane ticket q2 w kraju Slovenia z URL: https://api.eclesiar.com/market/items/get?country_id=20&item_id=15...
--- Dane o cenach itemu airplane ticket q2 w kraju Slovenia ---
{
  "code": 200,
  "description": "Success",
  "data": [
    {
      "value": 0.844,
      "amount": 19,
      "owner": {
        "id": 5986,
        "type": "account"
      }
    },
    {
      "value": 0.845,
      "amount": 4,
      "owner": {
        "id": 2539,
        "type": "account"
      }
    },
    {
      "value": 0.849,
      "amount": 8,
      "owner": {
        "id": 437,
        "type": "account"
      }
    },
    {
      "value": 0.85,
      "amount": 20,
      "owner": {
        "id": 12499,
        "type": "account"
      }
    },
    {
      "value": 0.9,
      "amount": 24,
      "owner": {
        "id": 12426,
        "type": "account"
      }
    },
    {
      "value": 1,
      "amount": 10,
      "owner": {
        "id": 12034,
        "type": "account"
      }
    },
    {
      "value": 2,
      "amount": 1,
      "owner": {
        "id": 12620,
        "type": "account"
      }
    },
    {
      "value": 5,
      "amount": 1,
      "owner": {
        "id": 12295,
        "type": "account"
      }
    },
    {
      "value": 5,
      "amount": 1,
      "owner": {
        "id": 12139,
        "type": "account"
      }
    },
    {
      "value": 5,
      "amount": 1,
      "owner": {
        "id": 12314,
        "type": "account"
      }
    },
    {
      "value": 10,
      "amount": 3,
      "owner": {
        "id": 12885,
        "type": "account"
      }
    }
  ]
}

Pobieranie danych: cenach itemu airplane ticket q2 w kraju Croatia z URL: https://api.eclesiar.com/market/items/get?country_id=21&item_id=15...
--- Dane o cenach itemu airplane ticket q2 w kraju Croatia ---
{
  "code": 200,
  "description": "Success",
  "data": [
    {
      "value": 0.599,
      "amount": 14,
      "owner": {
        "id": 96,
        "type": "militaryunit"
      }
    },
    {
      "value": 0.8,
      "amount": 20,
      "owner": {
        "id": 6003,
        "type": "account"
      }
    },
    {
      "value": 0.988,
      "amount": 8,
      "owner": {
        "id": 9562,
        "type": "account"
      }
    },
    {
      "value": 555,
      "amount": 4,
      "owner": {
        "id": 1742,
        "type": "account"
      }
    }
  ]
}

Pobieranie danych: cenach itemu airplane ticket q2 w kraju Bosnia and Herzegovina z URL: https://api.eclesiar.com/market/items/get?country_id=22&item_id=15...
--- Dane o cenach itemu airplane ticket q2 w kraju Bosnia and Herzegovina ---
{
  "code": 200,
  "description": "Success",
  "data": [
    {
      "value": 4,
      "amount": 7,
      "owner": {
        "id": 12177,
        "type": "account"
      }
    }
  ]
}

Pobieranie danych: cenach itemu airplane ticket q2 w kraju Serbia z URL: https://api.eclesiar.com/market/items/get?country_id=23&item_id=15...
--- Dane o cenach itemu airplane ticket q2 w kraju Serbia ---
{
  "code": 200,
  "description": "Success",
  "data": [
    {
      "value": 10,
      "amount": 1,
      "owner": {
        "id": 13494,
        "type": "account"
      }
    },
    {
      "value": 14,
      "amount": 6,
      "owner": {
        "id": 1812,
        "type": "account"
      }
    }
  ]
}

Pobieranie danych: cenach itemu airplane ticket q2 w kraju North Macedonia z URL: https://api.eclesiar.com/market/items/get?country_id=24&item_id=15...
--- Dane o cenach itemu airplane ticket q2 w kraju North Macedonia ---
{
  "code": 200,
  "description": "Success",
  "data": [
    {
      "value": 0.8,
      "amount": 21,
      "owner": {
        "id": 2625,
        "type": "account"
      }
    }
  ]
}

Pobieranie danych: cenach itemu airplane ticket q2 w kraju Albania z URL: https://api.eclesiar.com/market/items/get?country_id=25&item_id=15...
--- Dane o cenach itemu airplane ticket q2 w kraju Albania ---
{
  "code": 200,
  "description": "Success",
  "data": [
    {
      "value": 3.5,
      "amount": 87,
      "owner": {
        "id": 15,
        "type": "militaryunit"
      }
    }
  ]
}

Pobieranie danych: cenach itemu airplane ticket q2 w kraju Greece z URL: https://api.eclesiar.com/market/items/get?country_id=26&item_id=15...
--- Dane o cenach itemu airplane ticket q2 w kraju Greece ---
{
  "code": 200,
  "description": "Success",
  "data": [
    {
      "value": 1.5,
      "amount": 4,
      "owner": {
        "id": 538,
        "type": "holding"
      }
    },
    {
      "value": 20,
      "amount": 4,
      "owner": {
        "id": 4283,
        "type": "account"
      }
    }
  ]
}

Pobieranie danych: cenach itemu airplane ticket q2 w kraju Hungary z URL: https://api.eclesiar.com/market/items/get?country_id=27&item_id=15...
--- Dane o cenach itemu airplane ticket q2 w kraju Hungary ---
{
  "code": 200,
  "description": "Success",
  "data": [
    {
      "value": 0.35,
      "amount": 10,
      "owner": {
        "id": 9352,
        "type": "account"
      }
    },
    {
      "value": 0.4,
      "amount": 32,
      "owner": {
        "id": 7922,
        "type": "account"
      }
    }
  ]
}

Pobieranie danych: cenach itemu airplane ticket q2 w kraju Romania z URL: https://api.eclesiar.com/market/items/get?country_id=28&item_id=15...
--- Dane o cenach itemu airplane ticket q2 w kraju Romania ---
{
  "code": 200,
  "description": "Success"
}

Pobieranie danych: cenach itemu airplane ticket q2 w kraju Bulgaria z URL: https://api.eclesiar.com/market/items/get?country_id=30&item_id=15...
--- Dane o cenach itemu airplane ticket q2 w kraju Bulgaria ---
{
  "code": 200,
  "description": "Success",
  "data": [
    {
      "value": 1.999,
      "amount": 8,
      "owner": {
        "id": 6075,
        "type": "account"
      }
    },
    {
      "value": 2.79,
      "amount": 5,
      "owner": {
        "id": 7209,
        "type": "account"
      }
    },
    {
      "value": 2.8,
      "amount": 5,
      "owner": {
        "id": 2406,
        "type": "account"
      }
    },
    {
      "value": 2.999,
      "amount": 4,
      "owner": {
        "id": 442,
        "type": "account"
      }
    }
  ]
}

Pobieranie danych: cenach itemu airplane ticket q2 w kraju Turkey z URL: https://api.eclesiar.com/market/items/get?country_id=31&item_id=15...
--- Dane o cenach itemu airplane ticket q2 w kraju Turkey ---
{
  "code": 200,
  "description": "Success",
  "data": [
    {
      "value": 10,
      "amount": 10,
      "owner": {
        "id": 1477,
        "type": "account"
      }
    }
  ]
}

Pobieranie danych: cenach itemu airplane ticket q2 w kraju Ukraine z URL: https://api.eclesiar.com/market/items/get?country_id=32&item_id=15...
--- Dane o cenach itemu airplane ticket q2 w kraju Ukraine ---
{
  "code": 200,
  "description": "Success"
}

Pobieranie danych: cenach itemu airplane ticket q2 w kraju Russia z URL: https://api.eclesiar.com/market/items/get?country_id=33&item_id=15...
--- Dane o cenach itemu airplane ticket q2 w kraju Russia ---
{
  "code": 200,
  "description": "Success"
}

Pobieranie danych: cenach itemu airplane ticket q2 w kraju Georgia z URL: https://api.eclesiar.com/market/items/get?country_id=34&item_id=15...
--- Dane o cenach itemu airplane ticket q2 w kraju Georgia ---
{
  "code": 200,
  "description": "Success",
  "data": [
    {
      "value": 3,
      "amount": 1,
      "owner": {
        "id": 1812,
        "type": "account"
      }
    },
    {
      "value": 3.2,
      "amount": 1,
      "owner": {
        "id": 1812,
        "type": "account"
      }
    },
    {
      "value": 3.4,
      "amount": 1,
      "owner": {
        "id": 1812,
        "type": "account"
      }
    }
  ]
}

Pobieranie danych: cenach itemu airplane ticket q2 w kraju Israel z URL: https://api.eclesiar.com/market/items/get?country_id=35&item_id=15...
--- Dane o cenach itemu airplane ticket q2 w kraju Israel ---
{
  "code": 200,
  "description": "Success"
}

Pobieranie danych: cenach itemu airplane ticket q2 w kraju Egypt z URL: https://api.eclesiar.com/market/items/get?country_id=36&item_id=15...
--- Dane o cenach itemu airplane ticket q2 w kraju Egypt ---
{
  "code": 200,
  "description": "Success",
  "data": [
    {
      "value": 1.35,
      "amount": 139,
      "owner": {
        "id": 71,
        "type": "holding"
      }
    }
  ]
}

Pobieranie danych: cenach itemu airplane ticket q2 w kraju South Africa z URL: https://api.eclesiar.com/market/items/get?country_id=37&item_id=15...
--- Dane o cenach itemu airplane ticket q2 w kraju South Africa ---
{
  "code": 200,
  "description": "Success"
}

Pobieranie danych: cenach itemu airplane ticket q2 w kraju Iraq z URL: https://api.eclesiar.com/market/items/get?country_id=38&item_id=15...
--- Dane o cenach itemu airplane ticket q2 w kraju Iraq ---
{
  "code": 200,
  "description": "Success",
  "data": [
    {
      "value": 2.999,
      "amount": 12,
      "owner": {
        "id": 13488,
        "type": "account"
      }
    },
    {
      "value": 3,
      "amount": 4,
      "owner": {
        "id": 5532,
        "type": "account"
      }
    }
  ]
}

Pobieranie danych: cenach itemu airplane ticket q2 w kraju Saudi Arabia z URL: https://api.eclesiar.com/market/items/get?country_id=39&item_id=15...
--- Dane o cenach itemu airplane ticket q2 w kraju Saudi Arabia ---
{
  "code": 200,
  "description": "Success",
  "data": [
    {
      "value": 4.65,
      "amount": 9,
      "owner": {
        "id": 4620,
        "type": "account"
      }
    }
  ]
}

Pobieranie danych: cenach itemu airplane ticket q2 w kraju Iran z URL: https://api.eclesiar.com/market/items/get?country_id=40&item_id=15...
--- Dane o cenach itemu airplane ticket q2 w kraju Iran ---
{
  "code": 200,
  "description": "Success"
}

Pobieranie danych: cenach itemu airplane ticket q2 w kraju Pakistan z URL: https://api.eclesiar.com/market/items/get?country_id=41&item_id=15...
--- Dane o cenach itemu airplane ticket q2 w kraju Pakistan ---
{
  "code": 200,
  "description": "Success"
}

Pobieranie danych: cenach itemu airplane ticket q2 w kraju India z URL: https://api.eclesiar.com/market/items/get?country_id=42&item_id=15...
--- Dane o cenach itemu airplane ticket q2 w kraju India ---
{
  "code": 200,
  "description": "Success"
}

Pobieranie danych: cenach itemu airplane ticket q2 w kraju China z URL: https://api.eclesiar.com/market/items/get?country_id=43&item_id=15...
--- Dane o cenach itemu airplane ticket q2 w kraju China ---
{
  "code": 200,
  "description": "Success",
  "data": [
    {
      "value": 1.97,
      "amount": 5,
      "owner": {
        "id": 5149,
        "type": "account"
      }
    },
    {
      "value": 2.498,
      "amount": 16,
      "owner": {
        "id": 368,
        "type": "holding"
      }
    }
  ]
}

Pobieranie danych: cenach itemu airplane ticket q2 w kraju Japan z URL: https://api.eclesiar.com/market/items/get?country_id=44&item_id=15...
--- Dane o cenach itemu airplane ticket q2 w kraju Japan ---
{
  "code": 200,
  "description": "Success",
  "data": [
    {
      "value": 8,
      "amount": 4,
      "owner": {
        "id": 2582,
        "type": "account"
      }
    },
    {
      "value": 20,
      "amount": 20,
      "owner": {
        "id": 11311,
        "type": "account"
      }
    },
    {
      "value": 3333,
      "amount": 4,
      "owner": {
        "id": 1742,
        "type": "account"
      }
    }
  ]
}

Pobieranie danych: cenach itemu airplane ticket q2 w kraju South Korea z URL: https://api.eclesiar.com/market/items/get?country_id=45&item_id=15...
--- Dane o cenach itemu airplane ticket q2 w kraju South Korea ---
{
  "code": 200,
  "description": "Success",
  "data": [
    {
      "value": 2.5,
      "amount": 2,
      "owner": {
        "id": 5532,
        "type": "account"
      }
    }
  ]
}

Pobieranie danych: cenach itemu airplane ticket q2 w kraju Indonesia z URL: https://api.eclesiar.com/market/items/get?country_id=46&item_id=15...
--- Dane o cenach itemu airplane ticket q2 w kraju Indonesia ---
{
  "code": 200,
  "description": "Success"
}

Pobieranie danych: cenach itemu airplane ticket q2 w kraju Australia z URL: https://api.eclesiar.com/market/items/get?country_id=47&item_id=15...
--- Dane o cenach itemu airplane ticket q2 w kraju Australia ---
{
  "code": 200,
  "description": "Success",
  "data": [
    {
      "value": 0.6,
      "amount": 13,
      "owner": {
        "id": 500,
        "type": "holding"
      }
    },
    {
      "value": 3,
      "amount": 1,
      "owner": {
        "id": 1511,
        "type": "account"
      }
    }
  ]
}

Pobieranie danych: cenach itemu airplane ticket q2 w kraju Philippines z URL: https://api.eclesiar.com/market/items/get?country_id=48&item_id=15...
--- Dane o cenach itemu airplane ticket q2 w kraju Philippines ---
{
  "code": 200,
  "description": "Success"
}

Pobieranie danych: cenach itemu airplane ticket q3 w kraju United Kingdom z URL: https://api.eclesiar.com/market/items/get?country_id=2&item_id=16...
--- Dane o cenach itemu airplane ticket q3 w kraju United Kingdom ---
{
  "code": 200,
  "description": "Success",
  "data": [
    {
      "value": 2.4,
      "amount": 19,
      "owner": {
        "id": 11058,
        "type": "account"
      }
    }
  ]
}

Pobieranie danych: cenach itemu airplane ticket q3 w kraju United States of America z URL: https://api.eclesiar.com/market/items/get?country_id=3&item_id=16...
--- Dane o cenach itemu airplane ticket q3 w kraju United States of America ---
{
  "code": 200,
  "description": "Success",
  "data": [
    {
      "value": 1.589,
      "amount": 13,
      "owner": {
        "id": 1738,
        "type": "account"
      }
    },
    {
      "value": 2,
      "amount": 10,
      "owner": {
        "id": 15220,
        "type": "account"
      }
    },
    {
      "value": 2.2,
      "amount": 13,
      "owner": {
        "id": 12616,
        "type": "account"
      }
    },
    {
      "value": 89,
      "amount": 7,
      "owner": {
        "id": 2129,
        "type": "account"
      }
    },
    {
      "value": 333,
      "amount": 2,
      "owner": {
        "id": 2129,
        "type": "account"
      }
    }
  ]
}

Pobieranie danych: cenach itemu airplane ticket q3 w kraju Mexico z URL: https://api.eclesiar.com/market/items/get?country_id=4&item_id=16...
--- Dane o cenach itemu airplane ticket q3 w kraju Mexico ---
{
  "code": 200,
  "description": "Success"
}

Pobieranie danych: cenach itemu airplane ticket q3 w kraju Colombia z URL: https://api.eclesiar.com/market/items/get?country_id=5&item_id=16...
--- Dane o cenach itemu airplane ticket q3 w kraju Colombia ---
{
  "code": 200,
  "description": "Success",
  "data": [
    {
      "value": 10,
      "amount": 10,
      "owner": {
        "id": 11058,
        "type": "account"
      }
    }
  ]
}

Pobieranie danych: cenach itemu airplane ticket q3 w kraju Peru z URL: https://api.eclesiar.com/market/items/get?country_id=6&item_id=16...
--- Dane o cenach itemu airplane ticket q3 w kraju Peru ---
{
  "code": 200,
  "description": "Success",
  "data": [
    {
      "value": 3.596,
      "amount": 10,
      "owner": {
        "id": 15907,
        "type": "account"
      }
    },
    {
      "value": 3.748,
      "amount": 15,
      "owner": {
        "id": 313,
        "type": "holding"
      }
    }
  ]
}

Pobieranie danych: cenach itemu airplane ticket q3 w kraju Brazil z URL: https://api.eclesiar.com/market/items/get?country_id=7&item_id=16...
--- Dane o cenach itemu airplane ticket q3 w kraju Brazil ---
{
  "code": 200,
  "description": "Success",
  "data": [
    {
      "value": 2.39,
      "amount": 16,
      "owner": {
        "id": 11058,
        "type": "account"
      }
    },
    {
      "value": 2.4,
      "amount": 2,
      "owner": {
        "id": 9634,
        "type": "account"
      }
    },
    {
      "value": 2.79,
      "amount": 6,
      "owner": {
        "id": 3280,
        "type": "account"
      }
    }
  ]
}

Pobieranie danych: cenach itemu airplane ticket q3 w kraju Chile z URL: https://api.eclesiar.com/market/items/get?country_id=8&item_id=16...
--- Dane o cenach itemu airplane ticket q3 w kraju Chile ---
{
  "code": 200,
  "description": "Success",
  "data": [
    {
      "value": 3.7,
      "amount": 19,
      "owner": {
        "id": 93,
        "type": "holding"
      }
    }
  ]
}

Pobieranie danych: cenach itemu airplane ticket q3 w kraju Argentina z URL: https://api.eclesiar.com/market/items/get?country_id=10&item_id=16...
--- Dane o cenach itemu airplane ticket q3 w kraju Argentina ---
{
  "code": 200,
  "description": "Success"
}

Pobieranie danych: cenach itemu airplane ticket q3 w kraju Ireland z URL: https://api.eclesiar.com/market/items/get?country_id=11&item_id=16...
--- Dane o cenach itemu airplane ticket q3 w kraju Ireland ---
{
  "code": 200,
  "description": "Success"
}

Pobieranie danych: cenach itemu airplane ticket q3 w kraju France z URL: https://api.eclesiar.com/market/items/get?country_id=12&item_id=16...
--- Dane o cenach itemu airplane ticket q3 w kraju France ---
{
  "code": 200,
  "description": "Success",
  "data": [
    {
      "value": 1.5,
      "amount": 5,
      "owner": {
        "id": 1849,
        "type": "account"
      }
    },
    {
      "value": 1.6,
      "amount": 60,
      "owner": {
        "id": 159,
        "type": "holding"
      }
    },
    {
      "value": 2,
      "amount": 1,
      "owner": {
        "id": 551,
        "type": "holding"
      }
    },
    {
      "value": 2.1,
      "amount": 15,
      "owner": {
        "id": 11058,
        "type": "account"
      }
    }
  ]
}

Pobieranie danych: cenach itemu airplane ticket q3 w kraju Portugal z URL: https://api.eclesiar.com/market/items/get?country_id=13&item_id=16...
--- Dane o cenach itemu airplane ticket q3 w kraju Portugal ---
{
  "code": 200,
  "description": "Success",
  "data": [
    {
      "value": 0.99,
      "amount": 167,
      "owner": {
        "id": 396,
        "type": "holding"
      }
    },
    {
      "value": 1,
      "amount": 136,
      "owner": {
        "id": 551,
        "type": "holding"
      }
    },
    {
      "value": 1.1,
      "amount": 25,
      "owner": {
        "id": 10277,
        "type": "account"
      }
    },
    {
      "value": 1.99,
      "amount": 30,
      "owner": {
        "id": 11058,
        "type": "account"
      }
    },
    {
      "value": 2.5,
      "amount": 33,
      "owner": {
        "id": 1522,
        "type": "account"
      }
    }
  ]
}

Pobieranie danych: cenach itemu airplane ticket q3 w kraju Spain z URL: https://api.eclesiar.com/market/items/get?country_id=14&item_id=16...
--- Dane o cenach itemu airplane ticket q3 w kraju Spain ---
{
  "code": 200,
  "description": "Success",
  "data": [
    {
      "value": 0.69,
      "amount": 34,
      "owner": {
        "id": 14,
        "type": "country"
      }
    },
    {
      "value": 0.99,
      "amount": 20,
      "owner": {
        "id": 14,
        "type": "country"
      }
    },
    {
      "value": 1.45,
      "amount": 10,
      "owner": {
        "id": 10666,
        "type": "account"
      }
    }
  ]
}

Pobieranie danych: cenach itemu airplane ticket q3 w kraju Germany z URL: https://api.eclesiar.com/market/items/get?country_id=15&item_id=16...
--- Dane o cenach itemu airplane ticket q3 w kraju Germany ---
{
  "code": 200,
  "description": "Success",
  "data": [
    {
      "value": 0.85,
      "amount": 62,
      "owner": {
        "id": 13,
        "type": "holding"
      }
    },
    {
      "value": 0.87,
      "amount": 6,
      "owner": {
        "id": 11058,
        "type": "account"
      }
    }
  ]
}

Pobieranie danych: cenach itemu airplane ticket q3 w kraju Sweden z URL: https://api.eclesiar.com/market/items/get?country_id=16&item_id=16...
--- Dane o cenach itemu airplane ticket q3 w kraju Sweden ---
{
  "code": 200,
  "description": "Success",
  "data": [
    {
      "value": 1.48,
      "amount": 4,
      "owner": {
        "id": 3200,
        "type": "account"
      }
    },
    {
      "value": 1.5,
      "amount": 15,
      "owner": {
        "id": 551,
        "type": "holding"
      }
    },
    {
      "value": 2,
      "amount": 20,
      "owner": {
        "id": 11058,
        "type": "account"
      }
    },
    {
      "value": 5,
      "amount": 1,
      "owner": {
        "id": 1851,
        "type": "account"
      }
    },
    {
      "value": 10,
      "amount": 3,
      "owner": {
        "id": 13494,
        "type": "account"
      }
    },
    {
      "value": 666,
      "amount": 2,
      "owner": {
        "id": 1491,
        "type": "account"
      }
    }
  ]
}

Pobieranie danych: cenach itemu airplane ticket q3 w kraju Italy z URL: https://api.eclesiar.com/market/items/get?country_id=17&item_id=16...
--- Dane o cenach itemu airplane ticket q3 w kraju Italy ---
{
  "code": 200,
  "description": "Success"
}

Pobieranie danych: cenach itemu airplane ticket q3 w kraju Poland z URL: https://api.eclesiar.com/market/items/get?country_id=18&item_id=16...
--- Dane o cenach itemu airplane ticket q3 w kraju Poland ---
{
  "code": 200,
  "description": "Success",
  "data": [
    {
      "value": 0.459,
      "amount": 87,
      "owner": {
        "id": 11311,
        "type": "account"
      }
    },
    {
      "value": 0.46,
      "amount": 100,
      "owner": {
        "id": 313,
        "type": "holding"
      }
    },
    {
      "value": 0.462,
      "amount": 114,
      "owner": {
        "id": 491,
        "type": "holding"
      }
    },
    {
      "value": 0.465,
      "amount": 51,
      "owner": {
        "id": 13722,
        "type": "account"
      }
    },
    {
      "value": 0.466,
      "amount": 8,
      "owner": {
        "id": 14632,
        "type": "account"
      }
    },
    {
      "value": 0.466,
      "amount": 5,
      "owner": {
        "id": 11718,
        "type": "account"
      }
    },
    {
      "value": 0.466,
      "amount": 5,
      "owner": {
        "id": 13851,
        "type": "account"
      }
    },
    {
      "value": 0.47,
      "amount": 19,
      "owner": {
        "id": 13647,
        "type": "account"
      }
    },
    {
      "value": 0.47,
      "amount": 49,
      "owner": {
        "id": 313,
        "type": "holding"
      }
    },
    {
      "value": 0.475,
      "amount": 10,
      "owner": {
        "id": 16402,
        "type": "account"
      }
    },
    {
      "value": 0.478,
      "amount": 15,
      "owner": {
        "id": 11582,
        "type": "account"
      }
    },
    {
      "value": 0.485,
      "amount": 45,
      "owner": {
        "id": 13651,
        "type": "account"
      }
    },
    {
      "value": 0.488,
      "amount": 19,
      "owner": {
        "id": 11058,
        "type": "account"
      }
    },
    {
      "value": 0.56,
      "amount": 30,
      "owner": {
        "id": 10277,
        "type": "account"
      }
    },
    {
      "value": 0.6,
      "amount": 13,
      "owner": {
        "id": 12377,
        "type": "account"
      }
    },
    {
      "value": 0.715,
      "amount": 15,
      "owner": {
        "id": 10699,
        "type": "account"
      }
    },
    {
      "value": 2,
      "amount": 5,
      "owner": {
        "id": 13506,
        "type": "account"
      }
    }
  ]
}

Pobieranie danych: cenach itemu airplane ticket q3 w kraju Lithuania z URL: https://api.eclesiar.com/market/items/get?country_id=19&item_id=16...
--- Dane o cenach itemu airplane ticket q3 w kraju Lithuania ---
{
  "code": 200,
  "description": "Success"
}

Pobieranie danych: cenach itemu airplane ticket q3 w kraju Slovenia z URL: https://api.eclesiar.com/market/items/get?country_id=20&item_id=16...
--- Dane o cenach itemu airplane ticket q3 w kraju Slovenia ---
{
  "code": 200,
  "description": "Success",
  "data": [
    {
      "value": 0.8,
      "amount": 3,
      "owner": {
        "id": 13529,
        "type": "account"
      }
    },
    {
      "value": 1,
      "amount": 9,
      "owner": {
        "id": 7518,
        "type": "account"
      }
    },
    {
      "value": 1.18,
      "amount": 14,
      "owner": {
        "id": 12426,
        "type": "account"
      }
    },
    {
      "value": 1.49,
      "amount": 20,
      "owner": {
        "id": 11058,
        "type": "account"
      }
    },
    {
      "value": 1.6,
      "amount": 33,
      "owner": {
        "id": 551,
        "type": "holding"
      }
    },
    {
      "value": 1.877,
      "amount": 2,
      "owner": {
        "id": 2539,
        "type": "account"
      }
    },
    {
      "value": 4.7,
      "amount": 1,
      "owner": {
        "id": 2539,
        "type": "account"
      }
    },
    {
      "value": 5,
      "amount": 2,
      "owner": {
        "id": 12139,
        "type": "account"
      }
    },
    {
      "value": 5,
      "amount": 1,
      "owner": {
        "id": 12295,
        "type": "account"
      }
    },
    {
      "value": 8.9,
      "amount": 12,
      "owner": {
        "id": 6952,
        "type": "account"
      }
    },
    {
      "value": 10,
      "amount": 1,
      "owner": {
        "id": 12336,
        "type": "account"
      }
    },
    {
      "value": 10,
      "amount": 1,
      "owner": {
        "id": 12885,
        "type": "account"
      }
    },
    {
      "value": 1000,
      "amount": 1,
      "owner": {
        "id": 3553,
        "type": "account"
      }
    }
  ]
}

Pobieranie danych: cenach itemu airplane ticket q3 w kraju Croatia z URL: https://api.eclesiar.com/market/items/get?country_id=21&item_id=16...
--- Dane o cenach itemu airplane ticket q3 w kraju Croatia ---
{
  "code": 200,
  "description": "Success",
  "data": [
    {
      "value": 1.2,
      "amount": 3,
      "owner": {
        "id": 6003,
        "type": "account"
      }
    },
    {
      "value": 1.5,
      "amount": 16,
      "owner": {
        "id": 11058,
        "type": "account"
      }
    },
    {
      "value": 555,
      "amount": 3,
      "owner": {
        "id": 1742,
        "type": "account"
      }
    }
  ]
}

Pobieranie danych: cenach itemu airplane ticket q3 w kraju Bosnia and Herzegovina z URL: https://api.eclesiar.com/market/items/get?country_id=22&item_id=16...
--- Dane o cenach itemu airplane ticket q3 w kraju Bosnia and Herzegovina ---
{
  "code": 200,
  "description": "Success",
  "data": [
    {
      "value": 222,
      "amount": 5,
      "owner": {
        "id": 1659,
        "type": "account"
      }
    }
  ]
}

Pobieranie danych: cenach itemu airplane ticket q3 w kraju Serbia z URL: https://api.eclesiar.com/market/items/get?country_id=23&item_id=16...
--- Dane o cenach itemu airplane ticket q3 w kraju Serbia ---
{
  "code": 200,
  "description": "Success",
  "data": [
    {
      "value": 1,
      "amount": 20,
      "owner": {
        "id": 551,
        "type": "holding"
      }
    },
    {
      "value": 1.2,
      "amount": 20,
      "owner": {
        "id": 10277,
        "type": "account"
      }
    },
    {
      "value": 3,
      "amount": 20,
      "owner": {
        "id": 11058,
        "type": "account"
      }
    }
  ]
}

Pobieranie danych: cenach itemu airplane ticket q3 w kraju North Macedonia z URL: https://api.eclesiar.com/market/items/get?country_id=24&item_id=16...
--- Dane o cenach itemu airplane ticket q3 w kraju North Macedonia ---
{
  "code": 200,
  "description": "Success",
  "data": [
    {
      "value": 2.5,
      "amount": 5,
      "owner": {
        "id": 6075,
        "type": "account"
      }
    },
    {
      "value": 3,
      "amount": 2,
      "owner": {
        "id": 301,
        "type": "holding"
      }
    },
    {
      "value": 100,
      "amount": 5,
      "owner": {
        "id": 967,
        "type": "account"
      }
    }
  ]
}

Pobieranie danych: cenach itemu airplane ticket q3 w kraju Albania z URL: https://api.eclesiar.com/market/items/get?country_id=25&item_id=16...
--- Dane o cenach itemu airplane ticket q3 w kraju Albania ---
{
  "code": 200,
  "description": "Success"
}

Pobieranie danych: cenach itemu airplane ticket q3 w kraju Greece z URL: https://api.eclesiar.com/market/items/get?country_id=26&item_id=16...
--- Dane o cenach itemu airplane ticket q3 w kraju Greece ---
{
  "code": 200,
  "description": "Success"
}

Pobieranie danych: cenach itemu airplane ticket q3 w kraju Hungary z URL: https://api.eclesiar.com/market/items/get?country_id=27&item_id=16...
--- Dane o cenach itemu airplane ticket q3 w kraju Hungary ---
{
  "code": 200,
  "description": "Success",
  "data": [
    {
      "value": 0.87,
      "amount": 50,
      "owner": {
        "id": 12618,
        "type": "account"
      }
    },
    {
      "value": 0.88,
      "amount": 3,
      "owner": {
        "id": 12616,
        "type": "account"
      }
    },
    {
      "value": 0.999,
      "amount": 5,
      "owner": {
        "id": 564,
        "type": "holding"
      }
    },
    {
      "value": 1.5,
      "amount": 11,
      "owner": {
        "id": 1745,
        "type": "account"
      }
    }
  ]
}

Pobieranie danych: cenach itemu airplane ticket q3 w kraju Romania z URL: https://api.eclesiar.com/market/items/get?country_id=28&item_id=16...
--- Dane o cenach itemu airplane ticket q3 w kraju Romania ---
{
  "code": 200,
  "description": "Success"
}

Pobieranie danych: cenach itemu airplane ticket q3 w kraju Bulgaria z URL: https://api.eclesiar.com/market/items/get?country_id=30&item_id=16...
--- Dane o cenach itemu airplane ticket q3 w kraju Bulgaria ---
{
  "code": 200,
  "description": "Success",
  "data": [
    {
      "value": 6.3,
      "amount": 13,
      "owner": {
        "id": 2406,
        "type": "account"
      }
    },
    {
      "value": 6.39,
      "amount": 20,
      "owner": {
        "id": 11058,
        "type": "account"
      }
    },
    {
      "value": 6.5,
      "amount": 20,
      "owner": {
        "id": 310,
        "type": "account"
      }
    },
    {
      "value": 222,
      "amount": 10,
      "owner": {
        "id": 5227,
        "type": "account"
      }
    }
  ]
}

Pobieranie danych: cenach itemu airplane ticket q3 w kraju Turkey z URL: https://api.eclesiar.com/market/items/get?country_id=31&item_id=16...
--- Dane o cenach itemu airplane ticket q3 w kraju Turkey ---
{
  "code": 200,
  "description": "Success",
  "data": [
    {
      "value": 20,
      "amount": 18,
      "owner": {
        "id": 1477,
        "type": "account"
      }
    }
  ]
}

Pobieranie danych: cenach itemu airplane ticket q3 w kraju Ukraine z URL: https://api.eclesiar.com/market/items/get?country_id=32&item_id=16...
--- Dane o cenach itemu airplane ticket q3 w kraju Ukraine ---
{
  "code": 200,
  "description": "Success"
}

Pobieranie danych: cenach itemu airplane ticket q3 w kraju Russia z URL: https://api.eclesiar.com/market/items/get?country_id=33&item_id=16...
--- Dane o cenach itemu airplane ticket q3 w kraju Russia ---
{
  "code": 200,
  "description": "Success"
}

Pobieranie danych: cenach itemu airplane ticket q3 w kraju Georgia z URL: https://api.eclesiar.com/market/items/get?country_id=34&item_id=16...
--- Dane o cenach itemu airplane ticket q3 w kraju Georgia ---
{
  "code": 200,
  "description": "Success",
  "data": [
    {
      "value": 1,
      "amount": 20,
      "owner": {
        "id": 10277,
        "type": "account"
      }
    }
  ]
}

Pobieranie danych: cenach itemu airplane ticket q3 w kraju Israel z URL: https://api.eclesiar.com/market/items/get?country_id=35&item_id=16...
--- Dane o cenach itemu airplane ticket q3 w kraju Israel ---
{
  "code": 200,
  "description": "Success",
  "data": [
    {
      "value": 2,
      "amount": 30,
      "owner": {
        "id": 11058,
        "type": "account"
      }
    }
  ]
}

Pobieranie danych: cenach itemu airplane ticket q3 w kraju Egypt z URL: https://api.eclesiar.com/market/items/get?country_id=36&item_id=16...
--- Dane o cenach itemu airplane ticket q3 w kraju Egypt ---
{
  "code": 200,
  "description": "Success"
}

Pobieranie danych: cenach itemu airplane ticket q3 w kraju South Africa z URL: https://api.eclesiar.com/market/items/get?country_id=37&item_id=16...
--- Dane o cenach itemu airplane ticket q3 w kraju South Africa ---
{
  "code": 200,
  "description": "Success"
}

Pobieranie danych: cenach itemu airplane ticket q3 w kraju Iraq z URL: https://api.eclesiar.com/market/items/get?country_id=38&item_id=16...
--- Dane o cenach itemu airplane ticket q3 w kraju Iraq ---
{
  "code": 200,
  "description": "Success",
  "data": [
    {
      "value": 3.999,
      "amount": 14,
      "owner": {
        "id": 13488,
        "type": "account"
      }
    }
  ]
}

Pobieranie danych: cenach itemu airplane ticket q3 w kraju Saudi Arabia z URL: https://api.eclesiar.com/market/items/get?country_id=39&item_id=16...
--- Dane o cenach itemu airplane ticket q3 w kraju Saudi Arabia ---
{
  "code": 200,
  "description": "Success",
  "data": [
    {
      "value": 10,
      "amount": 1,
      "owner": {
        "id": 12885,
        "type": "account"
      }
    },
    {
      "value": 25000,
      "amount": 1,
      "owner": {
        "id": 12379,
        "type": "account"
      }
    }
  ]
}

Pobieranie danych: cenach itemu airplane ticket q3 w kraju Iran z URL: https://api.eclesiar.com/market/items/get?country_id=40&item_id=16...
--- Dane o cenach itemu airplane ticket q3 w kraju Iran ---
{
  "code": 200,
  "description": "Success"
}

Pobieranie danych: cenach itemu airplane ticket q3 w kraju Pakistan z URL: https://api.eclesiar.com/market/items/get?country_id=41&item_id=16...
--- Dane o cenach itemu airplane ticket q3 w kraju Pakistan ---
{
  "code": 200,
  "description": "Success"
}

Pobieranie danych: cenach itemu airplane ticket q3 w kraju India z URL: https://api.eclesiar.com/market/items/get?country_id=42&item_id=16...
--- Dane o cenach itemu airplane ticket q3 w kraju India ---
{
  "code": 200,
  "description": "Success"
}

Pobieranie danych: cenach itemu airplane ticket q3 w kraju China z URL: https://api.eclesiar.com/market/items/get?country_id=43&item_id=16...
--- Dane o cenach itemu airplane ticket q3 w kraju China ---
{
  "code": 200,
  "description": "Success"
}

Pobieranie danych: cenach itemu airplane ticket q3 w kraju Japan z URL: https://api.eclesiar.com/market/items/get?country_id=44&item_id=16...
--- Dane o cenach itemu airplane ticket q3 w kraju Japan ---
{
  "code": 200,
  "description": "Success"
}

Pobieranie danych: cenach itemu airplane ticket q3 w kraju South Korea z URL: https://api.eclesiar.com/market/items/get?country_id=45&item_id=16...
--- Dane o cenach itemu airplane ticket q3 w kraju South Korea ---
{
  "code": 200,
  "description": "Success",
  "data": [
    {
      "value": 3,
      "amount": 49,
      "owner": {
        "id": 150,
        "type": "holding"
      }
    }
  ]
}

Pobieranie danych: cenach itemu airplane ticket q3 w kraju Indonesia z URL: https://api.eclesiar.com/market/items/get?country_id=46&item_id=16...
--- Dane o cenach itemu airplane ticket q3 w kraju Indonesia ---
{
  "code": 200,
  "description": "Success",
  "data": [
    {
      "value": 5,
      "amount": 1,
      "owner": {
        "id": 2486,
        "type": "account"
      }
    }
  ]
}

Pobieranie danych: cenach itemu airplane ticket q3 w kraju Australia z URL: https://api.eclesiar.com/market/items/get?country_id=47&item_id=16...
--- Dane o cenach itemu airplane ticket q3 w kraju Australia ---
{
  "code": 200,
  "description": "Success",
  "data": [
    {
      "value": 0.9,
      "amount": 33,
      "owner": {
        "id": 500,
        "type": "holding"
      }
    }
  ]
}

Pobieranie danych: cenach itemu airplane ticket q3 w kraju Philippines z URL: https://api.eclesiar.com/market/items/get?country_id=48&item_id=16...
--- Dane o cenach itemu airplane ticket q3 w kraju Philippines ---
{
  "code": 200,
  "description": "Success"
}

Pobieranie danych: cenach itemu airplane ticket q4 w kraju United Kingdom z URL: https://api.eclesiar.com/market/items/get?country_id=2&item_id=17...
--- Dane o cenach itemu airplane ticket q4 w kraju United Kingdom ---
{
  "code": 200,
  "description": "Success",
  "data": [
    {
      "value": 3,
      "amount": 10,
      "owner": {
        "id": 5270,
        "type": "account"
      }
    }
  ]
}

Pobieranie danych: cenach itemu airplane ticket q4 w kraju United States of America z URL: https://api.eclesiar.com/market/items/get?country_id=3&item_id=17...
--- Dane o cenach itemu airplane ticket q4 w kraju United States of America ---
{
  "code": 200,
  "description": "Success",
  "data": [
    {
      "value": 3.9,
      "amount": 6,
      "owner": {
        "id": 148,
        "type": "holding"
      }
    },
    {
      "value": 4,
      "amount": 94,
      "owner": {
        "id": 3940,
        "type": "account"
      }
    },
    {
      "value": 50,
      "amount": 3,
      "owner": {
        "id": 1659,
        "type": "account"
      }
    },
    {
      "value": 3333,
      "amount": 15,
      "owner": {
        "id": 2129,
        "type": "account"
      }
    },
    {
      "value": 9999,
      "amount": 3,
      "owner": {
        "id": 1908,
        "type": "account"
      }
    }
  ]
}

Pobieranie danych: cenach itemu airplane ticket q4 w kraju Mexico z URL: https://api.eclesiar.com/market/items/get?country_id=4&item_id=17...
--- Dane o cenach itemu airplane ticket q4 w kraju Mexico ---
{
  "code": 200,
  "description": "Success"
}

Pobieranie danych: cenach itemu airplane ticket q4 w kraju Colombia z URL: https://api.eclesiar.com/market/items/get?country_id=5&item_id=17...
--- Dane o cenach itemu airplane ticket q4 w kraju Colombia ---
{
  "code": 200,
  "description": "Success"
}

Pobieranie danych: cenach itemu airplane ticket q4 w kraju Peru z URL: https://api.eclesiar.com/market/items/get?country_id=6&item_id=17...
--- Dane o cenach itemu airplane ticket q4 w kraju Peru ---
{
  "code": 200,
  "description": "Success",
  "data": [
    {
      "value": 4.989,
      "amount": 10,
      "owner": {
        "id": 68,
        "type": "holding"
      }
    },
    {
      "value": 4.99,
      "amount": 5,
      "owner": {
        "id": 14495,
        "type": "account"
      }
    },
    {
      "value": 5,
      "amount": 5,
      "owner": {
        "id": 12419,
        "type": "account"
      }
    },
    {
      "value": 5,
      "amount": 18,
      "owner": {
        "id": 68,
        "type": "holding"
      }
    }
  ]
}

Pobieranie danych: cenach itemu airplane ticket q4 w kraju Brazil z URL: https://api.eclesiar.com/market/items/get?country_id=7&item_id=17...
--- Dane o cenach itemu airplane ticket q4 w kraju Brazil ---
{
  "code": 200,
  "description": "Success",
  "data": [
    {
      "value": 3.88,
      "amount": 3,
      "owner": {
        "id": 11301,
        "type": "account"
      }
    },
    {
      "value": 3.89,
      "amount": 10,
      "owner": {
        "id": 11058,
        "type": "account"
      }
    },
    {
      "value": 3.9,
      "amount": 30,
      "owner": {
        "id": 339,
        "type": "holding"
      }
    },
    {
      "value": 4,
      "amount": 3,
      "owner": {
        "id": 9634,
        "type": "account"
      }
    },
    {
      "value": 25,
      "amount": 1,
      "owner": {
        "id": 80,
        "type": "account"
      }
    }
  ]
}

Pobieranie danych: cenach itemu airplane ticket q4 w kraju Chile z URL: https://api.eclesiar.com/market/items/get?country_id=8&item_id=17...
--- Dane o cenach itemu airplane ticket q4 w kraju Chile ---
{
  "code": 200,
  "description": "Success",
  "data": [
    {
      "value": 4.2,
      "amount": 31,
      "owner": {
        "id": 93,
        "type": "holding"
      }
    },
    {
      "value": 6.49,
      "amount": 10,
      "owner": {
        "id": 14495,
        "type": "account"
      }
    }
  ]
}

Pobieranie danych: cenach itemu airplane ticket q4 w kraju Argentina z URL: https://api.eclesiar.com/market/items/get?country_id=10&item_id=17...
--- Dane o cenach itemu airplane ticket q4 w kraju Argentina ---
{
  "code": 200,
  "description": "Success"
}

Pobieranie danych: cenach itemu airplane ticket q4 w kraju Ireland z URL: https://api.eclesiar.com/market/items/get?country_id=11&item_id=17...
--- Dane o cenach itemu airplane ticket q4 w kraju Ireland ---
{
  "code": 200,
  "description": "Success"
}

Pobieranie danych: cenach itemu airplane ticket q4 w kraju France z URL: https://api.eclesiar.com/market/items/get?country_id=12&item_id=17...
--- Dane o cenach itemu airplane ticket q4 w kraju France ---
{
  "code": 200,
  "description": "Success",
  "data": [
    {
      "value": 2.5,
      "amount": 30,
      "owner": {
        "id": 159,
        "type": "holding"
      }
    },
    {
      "value": 5,
      "amount": 5,
      "owner": {
        "id": 11311,
        "type": "account"
      }
    },
    {
      "value": 100,
      "amount": 1,
      "owner": {
        "id": 2737,
        "type": "account"
      }
    }
  ]
}

Pobieranie danych: cenach itemu airplane ticket q4 w kraju Portugal z URL: https://api.eclesiar.com/market/items/get?country_id=13&item_id=17...
--- Dane o cenach itemu airplane ticket q4 w kraju Portugal ---
{
  "code": 200,
  "description": "Success",
  "data": [
    {
      "value": 2.9,
      "amount": 22,
      "owner": {
        "id": 93,
        "type": "holding"
      }
    },
    {
      "value": 3.1,
      "amount": 25,
      "owner": {
        "id": 4556,
        "type": "account"
      }
    }
  ]
}

Pobieranie danych: cenach itemu airplane ticket q4 w kraju Spain z URL: https://api.eclesiar.com/market/items/get?country_id=14&item_id=17...
--- Dane o cenach itemu airplane ticket q4 w kraju Spain ---
{
  "code": 200,
  "description": "Success",
  "data": [
    {
      "value": 0.888,
      "amount": 90,
      "owner": {
        "id": 14,
        "type": "country"
      }
    },
    {
      "value": 1.99,
      "amount": 12,
      "owner": {
        "id": 11058,
        "type": "account"
      }
    },
    {
      "value": 29,
      "amount": 1,
      "owner": {
        "id": 2472,
        "type": "account"
      }
    }
  ]
}

Pobieranie danych: cenach itemu airplane ticket q4 w kraju Germany z URL: https://api.eclesiar.com/market/items/get?country_id=15&item_id=17...
--- Dane o cenach itemu airplane ticket q4 w kraju Germany ---
{
  "code": 200,
  "description": "Success",
  "data": [
    {
      "value": 1,
      "amount": 400,
      "owner": {
        "id": 27,
        "type": "holding"
      }
    },
    {
      "value": 1.4,
      "amount": 7,
      "owner": {
        "id": 9611,
        "type": "account"
      }
    },
    {
      "value": 1.499,
      "amount": 19,
      "owner": {
        "id": 68,
        "type": "holding"
      }
    }
  ]
}

Pobieranie danych: cenach itemu airplane ticket q4 w kraju Sweden z URL: https://api.eclesiar.com/market/items/get?country_id=16&item_id=17...
--- Dane o cenach itemu airplane ticket q4 w kraju Sweden ---
{
  "code": 200,
  "description": "Success",
  "data": [
    {
      "value": 1.7,
      "amount": 142,
      "owner": {
        "id": 148,
        "type": "holding"
      }
    },
    {
      "value": 666,
      "amount": 1,
      "owner": {
        "id": 1491,
        "type": "account"
      }
    }
  ]
}

Pobieranie danych: cenach itemu airplane ticket q4 w kraju Italy z URL: https://api.eclesiar.com/market/items/get?country_id=17&item_id=17...
--- Dane o cenach itemu airplane ticket q4 w kraju Italy ---
{
  "code": 200,
  "description": "Success"
}

Pobieranie danych: cenach itemu airplane ticket q4 w kraju Poland z URL: https://api.eclesiar.com/market/items/get?country_id=18&item_id=17...
--- Dane o cenach itemu airplane ticket q4 w kraju Poland ---
{
  "code": 200,
  "description": "Success",
  "data": [
    {
      "value": 0.836,
      "amount": 200,
      "owner": {
        "id": 11311,
        "type": "account"
      }
    },
    {
      "value": 0.837,
      "amount": 100,
      "owner": {
        "id": 68,
        "type": "holding"
      }
    },
    {
      "value": 0.838,
      "amount": 850,
      "owner": {
        "id": 491,
        "type": "holding"
      }
    },
    {
      "value": 0.84,
      "amount": 15,
      "owner": {
        "id": 13775,
        "type": "account"
      }
    },
    {
      "value": 0.85,
      "amount": 85,
      "owner": {
        "id": 10969,
        "type": "account"
      }
    },
    {
      "value": 0.86,
      "amount": 8,
      "owner": {
        "id": 11992,
        "type": "account"
      }
    },
    {
      "value": 0.866,
      "amount": 2,
      "owner": {
        "id": 11301,
        "type": "account"
      }
    },
    {
      "value": 0.987,
      "amount": 25,
      "owner": {
        "id": 11058,
        "type": "account"
      }
    },
    {
      "value": 1,
      "amount": 8,
      "owner": {
        "id": 13548,
        "type": "account"
      }
    },
    {
      "value": 1.09,
      "amount": 1,
      "owner": {
        "id": 11138,
        "type": "account"
      }
    }
  ]
}

Pobieranie danych: cenach itemu airplane ticket q4 w kraju Lithuania z URL: https://api.eclesiar.com/market/items/get?country_id=19&item_id=17...
--- Dane o cenach itemu airplane ticket q4 w kraju Lithuania ---
{
  "code": 200,
  "description": "Success",
  "data": [
    {
      "value": 12.5,
      "amount": 10,
      "owner": {
        "id": 1517,
        "type": "account"
      }
    },
    {
      "value": 14.8,
      "amount": 11,
      "owner": {
        "id": 161,
        "type": "holding"
      }
    },
    {
      "value": 50,
      "amount": 3,
      "owner": {
        "id": 10247,
        "type": "account"
      }
    }
  ]
}

Pobieranie danych: cenach itemu airplane ticket q4 w kraju Slovenia z URL: https://api.eclesiar.com/market/items/get?country_id=20&item_id=17...
--- Dane o cenach itemu airplane ticket q4 w kraju Slovenia ---
{
  "code": 200,
  "description": "Success",
  "data": [
    {
      "value": 2,
      "amount": 8,
      "owner": {
        "id": 7518,
        "type": "account"
      }
    },
    {
      "value": 2.99,
      "amount": 2,
      "owner": {
        "id": 2539,
        "type": "account"
      }
    },
    {
      "value": 3,
      "amount": 8,
      "owner": {
        "id": 1527,
        "type": "account"
      }
    },
    {
      "value": 6,
      "amount": 10,
      "owner": {
        "id": 11311,
        "type": "account"
      }
    },
    {
      "value": 7.399,
      "amount": 10,
      "owner": {
        "id": 68,
        "type": "holding"
      }
    },
    {
      "value": 8.99,
      "amount": 3,
      "owner": {
        "id": 6952,
        "type": "account"
      }
    }
  ]
}

Pobieranie danych: cenach itemu airplane ticket q4 w kraju Croatia z URL: https://api.eclesiar.com/market/items/get?country_id=21&item_id=17...
--- Dane o cenach itemu airplane ticket q4 w kraju Croatia ---
{
  "code": 200,
  "description": "Success",
  "data": [
    {
      "value": 1.1,
      "amount": 180,
      "owner": {
        "id": 10667,
        "type": "account"
      }
    },
    {
      "value": 1.24,
      "amount": 20,
      "owner": {
        "id": 6003,
        "type": "account"
      }
    }
  ]
}

Pobieranie danych: cenach itemu airplane ticket q4 w kraju Bosnia and Herzegovina z URL: https://api.eclesiar.com/market/items/get?country_id=22&item_id=17...
--- Dane o cenach itemu airplane ticket q4 w kraju Bosnia and Herzegovina ---
{
  "code": 200,
  "description": "Success",
  "data": [
    {
      "value": 14,
      "amount": 8,
      "owner": {
        "id": 8944,
        "type": "account"
      }
    }
  ]
}

Pobieranie danych: cenach itemu airplane ticket q4 w kraju Serbia z URL: https://api.eclesiar.com/market/items/get?country_id=23&item_id=17...
--- Dane o cenach itemu airplane ticket q4 w kraju Serbia ---
{
  "code": 200,
  "description": "Success",
  "data": [
    {
      "value": 4.9,
      "amount": 20,
      "owner": {
        "id": 11058,
        "type": "account"
      }
    },
    {
      "value": 5,
      "amount": 5,
      "owner": {
        "id": 68,
        "type": "holding"
      }
    },
    {
      "value": 12,
      "amount": 24,
      "owner": {
        "id": 1812,
        "type": "account"
      }
    }
  ]
}

Pobieranie danych: cenach itemu airplane ticket q4 w kraju North Macedonia z URL: https://api.eclesiar.com/market/items/get?country_id=24&item_id=17...
--- Dane o cenach itemu airplane ticket q4 w kraju North Macedonia ---
{
  "code": 200,
  "description": "Success",
  "data": [
    {
      "value": 12.5,
      "amount": 2,
      "owner": {
        "id": 11301,
        "type": "account"
      }
    },
    {
      "value": 100,
      "amount": 6,
      "owner": {
        "id": 967,
        "type": "account"
      }
    }
  ]
}

Pobieranie danych: cenach itemu airplane ticket q4 w kraju Albania z URL: https://api.eclesiar.com/market/items/get?country_id=25&item_id=17...
--- Dane o cenach itemu airplane ticket q4 w kraju Albania ---
{
  "code": 200,
  "description": "Success"
}

Pobieranie danych: cenach itemu airplane ticket q4 w kraju Greece z URL: https://api.eclesiar.com/market/items/get?country_id=26&item_id=17...
--- Dane o cenach itemu airplane ticket q4 w kraju Greece ---
{
  "code": 200,
  "description": "Success",
  "data": [
    {
      "value": 1.8,
      "amount": 82,
      "owner": {
        "id": 10283,
        "type": "account"
      }
    },
    {
      "value": 1.9,
      "amount": 52,
      "owner": {
        "id": 26,
        "type": "country"
      }
    },
    {
      "value": 20,
      "amount": 5,
      "owner": {
        "id": 4283,
        "type": "account"
      }
    }
  ]
}

Pobieranie danych: cenach itemu airplane ticket q4 w kraju Hungary z URL: https://api.eclesiar.com/market/items/get?country_id=27&item_id=17...
--- Dane o cenach itemu airplane ticket q4 w kraju Hungary ---
{
  "code": 200,
  "description": "Success",
  "data": [
    {
      "value": 0.995,
      "amount": 35,
      "owner": {
        "id": 1395,
        "type": "account"
      }
    },
    {
      "value": 1.395,
      "amount": 29,
      "owner": {
        "id": 93,
        "type": "holding"
      }
    },
    {
      "value": 1.4,
      "amount": 1,
      "owner": {
        "id": 9716,
        "type": "account"
      }
    },
    {
      "value": 1.447,
      "amount": 19,
      "owner": {
        "id": 2582,
        "type": "account"
      }
    },
    {
      "value": 1.47,
      "amount": 10,
      "owner": {
        "id": 11058,
        "type": "account"
      }
    },
    {
      "value": 1.479,
      "amount": 8,
      "owner": {
        "id": 12987,
        "type": "account"
      }
    }
  ]
}

Pobieranie danych: cenach itemu airplane ticket q4 w kraju Romania z URL: https://api.eclesiar.com/market/items/get?country_id=28&item_id=17...
--- Dane o cenach itemu airplane ticket q4 w kraju Romania ---
{
  "code": 200,
  "description": "Success",
  "data": [
    {
      "value": 10,
      "amount": 3,
      "owner": {
        "id": 1253,
        "type": "account"
      }
    },
    {
      "value": 14,
      "amount": 3,
      "owner": {
        "id": 1521,
        "type": "account"
      }
    },
    {
      "value": 50,
      "amount": 6,
      "owner": {
        "id": 6007,
        "type": "account"
      }
    },
    {
      "value": 100,
      "amount": 12,
      "owner": {
        "id": 2666,
        "type": "account"
      }
    },
    {
      "value": 555,
      "amount": 5,
      "owner": {
        "id": 2959,
        "type": "account"
      }
    }
  ]
}

Pobieranie danych: cenach itemu airplane ticket q4 w kraju Bulgaria z URL: https://api.eclesiar.com/market/items/get?country_id=30&item_id=17...
--- Dane o cenach itemu airplane ticket q4 w kraju Bulgaria ---
{
  "code": 200,
  "description": "Success",
  "data": [
    {
      "value": 7.9,
      "amount": 5,
      "owner": {
        "id": 11058,
        "type": "account"
      }
    },
    {
      "value": 8,
      "amount": 5,
      "owner": {
        "id": 11311,
        "type": "account"
      }
    },
    {
      "value": 70,
      "amount": 14,
      "owner": {
        "id": 2158,
        "type": "account"
      }
    },
    {
      "value": 111,
      "amount": 1,
      "owner": {
        "id": 5599,
        "type": "account"
      }
    }
  ]
}

Pobieranie danych: cenach itemu airplane ticket q4 w kraju Turkey z URL: https://api.eclesiar.com/market/items/get?country_id=31&item_id=17...
--- Dane o cenach itemu airplane ticket q4 w kraju Turkey ---
{
  "code": 200,
  "description": "Success",
  "data": [
    {
      "value": 23,
      "amount": 1,
      "owner": {
        "id": 1480,
        "type": "account"
      }
    }
  ]
}

Pobieranie danych: cenach itemu airplane ticket q4 w kraju Ukraine z URL: https://api.eclesiar.com/market/items/get?country_id=32&item_id=17...
--- Dane o cenach itemu airplane ticket q4 w kraju Ukraine ---
{
  "code": 200,
  "description": "Success"
}

Pobieranie danych: cenach itemu airplane ticket q4 w kraju Russia z URL: https://api.eclesiar.com/market/items/get?country_id=33&item_id=17...
--- Dane o cenach itemu airplane ticket q4 w kraju Russia ---
{
  "code": 200,
  "description": "Success"
}

Pobieranie danych: cenach itemu airplane ticket q4 w kraju Georgia z URL: https://api.eclesiar.com/market/items/get?country_id=34&item_id=17...
--- Dane o cenach itemu airplane ticket q4 w kraju Georgia ---
{
  "code": 200,
  "description": "Success",
  "data": [
    {
      "value": 5.989,
      "amount": 8,
      "owner": {
        "id": 2406,
        "type": "account"
      }
    }
  ]
}

Pobieranie danych: cenach itemu airplane ticket q4 w kraju Israel z URL: https://api.eclesiar.com/market/items/get?country_id=35&item_id=17...
--- Dane o cenach itemu airplane ticket q4 w kraju Israel ---
{
  "code": 200,
  "description": "Success"
}

Pobieranie danych: cenach itemu airplane ticket q4 w kraju Egypt z URL: https://api.eclesiar.com/market/items/get?country_id=36&item_id=17...
--- Dane o cenach itemu airplane ticket q4 w kraju Egypt ---
{
  "code": 200,
  "description": "Success",
  "data": [
    {
      "value": 3,
      "amount": 7,
      "owner": {
        "id": 110,
        "type": "holding"
      }
    }
  ]
}

Pobieranie danych: cenach itemu airplane ticket q4 w kraju South Africa z URL: https://api.eclesiar.com/market/items/get?country_id=37&item_id=17...
--- Dane o cenach itemu airplane ticket q4 w kraju South Africa ---
{
  "code": 200,
  "description": "Success"
}

Pobieranie danych: cenach itemu airplane ticket q4 w kraju Iraq z URL: https://api.eclesiar.com/market/items/get?country_id=38&item_id=17...
--- Dane o cenach itemu airplane ticket q4 w kraju Iraq ---
{
  "code": 200,
  "description": "Success",
  "data": [
    {
      "value": 4.999,
      "amount": 8,
      "owner": {
        "id": 13488,
        "type": "account"
      }
    }
  ]
}

Pobieranie danych: cenach itemu airplane ticket q4 w kraju Saudi Arabia z URL: https://api.eclesiar.com/market/items/get?country_id=39&item_id=17...
--- Dane o cenach itemu airplane ticket q4 w kraju Saudi Arabia ---
{
  "code": 200,
  "description": "Success"
}

Pobieranie danych: cenach itemu airplane ticket q4 w kraju Iran z URL: https://api.eclesiar.com/market/items/get?country_id=40&item_id=17...
--- Dane o cenach itemu airplane ticket q4 w kraju Iran ---
{
  "code": 200,
  "description": "Success",
  "data": [
    {
      "value": 5000,
      "amount": 1,
      "owner": {
        "id": 3479,
        "type": "account"
      }
    }
  ]
}

Pobieranie danych: cenach itemu airplane ticket q4 w kraju Pakistan z URL: https://api.eclesiar.com/market/items/get?country_id=41&item_id=17...
--- Dane o cenach itemu airplane ticket q4 w kraju Pakistan ---
{
  "code": 200,
  "description": "Success"
}

Pobieranie danych: cenach itemu airplane ticket q4 w kraju India z URL: https://api.eclesiar.com/market/items/get?country_id=42&item_id=17...
--- Dane o cenach itemu airplane ticket q4 w kraju India ---
{
  "code": 200,
  "description": "Success",
  "data": [
    {
      "value": 650.55,
      "amount": 2,
      "owner": {
        "id": 1551,
        "type": "account"
      }
    }
  ]
}

Pobieranie danych: cenach itemu airplane ticket q4 w kraju China z URL: https://api.eclesiar.com/market/items/get?country_id=43&item_id=17...
--- Dane o cenach itemu airplane ticket q4 w kraju China ---
{
  "code": 200,
  "description": "Success"
}

Pobieranie danych: cenach itemu airplane ticket q4 w kraju Japan z URL: https://api.eclesiar.com/market/items/get?country_id=44&item_id=17...
--- Dane o cenach itemu airplane ticket q4 w kraju Japan ---
{
  "code": 200,
  "description": "Success"
}

Pobieranie danych: cenach itemu airplane ticket q4 w kraju South Korea z URL: https://api.eclesiar.com/market/items/get?country_id=45&item_id=17...
--- Dane o cenach itemu airplane ticket q4 w kraju South Korea ---
{
  "code": 200,
  "description": "Success"
}

Pobieranie danych: cenach itemu airplane ticket q4 w kraju Indonesia z URL: https://api.eclesiar.com/market/items/get?country_id=46&item_id=17...
--- Dane o cenach itemu airplane ticket q4 w kraju Indonesia ---
{
  "code": 200,
  "description": "Success",
  "data": [
    {
      "value": 50,
      "amount": 1,
      "owner": {
        "id": 3484,
        "type": "account"
      }
    }
  ]
}

Pobieranie danych: cenach itemu airplane ticket q4 w kraju Australia z URL: https://api.eclesiar.com/market/items/get?country_id=47&item_id=17...
--- Dane o cenach itemu airplane ticket q4 w kraju Australia ---
{
  "code": 200,
  "description": "Success",
  "data": [
    {
      "value": 1.6,
      "amount": 27,
      "owner": {
        "id": 436,
        "type": "holding"
      }
    },
    {
      "value": 2,
      "amount": 10,
      "owner": {
        "id": 10210,
        "type": "account"
      }
    },
    {
      "value": 2.3,
      "amount": 8,
      "owner": {
        "id": 12497,
        "type": "account"
      }
    },
    {
      "value": 2.4,
      "amount": 54,
      "owner": {
        "id": 536,
        "type": "holding"
      }
    },
    {
      "value": 2.5,
      "amount": 7,
      "owner": {
        "id": 536,
        "type": "holding"
      }
    }
  ]
}

Pobieranie danych: cenach itemu airplane ticket q4 w kraju Philippines z URL: https://api.eclesiar.com/market/items/get?country_id=48&item_id=17...
--- Dane o cenach itemu airplane ticket q4 w kraju Philippines ---
{
  "code": 200,
  "description": "Success"
}

Pobieranie danych: cenach itemu airplane ticket q5 w kraju United Kingdom z URL: https://api.eclesiar.com/market/items/get?country_id=2&item_id=18...
--- Dane o cenach itemu airplane ticket q5 w kraju United Kingdom ---
{
  "code": 200,
  "description": "Success",
  "data": [
    {
      "value": 4.5,
      "amount": 20,
      "owner": {
        "id": 148,
        "type": "holding"
      }
    }
  ]
}

Pobieranie danych: cenach itemu airplane ticket q5 w kraju United States of America z URL: https://api.eclesiar.com/market/items/get?country_id=3&item_id=18...
--- Dane o cenach itemu airplane ticket q5 w kraju United States of America ---
{
  "code": 200,
  "description": "Success",
  "data": [
    {
      "value": 4.4,
      "amount": 22,
      "owner": {
        "id": 598,
        "type": "holding"
      }
    },
    {
      "value": 4.48,
      "amount": 20,
      "owner": {
        "id": 538,
        "type": "holding"
      }
    },
    {
      "value": 4.5,
      "amount": 5,
      "owner": {
        "id": 12249,
        "type": "account"
      }
    },
    {
      "value": 4.9,
      "amount": 1,
      "owner": {
        "id": 345,
        "type": "account"
      }
    },
    {
      "value": 5,
      "amount": 6,
      "owner": {
        "id": 10043,
        "type": "account"
      }
    },
    {
      "value": 30,
      "amount": 6,
      "owner": {
        "id": 2196,
        "type": "account"
      }
    },
    {
      "value": 100,
      "amount": 8,
      "owner": {
        "id": 3108,
        "type": "account"
      }
    },
    {
      "value": 100,
      "amount": 4,
      "owner": {
        "id": 1659,
        "type": "account"
      }
    },
    {
      "value": 100,
      "amount": 5,
      "owner": {
        "id": 5292,
        "type": "account"
      }
    },
    {
      "value": 111,
      "amount": 3,
      "owner": {
        "id": 1659,
        "type": "account"
      }
    },
    {
      "value": 999,
      "amount": 4,
      "owner": {
        "id": 1842,
        "type": "account"
      }
    },
    {
      "value": 3333,
      "amount": 14,
      "owner": {
        "id": 2129,
        "type": "account"
      }
    }
  ]
}

Pobieranie danych: cenach itemu airplane ticket q5 w kraju Mexico z URL: https://api.eclesiar.com/market/items/get?country_id=4&item_id=18...
--- Dane o cenach itemu airplane ticket q5 w kraju Mexico ---
{
  "code": 200,
  "description": "Success"
}

Pobieranie danych: cenach itemu airplane ticket q5 w kraju Colombia z URL: https://api.eclesiar.com/market/items/get?country_id=5&item_id=18...
--- Dane o cenach itemu airplane ticket q5 w kraju Colombia ---
{
  "code": 200,
  "description": "Success",
  "data": [
    {
      "value": 53.7,
      "amount": 5,
      "owner": {
        "id": 2406,
        "type": "account"
      }
    }
  ]
}

Pobieranie danych: cenach itemu airplane ticket q5 w kraju Peru z URL: https://api.eclesiar.com/market/items/get?country_id=6&item_id=18...
--- Dane o cenach itemu airplane ticket q5 w kraju Peru ---
{
  "code": 200,
  "description": "Success",
  "data": [
    {
      "value": 24.9,
      "amount": 5,
      "owner": {
        "id": 2406,
        "type": "account"
      }
    }
  ]
}

Pobieranie danych: cenach itemu airplane ticket q5 w kraju Brazil z URL: https://api.eclesiar.com/market/items/get?country_id=7&item_id=18...
--- Dane o cenach itemu airplane ticket q5 w kraju Brazil ---
{
  "code": 200,
  "description": "Success",
  "data": [
    {
      "value": 4.798,
      "amount": 48,
      "owner": {
        "id": 9589,
        "type": "account"
      }
    },
    {
      "value": 15,
      "amount": 4,
      "owner": {
        "id": 5762,
        "type": "account"
      }
    }
  ]
}

Pobieranie danych: cenach itemu airplane ticket q5 w kraju Chile z URL: https://api.eclesiar.com/market/items/get?country_id=8&item_id=18...
--- Dane o cenach itemu airplane ticket q5 w kraju Chile ---
{
  "code": 200,
  "description": "Success",
  "data": [
    {
      "value": 8,
      "amount": 4,
      "owner": {
        "id": 6075,
        "type": "account"
      }
    },
    {
      "value": 8.95,
      "amount": 15,
      "owner": {
        "id": 93,
        "type": "holding"
      }
    },
    {
      "value": 9,
      "amount": 8,
      "owner": {
        "id": 148,
        "type": "holding"
      }
    }
  ]
}

Pobieranie danych: cenach itemu airplane ticket q5 w kraju Argentina z URL: https://api.eclesiar.com/market/items/get?country_id=10&item_id=18...
--- Dane o cenach itemu airplane ticket q5 w kraju Argentina ---
{
  "code": 200,
  "description": "Success"
}

Pobieranie danych: cenach itemu airplane ticket q5 w kraju Ireland z URL: https://api.eclesiar.com/market/items/get?country_id=11&item_id=18...
--- Dane o cenach itemu airplane ticket q5 w kraju Ireland ---
{
  "code": 200,
  "description": "Success",
  "data": [
    {
      "value": 25,
      "amount": 1,
      "owner": {
        "id": 538,
        "type": "holding"
      }
    }
  ]
}

Pobieranie danych: cenach itemu airplane ticket q5 w kraju France z URL: https://api.eclesiar.com/market/items/get?country_id=12&item_id=18...
--- Dane o cenach itemu airplane ticket q5 w kraju France ---
{
  "code": 200,
  "description": "Success",
  "data": [
    {
      "value": 5.5,
      "amount": 9,
      "owner": {
        "id": 6075,
        "type": "account"
      }
    },
    {
      "value": 10,
      "amount": 10,
      "owner": {
        "id": 11311,
        "type": "account"
      }
    }
  ]
}

Pobieranie danych: cenach itemu airplane ticket q5 w kraju Portugal z URL: https://api.eclesiar.com/market/items/get?country_id=13&item_id=18...
--- Dane o cenach itemu airplane ticket q5 w kraju Portugal ---
{
  "code": 200,
  "description": "Success",
  "data": [
    {
      "value": 3.399,
      "amount": 2,
      "owner": {
        "id": 203,
        "type": "account"
      }
    },
    {
      "value": 3.4,
      "amount": 15,
      "owner": {
        "id": 537,
        "type": "holding"
      }
    },
    {
      "value": 3.5,
      "amount": 2,
      "owner": {
        "id": 408,
        "type": "account"
      }
    },
    {
      "value": 9.999,
      "amount": 10,
      "owner": {
        "id": 11311,
        "type": "account"
      }
    },
    {
      "value": 19.5,
      "amount": 1,
      "owner": {
        "id": 10277,
        "type": "account"
      }
    },
    {
      "value": 20,
      "amount": 3,
      "owner": {
        "id": 2595,
        "type": "account"
      }
    }
  ]
}

Pobieranie danych: cenach itemu airplane ticket q5 w kraju Spain z URL: https://api.eclesiar.com/market/items/get?country_id=14&item_id=18...
--- Dane o cenach itemu airplane ticket q5 w kraju Spain ---
{
  "code": 200,
  "description": "Success",
  "data": [
    {
      "value": 1.25,
      "amount": 9,
      "owner": {
        "id": 6075,
        "type": "account"
      }
    },
    {
      "value": 4,
      "amount": 2,
      "owner": {
        "id": 13474,
        "type": "account"
      }
    },
    {
      "value": 50,
      "amount": 5,
      "owner": {
        "id": 10666,
        "type": "account"
      }
    },
    {
      "value": 70,
      "amount": 4,
      "owner": {
        "id": 5630,
        "type": "account"
      }
    },
    {
      "value": 90,
      "amount": 1,
      "owner": {
        "id": 550,
        "type": "account"
      }
    }
  ]
}

Pobieranie danych: cenach itemu airplane ticket q5 w kraju Germany z URL: https://api.eclesiar.com/market/items/get?country_id=15&item_id=18...
--- Dane o cenach itemu airplane ticket q5 w kraju Germany ---
{
  "code": 200,
  "description": "Success",
  "data": [
    {
      "value": 1.35,
      "amount": 76,
      "owner": {
        "id": 27,
        "type": "holding"
      }
    },
    {
      "value": 1.649,
      "amount": 10,
      "owner": {
        "id": 9611,
        "type": "account"
      }
    },
    {
      "value": 1.75,
      "amount": 6,
      "owner": {
        "id": 15,
        "type": "country"
      }
    },
    {
      "value": 1.8,
      "amount": 31,
      "owner": {
        "id": 543,
        "type": "holding"
      }
    },
    {
      "value": 5,
      "amount": 3,
      "owner": {
        "id": 11311,
        "type": "account"
      }
    }
  ]
}

Pobieranie danych: cenach itemu airplane ticket q5 w kraju Sweden z URL: https://api.eclesiar.com/market/items/get?country_id=16&item_id=18...
--- Dane o cenach itemu airplane ticket q5 w kraju Sweden ---
{
  "code": 200,
  "description": "Success",
  "data": [
    {
      "value": 2.97,
      "amount": 9,
      "owner": {
        "id": 3200,
        "type": "account"
      }
    },
    {
      "value": 3,
      "amount": 232,
      "owner": {
        "id": 148,
        "type": "holding"
      }
    },
    {
      "value": 15,
      "amount": 1,
      "owner": {
        "id": 13534,
        "type": "account"
      }
    },
    {
      "value": 30,
      "amount": 4,
      "owner": {
        "id": 1851,
        "type": "account"
      }
    },
    {
      "value": 60,
      "amount": 3,
      "owner": {
        "id": 148,
        "type": "holding"
      }
    }
  ]
}

Pobieranie danych: cenach itemu airplane ticket q5 w kraju Italy z URL: https://api.eclesiar.com/market/items/get?country_id=17&item_id=18...
--- Dane o cenach itemu airplane ticket q5 w kraju Italy ---
{
  "code": 200,
  "description": "Success",
  "data": [
    {
      "value": 3.2,
      "amount": 10,
      "owner": {
        "id": 9611,
        "type": "account"
      }
    },
    {
      "value": 11,
      "amount": 10,
      "owner": {
        "id": 538,
        "type": "holding"
      }
    },
    {
      "value": 20,
      "amount": 1,
      "owner": {
        "id": 13534,
        "type": "account"
      }
    }
  ]
}

Pobieranie danych: cenach itemu airplane ticket q5 w kraju Poland z URL: https://api.eclesiar.com/market/items/get?country_id=18&item_id=18...
--- Dane o cenach itemu airplane ticket q5 w kraju Poland ---
{
  "code": 200,
  "description": "Success",
  "data": [
    {
      "value": 1.239,
      "amount": 11,
      "owner": {
        "id": 15085,
        "type": "account"
      }
    },
    {
      "value": 1.282,
      "amount": 194,
      "owner": {
        "id": 6549,
        "type": "account"
      }
    },
    {
      "value": 1.3,
      "amount": 4,
      "owner": {
        "id": 16079,
        "type": "account"
      }
    },
    {
      "value": 1.354,
      "amount": 2,
      "owner": {
        "id": 10699,
        "type": "account"
      }
    },
    {
      "value": 1.49,
      "amount": 117,
      "owner": {
        "id": 200,
        "type": "holding"
      }
    },
    {
      "value": 2.49,
      "amount": 1,
      "owner": {
        "id": 12434,
        "type": "account"
      }
    },
    {
      "value": 3.29,
      "amount": 5,
      "owner": {
        "id": 11877,
        "type": "account"
      }
    },
    {
      "value": 3.29,
      "amount": 5,
      "owner": {
        "id": 11903,
        "type": "account"
      }
    },
    {
      "value": 5,
      "amount": 4,
      "owner": {
        "id": 9799,
        "type": "account"
      }
    },
    {
      "value": 6.9,
      "amount": 2,
      "owner": {
        "id": 10277,
        "type": "account"
      }
    },
    {
      "value": 6.97,
      "amount": 5,
      "owner": {
        "id": 11561,
        "type": "account"
      }
    },
    {
      "value": 7,
      "amount": 5,
      "owner": {
        "id": 11277,
        "type": "account"
      }
    },
    {
      "value": 7,
      "amount": 5,
      "owner": {
        "id": 11784,
        "type": "account"
      }
    },
    {
      "value": 50,
      "amount": 2,
      "owner": {
        "id": 15085,
        "type": "account"
      }
    },
    {
      "value": 1000,
      "amount": 1,
      "owner": {
        "id": 6735,
        "type": "account"
      }
    }
  ]
}

Pobieranie danych: cenach itemu airplane ticket q5 w kraju Lithuania z URL: https://api.eclesiar.com/market/items/get?country_id=19&item_id=18...
--- Dane o cenach itemu airplane ticket q5 w kraju Lithuania ---
{
  "code": 200,
  "description": "Success",
  "data": [
    {
      "value": 100,
      "amount": 10,
      "owner": {
        "id": 1517,
        "type": "account"
      }
    }
  ]
}

Pobieranie danych: cenach itemu airplane ticket q5 w kraju Slovenia z URL: https://api.eclesiar.com/market/items/get?country_id=20&item_id=18...
--- Dane o cenach itemu airplane ticket q5 w kraju Slovenia ---
{
  "code": 200,
  "description": "Success",
  "data": [
    {
      "value": 3,
      "amount": 150,
      "owner": {
        "id": 29,
        "type": "holding"
      }
    },
    {
      "value": 4,
      "amount": 6,
      "owner": {
        "id": 7518,
        "type": "account"
      }
    },
    {
      "value": 20,
      "amount": 5,
      "owner": {
        "id": 6952,
        "type": "account"
      }
    }
  ]
}

Pobieranie danych: cenach itemu airplane ticket q5 w kraju Croatia z URL: https://api.eclesiar.com/market/items/get?country_id=21&item_id=18...
--- Dane o cenach itemu airplane ticket q5 w kraju Croatia ---
{
  "code": 200,
  "description": "Success",
  "data": [
    {
      "value": 2.1,
      "amount": 162,
      "owner": {
        "id": 410,
        "type": "holding"
      }
    },
    {
      "value": 2.21,
      "amount": 171,
      "owner": {
        "id": 6003,
        "type": "account"
      }
    },
    {
      "value": 2.22,
      "amount": 95,
      "owner": {
        "id": 348,
        "type": "account"
      }
    }
  ]
}

Pobieranie danych: cenach itemu airplane ticket q5 w kraju Bosnia and Herzegovina z URL: https://api.eclesiar.com/market/items/get?country_id=22&item_id=18...
--- Dane o cenach itemu airplane ticket q5 w kraju Bosnia and Herzegovina ---
{
  "code": 200,
  "description": "Success",
  "data": [
    {
      "value": 8.91,
      "amount": 5,
      "owner": {
        "id": 2406,
        "type": "account"
      }
    },
    {
      "value": 19,
      "amount": 36,
      "owner": {
        "id": 8944,
        "type": "account"
      }
    }
  ]
}

Pobieranie danych: cenach itemu airplane ticket q5 w kraju Serbia z URL: https://api.eclesiar.com/market/items/get?country_id=23&item_id=18...
--- Dane o cenach itemu airplane ticket q5 w kraju Serbia ---
{
  "code": 200,
  "description": "Success",
  "data": [
    {
      "value": 3.49,
      "amount": 19,
      "owner": {
        "id": 9834,
        "type": "account"
      }
    },
    {
      "value": 4,
      "amount": 15,
      "owner": {
        "id": 5733,
        "type": "account"
      }
    },
    {
      "value": 5,
      "amount": 4,
      "owner": {
        "id": 5906,
        "type": "account"
      }
    },
    {
      "value": 10,
      "amount": 10,
      "owner": {
        "id": 11311,
        "type": "account"
      }
    },
    {
      "value": 19,
      "amount": 4,
      "owner": {
        "id": 1812,
        "type": "account"
      }
    },
    {
      "value": 3000,
      "amount": 1,
      "owner": {
        "id": 12770,
        "type": "account"
      }
    }
  ]
}

Pobieranie danych: cenach itemu airplane ticket q5 w kraju North Macedonia z URL: https://api.eclesiar.com/market/items/get?country_id=24&item_id=18...
--- Dane o cenach itemu airplane ticket q5 w kraju North Macedonia ---
{
  "code": 200,
  "description": "Success",
  "data": [
    {
      "value": 4.98,
      "amount": 10,
      "owner": {
        "id": 538,
        "type": "holding"
      }
    },
    {
      "value": 5,
      "amount": 10,
      "owner": {
        "id": 6075,
        "type": "account"
      }
    },
    {
      "value": 29.91,
      "amount": 5,
      "owner": {
        "id": 2406,
        "type": "account"
      }
    }
  ]
}

Pobieranie danych: cenach itemu airplane ticket q5 w kraju Albania z URL: https://api.eclesiar.com/market/items/get?country_id=25&item_id=18...
--- Dane o cenach itemu airplane ticket q5 w kraju Albania ---
{
  "code": 200,
  "description": "Success"
}

Pobieranie danych: cenach itemu airplane ticket q5 w kraju Greece z URL: https://api.eclesiar.com/market/items/get?country_id=26&item_id=18...
--- Dane o cenach itemu airplane ticket q5 w kraju Greece ---
{
  "code": 200,
  "description": "Success",
  "data": [
    {
      "value": 7.99,
      "amount": 11,
      "owner": {
        "id": 538,
        "type": "holding"
      }
    },
    {
      "value": 7.999,
      "amount": 2,
      "owner": {
        "id": 12390,
        "type": "account"
      }
    }
  ]
}

Pobieranie danych: cenach itemu airplane ticket q5 w kraju Hungary z URL: https://api.eclesiar.com/market/items/get?country_id=27&item_id=18...
--- Dane o cenach itemu airplane ticket q5 w kraju Hungary ---
{
  "code": 200,
  "description": "Success",
  "data": [
    {
      "value": 6,
      "amount": 3,
      "owner": {
        "id": 12564,
        "type": "account"
      }
    },
    {
      "value": 50,
      "amount": 1,
      "owner": {
        "id": 13612,
        "type": "account"
      }
    },
    {
      "value": 10000,
      "amount": 1,
      "owner": {
        "id": 13612,
        "type": "account"
      }
    }
  ]
}

Pobieranie danych: cenach itemu airplane ticket q5 w kraju Romania z URL: https://api.eclesiar.com/market/items/get?country_id=28&item_id=18...
--- Dane o cenach itemu airplane ticket q5 w kraju Romania ---
{
  "code": 200,
  "description": "Success",
  "data": [
    {
      "value": 10,
      "amount": 3,
      "owner": {
        "id": 6430,
        "type": "account"
      }
    },
    {
      "value": 10,
      "amount": 3,
      "owner": {
        "id": 1253,
        "type": "account"
      }
    },
    {
      "value": 10,
      "amount": 7,
      "owner": {
        "id": 2666,
        "type": "account"
      }
    },
    {
      "value": 11,
      "amount": 7,
      "owner": {
        "id": 1521,
        "type": "account"
      }
    },
    {
      "value": 100,
      "amount": 2,
      "owner": {
        "id": 6007,
        "type": "account"
      }
    },
    {
      "value": 555,
      "amount": 26,
      "owner": {
        "id": 2959,
        "type": "account"
      }
    }
  ]
}

Pobieranie danych: cenach itemu airplane ticket q5 w kraju Bulgaria z URL: https://api.eclesiar.com/market/items/get?country_id=30&item_id=18...
--- Dane o cenach itemu airplane ticket q5 w kraju Bulgaria ---
{
  "code": 200,
  "description": "Success",
  "data": [
    {
      "value": 8.5,
      "amount": 5,
      "owner": {
        "id": 6075,
        "type": "account"
      }
    },
    {
      "value": 19,
      "amount": 7,
      "owner": {
        "id": 310,
        "type": "account"
      }
    },
    {
      "value": 19.99,
      "amount": 5,
      "owner": {
        "id": 754,
        "type": "account"
      }
    },
    {
      "value": 20,
      "amount": 5,
      "owner": {
        "id": 2907,
        "type": "account"
      }
    },
    {
      "value": 50,
      "amount": 1,
      "owner": {
        "id": 3421,
        "type": "account"
      }
    },
    {
      "value": 75,
      "amount": 3,
      "owner": {
        "id": 2158,
        "type": "account"
      }
    },
    {
      "value": 222,
      "amount": 4,
      "owner": {
        "id": 5227,
        "type": "account"
      }
    },
    {
      "value": 5555,
      "amount": 2,
      "owner": {
        "id": 343,
        "type": "account"
      }
    },
    {
      "value": 9999,
      "amount": 4,
      "owner": {
        "id": 534,
        "type": "account"
      }
    }
  ]
}

Pobieranie danych: cenach itemu airplane ticket q5 w kraju Turkey z URL: https://api.eclesiar.com/market/items/get?country_id=31&item_id=18...
--- Dane o cenach itemu airplane ticket q5 w kraju Turkey ---
{
  "code": 200,
  "description": "Success",
  "data": [
    {
      "value": 3.77,
      "amount": 2,
      "owner": {
        "id": 2406,
        "type": "account"
      }
    },
    {
      "value": 29,
      "amount": 4,
      "owner": {
        "id": 335,
        "type": "account"
      }
    },
    {
      "value": 30,
      "amount": 2,
      "owner": {
        "id": 3103,
        "type": "account"
      }
    },
    {
      "value": 250,
      "amount": 1,
      "owner": {
        "id": 3101,
        "type": "account"
      }
    },
    {
      "value": 1000,
      "amount": 3,
      "owner": {
        "id": 1971,
        "type": "account"
      }
    },
    {
      "value": 111111,
      "amount": 3,
      "owner": {
        "id": 3101,
        "type": "account"
      }
    }
  ]
}

Pobieranie danych: cenach itemu airplane ticket q5 w kraju Ukraine z URL: https://api.eclesiar.com/market/items/get?country_id=32&item_id=18...
--- Dane o cenach itemu airplane ticket q5 w kraju Ukraine ---
{
  "code": 200,
  "description": "Success"
}

Pobieranie danych: cenach itemu airplane ticket q5 w kraju Russia z URL: https://api.eclesiar.com/market/items/get?country_id=33&item_id=18...
--- Dane o cenach itemu airplane ticket q5 w kraju Russia ---
{
  "code": 200,
  "description": "Success"
}

Pobieranie danych: cenach itemu airplane ticket q5 w kraju Georgia z URL: https://api.eclesiar.com/market/items/get?country_id=34&item_id=18...
--- Dane o cenach itemu airplane ticket q5 w kraju Georgia ---
{
  "code": 200,
  "description": "Success"
}

Pobieranie danych: cenach itemu airplane ticket q5 w kraju Israel z URL: https://api.eclesiar.com/market/items/get?country_id=35&item_id=18...
--- Dane o cenach itemu airplane ticket q5 w kraju Israel ---
{
  "code": 200,
  "description": "Success"
}

Pobieranie danych: cenach itemu airplane ticket q5 w kraju Egypt z URL: https://api.eclesiar.com/market/items/get?country_id=36&item_id=18...
--- Dane o cenach itemu airplane ticket q5 w kraju Egypt ---
{
  "code": 200,
  "description": "Success",
  "data": [
    {
      "value": 7.25,
      "amount": 6,
      "owner": {
        "id": 538,
        "type": "holding"
      }
    },
    {
      "value": 10,
      "amount": 4,
      "owner": {
        "id": 1140,
        "type": "account"
      }
    },
    {
      "value": 9999999,
      "amount": 8,
      "owner": {
        "id": 4901,
        "type": "account"
      }
    }
  ]
}

Pobieranie danych: cenach itemu airplane ticket q5 w kraju South Africa z URL: https://api.eclesiar.com/market/items/get?country_id=37&item_id=18...
--- Dane o cenach itemu airplane ticket q5 w kraju South Africa ---
{
  "code": 200,
  "description": "Success",
  "data": [
    {
      "value": 20,
      "amount": 15,
      "owner": {
        "id": 12328,
        "type": "account"
      }
    }
  ]
}

Pobieranie danych: cenach itemu airplane ticket q5 w kraju Iraq z URL: https://api.eclesiar.com/market/items/get?country_id=38&item_id=18...
--- Dane o cenach itemu airplane ticket q5 w kraju Iraq ---
{
  "code": 200,
  "description": "Success",
  "data": [
    {
      "value": 17.99,
      "amount": 2,
      "owner": {
        "id": 538,
        "type": "holding"
      }
    }
  ]
}

Pobieranie danych: cenach itemu airplane ticket q5 w kraju Saudi Arabia z URL: https://api.eclesiar.com/market/items/get?country_id=39&item_id=18...
--- Dane o cenach itemu airplane ticket q5 w kraju Saudi Arabia ---
{
  "code": 200,
  "description": "Success",
  "data": [
    {
      "value": 28.755,
      "amount": 2,
      "owner": {
        "id": 170,
        "type": "holding"
      }
    },
    {
      "value": 28.9,
      "amount": 10,
      "owner": {
        "id": 538,
        "type": "holding"
      }
    },
    {
      "value": 28.99,
      "amount": 2,
      "owner": {
        "id": 5399,
        "type": "account"
      }
    }
  ]
}

Pobieranie danych: cenach itemu airplane ticket q5 w kraju Iran z URL: https://api.eclesiar.com/market/items/get?country_id=40&item_id=18...
--- Dane o cenach itemu airplane ticket q5 w kraju Iran ---
{
  "code": 200,
  "description": "Success",
  "data": [
    {
      "value": 70,
      "amount": 2,
      "owner": {
        "id": 313,
        "type": "account"
      }
    },
    {
      "value": 100,
      "amount": 4,
      "owner": {
        "id": 313,
        "type": "account"
      }
    },
    {
      "value": 200,
      "amount": 1,
      "owner": {
        "id": 2419,
        "type": "account"
      }
    },
    {
      "value": 1000,
      "amount": 7,
      "owner": {
        "id": 2419,
        "type": "account"
      }
    },
    {
      "value": 5000,
      "amount": 1,
      "owner": {
        "id": 3479,
        "type": "account"
      }
    }
  ]
}

Pobieranie danych: cenach itemu airplane ticket q5 w kraju Pakistan z URL: https://api.eclesiar.com/market/items/get?country_id=41&item_id=18...
--- Dane o cenach itemu airplane ticket q5 w kraju Pakistan ---
{
  "code": 200,
  "description": "Success"
}

Pobieranie danych: cenach itemu airplane ticket q5 w kraju India z URL: https://api.eclesiar.com/market/items/get?country_id=42&item_id=18...
--- Dane o cenach itemu airplane ticket q5 w kraju India ---
{
  "code": 200,
  "description": "Success",
  "data": [
    {
      "value": 10,
      "amount": 2,
      "owner": {
        "id": 4531,
        "type": "account"
      }
    }
  ]
}

Pobieranie danych: cenach itemu airplane ticket q5 w kraju China z URL: https://api.eclesiar.com/market/items/get?country_id=43&item_id=18...
--- Dane o cenach itemu airplane ticket q5 w kraju China ---
{
  "code": 200,
  "description": "Success",
  "data": [
    {
      "value": 9999,
      "amount": 25,
      "owner": {
        "id": 1294,
        "type": "account"
      }
    }
  ]
}

Pobieranie danych: cenach itemu airplane ticket q5 w kraju Japan z URL: https://api.eclesiar.com/market/items/get?country_id=44&item_id=18...
--- Dane o cenach itemu airplane ticket q5 w kraju Japan ---
{
  "code": 200,
  "description": "Success",
  "data": [
    {
      "value": 49.7,
      "amount": 5,
      "owner": {
        "id": 2406,
        "type": "account"
      }
    },
    {
      "value": 100,
      "amount": 8,
      "owner": {
        "id": 229,
        "type": "account"
      }
    }
  ]
}

Pobieranie danych: cenach itemu airplane ticket q5 w kraju South Korea z URL: https://api.eclesiar.com/market/items/get?country_id=45&item_id=18...
--- Dane o cenach itemu airplane ticket q5 w kraju South Korea ---
{
  "code": 200,
  "description": "Success",
  "data": [
    {
      "value": 7.44,
      "amount": 5,
      "owner": {
        "id": 2406,
        "type": "account"
      }
    }
  ]
}

Pobieranie danych: cenach itemu airplane ticket q5 w kraju Indonesia z URL: https://api.eclesiar.com/market/items/get?country_id=46&item_id=18...
--- Dane o cenach itemu airplane ticket q5 w kraju Indonesia ---
{
  "code": 200,
  "description": "Success"
}

Pobieranie danych: cenach itemu airplane ticket q5 w kraju Australia z URL: https://api.eclesiar.com/market/items/get?country_id=47&item_id=18...
--- Dane o cenach itemu airplane ticket q5 w kraju Australia ---
{
  "code": 200,
  "description": "Success",
  "data": [
    {
      "value": 2.44,
      "amount": 10,
      "owner": {
        "id": 538,
        "type": "holding"
      }
    },
    {
      "value": 2.45,
      "amount": 7,
      "owner": {
        "id": 6075,
        "type": "account"
      }
    },
    {
      "value": 2.55,
      "amount": 20,
      "owner": {
        "id": 454,
        "type": "holding"
      }
    },
    {
      "value": 2.9,
      "amount": 29,
      "owner": {
        "id": 536,
        "type": "holding"
      }
    },
    {
      "value": 3,
      "amount": 21,
      "owner": {
        "id": 536,
        "type": "holding"
      }
    },
    {
      "value": 5,
      "amount": 1,
      "owner": {
        "id": 6549,
        "type": "account"
      }
    },
    {
      "value": 10,
      "amount": 10,
      "owner": {
        "id": 11311,
        "type": "account"
      }
    }
  ]
}

Pobieranie danych: cenach itemu airplane ticket q5 w kraju Philippines z URL: https://api.eclesiar.com/market/items/get?country_id=48&item_id=18...
--- Dane o cenach itemu airplane ticket q5 w kraju Philippines ---
{
  "code": 200,
  "description": "Success"
}

Pobieranie danych: cenach itemu titanium w kraju United Kingdom z URL: https://api.eclesiar.com/market/items/get?country_id=2&item_id=19...
--- Dane o cenach itemu titanium w kraju United Kingdom ---
{
  "code": 200,
  "description": "Success",
  "data": [
    {
      "value": 0.4,
      "amount": 50,
      "owner": {
        "id": 7474,
        "type": "account"
      }
    }
  ]
}

Pobieranie danych: cenach itemu titanium w kraju United States of America z URL: https://api.eclesiar.com/market/items/get?country_id=3&item_id=19...
--- Dane o cenach itemu titanium w kraju United States of America ---
{
  "code": 200,
  "description": "Success",
  "data": [
    {
      "value": 0.15,
      "amount": 1347,
      "owner": {
        "id": 282,
        "type": "account"
      }
    },
    {
      "value": 0.15,
      "amount": 2,
      "owner": {
        "id": 1698,
        "type": "account"
      }
    },
    {
      "value": 0.2,
      "amount": 4,
      "owner": {
        "id": 15429,
        "type": "account"
      }
    },
    {
      "value": 0.59,
      "amount": 63,
      "owner": {
        "id": 1896,
        "type": "account"
      }
    },
    {
      "value": 0.65,
      "amount": 42,
      "owner": {
        "id": 4706,
        "type": "account"
      }
    },
    {
      "value": 0.75,
      "amount": 40,
      "owner": {
        "id": 5695,
        "type": "account"
      }
    },
    {
      "value": 1,
      "amount": 1,
      "owner": {
        "id": 12526,
        "type": "account"
      }
    },
    {
      "value": 4,
      "amount": 2,
      "owner": {
        "id": 1812,
        "type": "account"
      }
    },
    {
      "value": 4.99,
      "amount": 5,
      "owner": {
        "id": 4491,
        "type": "account"
      }
    },
    {
      "value": 5.1,
      "amount": 2,
      "owner": {
        "id": 1812,
        "type": "account"
      }
    }
  ]
}

Pobieranie danych: cenach itemu titanium w kraju Mexico z URL: https://api.eclesiar.com/market/items/get?country_id=4&item_id=19...
--- Dane o cenach itemu titanium w kraju Mexico ---
{
  "code": 200,
  "description": "Success",
  "data": [
    {
      "value": 0.2,
      "amount": 49,
      "owner": {
        "id": 16204,
        "type": "account"
      }
    }
  ]
}

Pobieranie danych: cenach itemu titanium w kraju Colombia z URL: https://api.eclesiar.com/market/items/get?country_id=5&item_id=19...
--- Dane o cenach itemu titanium w kraju Colombia ---
{
  "code": 200,
  "description": "Success"
}

Pobieranie danych: cenach itemu titanium w kraju Peru z URL: https://api.eclesiar.com/market/items/get?country_id=6&item_id=19...
--- Dane o cenach itemu titanium w kraju Peru ---
{
  "code": 200,
  "description": "Success",
  "data": [
    {
      "value": 0.48,
      "amount": 46,
      "owner": {
        "id": 313,
        "type": "holding"
      }
    },
    {
      "value": 0.49,
      "amount": 100,
      "owner": {
        "id": 1812,
        "type": "account"
      }
    }
  ]
}

Pobieranie danych: cenach itemu titanium w kraju Brazil z URL: https://api.eclesiar.com/market/items/get?country_id=7&item_id=19...
--- Dane o cenach itemu titanium w kraju Brazil ---
{
  "code": 200,
  "description": "Success",
  "data": [
    {
      "value": 0.28,
      "amount": 4,
      "owner": {
        "id": 5799,
        "type": "account"
      }
    },
    {
      "value": 0.28,
      "amount": 298,
      "owner": {
        "id": 7474,
        "type": "account"
      }
    }
  ]
}

Pobieranie danych: cenach itemu titanium w kraju Chile z URL: https://api.eclesiar.com/market/items/get?country_id=8&item_id=19...
--- Dane o cenach itemu titanium w kraju Chile ---
{
  "code": 200,
  "description": "Success",
  "data": [
    {
      "value": 0.5,
      "amount": 200,
      "owner": {
        "id": 6075,
        "type": "account"
      }
    }
  ]
}

Pobieranie danych: cenach itemu titanium w kraju Argentina z URL: https://api.eclesiar.com/market/items/get?country_id=10&item_id=19...
--- Dane o cenach itemu titanium w kraju Argentina ---
{
  "code": 200,
  "description": "Success",
  "data": [
    {
      "value": 0.5,
      "amount": 29,
      "owner": {
        "id": 7374,
        "type": "account"
      }
    }
  ]
}

Pobieranie danych: cenach itemu titanium w kraju Ireland z URL: https://api.eclesiar.com/market/items/get?country_id=11&item_id=19...
--- Dane o cenach itemu titanium w kraju Ireland ---
{
  "code": 200,
  "description": "Success",
  "data": [
    {
      "value": 2,
      "amount": 3,
      "owner": {
        "id": 7399,
        "type": "account"
      }
    }
  ]
}

Pobieranie danych: cenach itemu titanium w kraju France z URL: https://api.eclesiar.com/market/items/get?country_id=12&item_id=19...
--- Dane o cenach itemu titanium w kraju France ---
{
  "code": 200,
  "description": "Success",
  "data": [
    {
      "value": 0.15,
      "amount": 343,
      "owner": {
        "id": 336,
        "type": "holding"
      }
    },
    {
      "value": 0.165,
      "amount": 167,
      "owner": {
        "id": 50,
        "type": "holding"
      }
    },
    {
      "value": 0.168,
      "amount": 4,
      "owner": {
        "id": 5552,
        "type": "account"
      }
    },
    {
      "value": 0.168,
      "amount": 66,
      "owner": {
        "id": 5546,
        "type": "account"
      }
    },
    {
      "value": 0.17,
      "amount": 1010,
      "owner": {
        "id": 50,
        "type": "holding"
      }
    },
    {
      "value": 0.17,
      "amount": 709,
      "owner": {
        "id": 5549,
        "type": "account"
      }
    },
    {
      "value": 1,
      "amount": 1,
      "owner": {
        "id": 9573,
        "type": "account"
      }
    }
  ]
}

Pobieranie danych: cenach itemu titanium w kraju Portugal z URL: https://api.eclesiar.com/market/items/get?country_id=13&item_id=19...
--- Dane o cenach itemu titanium w kraju Portugal ---
{
  "code": 200,
  "description": "Success",
  "data": [
    {
      "value": 0.164,
      "amount": 461,
      "owner": {
        "id": 203,
        "type": "account"
      }
    },
    {
      "value": 0.17,
      "amount": 2271,
      "owner": {
        "id": 396,
        "type": "holding"
      }
    },
    {
      "value": 0.172,
      "amount": 300,
      "owner": {
        "id": 7474,
        "type": "account"
      }
    },
    {
      "value": 0.18,
      "amount": 4,
      "owner": {
        "id": 5148,
        "type": "account"
      }
    },
    {
      "value": 0.19,
      "amount": 100,
      "owner": {
        "id": 14200,
        "type": "account"
      }
    },
    {
      "value": 0.2,
      "amount": 152,
      "owner": {
        "id": 14200,
        "type": "account"
      }
    },
    {
      "value": 0.999,
      "amount": 20,
      "owner": {
        "id": 11311,
        "type": "account"
      }
    },
    {
      "value": 1,
      "amount": 1,
      "owner": {
        "id": 10357,
        "type": "account"
      }
    }
  ]
}

Pobieranie danych: cenach itemu titanium w kraju Spain z URL: https://api.eclesiar.com/market/items/get?country_id=14&item_id=19...
--- Dane o cenach itemu titanium w kraju Spain ---
{
  "code": 200,
  "description": "Success",
  "data": [
    {
      "value": 0.085,
      "amount": 56,
      "owner": {
        "id": 6075,
        "type": "account"
      }
    },
    {
      "value": 0.086,
      "amount": 300,
      "owner": {
        "id": 14,
        "type": "country"
      }
    },
    {
      "value": 0.088,
      "amount": 300,
      "owner": {
        "id": 7474,
        "type": "account"
      }
    },
    {
      "value": 0.09,
      "amount": 273,
      "owner": {
        "id": 14,
        "type": "country"
      }
    },
    {
      "value": 0.2,
      "amount": 1,
      "owner": {
        "id": 1843,
        "type": "account"
      }
    }
  ]
}

Pobieranie danych: cenach itemu titanium w kraju Germany z URL: https://api.eclesiar.com/market/items/get?country_id=15&item_id=19...
--- Dane o cenach itemu titanium w kraju Germany ---
{
  "code": 200,
  "description": "Success",
  "data": [
    {
      "value": 0.085,
      "amount": 4,
      "owner": {
        "id": 1613,
        "type": "account"
      }
    },
    {
      "value": 0.087,
      "amount": 22,
      "owner": {
        "id": 3205,
        "type": "npc"
      }
    },
    {
      "value": 0.088,
      "amount": 200,
      "owner": {
        "id": 9611,
        "type": "account"
      }
    },
    {
      "value": 0.09,
      "amount": 880,
      "owner": {
        "id": 9611,
        "type": "account"
      }
    },
    {
      "value": 0.09,
      "amount": 53,
      "owner": {
        "id": 16301,
        "type": "account"
      }
    },
    {
      "value": 0.171,
      "amount": 1157,
      "owner": {
        "id": 9611,
        "type": "account"
      }
    },
    {
      "value": 0.175,
      "amount": 200,
      "owner": {
        "id": 1849,
        "type": "account"
      }
    },
    {
      "value": 0.5,
      "amount": 2,
      "owner": {
        "id": 12347,
        "type": "account"
      }
    },
    {
      "value": 0.9,
      "amount": 2,
      "owner": {
        "id": 12347,
        "type": "account"
      }
    },
    {
      "value": 0.9,
      "amount": 1,
      "owner": {
        "id": 12340,
        "type": "account"
      }
    },
    {
      "value": 2.4,
      "amount": 2,
      "owner": {
        "id": 1812,
        "type": "account"
      }
    },
    {
      "value": 2.45,
      "amount": 2,
      "owner": {
        "id": 1812,
        "type": "account"
      }
    },
    {
      "value": 2.47,
      "amount": 2,
      "owner": {
        "id": 1812,
        "type": "account"
      }
    },
    {
      "value": 10,
      "amount": 3,
      "owner": {
        "id": 8218,
        "type": "account"
      }
    }
  ]
}

Pobieranie danych: cenach itemu titanium w kraju Sweden z URL: https://api.eclesiar.com/market/items/get?country_id=16&item_id=19...
--- Dane o cenach itemu titanium w kraju Sweden ---
{
  "code": 200,
  "description": "Success",
  "data": [
    {
      "value": 0.38,
      "amount": 230,
      "owner": {
        "id": 203,
        "type": "account"
      }
    },
    {
      "value": 0.43,
      "amount": 72,
      "owner": {
        "id": 11301,
        "type": "account"
      }
    },
    {
      "value": 0.434,
      "amount": 4,
      "owner": {
        "id": 1550,
        "type": "account"
      }
    },
    {
      "value": 0.498,
      "amount": 28,
      "owner": {
        "id": 68,
        "type": "holding"
      }
    },
    {
      "value": 1,
      "amount": 1,
      "owner": {
        "id": 12526,
        "type": "account"
      }
    },
    {
      "value": 1,
      "amount": 1,
      "owner": {
        "id": 202,
        "type": "account"
      }
    },
    {
      "value": 1,
      "amount": 1,
      "owner": {
        "id": 9573,
        "type": "account"
      }
    },
    {
      "value": 111,
      "amount": 1,
      "owner": {
        "id": 5599,
        "type": "account"
      }
    },
    {
      "value": 500,
      "amount": 1,
      "owner": {
        "id": 202,
        "type": "account"
      }
    },
    {
      "value": 666,
      "amount": 5,
      "owner": {
        "id": 1491,
        "type": "account"
      }
    }
  ]
}

Pobieranie danych: cenach itemu titanium w kraju Italy z URL: https://api.eclesiar.com/market/items/get?country_id=17&item_id=19...
--- Dane o cenach itemu titanium w kraju Italy ---
{
  "code": 200,
  "description": "Success",
  "data": [
    {
      "value": 0.2,
      "amount": 184,
      "owner": {
        "id": 9611,
        "type": "account"
      }
    },
    {
      "value": 0.36,
      "amount": 235,
      "owner": {
        "id": 541,
        "type": "holding"
      }
    },
    {
      "value": 3,
      "amount": 10,
      "owner": {
        "id": 15847,
        "type": "account"
      }
    },
    {
      "value": 100,
      "amount": 1,
      "owner": {
        "id": 3553,
        "type": "account"
      }
    }
  ]
}

Pobieranie danych: cenach itemu titanium w kraju Poland z URL: https://api.eclesiar.com/market/items/get?country_id=18&item_id=19...
--- Dane o cenach itemu titanium w kraju Poland ---
{
  "code": 200,
  "description": "Success",
  "data": [
    {
      "value": 0.064,
      "amount": 228,
      "owner": {
        "id": 68,
        "type": "holding"
      }
    },
    {
      "value": 0.065,
      "amount": 823,
      "owner": {
        "id": 597,
        "type": "holding"
      }
    },
    {
      "value": 0.066,
      "amount": 4,
      "owner": {
        "id": 10684,
        "type": "account"
      }
    },
    {
      "value": 0.067,
      "amount": 150,
      "owner": {
        "id": 14117,
        "type": "account"
      }
    },
    {
      "value": 0.067,
      "amount": 50,
      "owner": {
        "id": 14412,
        "type": "account"
      }
    },
    {
      "value": 0.068,
      "amount": 392,
      "owner": {
        "id": 559,
        "type": "holding"
      }
    },
    {
      "value": 0.069,
      "amount": 23,
      "owner": {
        "id": 11516,
        "type": "account"
      }
    },
    {
      "value": 0.069,
      "amount": 4,
      "owner": {
        "id": 11146,
        "type": "account"
      }
    },
    {
      "value": 0.07,
      "amount": 136,
      "owner": {
        "id": 13851,
        "type": "account"
      }
    },
    {
      "value": 0.07,
      "amount": 502,
      "owner": {
        "id": 13769,
        "type": "account"
      }
    },
    {
      "value": 0.075,
      "amount": 37,
      "owner": {
        "id": 7078,
        "type": "account"
      }
    },
    {
      "value": 0.077,
      "amount": 12,
      "owner": {
        "id": 14383,
        "type": "account"
      }
    },
    {
      "value": 0.1,
      "amount": 82,
      "owner": {
        "id": 11413,
        "type": "account"
      }
    },
    {
      "value": 0.35,
      "amount": 25,
      "owner": {
        "id": 11974,
        "type": "account"
      }
    },
    {
      "value": 0.5,
      "amount": 3,
      "owner": {
        "id": 10217,
        "type": "account"
      }
    },
    {
      "value": 0.73,
      "amount": 300,
      "owner": {
        "id": 313,
        "type": "holding"
      }
    },
    {
      "value": 0.75,
      "amount": 200,
      "owner": {
        "id": 313,
        "type": "holding"
      }
    },
    {
      "value": 0.78,
      "amount": 5,
      "owner": {
        "id": 8946,
        "type": "account"
      }
    },
    {
      "value": 1,
      "amount": 1,
      "owner": {
        "id": 9573,
        "type": "account"
      }
    },
    {
      "value": 1,
      "amount": 1,
      "owner": {
        "id": 15219,
        "type": "account"
      }
    },
    {
      "value": 1,
      "amount": 30,
      "owner": {
        "id": 12497,
        "type": "account"
      }
    },
    {
      "value": 1,
      "amount": 4,
      "owner": {
        "id": 13548,
        "type": "account"
      }
    },
    {
      "value": 1,
      "amount": 1,
      "owner": {
        "id": 12137,
        "type": "account"
      }
    },
    {
      "value": 1,
      "amount": 1,
      "owner": {
      ... (truncated)

Pobieranie danych: cenach itemu titanium w kraju Lithuania z URL: https://api.eclesiar.com/market/items/get?country_id=19&item_id=19...
--- Dane o cenach itemu titanium w kraju Lithuania ---
{
  "code": 200,
  "description": "Success",
  "data": [
    {
      "value": 1.7,
      "amount": 73,
      "owner": {
        "id": 2185,
        "type": "account"
      }
    }
  ]
}

Pobieranie danych: cenach itemu titanium w kraju Slovenia z URL: https://api.eclesiar.com/market/items/get?country_id=20&item_id=19...
--- Dane o cenach itemu titanium w kraju Slovenia ---
{
  "code": 200,
  "description": "Success",
  "data": [
    {
      "value": 0.29,
      "amount": 50,
      "owner": {
        "id": 7474,
        "type": "account"
      }
    },
    {
      "value": 0.3,
      "amount": 8,
      "owner": {
        "id": 15220,
        "type": "account"
      }
    },
    {
      "value": 0.3,
      "amount": 4,
      "owner": {
        "id": 12426,
        "type": "account"
      }
    },
    {
      "value": 0.3,
      "amount": 111,
      "owner": {
        "id": 2115,
        "type": "account"
      }
    },
    {
      "value": 1,
      "amount": 1,
      "owner": {
        "id": 12526,
        "type": "account"
      }
    },
    {
      "value": 5,
      "amount": 5,
      "owner": {
        "id": 6986,
        "type": "account"
      }
    },
    {
      "value": 5,
      "amount": 3,
      "owner": {
        "id": 2178,
        "type": "account"
      }
    },
    {
      "value": 10,
      "amount": 3,
      "owner": {
        "id": 12336,
        "type": "account"
      }
    }
  ]
}

Pobieranie danych: cenach itemu titanium w kraju Croatia z URL: https://api.eclesiar.com/market/items/get?country_id=21&item_id=19...
--- Dane o cenach itemu titanium w kraju Croatia ---
{
  "code": 200,
  "description": "Success",
  "data": [
    {
      "value": 0.13,
      "amount": 50,
      "owner": {
        "id": 10277,
        "type": "account"
      }
    },
    {
      "value": 1,
      "amount": 1,
      "owner": {
        "id": 12229,
        "type": "account"
      }
    },
    {
      "value": 2,
      "amount": 1,
      "owner": {
        "id": 752,
        "type": "account"
      }
    }
  ]
}

Pobieranie danych: cenach itemu titanium w kraju Bosnia and Herzegovina z URL: https://api.eclesiar.com/market/items/get?country_id=22&item_id=19...
--- Dane o cenach itemu titanium w kraju Bosnia and Herzegovina ---
{
  "code": 200,
  "description": "Success",
  "data": [
    {
      "value": 2,
      "amount": 60,
      "owner": {
        "id": 10357,
        "type": "account"
      }
    },
    {
      "value": 200,
      "amount": 1,
      "owner": {
        "id": 8011,
        "type": "account"
      }
    }
  ]
}

Pobieranie danych: cenach itemu titanium w kraju Serbia z URL: https://api.eclesiar.com/market/items/get?country_id=23&item_id=19...
--- Dane o cenach itemu titanium w kraju Serbia ---
{
  "code": 200,
  "description": "Success",
  "data": [
    {
      "value": 0.197,
      "amount": 92,
      "owner": {
        "id": 6075,
        "type": "account"
      }
    },
    {
      "value": 0.198,
      "amount": 161,
      "owner": {
        "id": 7474,
        "type": "account"
      }
    },
    {
      "value": 0.199,
      "amount": 183,
      "owner": {
        "id": 9389,
        "type": "account"
      }
    },
    {
      "value": 0.221,
      "amount": 38,
      "owner": {
        "id": 11301,
        "type": "account"
      }
    },
    {
      "value": 0.449,
      "amount": 181,
      "owner": {
        "id": 6013,
        "type": "account"
      }
    },
    {
      "value": 1,
      "amount": 1,
      "owner": {
        "id": 5430,
        "type": "account"
      }
    },
    {
      "value": 11,
      "amount": 1,
      "owner": {
        "id": 5599,
        "type": "account"
      }
    }
  ]
}

Pobieranie danych: cenach itemu titanium w kraju North Macedonia z URL: https://api.eclesiar.com/market/items/get?country_id=24&item_id=19...
--- Dane o cenach itemu titanium w kraju North Macedonia ---
{
  "code": 200,
  "description": "Success",
  "data": [
    {
      "value": 0.25,
      "amount": 169,
      "owner": {
        "id": 6075,
        "type": "account"
      }
    },
    {
      "value": 333,
      "amount": 1,
      "owner": {
        "id": 2404,
        "type": "account"
      }
    },
    {
      "value": 999,
      "amount": 1,
      "owner": {
        "id": 2404,
        "type": "account"
      }
    }
  ]
}

Pobieranie danych: cenach itemu titanium w kraju Albania z URL: https://api.eclesiar.com/market/items/get?country_id=25&item_id=19...
--- Dane o cenach itemu titanium w kraju Albania ---
{
  "code": 200,
  "description": "Success",
  "data": [
    {
      "value": 4.99,
      "amount": 70,
      "owner": {
        "id": 15908,
        "type": "account"
      }
    },
    {
      "value": 5,
      "amount": 81,
      "owner": {
        "id": 216,
        "type": "account"
      }
    },
    {
      "value": 99,
      "amount": 1,
      "owner": {
        "id": 1637,
        "type": "account"
      }
    }
  ]
}

Pobieranie danych: cenach itemu titanium w kraju Greece z URL: https://api.eclesiar.com/market/items/get?country_id=26&item_id=19...
--- Dane o cenach itemu titanium w kraju Greece ---
{
  "code": 200,
  "description": "Success",
  "data": [
    {
      "value": 0.2,
      "amount": 178,
      "owner": {
        "id": 26,
        "type": "country"
      }
    },
    {
      "value": 0.2,
      "amount": 76,
      "owner": {
        "id": 16086,
        "type": "account"
      }
    },
    {
      "value": 1.29,
      "amount": 16,
      "owner": {
        "id": 9709,
        "type": "account"
      }
    },
    {
      "value": 1.3,
      "amount": 192,
      "owner": {
        "id": 4283,
        "type": "account"
      }
    },
    {
      "value": 2.99,
      "amount": 13,
      "owner": {
        "id": 7000,
        "type": "account"
      }
    }
  ]
}

Pobieranie danych: cenach itemu titanium w kraju Hungary z URL: https://api.eclesiar.com/market/items/get?country_id=27&item_id=19...
--- Dane o cenach itemu titanium w kraju Hungary ---
{
  "code": 200,
  "description": "Success",
  "data": [
    {
      "value": 0.14,
      "amount": 148,
      "owner": {
        "id": 7922,
        "type": "account"
      }
    },
    {
      "value": 0.148,
      "amount": 200,
      "owner": {
        "id": 7474,
        "type": "account"
      }
    },
    {
      "value": 0.149,
      "amount": 48,
      "owner": {
        "id": 11301,
        "type": "account"
      }
    }
  ]
}

Pobieranie danych: cenach itemu titanium w kraju Romania z URL: https://api.eclesiar.com/market/items/get?country_id=28&item_id=19...
--- Dane o cenach itemu titanium w kraju Romania ---
{
  "code": 200,
  "description": "Success",
  "data": [
    {
      "value": 0.489,
      "amount": 434,
      "owner": {
        "id": 2086,
        "type": "account"
      }
    },
    {
      "value": 0.49,
      "amount": 342,
      "owner": {
        "id": 2638,
        "type": "account"
      }
    },
    {
      "value": 0.58,
      "amount": 612,
      "owner": {
        "id": 1253,
        "type": "account"
      }
    },
    {
      "value": 0.75,
      "amount": 35,
      "owner": {
        "id": 1812,
        "type": "account"
      }
    },
    {
      "value": 0.95,
      "amount": 27,
      "owner": {
        "id": 5766,
        "type": "account"
      }
    },
    {
      "value": 1,
      "amount": 5,
      "owner": {
        "id": 1812,
        "type": "account"
      }
    },
    {
      "value": 1,
      "amount": 4,
      "owner": {
        "id": 1255,
        "type": "account"
      }
    },
    {
      "value": 1.5,
      "amount": 2,
      "owner": {
        "id": 1812,
        "type": "account"
      }
    },
    {
      "value": 5,
      "amount": 1,
      "owner": {
        "id": 1250,
        "type": "account"
      }
    }
  ]
}

Pobieranie danych: cenach itemu titanium w kraju Bulgaria z URL: https://api.eclesiar.com/market/items/get?country_id=30&item_id=19...
--- Dane o cenach itemu titanium w kraju Bulgaria ---
{
  "code": 200,
  "description": "Success",
  "data": [
    {
      "value": 0.547,
      "amount": 26,
      "owner": {
        "id": 203,
        "type": "account"
      }
    },
    {
      "value": 0.548,
      "amount": 138,
      "owner": {
        "id": 6075,
        "type": "account"
      }
    },
    {
      "value": 0.549,
      "amount": 50,
      "owner": {
        "id": 11311,
        "type": "account"
      }
    },
    {
      "value": 0.983,
      "amount": 21,
      "owner": {
        "id": 2156,
        "type": "npc"
      }
    },
    {
      "value": 1,
      "amount": 1,
      "owner": {
        "id": 12526,
        "type": "account"
      }
    },
    {
      "value": 1,
      "amount": 1,
      "owner": {
        "id": 904,
        "type": "account"
      }
    },
    {
      "value": 1.2,
      "amount": 1,
      "owner": {
        "id": 904,
        "type": "account"
      }
    },
    {
      "value": 1.2,
      "amount": 83,
      "owner": {
        "id": 10822,
        "type": "account"
      }
    },
    {
      "value": 1.4,
      "amount": 100,
      "owner": {
        "id": 216,
        "type": "account"
      }
    },
    {
      "value": 1.5,
      "amount": 1,
      "owner": {
        "id": 904,
        "type": "account"
      }
    },
    {
      "value": 1.6,
      "amount": 3,
      "owner": {
        "id": 1812,
        "type": "account"
      }
    },
    {
      "value": 1.7,
      "amount": 3,
      "owner": {
        "id": 1812,
        "type": "account"
      }
    },
    {
      "value": 22,
      "amount": 1,
      "owner": {
        "id": 5599,
        "type": "account"
      }
    },
    {
      "value": 1111,
      "amount": 1,
      "owner": {
        "id": 5599,
        "type": "account"
      }
    }
  ]
}

Pobieranie danych: cenach itemu titanium w kraju Turkey z URL: https://api.eclesiar.com/market/items/get?country_id=31&item_id=19...
--- Dane o cenach itemu titanium w kraju Turkey ---
{
  "code": 200,
  "description": "Success",
  "data": [
    {
      "value": 0.95,
      "amount": 8,
      "owner": {
        "id": 1941,
        "type": "account"
      }
    },
    {
      "value": 1,
      "amount": 293,
      "owner": {
        "id": 7474,
        "type": "account"
      }
    },
    {
      "value": 4,
      "amount": 100,
      "owner": {
        "id": 1812,
        "type": "account"
      }
    },
    {
      "value": 7,
      "amount": 20,
      "owner": {
        "id": 1812,
        "type": "account"
      }
    },
    {
      "value": 8,
      "amount": 18,
      "owner": {
        "id": 6589,
        "type": "account"
      }
    },
    {
      "value": 10,
      "amount": 4,
      "owner": {
        "id": 1575,
        "type": "account"
      }
    }
  ]
}

Pobieranie danych: cenach itemu titanium w kraju Ukraine z URL: https://api.eclesiar.com/market/items/get?country_id=32&item_id=19...
--- Dane o cenach itemu titanium w kraju Ukraine ---
{
  "code": 200,
  "description": "Success"
}

Pobieranie danych: cenach itemu titanium w kraju Russia z URL: https://api.eclesiar.com/market/items/get?country_id=33&item_id=19...
--- Dane o cenach itemu titanium w kraju Russia ---
{
  "code": 200,
  "description": "Success"
}

Pobieranie danych: cenach itemu titanium w kraju Georgia z URL: https://api.eclesiar.com/market/items/get?country_id=34&item_id=19...
--- Dane o cenach itemu titanium w kraju Georgia ---
{
  "code": 200,
  "description": "Success",
  "data": [
    {
      "value": 0.87,
      "amount": 15,
      "owner": {
        "id": 4607,
        "type": "account"
      }
    },
    {
      "value": 1,
      "amount": 2,
      "owner": {
        "id": 1812,
        "type": "account"
      }
    },
    {
      "value": 1.5,
      "amount": 2,
      "owner": {
        "id": 1812,
        "type": "account"
      }
    },
    {
      "value": 1.8,
      "amount": 2,
      "owner": {
        "id": 1812,
        "type": "account"
      }
    }
  ]
}

Pobieranie danych: cenach itemu titanium w kraju Israel z URL: https://api.eclesiar.com/market/items/get?country_id=35&item_id=19...
--- Dane o cenach itemu titanium w kraju Israel ---
{
  "code": 200,
  "description": "Success",
  "data": [
    {
      "value": 0.25,
      "amount": 86,
      "owner": {
        "id": 1082,
        "type": "account"
      }
    },
    {
      "value": 1,
      "amount": 1,
      "owner": {
        "id": 5500,
        "type": "account"
      }
    }
  ]
}

Pobieranie danych: cenach itemu titanium w kraju Egypt z URL: https://api.eclesiar.com/market/items/get?country_id=36&item_id=19...
--- Dane o cenach itemu titanium w kraju Egypt ---
{
  "code": 200,
  "description": "Success",
  "data": [
    {
      "value": 0.58,
      "amount": 12,
      "owner": {
        "id": 10277,
        "type": "account"
      }
    },
    {
      "value": 0.581,
      "amount": 240,
      "owner": {
        "id": 71,
        "type": "holding"
      }
    },
    {
      "value": 0.59,
      "amount": 140,
      "owner": {
        "id": 1082,
        "type": "account"
      }
    },
    {
      "value": 0.6,
      "amount": 143,
      "owner": {
        "id": 110,
        "type": "holding"
      }
    },
    {
      "value": 0.75,
      "amount": 27,
      "owner": {
        "id": 4706,
        "type": "account"
      }
    },
    {
      "value": 1,
      "amount": 2,
      "owner": {
        "id": 1812,
        "type": "account"
      }
    }
  ]
}

Pobieranie danych: cenach itemu titanium w kraju South Africa z URL: https://api.eclesiar.com/market/items/get?country_id=37&item_id=19...
--- Dane o cenach itemu titanium w kraju South Africa ---
{
  "code": 200,
  "description": "Success"
}

Pobieranie danych: cenach itemu titanium w kraju Iraq z URL: https://api.eclesiar.com/market/items/get?country_id=38&item_id=19...
--- Dane o cenach itemu titanium w kraju Iraq ---
{
  "code": 200,
  "description": "Success",
  "data": [
    {
      "value": 0.4,
      "amount": 8,
      "owner": {
        "id": 5532,
        "type": "account"
      }
    },
    {
      "value": 1,
      "amount": 4,
      "owner": {
        "id": 13488,
        "type": "account"
      }
    },
    {
      "value": 1,
      "amount": 1,
      "owner": {
        "id": 348,
        "type": "account"
      }
    }
  ]
}

Pobieranie danych: cenach itemu titanium w kraju Saudi Arabia z URL: https://api.eclesiar.com/market/items/get?country_id=39&item_id=19...
--- Dane o cenach itemu titanium w kraju Saudi Arabia ---
{
  "code": 200,
  "description": "Success",
  "data": [
    {
      "value": 0.299,
      "amount": 91,
      "owner": {
        "id": 3742,
        "type": "npc"
      }
    },
    {
      "value": 0.3,
      "amount": 12,
      "owner": {
        "id": 6905,
        "type": "account"
      }
    },
    {
      "value": 0.43,
      "amount": 5,
      "owner": {
        "id": 1849,
        "type": "account"
      }
    },
    {
      "value": 0.45,
      "amount": 28,
      "owner": {
        "id": 323,
        "type": "account"
      }
    },
    {
      "value": 0.668,
      "amount": 36,
      "owner": {
        "id": 136,
        "type": "account"
      }
    },
    {
      "value": 0.8,
      "amount": 320,
      "owner": {
        "id": 1278,
        "type": "account"
      }
    },
    {
      "value": 0.998,
      "amount": 996,
      "owner": {
        "id": 1812,
        "type": "account"
      }
    },
    {
      "value": 0.999,
      "amount": 50,
      "owner": {
        "id": 216,
        "type": "account"
      }
    },
    {
      "value": 1,
      "amount": 1,
      "owner": {
        "id": 5953,
        "type": "account"
      }
    },
    {
      "value": 2,
      "amount": 1,
      "owner": {
        "id": 1812,
        "type": "account"
      }
    },
    {
      "value": 2,
      "amount": 1,
      "owner": {
        "id": 3874,
        "type": "account"
      }
    },
    {
      "value": 2.9,
      "amount": 5,
      "owner": {
        "id": 2252,
        "type": "npc"
      }
    },
    {
      "value": 9,
      "amount": 7,
      "owner": {
        "id": 916,
        "type": "account"
      }
    },
    {
      "value": 10,
      "amount": 10,
      "owner": {
        "id": 1074,
        "type": "account"
      }
    },
    {
      "value": 15,
      "amount": 10,
      "owner": {
        "id": 1074,
        "type": "account"
      }
    },
    {
      "value": 20,
      "amount": 10,
      "owner": {
        "id": 1074,
        "type": "account"
      }
    }
  ]
}

Pobieranie danych: cenach itemu titanium w kraju Iran z URL: https://api.eclesiar.com/market/items/get?country_id=40&item_id=19...
--- Dane o cenach itemu titanium w kraju Iran ---
{
  "code": 200,
  "description": "Success"
}

Pobieranie danych: cenach itemu titanium w kraju Pakistan z URL: https://api.eclesiar.com/market/items/get?country_id=41&item_id=19...
--- Dane o cenach itemu titanium w kraju Pakistan ---
{
  "code": 200,
  "description": "Success",
  "data": [
    {
      "value": 0.1,
      "amount": 77,
      "owner": {
        "id": 13130,
        "type": "account"
      }
    },
    {
      "value": 0.2,
      "amount": 298,
      "owner": {
        "id": 41,
        "type": "country"
      }
    },
    {
      "value": 100,
      "amount": 1,
      "owner": {
        "id": 1550,
        "type": "account"
      }
    },
    {
      "value": 122,
      "amount": 1,
      "owner": {
        "id": 202,
        "type": "account"
      }
    }
  ]
}

Pobieranie danych: cenach itemu titanium w kraju India z URL: https://api.eclesiar.com/market/items/get?country_id=42&item_id=19...
--- Dane o cenach itemu titanium w kraju India ---
{
  "code": 200,
  "description": "Success",
  "data": [
    {
      "value": 1,
      "amount": 49,
      "owner": {
        "id": 1850,
        "type": "account"
      }
    }
  ]
}

Pobieranie danych: cenach itemu titanium w kraju China z URL: https://api.eclesiar.com/market/items/get?country_id=43&item_id=19...
--- Dane o cenach itemu titanium w kraju China ---
{
  "code": 200,
  "description": "Success",
  "data": [
    {
      "value": 0.6,
      "amount": 144,
      "owner": {
        "id": 7474,
        "type": "account"
      }
    },
    {
      "value": 0.8,
      "amount": 45,
      "owner": {
        "id": 13573,
        "type": "account"
      }
    }
  ]
}

Pobieranie danych: cenach itemu titanium w kraju Japan z URL: https://api.eclesiar.com/market/items/get?country_id=44&item_id=19...
--- Dane o cenach itemu titanium w kraju Japan ---
{
  "code": 200,
  "description": "Success",
  "data": [
    {
      "value": 6,
      "amount": 50,
      "owner": {
        "id": 11311,
        "type": "account"
      }
    }
  ]
}

Pobieranie danych: cenach itemu titanium w kraju South Korea z URL: https://api.eclesiar.com/market/items/get?country_id=45&item_id=19...
--- Dane o cenach itemu titanium w kraju South Korea ---
{
  "code": 200,
  "description": "Success",
  "data": [
    {
      "value": 0.9,
      "amount": 167,
      "owner": {
        "id": 4879,
        "type": "account"
      }
    },
    {
      "value": 1,
      "amount": 5,
      "owner": {
        "id": 10357,
        "type": "account"
      }
    },
    {
      "value": 4,
      "amount": 1,
      "owner": {
        "id": 5500,
        "type": "account"
      }
    },
    {
      "value": 5,
      "amount": 1,
      "owner": {
        "id": 7546,
        "type": "account"
      }
    },
    {
      "value": 100,
      "amount": 9,
      "owner": {
        "id": 3553,
        "type": "account"
      }
    }
  ]
}

Pobieranie danych: cenach itemu titanium w kraju Indonesia z URL: https://api.eclesiar.com/market/items/get?country_id=46&item_id=19...
--- Dane o cenach itemu titanium w kraju Indonesia ---
{
  "code": 200,
  "description": "Success",
  "data": [
    {
      "value": 1,
      "amount": 5,
      "owner": {
        "id": 122,
        "type": "holding"
      }
    },
    {
      "value": 1.112,
      "amount": 4,
      "owner": {
        "id": 1551,
        "type": "account"
      }
    },
    {
      "value": 5,
      "amount": 20,
      "owner": {
        "id": 1417,
        "type": "account"
      }
    }
  ]
}

Pobieranie danych: cenach itemu titanium w kraju Australia z URL: https://api.eclesiar.com/market/items/get?country_id=47&item_id=19...
--- Dane o cenach itemu titanium w kraju Australia ---
{
  "code": 200,
  "description": "Success",
  "data": [
    {
      "value": 0.08,
      "amount": 103,
      "owner": {
        "id": 94,
        "type": "holding"
      }
    },
    {
      "value": 2.79,
      "amount": 16,
      "owner": {
        "id": 13780,
        "type": "account"
      }
    },
    {
      "value": 2.89,
      "amount": 112,
      "owner": {
        "id": 15977,
        "type": "account"
      }
    },
    {
      "value": 3,
      "amount": 20,
      "owner": {
        "id": 11311,
        "type": "account"
      }
    },
    {
      "value": 4,
      "amount": 5,
      "owner": {
        "id": 12497,
        "type": "account"
      }
    }
  ]
}

Pobieranie danych: cenach itemu titanium w kraju Philippines z URL: https://api.eclesiar.com/market/items/get?country_id=48&item_id=19...
--- Dane o cenach itemu titanium w kraju Philippines ---
{
  "code": 200,
  "description": "Success"
}

Pobieranie danych: cenach itemu aircraft q1 w kraju United Kingdom z URL: https://api.eclesiar.com/market/items/get?country_id=2&item_id=20...
--- Dane o cenach itemu aircraft q1 w kraju United Kingdom ---
{
  "code": 200,
  "description": "Success"
}

Pobieranie danych: cenach itemu aircraft q1 w kraju United States of America z URL: https://api.eclesiar.com/market/items/get?country_id=3&item_id=20...
--- Dane o cenach itemu aircraft q1 w kraju United States of America ---
{
  "code": 200,
  "description": "Success",
  "data": [
    {
      "value": 0.2,
      "amount": 5,
      "owner": {
        "id": 16204,
        "type": "account"
      }
    },
    {
      "value": 0.25,
      "amount": 300,
      "owner": {
        "id": 16204,
        "type": "account"
      }
    },
    {
      "value": 0.259,
      "amount": 30,
      "owner": {
        "id": 6075,
        "type": "account"
      }
    },
    {
      "value": 0.265,
      "amount": 58,
      "owner": {
        "id": 472,
        "type": "holding"
      }
    },
    {
      "value": 0.298,
      "amount": 174,
      "owner": {
        "id": 13471,
        "type": "account"
      }
    },
    {
      "value": 0.7,
      "amount": 1,
      "owner": {
        "id": 15557,
        "type": "account"
      }
    },
    {
      "value": 1,
      "amount": 47,
      "owner": {
        "id": 12436,
        "type": "account"
      }
    },
    {
      "value": 1.2,
      "amount": 30,
      "owner": {
        "id": 10357,
        "type": "account"
      }
    }
  ]
}

Pobieranie danych: cenach itemu aircraft q1 w kraju Mexico z URL: https://api.eclesiar.com/market/items/get?country_id=4&item_id=20...
--- Dane o cenach itemu aircraft q1 w kraju Mexico ---
{
  "code": 200,
  "description": "Success",
  "data": [
    {
      "value": 0.5,
      "amount": 200,
      "owner": {
        "id": 16204,
        "type": "account"
      }
    },
    {
      "value": 1,
      "amount": 50,
      "owner": {
        "id": 10357,
        "type": "account"
      }
    }
  ]
}

Pobieranie danych: cenach itemu aircraft q1 w kraju Colombia z URL: https://api.eclesiar.com/market/items/get?country_id=5&item_id=20...
--- Dane o cenach itemu aircraft q1 w kraju Colombia ---
{
  "code": 200,
  "description": "Success"
}

Pobieranie danych: cenach itemu aircraft q1 w kraju Peru z URL: https://api.eclesiar.com/market/items/get?country_id=6&item_id=20...
--- Dane o cenach itemu aircraft q1 w kraju Peru ---
{
  "code": 200,
  "description": "Success",
  "data": [
    {
      "value": 0.63,
      "amount": 10,
      "owner": {
        "id": 9755,
        "type": "account"
      }
    },
    {
      "value": 0.999,
      "amount": 100,
      "owner": {
        "id": 9755,
        "type": "account"
      }
    },
    {
      "value": 2137,
      "amount": 1,
      "owner": {
        "id": 12031,
        "type": "account"
      }
    }
  ]
}

Pobieranie danych: cenach itemu aircraft q1 w kraju Brazil z URL: https://api.eclesiar.com/market/items/get?country_id=7&item_id=20...
--- Dane o cenach itemu aircraft q1 w kraju Brazil ---
{
  "code": 200,
  "description": "Success",
  "data": [
    {
      "value": 0.39,
      "amount": 13,
      "owner": {
        "id": 6075,
        "type": "account"
      }
    },
    {
      "value": 0.4,
      "amount": 19,
      "owner": {
        "id": 12234,
        "type": "account"
      }
    },
    {
      "value": 0.789,
      "amount": 70,
      "owner": {
        "id": 9271,
        "type": "account"
      }
    },
    {
      "value": 2137,
      "amount": 1,
      "owner": {
        "id": 12031,
        "type": "account"
      }
    }
  ]
}

Pobieranie danych: cenach itemu aircraft q1 w kraju Chile z URL: https://api.eclesiar.com/market/items/get?country_id=8&item_id=20...
--- Dane o cenach itemu aircraft q1 w kraju Chile ---
{
  "code": 200,
  "description": "Success",
  "data": [
    {
      "value": 0.7,
      "amount": 20,
      "owner": {
        "id": 6075,
        "type": "account"
      }
    },
    {
      "value": 1.438,
      "amount": 99,
      "owner": {
        "id": 339,
        "type": "holding"
      }
    }
  ]
}

Pobieranie danych: cenach itemu aircraft q1 w kraju Argentina z URL: https://api.eclesiar.com/market/items/get?country_id=10&item_id=20...
--- Dane o cenach itemu aircraft q1 w kraju Argentina ---
{
  "code": 200,
  "description": "Success"
}

Pobieranie danych: cenach itemu aircraft q1 w kraju Ireland z URL: https://api.eclesiar.com/market/items/get?country_id=11&item_id=20...
--- Dane o cenach itemu aircraft q1 w kraju Ireland ---
{
  "code": 200,
  "description": "Success",
  "data": [
    {
      "value": 2.99,
      "amount": 5,
      "owner": {
        "id": 4607,
        "type": "account"
      }
    },
    {
      "value": 2137,
      "amount": 1,
      "owner": {
        "id": 12031,
        "type": "account"
      }
    }
  ]
}

Pobieranie danych: cenach itemu aircraft q1 w kraju France z URL: https://api.eclesiar.com/market/items/get?country_id=12&item_id=20...
--- Dane o cenach itemu aircraft q1 w kraju France ---
{
  "code": 200,
  "description": "Success",
  "data": [
    {
      "value": 0.25,
      "amount": 84,
      "owner": {
        "id": 5549,
        "type": "account"
      }
    },
    {
      "value": 0.29,
      "amount": 13,
      "owner": {
        "id": 5105,
        "type": "account"
      }
    },
    {
      "value": 2137,
      "amount": 1,
      "owner": {
        "id": 12031,
        "type": "account"
      }
    }
  ]
}

Pobieranie danych: cenach itemu aircraft q1 w kraju Portugal z URL: https://api.eclesiar.com/market/items/get?country_id=13&item_id=20...
--- Dane o cenach itemu aircraft q1 w kraju Portugal ---
{
  "code": 200,
  "description": "Success",
  "data": [
    {
      "value": 0.4,
      "amount": 15,
      "owner": {
        "id": 6075,
        "type": "account"
      }
    },
    {
      "value": 0.64,
      "amount": 1,
      "owner": {
        "id": 14200,
        "type": "account"
      }
    },
    {
      "value": 0.65,
      "amount": 11,
      "owner": {
        "id": 4607,
        "type": "account"
      }
    },
    {
      "value": 0.85,
      "amount": 20,
      "owner": {
        "id": 15908,
        "type": "account"
      }
    },
    {
      "value": 1,
      "amount": 1,
      "owner": {
        "id": 9904,
        "type": "account"
      }
    },
    {
      "value": 1.4,
      "amount": 10,
      "owner": {
        "id": 10357,
        "type": "account"
      }
    },
    {
      "value": 2137,
      "amount": 1,
      "owner": {
        "id": 12031,
        "type": "account"
      }
    }
  ]
}

Pobieranie danych: cenach itemu aircraft q1 w kraju Spain z URL: https://api.eclesiar.com/market/items/get?country_id=14&item_id=20...
--- Dane o cenach itemu aircraft q1 w kraju Spain ---
{
  "code": 200,
  "description": "Success",
  "data": [
    {
      "value": 1,
      "amount": 377,
      "owner": {
        "id": 4119,
        "type": "account"
      }
    },
    {
      "value": 2,
      "amount": 1,
      "owner": {
        "id": 5340,
        "type": "account"
      }
    },
    {
      "value": 8888,
      "amount": 1,
      "owner": {
        "id": 1328,
        "type": "account"
      }
    }
  ]
}

Pobieranie danych: cenach itemu aircraft q1 w kraju Germany z URL: https://api.eclesiar.com/market/items/get?country_id=15&item_id=20...
--- Dane o cenach itemu aircraft q1 w kraju Germany ---
{
  "code": 200,
  "description": "Success",
  "data": [
    {
      "value": 0.123,
      "amount": 393,
      "owner": {
        "id": 9611,
        "type": "account"
      }
    },
    {
      "value": 0.399,
      "amount": 95,
      "owner": {
        "id": 9271,
        "type": "account"
      }
    },
    {
      "value": 1,
      "amount": 78,
      "owner": {
        "id": 9271,
        "type": "account"
      }
    },
    {
      "value": 5,
      "amount": 1,
      "owner": {
        "id": 16068,
        "type": "account"
      }
    },
    {
      "value": 5,
      "amount": 1,
      "owner": {
        "id": 1688,
        "type": "account"
      }
    }
  ]
}

Pobieranie danych: cenach itemu aircraft q1 w kraju Sweden z URL: https://api.eclesiar.com/market/items/get?country_id=16&item_id=20...
--- Dane o cenach itemu aircraft q1 w kraju Sweden ---
{
  "code": 200,
  "description": "Success",
  "data": [
    {
      "value": 0.999,
      "amount": 2,
      "owner": {
        "id": 1506,
        "type": "account"
      }
    },
    {
      "value": 1,
      "amount": 5,
      "owner": {
        "id": 10357,
        "type": "account"
      }
    },
    {
      "value": 1,
      "amount": 1,
      "owner": {
        "id": 45,
        "type": "account"
      }
    },
    {
      "value": 2137,
      "amount": 1,
      "owner": {
        "id": 12031,
        "type": "account"
      }
    }
  ]
}

Pobieranie danych: cenach itemu aircraft q1 w kraju Italy z URL: https://api.eclesiar.com/market/items/get?country_id=17&item_id=20...
--- Dane o cenach itemu aircraft q1 w kraju Italy ---
{
  "code": 200,
  "description": "Success",
  "data": [
    {
      "value": 0.45,
      "amount": 31,
      "owner": {
        "id": 541,
        "type": "holding"
      }
    },
    {
      "value": 1,
      "amount": 5,
      "owner": {
        "id": 5845,
        "type": "account"
      }
    }
  ]
}

Pobieranie danych: cenach itemu aircraft q1 w kraju Poland z URL: https://api.eclesiar.com/market/items/get?country_id=18&item_id=20...
--- Dane o cenach itemu aircraft q1 w kraju Poland ---
{
  "code": 200,
  "description": "Success",
  "data": [
    {
      "value": 0.097,
      "amount": 80,
      "owner": {
        "id": 15912,
        "type": "account"
      }
    },
    {
      "value": 0.098,
      "amount": 151,
      "owner": {
        "id": 491,
        "type": "holding"
      }
    },
    {
      "value": 0.1,
      "amount": 98,
      "owner": {
        "id": 11714,
        "type": "account"
      }
    },
    {
      "value": 0.101,
      "amount": 62,
      "owner": {
        "id": 14921,
        "type": "account"
      }
    },
    {
      "value": 0.115,
      "amount": 350,
      "owner": {
        "id": 11714,
        "type": "account"
      }
    },
    {
      "value": 0.119,
      "amount": 58,
      "owner": {
        "id": 12670,
        "type": "account"
      }
    },
    {
      "value": 0.179,
      "amount": 53,
      "owner": {
        "id": 14550,
        "type": "account"
      }
    },
    {
      "value": 0.19,
      "amount": 52,
      "owner": {
        "id": 12670,
        "type": "account"
      }
    },
    {
      "value": 0.23,
      "amount": 391,
      "owner": {
        "id": 4547,
        "type": "account"
      }
    },
    {
      "value": 0.238,
      "amount": 296,
      "owner": {
        "id": 5843,
        "type": "account"
      }
    },
    {
      "value": 0.999,
      "amount": 76,
      "owner": {
        "id": 14921,
        "type": "account"
      }
    },
    {
      "value": 1,
      "amount": 1,
      "owner": {
        "id": 13506,
        "type": "account"
      }
    },
    {
      "value": 1,
      "amount": 1,
      "owner": {
        "id": 1202,
        "type": "account"
      }
    },
    {
      "value": 1,
      "amount": 1,
      "owner": {
        "id": 13548,
        "type": "account"
      }
    },
    {
      "value": 10,
      "amount": 1,
      "owner": {
        "id": 12209,
        "type": "account"
      }
    },
    {
      "value": 2137,
      "amount": 1,
      "owner": {
        "id": 12031,
        "type": "account"
      }
    }
  ]
}

Pobieranie danych: cenach itemu aircraft q1 w kraju Lithuania z URL: https://api.eclesiar.com/market/items/get?country_id=19&item_id=20...
--- Dane o cenach itemu aircraft q1 w kraju Lithuania ---
{
  "code": 200,
  "description": "Success",
  "data": [
    {
      "value": 1.5,
      "amount": 16,
      "owner": {
        "id": 2185,
        "type": "account"
      }
    },
    {
      "value": 3,
      "amount": 75,
      "owner": {
        "id": 6985,
        "type": "account"
      }
    }
  ]
}

Pobieranie danych: cenach itemu aircraft q1 w kraju Slovenia z URL: https://api.eclesiar.com/market/items/get?country_id=20&item_id=20...
--- Dane o cenach itemu aircraft q1 w kraju Slovenia ---
{
  "code": 200,
  "description": "Success",
  "data": [
    {
      "value": 0.399,
      "amount": 4,
      "owner": {
        "id": 315,
        "type": "account"
      }
    },
    {
      "value": 0.4,
      "amount": 49,
      "owner": {
        "id": 510,
        "type": "holding"
      }
    },
    {
      "value": 0.6,
      "amount": 14,
      "owner": {
        "id": 13119,
        "type": "account"
      }
    },
    {
      "value": 0.796,
      "amount": 1104,
      "owner": {
        "id": 2276,
        "type": "npc"
      }
    },
    {
      "value": 5,
      "amount": 1,
      "owner": {
        "id": 9057,
        "type": "account"
      }
    },
    {
      "value": 10,
      "amount": 1,
      "owner": {
        "id": 13408,
        "type": "account"
      }
    },
    {
      "value": 20,
      "amount": 3,
      "owner": {
        "id": 2350,
        "type": "account"
      }
    },
    {
      "value": 60,
      "amount": 1,
      "owner": {
        "id": 12523,
        "type": "account"
      }
    }
  ]
}

Pobieranie danych: cenach itemu aircraft q1 w kraju Croatia z URL: https://api.eclesiar.com/market/items/get?country_id=21&item_id=20...
--- Dane o cenach itemu aircraft q1 w kraju Croatia ---
{
  "code": 200,
  "description": "Success",
  "data": [
    {
      "value": 0.219,
      "amount": 8,
      "owner": {
        "id": 6075,
        "type": "account"
      }
    },
    {
      "value": 0.22,
      "amount": 48,
      "owner": {
        "id": 10667,
        "type": "account"
      }
    },
    {
      "value": 0.535,
      "amount": 58,
      "owner": {
        "id": 339,
        "type": "holding"
      }
    },
    {
      "value": 0.579,
      "amount": 15,
      "owner": {
        "id": 9271,
        "type": "account"
      }
    },
    {
      "value": 0.659,
      "amount": 75,
      "owner": {
        "id": 9271,
        "type": "account"
      }
    },
    {
      "value": 2137,
      "amount": 1,
      "owner": {
        "id": 12031,
        "type": "account"
      }
    }
  ]
}

Pobieranie danych: cenach itemu aircraft q1 w kraju Bosnia and Herzegovina z URL: https://api.eclesiar.com/market/items/get?country_id=22&item_id=20...
--- Dane o cenach itemu aircraft q1 w kraju Bosnia and Herzegovina ---
{
  "code": 200,
  "description": "Success",
  "data": [
    {
      "value": 3.649,
      "amount": 38,
      "owner": {
        "id": 3391,
        "type": "npc"
      }
    },
    {
      "value": 3.65,
      "amount": 10,
      "owner": {
        "id": 4607,
        "type": "account"
      }
    },
    {
      "value": 4,
      "amount": 12,
      "owner": {
        "id": 562,
        "type": "holding"
      }
    }
  ]
}

Pobieranie danych: cenach itemu aircraft q1 w kraju Serbia z URL: https://api.eclesiar.com/market/items/get?country_id=23&item_id=20...
--- Dane o cenach itemu aircraft q1 w kraju Serbia ---
{
  "code": 200,
  "description": "Success",
  "data": [
    {
      "value": 0.27,
      "amount": 5,
      "owner": {
        "id": 6075,
        "type": "account"
      }
    },
    {
      "value": 1.398,
      "amount": 160,
      "owner": {
        "id": 285,
        "type": "holding"
      }
    },
    {
      "value": 2137,
      "amount": 1,
      "owner": {
        "id": 12031,
        "type": "account"
      }
    }
  ]
}

Pobieranie danych: cenach itemu aircraft q1 w kraju North Macedonia z URL: https://api.eclesiar.com/market/items/get?country_id=24&item_id=20...
--- Dane o cenach itemu aircraft q1 w kraju North Macedonia ---
{
  "code": 200,
  "description": "Success",
  "data": [
    {
      "value": 0.4,
      "amount": 234,
      "owner": {
        "id": 301,
        "type": "holding"
      }
    },
    {
      "value": 0.79,
      "amount": 11,
      "owner": {
        "id": 1457,
        "type": "account"
      }
    },
    {
      "value": 0.8,
      "amount": 29,
      "owner": {
        "id": 301,
        "type": "holding"
      }
    },
    {
      "value": 0.999,
      "amount": 85,
      "owner": {
        "id": 9271,
        "type": "account"
      }
    },
    {
      "value": 1.798,
      "amount": 48,
      "owner": {
        "id": 9271,
        "type": "account"
      }
    },
    {
      "value": 1.999,
      "amount": 31,
      "owner": {
        "id": 9271,
        "type": "account"
      }
    }
  ]
}

Pobieranie danych: cenach itemu aircraft q1 w kraju Albania z URL: https://api.eclesiar.com/market/items/get?country_id=25&item_id=20...
--- Dane o cenach itemu aircraft q1 w kraju Albania ---
{
  "code": 200,
  "description": "Success",
  "data": [
    {
      "value": 3.19,
      "amount": 6,
      "owner": {
        "id": 4607,
        "type": "account"
      }
    }
  ]
}

Pobieranie danych: cenach itemu aircraft q1 w kraju Greece z URL: https://api.eclesiar.com/market/items/get?country_id=26&item_id=20...
--- Dane o cenach itemu aircraft q1 w kraju Greece ---
{
  "code": 200,
  "description": "Success",
  "data": [
    {
      "value": 0.999,
      "amount": 19,
      "owner": {
        "id": 6075,
        "type": "account"
      }
    },
    {
      "value": 1.498,
      "amount": 100,
      "owner": {
        "id": 339,
        "type": "holding"
      }
    },
    {
      "value": 1.499,
      "amount": 80,
      "owner": {
        "id": 9271,
        "type": "account"
      }
    },
    {
      "value": 1.698,
      "amount": 94,
      "owner": {
        "id": 9271,
        "type": "account"
      }
    }
  ]
}

Pobieranie danych: cenach itemu aircraft q1 w kraju Hungary z URL: https://api.eclesiar.com/market/items/get?country_id=27&item_id=20...
--- Dane o cenach itemu aircraft q1 w kraju Hungary ---
{
  "code": 200,
  "description": "Success",
  "data": [
    {
      "value": 0.175,
      "amount": 32,
      "owner": {
        "id": 5200,
        "type": "account"
      }
    },
    {
      "value": 0.18,
      "amount": 115,
      "owner": {
        "id": 1395,
        "type": "account"
      }
    }
  ]
}

Pobieranie danych: cenach itemu aircraft q1 w kraju Romania z URL: https://api.eclesiar.com/market/items/get?country_id=28&item_id=20...
--- Dane o cenach itemu aircraft q1 w kraju Romania ---
{
  "code": 200,
  "description": "Success"
}

Pobieranie danych: cenach itemu aircraft q1 w kraju Bulgaria z URL: https://api.eclesiar.com/market/items/get?country_id=30&item_id=20...
--- Dane o cenach itemu aircraft q1 w kraju Bulgaria ---
{
  "code": 200,
  "description": "Success",
  "data": [
    {
      "value": 0.449,
      "amount": 5,
      "owner": {
        "id": 7261,
        "type": "account"
      }
    },
    {
      "value": 0.45,
      "amount": 18,
      "owner": {
        "id": 6075,
        "type": "account"
      }
    },
    {
      "value": 0.659,
      "amount": 7,
      "owner": {
        "id": 7212,
        "type": "account"
      }
    },
    {
      "value": 0.659,
      "amount": 27,
      "owner": {
        "id": 6054,
        "type": "account"
      }
    },
    {
      "value": 0.69,
      "amount": 246,
      "owner": {
        "id": 643,
        "type": "account"
      }
    },
    {
      "value": 2137,
      "amount": 2,
      "owner": {
        "id": 12031,
        "type": "account"
      }
    }
  ]
}

Pobieranie danych: cenach itemu aircraft q1 w kraju Turkey z URL: https://api.eclesiar.com/market/items/get?country_id=31&item_id=20...
--- Dane o cenach itemu aircraft q1 w kraju Turkey ---
{
  "code": 200,
  "description": "Success",
  "data": [
    {
      "value": 0.299,
      "amount": 15,
      "owner": {
        "id": 2733,
        "type": "npc"
      }
    },
    {
      "value": 0.3,
      "amount": 264,
      "owner": {
        "id": 2188,
        "type": "account"
      }
    },
    {
      "value": 0.3,
      "amount": 136,
      "owner": {
        "id": 31,
        "type": "country"
      }
    },
    {
      "value": 0.55,
      "amount": 26,
      "owner": {
        "id": 2188,
        "type": "account"
      }
    },
    {
      "value": 10,
      "amount": 5,
      "owner": {
        "id": 10551,
        "type": "account"
      }
    },
    {
      "value": 233,
      "amount": 2,
      "owner": {
        "id": 3101,
        "type": "account"
      }
    }
  ]
}

Pobieranie danych: cenach itemu aircraft q1 w kraju Ukraine z URL: https://api.eclesiar.com/market/items/get?country_id=32&item_id=20...
--- Dane o cenach itemu aircraft q1 w kraju Ukraine ---
{
  "code": 200,
  "description": "Success",
  "data": [
    {
      "value": 0.49,
      "amount": 5,
      "owner": {
        "id": 4607,
        "type": "account"
      }
    },
    {
      "value": 0.5,
      "amount": 88,
      "owner": {
        "id": 9271,
        "type": "account"
      }
    }
  ]
}

Pobieranie danych: cenach itemu aircraft q1 w kraju Russia z URL: https://api.eclesiar.com/market/items/get?country_id=33&item_id=20...
--- Dane o cenach itemu aircraft q1 w kraju Russia ---
{
  "code": 200,
  "description": "Success"
}

Pobieranie danych: cenach itemu aircraft q1 w kraju Georgia z URL: https://api.eclesiar.com/market/items/get?country_id=34&item_id=20...
--- Dane o cenach itemu aircraft q1 w kraju Georgia ---
{
  "code": 200,
  "description": "Success",
  "data": [
    {
      "value": 0.295,
      "amount": 9,
      "owner": {
        "id": 4607,
        "type": "account"
      }
    },
    {
      "value": 1.487,
      "amount": 328,
      "owner": {
        "id": 290,
        "type": "npc"
      }
    }
  ]
}

Pobieranie danych: cenach itemu aircraft q1 w kraju Israel z URL: https://api.eclesiar.com/market/items/get?country_id=35&item_id=20...
--- Dane o cenach itemu aircraft q1 w kraju Israel ---
{
  "code": 200,
  "description": "Success"
}

Pobieranie danych: cenach itemu aircraft q1 w kraju Egypt z URL: https://api.eclesiar.com/market/items/get?country_id=36&item_id=20...
--- Dane o cenach itemu aircraft q1 w kraju Egypt ---
{
  "code": 200,
  "description": "Success",
  "data": [
    {
      "value": 1.3,
      "amount": 4,
      "owner": {
        "id": 16,
        "type": "holding"
      }
    }
  ]
}

Pobieranie danych: cenach itemu aircraft q1 w kraju South Africa z URL: https://api.eclesiar.com/market/items/get?country_id=37&item_id=20...
--- Dane o cenach itemu aircraft q1 w kraju South Africa ---
{
  "code": 200,
  "description": "Success"
}

Pobieranie danych: cenach itemu aircraft q1 w kraju Iraq z URL: https://api.eclesiar.com/market/items/get?country_id=38&item_id=20...
--- Dane o cenach itemu aircraft q1 w kraju Iraq ---
{
  "code": 200,
  "description": "Success",
  "data": [
    {
      "value": 0.99,
      "amount": 8,
      "owner": {
        "id": 4607,
        "type": "account"
      }
    },
    {
      "value": 2,
      "amount": 4,
      "owner": {
        "id": 5532,
        "type": "account"
      }
    }
  ]
}

Pobieranie danych: cenach itemu aircraft q1 w kraju Saudi Arabia z URL: https://api.eclesiar.com/market/items/get?country_id=39&item_id=20...
--- Dane o cenach itemu aircraft q1 w kraju Saudi Arabia ---
{
  "code": 200,
  "description": "Success",
  "data": [
    {
      "value": 2.9,
      "amount": 3,
      "owner": {
        "id": 6905,
        "type": "account"
      }
    },
    {
      "value": 3,
      "amount": 65,
      "owner": {
        "id": 323,
        "type": "account"
      }
    },
    {
      "value": 5.899,
      "amount": 22,
      "owner": {
        "id": 2141,
        "type": "npc"
      }
    }
  ]
}

Pobieranie danych: cenach itemu aircraft q1 w kraju Iran z URL: https://api.eclesiar.com/market/items/get?country_id=40&item_id=20...
--- Dane o cenach itemu aircraft q1 w kraju Iran ---
{
  "code": 200,
  "description": "Success"
}

Pobieranie danych: cenach itemu aircraft q1 w kraju Pakistan z URL: https://api.eclesiar.com/market/items/get?country_id=41&item_id=20...
--- Dane o cenach itemu aircraft q1 w kraju Pakistan ---
{
  "code": 200,
  "description": "Success",
  "data": [
    {
      "value": 1,
      "amount": 19,
      "owner": {
        "id": 10357,
        "type": "account"
      }
    }
  ]
}

Pobieranie danych: cenach itemu aircraft q1 w kraju India z URL: https://api.eclesiar.com/market/items/get?country_id=42&item_id=20...
--- Dane o cenach itemu aircraft q1 w kraju India ---
{
  "code": 200,
  "description": "Success",
  "data": [
    {
      "value": 2,
      "amount": 5,
      "owner": {
        "id": 4607,
        "type": "account"
      }
    }
  ]
}

Pobieranie danych: cenach itemu aircraft q1 w kraju China z URL: https://api.eclesiar.com/market/items/get?country_id=43&item_id=20...
--- Dane o cenach itemu aircraft q1 w kraju China ---
{
  "code": 200,
  "description": "Success",
  "data": [
    {
      "value": 0.317,
      "amount": 57,
      "owner": {
        "id": 3510,
        "type": "npc"
      }
    },
    {
      "value": 0.318,
      "amount": 58,
      "owner": {
        "id": 466,
        "type": "npc"
      }
    }
  ]
}

Pobieranie danych: cenach itemu aircraft q1 w kraju Japan z URL: https://api.eclesiar.com/market/items/get?country_id=44&item_id=20...
--- Dane o cenach itemu aircraft q1 w kraju Japan ---
{
  "code": 200,
  "description": "Success",
  "data": [
    {
      "value": 7,
      "amount": 18,
      "owner": {
        "id": 11311,
        "type": "account"
      }
    },
    {
      "value": 2137,
      "amount": 1,
      "owner": {
        "id": 12031,
        "type": "account"
      }
    }
  ]
}

Pobieranie danych: cenach itemu aircraft q1 w kraju South Korea z URL: https://api.eclesiar.com/market/items/get?country_id=45&item_id=20...
--- Dane o cenach itemu aircraft q1 w kraju South Korea ---
{
  "code": 200,
  "description": "Success",
  "data": [
    {
      "value": 1.5,
      "amount": 41,
      "owner": {
        "id": 10357,
        "type": "account"
      }
    },
    {
      "value": 10,
      "amount": 2,
      "owner": {
        "id": 5532,
        "type": "account"
      }
    }
  ]
}

Pobieranie danych: cenach itemu aircraft q1 w kraju Indonesia z URL: https://api.eclesiar.com/market/items/get?country_id=46&item_id=20...
--- Dane o cenach itemu aircraft q1 w kraju Indonesia ---
{
  "code": 200,
  "description": "Success"
}

Pobieranie danych: cenach itemu aircraft q1 w kraju Australia z URL: https://api.eclesiar.com/market/items/get?country_id=47&item_id=20...
--- Dane o cenach itemu aircraft q1 w kraju Australia ---
{
  "code": 200,
  "description": "Success",
  "data": [
    {
      "value": 0.4,
      "amount": 138,
      "owner": {
        "id": 175,
        "type": "holding"
      }
    },
    {
      "value": 0.5,
      "amount": 56,
      "owner": {
        "id": 145,
        "type": "holding"
      }
    },
    {
      "value": 5,
      "amount": 2,
      "owner": {
        "id": 10277,
        "type": "account"
      }
    }
  ]
}

Pobieranie danych: cenach itemu aircraft q1 w kraju Philippines z URL: https://api.eclesiar.com/market/items/get?country_id=48&item_id=20...
--- Dane o cenach itemu aircraft q1 w kraju Philippines ---
{
  "code": 200,
  "description": "Success",
  "data": [
    {
      "value": 2.5,
      "amount": 1,
      "owner": {
        "id": 4607,
        "type": "account"
      }
    }
  ]
}

Pobieranie danych: cenach itemu aircraft q2 w kraju United Kingdom z URL: https://api.eclesiar.com/market/items/get?country_id=2&item_id=21...
--- Dane o cenach itemu aircraft q2 w kraju United Kingdom ---
{
  "code": 200,
  "description": "Success",
  "data": [
    {
      "value": 3,
      "amount": 87,
      "owner": {
        "id": 2018,
        "type": "account"
      }
    }
  ]
}

Pobieranie danych: cenach itemu aircraft q2 w kraju United States of America z URL: https://api.eclesiar.com/market/items/get?country_id=3&item_id=21...
--- Dane o cenach itemu aircraft q2 w kraju United States of America ---
{
  "code": 200,
  "description": "Success",
  "data": [
    {
      "value": 1.3,
      "amount": 257,
      "owner": {
        "id": 12009,
        "type": "account"
      }
    },
    {
      "value": 1.3,
      "amount": 10,
      "owner": {
        "id": 12086,
        "type": "account"
      }
    },
    {
      "value": 1.31,
      "amount": 118,
      "owner": {
        "id": 6985,
        "type": "account"
      }
    }
  ]
}

Pobieranie danych: cenach itemu aircraft q2 w kraju Mexico z URL: https://api.eclesiar.com/market/items/get?country_id=4&item_id=21...
--- Dane o cenach itemu aircraft q2 w kraju Mexico ---
{
  "code": 200,
  "description": "Success"
}

Pobieranie danych: cenach itemu aircraft q2 w kraju Colombia z URL: https://api.eclesiar.com/market/items/get?country_id=5&item_id=21...
--- Dane o cenach itemu aircraft q2 w kraju Colombia ---
{
  "code": 200,
  "description": "Success"
}

Pobieranie danych: cenach itemu aircraft q2 w kraju Peru z URL: https://api.eclesiar.com/market/items/get?country_id=6&item_id=21...
--- Dane o cenach itemu aircraft q2 w kraju Peru ---
{
  "code": 200,
  "description": "Success"
}

Pobieranie danych: cenach itemu aircraft q2 w kraju Brazil z URL: https://api.eclesiar.com/market/items/get?country_id=7&item_id=21...
--- Dane o cenach itemu aircraft q2 w kraju Brazil ---
{
  "code": 200,
  "description": "Success",
  "data": [
    {
      "value": 3,
      "amount": 20,
      "owner": {
        "id": 11311,
        "type": "account"
      }
    }
  ]
}

Pobieranie danych: cenach itemu aircraft q2 w kraju Chile z URL: https://api.eclesiar.com/market/items/get?country_id=8&item_id=21...
--- Dane o cenach itemu aircraft q2 w kraju Chile ---
{
  "code": 200,
  "description": "Success",
  "data": [
    {
      "value": 1,
      "amount": 20,
      "owner": {
        "id": 11311,
        "type": "account"
      }
    }
  ]
}

Pobieranie danych: cenach itemu aircraft q2 w kraju Argentina z URL: https://api.eclesiar.com/market/items/get?country_id=10&item_id=21...
--- Dane o cenach itemu aircraft q2 w kraju Argentina ---
{
  "code": 200,
  "description": "Success"
}

Pobieranie danych: cenach itemu aircraft q2 w kraju Ireland z URL: https://api.eclesiar.com/market/items/get?country_id=11&item_id=21...
--- Dane o cenach itemu aircraft q2 w kraju Ireland ---
{
  "code": 200,
  "description": "Success",
  "data": [
    {
      "value": 5,
      "amount": 10,
      "owner": {
        "id": 11311,
        "type": "account"
      }
    }
  ]
}

Pobieranie danych: cenach itemu aircraft q2 w kraju France z URL: https://api.eclesiar.com/market/items/get?country_id=12&item_id=21...
--- Dane o cenach itemu aircraft q2 w kraju France ---
{
  "code": 200,
  "description": "Success",
  "data": [
    {
      "value": 0.6,
      "amount": 20,
      "owner": {
        "id": 11311,
        "type": "account"
      }
    }
  ]
}

Pobieranie danych: cenach itemu aircraft q2 w kraju Portugal z URL: https://api.eclesiar.com/market/items/get?country_id=13&item_id=21...
--- Dane o cenach itemu aircraft q2 w kraju Portugal ---
{
  "code": 200,
  "description": "Success",
  "data": [
    {
      "value": 0.9,
      "amount": 41,
      "owner": {
        "id": 15908,
        "type": "account"
      }
    }
  ]
}

Pobieranie danych: cenach itemu aircraft q2 w kraju Spain z URL: https://api.eclesiar.com/market/items/get?country_id=14&item_id=21...
--- Dane o cenach itemu aircraft q2 w kraju Spain ---
{
  "code": 200,
  "description": "Success",
  "data": [
    {
      "value": 0.8,
      "amount": 19,
      "owner": {
        "id": 10277,
        "type": "account"
      }
    },
    {
      "value": 1.25,
      "amount": 63,
      "owner": {
        "id": 4119,
        "type": "account"
      }
    },
    {
      "value": 2,
      "amount": 63,
      "owner": {
        "id": 4119,
        "type": "account"
      }
    }
  ]
}

Pobieranie danych: cenach itemu aircraft q2 w kraju Germany z URL: https://api.eclesiar.com/market/items/get?country_id=15&item_id=21...
--- Dane o cenach itemu aircraft q2 w kraju Germany ---
{
  "code": 200,
  "description": "Success"
}

Pobieranie danych: cenach itemu aircraft q2 w kraju Sweden z URL: https://api.eclesiar.com/market/items/get?country_id=16&item_id=21...
--- Dane o cenach itemu aircraft q2 w kraju Sweden ---
{
  "code": 200,
  "description": "Success"
}

Pobieranie danych: cenach itemu aircraft q2 w kraju Italy z URL: https://api.eclesiar.com/market/items/get?country_id=17&item_id=21...
--- Dane o cenach itemu aircraft q2 w kraju Italy ---
{
  "code": 200,
  "description": "Success",
  "data": [
    {
      "value": 0.8,
      "amount": 78,
      "owner": {
        "id": 16125,
        "type": "account"
      }
    },
    {
      "value": 1,
      "amount": 41,
      "owner": {
        "id": 16125,
        "type": "account"
      }
    }
  ]
}

Pobieranie danych: cenach itemu aircraft q2 w kraju Poland z URL: https://api.eclesiar.com/market/items/get?country_id=18&item_id=21...
--- Dane o cenach itemu aircraft q2 w kraju Poland ---
{
  "code": 200,
  "description": "Success",
  "data": [
    {
      "value": 0.112,
      "amount": 587,
      "owner": {
        "id": 491,
        "type": "holding"
      }
    },
    {
      "value": 0.113,
      "amount": 7,
      "owner": {
        "id": 14739,
        "type": "account"
      }
    },
    {
      "value": 0.114,
      "amount": 116,
      "owner": {
        "id": 12260,
        "type": "account"
      }
    },
    {
      "value": 0.12,
      "amount": 230,
      "owner": {
        "id": 13802,
        "type": "account"
      }
    },
    {
      "value": 0.189,
      "amount": 50,
      "owner": {
        "id": 11419,
        "type": "account"
      }
    },
    {
      "value": 0.199,
      "amount": 20,
      "owner": {
        "id": 11419,
        "type": "account"
      }
    },
    {
      "value": 0.22,
      "amount": 50,
      "owner": {
        "id": 14550,
        "type": "account"
      }
    },
    {
      "value": 0.222,
      "amount": 60,
      "owner": {
        "id": 11419,
        "type": "account"
      }
    },
    {
      "value": 10,
      "amount": 1,
      "owner": {
        "id": 6046,
        "type": "account"
      }
    }
  ]
}

Pobieranie danych: cenach itemu aircraft q2 w kraju Lithuania z URL: https://api.eclesiar.com/market/items/get?country_id=19&item_id=21...
--- Dane o cenach itemu aircraft q2 w kraju Lithuania ---
{
  "code": 200,
  "description": "Success",
  "data": [
    {
      "value": 2.999,
      "amount": 92,
      "owner": {
        "id": 2185,
        "type": "account"
      }
    },
    {
      "value": 3,
      "amount": 237,
      "owner": {
        "id": 6985,
        "type": "account"
      }
    }
  ]
}

Pobieranie danych: cenach itemu aircraft q2 w kraju Slovenia z URL: https://api.eclesiar.com/market/items/get?country_id=20&item_id=21...
--- Dane o cenach itemu aircraft q2 w kraju Slovenia ---
{
  "code": 200,
  "description": "Success"
}

Pobieranie danych: cenach itemu aircraft q2 w kraju Croatia z URL: https://api.eclesiar.com/market/items/get?country_id=21&item_id=21...
--- Dane o cenach itemu aircraft q2 w kraju Croatia ---
{
  "code": 200,
  "description": "Success",
  "data": [
    {
      "value": 1,
      "amount": 20,
      "owner": {
        "id": 11311,
        "type": "account"
      }
    },
    {
      "value": 1.4,
      "amount": 73,
      "owner": {
        "id": 7635,
        "type": "account"
      }
    }
  ]
}

Pobieranie danych: cenach itemu aircraft q2 w kraju Bosnia and Herzegovina z URL: https://api.eclesiar.com/market/items/get?country_id=22&item_id=21...
--- Dane o cenach itemu aircraft q2 w kraju Bosnia and Herzegovina ---
{
  "code": 200,
  "description": "Success"
}

Pobieranie danych: cenach itemu aircraft q2 w kraju Serbia z URL: https://api.eclesiar.com/market/items/get?country_id=23&item_id=21...
--- Dane o cenach itemu aircraft q2 w kraju Serbia ---
{
  "code": 200,
  "description": "Success",
  "data": [
    {
      "value": 1,
      "amount": 20,
      "owner": {
        "id": 11311,
        "type": "account"
      }
    }
  ]
}

Pobieranie danych: cenach itemu aircraft q2 w kraju North Macedonia z URL: https://api.eclesiar.com/market/items/get?country_id=24&item_id=21...
--- Dane o cenach itemu aircraft q2 w kraju North Macedonia ---
{
  "code": 200,
  "description": "Success",
  "data": [
    {
      "value": 1.5,
      "amount": 5,
      "owner": {
        "id": 1457,
        "type": "account"
      }
    }
  ]
}

Pobieranie danych: cenach itemu aircraft q2 w kraju Albania z URL: https://api.eclesiar.com/market/items/get?country_id=25&item_id=21...
--- Dane o cenach itemu aircraft q2 w kraju Albania ---
{
  "code": 200,
  "description": "Success",
  "data": [
    {
      "value": 3.1,
      "amount": 83,
      "owner": {
        "id": 25,
        "type": "country"
      }
    },
    {
      "value": 100,
      "amount": 20,
      "owner": {
        "id": 9404,
        "type": "account"
      }
    }
  ]
}

Pobieranie danych: cenach itemu aircraft q2 w kraju Greece z URL: https://api.eclesiar.com/market/items/get?country_id=26&item_id=21...
--- Dane o cenach itemu aircraft q2 w kraju Greece ---
{
  "code": 200,
  "description": "Success",
  "data": [
    {
      "value": 1.39,
      "amount": 782,
      "owner": {
        "id": 1149,
        "type": "account"
      }
    },
    {
      "value": 1.5,
      "amount": 15,
      "owner": {
        "id": 4952,
        "type": "account"
      }
    }
  ]
}

Pobieranie danych: cenach itemu aircraft q2 w kraju Hungary z URL: https://api.eclesiar.com/market/items/get?country_id=27&item_id=21...
--- Dane o cenach itemu aircraft q2 w kraju Hungary ---
{
  "code": 200,
  "description": "Success",
  "data": [
    {
      "value": 0.199,
      "amount": 20,
      "owner": {
        "id": 11311,
        "type": "account"
      }
    },
    {
      "value": 0.2,
      "amount": 150,
      "owner": {
        "id": 12987,
        "type": "account"
      }
    }
  ]
}

Pobieranie danych: cenach itemu aircraft q2 w kraju Romania z URL: https://api.eclesiar.com/market/items/get?country_id=28&item_id=21...
--- Dane o cenach itemu aircraft q2 w kraju Romania ---
{
  "code": 200,
  "description": "Success"
}

Pobieranie danych: cenach itemu aircraft q2 w kraju Bulgaria z URL: https://api.eclesiar.com/market/items/get?country_id=30&item_id=21...
--- Dane o cenach itemu aircraft q2 w kraju Bulgaria ---
{
  "code": 200,
  "description": "Success",
  "data": [
    {
      "value": 0.9,
      "amount": 8,
      "owner": {
        "id": 2406,
        "type": "account"
      }
    },
    {
      "value": 0.99,
      "amount": 200,
      "owner": {
        "id": 643,
        "type": "account"
      }
    }
  ]
}

Pobieranie danych: cenach itemu aircraft q2 w kraju Turkey z URL: https://api.eclesiar.com/market/items/get?country_id=31&item_id=21...
--- Dane o cenach itemu aircraft q2 w kraju Turkey ---
{
  "code": 200,
  "description": "Success",
  "data": [
    {
      "value": 0.5,
      "amount": 122,
      "owner": {
        "id": 9995,
        "type": "account"
      }
    }
  ]
}

Pobieranie danych: cenach itemu aircraft q2 w kraju Ukraine z URL: https://api.eclesiar.com/market/items/get?country_id=32&item_id=21...
--- Dane o cenach itemu aircraft q2 w kraju Ukraine ---
{
  "code": 200,
  "description": "Success"
}

Pobieranie danych: cenach itemu aircraft q2 w kraju Russia z URL: https://api.eclesiar.com/market/items/get?country_id=33&item_id=21...
--- Dane o cenach itemu aircraft q2 w kraju Russia ---
{
  "code": 200,
  "description": "Success"
}

Pobieranie danych: cenach itemu aircraft q2 w kraju Georgia z URL: https://api.eclesiar.com/market/items/get?country_id=34&item_id=21...
--- Dane o cenach itemu aircraft q2 w kraju Georgia ---
{
  "code": 200,
  "description": "Success"
}

Pobieranie danych: cenach itemu aircraft q2 w kraju Israel z URL: https://api.eclesiar.com/market/items/get?country_id=35&item_id=21...
--- Dane o cenach itemu aircraft q2 w kraju Israel ---
{
  "code": 200,
  "description": "Success"
}

Pobieranie danych: cenach itemu aircraft q2 w kraju Egypt z URL: https://api.eclesiar.com/market/items/get?country_id=36&item_id=21...
--- Dane o cenach itemu aircraft q2 w kraju Egypt ---
{
  "code": 200,
  "description": "Success"
}

Pobieranie danych: cenach itemu aircraft q2 w kraju South Africa z URL: https://api.eclesiar.com/market/items/get?country_id=37&item_id=21...
--- Dane o cenach itemu aircraft q2 w kraju South Africa ---
{
  "code": 200,
  "description": "Success"
}

Pobieranie danych: cenach itemu aircraft q2 w kraju Iraq z URL: https://api.eclesiar.com/market/items/get?country_id=38&item_id=21...
--- Dane o cenach itemu aircraft q2 w kraju Iraq ---
{
  "code": 200,
  "description": "Success"
}

Pobieranie danych: cenach itemu aircraft q2 w kraju Saudi Arabia z URL: https://api.eclesiar.com/market/items/get?country_id=39&item_id=21...
--- Dane o cenach itemu aircraft q2 w kraju Saudi Arabia ---
{
  "code": 200,
  "description": "Success"
}

Pobieranie danych: cenach itemu aircraft q2 w kraju Iran z URL: https://api.eclesiar.com/market/items/get?country_id=40&item_id=21...
--- Dane o cenach itemu aircraft q2 w kraju Iran ---
{
  "code": 200,
  "description": "Success"
}

Pobieranie danych: cenach itemu aircraft q2 w kraju Pakistan z URL: https://api.eclesiar.com/market/items/get?country_id=41&item_id=21...
--- Dane o cenach itemu aircraft q2 w kraju Pakistan ---
{
  "code": 200,
  "description": "Success"
}

Pobieranie danych: cenach itemu aircraft q2 w kraju India z URL: https://api.eclesiar.com/market/items/get?country_id=42&item_id=21...
--- Dane o cenach itemu aircraft q2 w kraju India ---
{
  "code": 200,
  "description": "Success"
}

Pobieranie danych: cenach itemu aircraft q2 w kraju China z URL: https://api.eclesiar.com/market/items/get?country_id=43&item_id=21...
--- Dane o cenach itemu aircraft q2 w kraju China ---
{
  "code": 200,
  "description": "Success"
}

Pobieranie danych: cenach itemu aircraft q2 w kraju Japan z URL: https://api.eclesiar.com/market/items/get?country_id=44&item_id=21...
--- Dane o cenach itemu aircraft q2 w kraju Japan ---
{
  "code": 200,
  "description": "Success",
  "data": [
    {
      "value": 9,
      "amount": 20,
      "owner": {
        "id": 11311,
        "type": "account"
      }
    }
  ]
}

Pobieranie danych: cenach itemu aircraft q2 w kraju South Korea z URL: https://api.eclesiar.com/market/items/get?country_id=45&item_id=21...
--- Dane o cenach itemu aircraft q2 w kraju South Korea ---
{
  "code": 200,
  "description": "Success"
}

Pobieranie danych: cenach itemu aircraft q2 w kraju Indonesia z URL: https://api.eclesiar.com/market/items/get?country_id=46&item_id=21...
--- Dane o cenach itemu aircraft q2 w kraju Indonesia ---
{
  "code": 200,
  "description": "Success"
}

Pobieranie danych: cenach itemu aircraft q2 w kraju Australia z URL: https://api.eclesiar.com/market/items/get?country_id=47&item_id=21...
--- Dane o cenach itemu aircraft q2 w kraju Australia ---
{
  "code": 200,
  "description": "Success",
  "data": [
    {
      "value": 12,
      "amount": 15,
      "owner": {
        "id": 10277,
        "type": "account"
      }
    }
  ]
}

Pobieranie danych: cenach itemu aircraft q2 w kraju Philippines z URL: https://api.eclesiar.com/market/items/get?country_id=48&item_id=21...
--- Dane o cenach itemu aircraft q2 w kraju Philippines ---
{
  "code": 200,
  "description": "Success"
}

Pobieranie danych: cenach itemu aircraft q3 w kraju United Kingdom z URL: https://api.eclesiar.com/market/items/get?country_id=2&item_id=22...
--- Dane o cenach itemu aircraft q3 w kraju United Kingdom ---
{
  "code": 200,
  "description": "Success",
  "data": [
    {
      "value": 5,
      "amount": 4,
      "owner": {
        "id": 8177,
        "type": "account"
      }
    }
  ]
}

Pobieranie danych: cenach itemu aircraft q3 w kraju United States of America z URL: https://api.eclesiar.com/market/items/get?country_id=3&item_id=22...
--- Dane o cenach itemu aircraft q3 w kraju United States of America ---
{
  "code": 200,
  "description": "Success",
  "data": [
    {
      "value": 0.648,
      "amount": 50,
      "owner": {
        "id": 13471,
        "type": "account"
      }
    },
    {
      "value": 0.649,
      "amount": 5,
      "owner": {
        "id": 564,
        "type": "holding"
      }
    },
    {
      "value": 0.99,
      "amount": 31,
      "owner": {
        "id": 13487,
        "type": "account"
      }
    },
    {
      "value": 10,
      "amount": 8,
      "owner": {
        "id": 2196,
        "type": "account"
      }
    }
  ]
}

Pobieranie danych: cenach itemu aircraft q3 w kraju Mexico z URL: https://api.eclesiar.com/market/items/get?country_id=4&item_id=22...
--- Dane o cenach itemu aircraft q3 w kraju Mexico ---
{
  "code": 200,
  "description": "Success",
  "data": [
    {
      "value": 3,
      "amount": 10,
      "owner": {
        "id": 10357,
        "type": "account"
      }
    }
  ]
}

Pobieranie danych: cenach itemu aircraft q3 w kraju Colombia z URL: https://api.eclesiar.com/market/items/get?country_id=5&item_id=22...
--- Dane o cenach itemu aircraft q3 w kraju Colombia ---
{
  "code": 200,
  "description": "Success"
}

Pobieranie danych: cenach itemu aircraft q3 w kraju Peru z URL: https://api.eclesiar.com/market/items/get?country_id=6&item_id=22...
--- Dane o cenach itemu aircraft q3 w kraju Peru ---
{
  "code": 200,
  "description": "Success",
  "data": [
    {
      "value": 4.899,
      "amount": 100,
      "owner": {
        "id": 68,
        "type": "holding"
      }
    },
    {
      "value": 4.9,
      "amount": 10,
      "owner": {
        "id": 1812,
        "type": "account"
      }
    }
  ]
}

Pobieranie danych: cenach itemu aircraft q3 w kraju Brazil z URL: https://api.eclesiar.com/market/items/get?country_id=7&item_id=22...
--- Dane o cenach itemu aircraft q3 w kraju Brazil ---
{
  "code": 200,
  "description": "Success",
  "data": [
    {
      "value": 50.5,
      "amount": 2,
      "owner": {
        "id": 2004,
        "type": "account"
      }
    }
  ]
}

Pobieranie danych: cenach itemu aircraft q3 w kraju Chile z URL: https://api.eclesiar.com/market/items/get?country_id=8&item_id=22...
--- Dane o cenach itemu aircraft q3 w kraju Chile ---
{
  "code": 200,
  "description": "Success",
  "data": [
    {
      "value": 0.99,
      "amount": 5,
      "owner": {
        "id": 6075,
        "type": "account"
      }
    }
  ]
}

Pobieranie danych: cenach itemu aircraft q3 w kraju Argentina z URL: https://api.eclesiar.com/market/items/get?country_id=10&item_id=22...
--- Dane o cenach itemu aircraft q3 w kraju Argentina ---
{
  "code": 200,
  "description": "Success"
}

Pobieranie danych: cenach itemu aircraft q3 w kraju Ireland z URL: https://api.eclesiar.com/market/items/get?country_id=11&item_id=22...
--- Dane o cenach itemu aircraft q3 w kraju Ireland ---
{
  "code": 200,
  "description": "Success",
  "data": [
    {
      "value": 3,
      "amount": 8,
      "owner": {
        "id": 10182,
        "type": "account"
      }
    }
  ]
}

Pobieranie danych: cenach itemu aircraft q3 w kraju France z URL: https://api.eclesiar.com/market/items/get?country_id=12&item_id=22...
--- Dane o cenach itemu aircraft q3 w kraju France ---
{
  "code": 200,
  "description": "Success",
  "data": [
    {
      "value": 0.7,
      "amount": 50,
      "owner": {
        "id": 5549,
        "type": "account"
      }
    }
  ]
}

Pobieranie danych: cenach itemu aircraft q3 w kraju Portugal z URL: https://api.eclesiar.com/market/items/get?country_id=13&item_id=22...
--- Dane o cenach itemu aircraft q3 w kraju Portugal ---
{
  "code": 200,
  "description": "Success",
  "data": [
    {
      "value": 0.949,
      "amount": 9,
      "owner": {
        "id": 4556,
        "type": "account"
      }
    },
    {
      "value": 0.95,
      "amount": 10,
      "owner": {
        "id": 15908,
        "type": "account"
      }
    }
  ]
}

Pobieranie danych: cenach itemu aircraft q3 w kraju Spain z URL: https://api.eclesiar.com/market/items/get?country_id=14&item_id=22...
--- Dane o cenach itemu aircraft q3 w kraju Spain ---
{
  "code": 200,
  "description": "Success",
  "data": [
    {
      "value": 0.19,
      "amount": 86,
      "owner": {
        "id": 5613,
        "type": "account"
      }
    },
    {
      "value": 1,
      "amount": 20,
      "owner": {
        "id": 2472,
        "type": "account"
      }
    },
    {
      "value": 10,
      "amount": 1,
      "owner": {
        "id": 325,
        "type": "account"
      }
    }
  ]
}

Pobieranie danych: cenach itemu aircraft q3 w kraju Germany z URL: https://api.eclesiar.com/market/items/get?country_id=15&item_id=22...
--- Dane o cenach itemu aircraft q3 w kraju Germany ---
{
  "code": 200,
  "description": "Success",
  "data": [
    {
      "value": 0.329,
      "amount": 10,
      "owner": {
        "id": 9611,
        "type": "account"
      }
    },
    {
      "value": 0.33,
      "amount": 80,
      "owner": {
        "id": 2589,
        "type": "account"
      }
    },
    {
      "value": 0.45,
      "amount": 53,
      "owner": {
        "id": 173,
        "type": "holding"
      }
    },
    {
      "value": 3,
      "amount": 3,
      "owner": {
        "id": 13086,
        "type": "account"
      }
    },
    {
      "value": 5,
      "amount": 1,
      "owner": {
        "id": 16068,
        "type": "account"
      }
    }
  ]
}

Pobieranie danych: cenach itemu aircraft q3 w kraju Sweden z URL: https://api.eclesiar.com/market/items/get?country_id=16&item_id=22...
--- Dane o cenach itemu aircraft q3 w kraju Sweden ---
{
  "code": 200,
  "description": "Success",
  "data": [
    {
      "value": 0.6,
      "amount": 93,
      "owner": {
        "id": 2508,
        "type": "account"
      }
    },
    {
      "value": 1,
      "amount": 1,
      "owner": {
        "id": 16125,
        "type": "account"
      }
    },
    {
      "value": 10,
      "amount": 1,
      "owner": {
        "id": 13534,
        "type": "account"
      }
    },
    {
      "value": 666,
      "amount": 1,
      "owner": {
        "id": 1491,
        "type": "account"
      }
    }
  ]
}

Pobieranie danych: cenach itemu aircraft q3 w kraju Italy z URL: https://api.eclesiar.com/market/items/get?country_id=17&item_id=22...
--- Dane o cenach itemu aircraft q3 w kraju Italy ---
{
  "code": 200,
  "description": "Success",
  "data": [
    {
      "value": 1,
      "amount": 6,
      "owner": {
        "id": 9611,
        "type": "account"
      }
    }
  ]
}

Pobieranie danych: cenach itemu aircraft q3 w kraju Poland z URL: https://api.eclesiar.com/market/items/get?country_id=18&item_id=22...
--- Dane o cenach itemu aircraft q3 w kraju Poland ---
{
  "code": 200,
  "description": "Success",
  "data": [
    {
      "value": 0.19,
      "amount": 5,
      "owner": {
        "id": 16415,
        "type": "account"
      }
    },
    {
      "value": 0.2,
      "amount": 120,
      "owner": {
        "id": 11315,
        "type": "account"
      }
    },
    {
      "value": 0.285,
      "amount": 34,
      "owner": {
        "id": 491,
        "type": "holding"
      }
    },
    {
      "value": 0.286,
      "amount": 50,
      "owner": {
        "id": 14117,
        "type": "account"
      }
    },
    {
      "value": 0.343,
      "amount": 6,
      "owner": {
        "id": 11718,
        "type": "account"
      }
    },
    {
      "value": 0.344,
      "amount": 29,
      "owner": {
        "id": 14739,
        "type": "account"
      }
    },
    {
      "value": 0.346,
      "amount": 20,
      "owner": {
        "id": 68,
        "type": "holding"
      }
    },
    {
      "value": 0.4,
      "amount": 40,
      "owner": {
        "id": 14523,
        "type": "account"
      }
    },
    {
      "value": 0.6,
      "amount": 1,
      "owner": {
        "id": 15997,
        "type": "account"
      }
    },
    {
      "value": 0.9,
      "amount": 1,
      "owner": {
        "id": 1812,
        "type": "account"
      }
    },
    {
      "value": 1,
      "amount": 1,
      "owner": {
        "id": 9257,
        "type": "account"
      }
    },
    {
      "value": 1.3,
      "amount": 1,
      "owner": {
        "id": 1812,
        "type": "account"
      }
    },
    {
      "value": 2,
      "amount": 1,
      "owner": {
        "id": 1812,
        "type": "account"
      }
    },
    {
      "value": 5,
      "amount": 2,
      "owner": {
        "id": 14222,
        "type": "account"
      }
    }
  ]
}

Pobieranie danych: cenach itemu aircraft q3 w kraju Lithuania z URL: https://api.eclesiar.com/market/items/get?country_id=19&item_id=22...
--- Dane o cenach itemu aircraft q3 w kraju Lithuania ---
{
  "code": 200,
  "description": "Success"
}

Pobieranie danych: cenach itemu aircraft q3 w kraju Slovenia z URL: https://api.eclesiar.com/market/items/get?country_id=20&item_id=22...
--- Dane o cenach itemu aircraft q3 w kraju Slovenia ---
{
  "code": 200,
  "description": "Success",
  "data": [
    {
      "value": 8,
      "amount": 10,
      "owner": {
        "id": 2539,
        "type": "account"
      }
    },
    {
      "value": 10,
      "amount": 1,
      "owner": {
        "id": 12139,
        "type": "account"
      }
    }
  ]
}

Pobieranie danych: cenach itemu aircraft q3 w kraju Croatia z URL: https://api.eclesiar.com/market/items/get?country_id=21&item_id=22...
--- Dane o cenach itemu aircraft q3 w kraju Croatia ---
{
  "code": 200,
  "description": "Success",
  "data": [
    {
      "value": 0.49,
      "amount": 5,
      "owner": {
        "id": 10787,
        "type": "account"
      }
    },
    {
      "value": 0.5,
      "amount": 350,
      "owner": {
        "id": 10667,
        "type": "account"
      }
    },
    {
      "value": 2,
      "amount": 1,
      "owner": {
        "id": 960,
        "type": "account"
      }
    }
  ]
}

Pobieranie danych: cenach itemu aircraft q3 w kraju Bosnia and Herzegovina z URL: https://api.eclesiar.com/market/items/get?country_id=22&item_id=22...
--- Dane o cenach itemu aircraft q3 w kraju Bosnia and Herzegovina ---
{
  "code": 200,
  "description": "Success",
  "data": [
    {
      "value": 6,
      "amount": 17,
      "owner": {
        "id": 1595,
        "type": "account"
      }
    }
  ]
}

Pobieranie danych: cenach itemu aircraft q3 w kraju Serbia z URL: https://api.eclesiar.com/market/items/get?country_id=23&item_id=22...
--- Dane o cenach itemu aircraft q3 w kraju Serbia ---
{
  "code": 200,
  "description": "Success",
  "data": [
    {
      "value": 0.79,
      "amount": 5,
      "owner": {
        "id": 564,
        "type": "holding"
      }
    },
    {
      "value": 0.98,
      "amount": 100,
      "owner": {
        "id": 5733,
        "type": "account"
      }
    }
  ]
}

Pobieranie danych: cenach itemu aircraft q3 w kraju North Macedonia z URL: https://api.eclesiar.com/market/items/get?country_id=24&item_id=22...
--- Dane o cenach itemu aircraft q3 w kraju North Macedonia ---
{
  "code": 200,
  "description": "Success"
}

Pobieranie danych: cenach itemu aircraft q3 w kraju Albania z URL: https://api.eclesiar.com/market/items/get?country_id=25&item_id=22...
--- Dane o cenach itemu aircraft q3 w kraju Albania ---
{
  "code": 200,
  "description": "Success"
}

Pobieranie danych: cenach itemu aircraft q3 w kraju Greece z URL: https://api.eclesiar.com/market/items/get?country_id=26&item_id=22...
--- Dane o cenach itemu aircraft q3 w kraju Greece ---
{
  "code": 200,
  "description": "Success"
}

Pobieranie danych: cenach itemu aircraft q3 w kraju Hungary z URL: https://api.eclesiar.com/market/items/get?country_id=27&item_id=22...
--- Dane o cenach itemu aircraft q3 w kraju Hungary ---
{
  "code": 200,
  "description": "Success",
  "data": [
    {
      "value": 0.297,
      "amount": 23,
      "owner": {
        "id": 12987,
        "type": "account"
      }
    },
    {
      "value": 0.4,
      "amount": 17,
      "owner": {
        "id": 27,
        "type": "country"
      }
    }
  ]
}

Pobieranie danych: cenach itemu aircraft q3 w kraju Romania z URL: https://api.eclesiar.com/market/items/get?country_id=28&item_id=22...
--- Dane o cenach itemu aircraft q3 w kraju Romania ---
{
  "code": 200,
  "description": "Success",
  "data": [
    {
      "value": 3.33,
      "amount": 9,
      "owner": {
        "id": 4512,
        "type": "account"
      }
    }
  ]
}

Pobieranie danych: cenach itemu aircraft q3 w kraju Bulgaria z URL: https://api.eclesiar.com/market/items/get?country_id=30&item_id=22...
--- Dane o cenach itemu aircraft q3 w kraju Bulgaria ---
{
  "code": 200,
  "description": "Success",
  "data": [
    {
      "value": 0.99,
      "amount": 17,
      "owner": {
        "id": 2406,
        "type": "account"
      }
    },
    {
      "value": 1,
      "amount": 5,
      "owner": {
        "id": 7212,
        "type": "account"
      }
    },
    {
      "value": 1.29,
      "amount": 400,
      "owner": {
        "id": 643,
        "type": "account"
      }
    },
    {
      "value": 1000,
      "amount": 1,
      "owner": {
        "id": 6045,
        "type": "account"
      }
    }
  ]
}

Pobieranie danych: cenach itemu aircraft q3 w kraju Turkey z URL: https://api.eclesiar.com/market/items/get?country_id=31&item_id=22...
--- Dane o cenach itemu aircraft q3 w kraju Turkey ---
{
  "code": 200,
  "description": "Success",
  "data": [
    {
      "value": 1.2,
      "amount": 74,
      "owner": {
        "id": 7211,
        "type": "account"
      }
    }
  ]
}

Pobieranie danych: cenach itemu aircraft q3 w kraju Ukraine z URL: https://api.eclesiar.com/market/items/get?country_id=32&item_id=22...
--- Dane o cenach itemu aircraft q3 w kraju Ukraine ---
{
  "code": 200,
  "description": "Success"
}

Pobieranie danych: cenach itemu aircraft q3 w kraju Russia z URL: https://api.eclesiar.com/market/items/get?country_id=33&item_id=22...
--- Dane o cenach itemu aircraft q3 w kraju Russia ---
{
  "code": 200,
  "description": "Success"
}

Pobieranie danych: cenach itemu aircraft q3 w kraju Georgia z URL: https://api.eclesiar.com/market/items/get?country_id=34&item_id=22...
--- Dane o cenach itemu aircraft q3 w kraju Georgia ---
{
  "code": 200,
  "description": "Success"
}

Pobieranie danych: cenach itemu aircraft q3 w kraju Israel z URL: https://api.eclesiar.com/market/items/get?country_id=35&item_id=22...
--- Dane o cenach itemu aircraft q3 w kraju Israel ---
{
  "code": 200,
  "description": "Success"
}

Pobieranie danych: cenach itemu aircraft q3 w kraju Egypt z URL: https://api.eclesiar.com/market/items/get?country_id=36&item_id=22...
--- Dane o cenach itemu aircraft q3 w kraju Egypt ---
{
  "code": 200,
  "description": "Success",
  "data": [
    {
      "value": 2,
      "amount": 29,
      "owner": {
        "id": 10277,
        "type": "account"
      }
    }
  ]
}

Pobieranie danych: cenach itemu aircraft q3 w kraju South Africa z URL: https://api.eclesiar.com/market/items/get?country_id=37&item_id=22...
--- Dane o cenach itemu aircraft q3 w kraju South Africa ---
{
  "code": 200,
  "description": "Success",
  "data": [
    {
      "value": 1.29,
      "amount": 304,
      "owner": {
        "id": 6044,
        "type": "account"
      }
    }
  ]
}

Pobieranie danych: cenach itemu aircraft q3 w kraju Iraq z URL: https://api.eclesiar.com/market/items/get?country_id=38&item_id=22...
--- Dane o cenach itemu aircraft q3 w kraju Iraq ---
{
  "code": 200,
  "description": "Success",
  "data": [
    {
      "value": 1,
      "amount": 1,
      "owner": {
        "id": 1577,
        "type": "account"
      }
    }
  ]
}

Pobieranie danych: cenach itemu aircraft q3 w kraju Saudi Arabia z URL: https://api.eclesiar.com/market/items/get?country_id=39&item_id=22...
--- Dane o cenach itemu aircraft q3 w kraju Saudi Arabia ---
{
  "code": 200,
  "description": "Success"
}

Pobieranie danych: cenach itemu aircraft q3 w kraju Iran z URL: https://api.eclesiar.com/market/items/get?country_id=40&item_id=22...
--- Dane o cenach itemu aircraft q3 w kraju Iran ---
{
  "code": 200,
  "description": "Success"
}

Pobieranie danych: cenach itemu aircraft q3 w kraju Pakistan z URL: https://api.eclesiar.com/market/items/get?country_id=41&item_id=22...
--- Dane o cenach itemu aircraft q3 w kraju Pakistan ---
{
  "code": 200,
  "description": "Success"
}

Pobieranie danych: cenach itemu aircraft q3 w kraju India z URL: https://api.eclesiar.com/market/items/get?country_id=42&item_id=22...
--- Dane o cenach itemu aircraft q3 w kraju India ---
{
  "code": 200,
  "description": "Success"
}

Pobieranie danych: cenach itemu aircraft q3 w kraju China z URL: https://api.eclesiar.com/market/items/get?country_id=43&item_id=22...
--- Dane o cenach itemu aircraft q3 w kraju China ---
{
  "code": 200,
  "description": "Success",
  "data": [
    {
      "value": 0.6,
      "amount": 4,
      "owner": {
        "id": 12543,
        "type": "account"
      }
    }
  ]
}

Pobieranie danych: cenach itemu aircraft q3 w kraju Japan z URL: https://api.eclesiar.com/market/items/get?country_id=44&item_id=22...
--- Dane o cenach itemu aircraft q3 w kraju Japan ---
{
  "code": 200,
  "description": "Success"
}

Pobieranie danych: cenach itemu aircraft q3 w kraju South Korea z URL: https://api.eclesiar.com/market/items/get?country_id=45&item_id=22...
--- Dane o cenach itemu aircraft q3 w kraju South Korea ---
{
  "code": 200,
  "description": "Success"
}

Pobieranie danych: cenach itemu aircraft q3 w kraju Indonesia z URL: https://api.eclesiar.com/market/items/get?country_id=46&item_id=22...
--- Dane o cenach itemu aircraft q3 w kraju Indonesia ---
{
  "code": 200,
  "description": "Success"
}

Pobieranie danych: cenach itemu aircraft q3 w kraju Australia z URL: https://api.eclesiar.com/market/items/get?country_id=47&item_id=22...
--- Dane o cenach itemu aircraft q3 w kraju Australia ---
{
  "code": 200,
  "description": "Success",
  "data": [
    {
      "value": 0.6,
      "amount": 4,
      "owner": {
        "id": 12256,
        "type": "account"
      }
    },
    {
      "value": 0.8,
      "amount": 19,
      "owner": {
        "id": 252,
        "type": "holding"
      }
    },
    {
      "value": 20,
      "amount": 8,
      "owner": {
        "id": 10277,
        "type": "account"
      }
    }
  ]
}

Pobieranie danych: cenach itemu aircraft q3 w kraju Philippines z URL: https://api.eclesiar.com/market/items/get?country_id=48&item_id=22...
--- Dane o cenach itemu aircraft q3 w kraju Philippines ---
{
  "code": 200,
  "description": "Success"
}

Pobieranie danych: cenach itemu aircraft q4 w kraju United Kingdom z URL: https://api.eclesiar.com/market/items/get?country_id=2&item_id=23...
--- Dane o cenach itemu aircraft q4 w kraju United Kingdom ---
{
  "code": 200,
  "description": "Success",
  "data": [
    {
      "value": 3,
      "amount": 6,
      "owner": {
        "id": 10277,
        "type": "account"
      }
    }
  ]
}

Pobieranie danych: cenach itemu aircraft q4 w kraju United States of America z URL: https://api.eclesiar.com/market/items/get?country_id=3&item_id=23...
--- Dane o cenach itemu aircraft q4 w kraju United States of America ---
{
  "code": 200,
  "description": "Success",
  "data": [
    {
      "value": 1.29,
      "amount": 70,
      "owner": {
        "id": 12616,
        "type": "account"
      }
    },
    {
      "value": 2,
      "amount": 43,
      "owner": {
        "id": 10325,
        "type": "account"
      }
    },
    {
      "value": 8,
      "amount": 13,
      "owner": {
        "id": 2129,
        "type": "account"
      }
    },
    {
      "value": 20,
      "amount": 19,
      "owner": {
        "id": 2196,
        "type": "account"
      }
    },
    {
      "value": 50,
      "amount": 5,
      "owner": {
        "id": 1659,
        "type": "account"
      }
    }
  ]
}

Pobieranie danych: cenach itemu aircraft q4 w kraju Mexico z URL: https://api.eclesiar.com/market/items/get?country_id=4&item_id=23...
--- Dane o cenach itemu aircraft q4 w kraju Mexico ---
{
  "code": 200,
  "description": "Success"
}

Pobieranie danych: cenach itemu aircraft q4 w kraju Colombia z URL: https://api.eclesiar.com/market/items/get?country_id=5&item_id=23...
--- Dane o cenach itemu aircraft q4 w kraju Colombia ---
{
  "code": 200,
  "description": "Success"
}

Pobieranie danych: cenach itemu aircraft q4 w kraju Peru z URL: https://api.eclesiar.com/market/items/get?country_id=6&item_id=23...
--- Dane o cenach itemu aircraft q4 w kraju Peru ---
{
  "code": 200,
  "description": "Success"
}

Pobieranie danych: cenach itemu aircraft q4 w kraju Brazil z URL: https://api.eclesiar.com/market/items/get?country_id=7&item_id=23...
--- Dane o cenach itemu aircraft q4 w kraju Brazil ---
{
  "code": 200,
  "description": "Success"
}

Pobieranie danych: cenach itemu aircraft q4 w kraju Chile z URL: https://api.eclesiar.com/market/items/get?country_id=8&item_id=23...
--- Dane o cenach itemu aircraft q4 w kraju Chile ---
{
  "code": 200,
  "description": "Success"
}

Pobieranie danych: cenach itemu aircraft q4 w kraju Argentina z URL: https://api.eclesiar.com/market/items/get?country_id=10&item_id=23...
--- Dane o cenach itemu aircraft q4 w kraju Argentina ---
{
  "code": 200,
  "description": "Success"
}

Pobieranie danych: cenach itemu aircraft q4 w kraju Ireland z URL: https://api.eclesiar.com/market/items/get?country_id=11&item_id=23...
--- Dane o cenach itemu aircraft q4 w kraju Ireland ---
{
  "code": 200,
  "description": "Success"
}

Pobieranie danych: cenach itemu aircraft q4 w kraju France z URL: https://api.eclesiar.com/market/items/get?country_id=12&item_id=23...
--- Dane o cenach itemu aircraft q4 w kraju France ---
{
  "code": 200,
  "description": "Success",
  "data": [
    {
      "value": 0.9,
      "amount": 494,
      "owner": {
        "id": 336,
        "type": "holding"
      }
    },
    {
      "value": 0.9,
      "amount": 983,
      "owner": {
        "id": 5548,
        "type": "account"
      }
    },
    {
      "value": 1.2,
      "amount": 116,
      "owner": {
        "id": 126,
        "type": "holding"
      }
    }
  ]
}

Pobieranie danych: cenach itemu aircraft q4 w kraju Portugal z URL: https://api.eclesiar.com/market/items/get?country_id=13&item_id=23...
--- Dane o cenach itemu aircraft q4 w kraju Portugal ---
{
  "code": 200,
  "description": "Success"
}

Pobieranie danych: cenach itemu aircraft q4 w kraju Spain z URL: https://api.eclesiar.com/market/items/get?country_id=14&item_id=23...
--- Dane o cenach itemu aircraft q4 w kraju Spain ---
{
  "code": 200,
  "description": "Success",
  "data": [
    {
      "value": 5,
      "amount": 4,
      "owner": {
        "id": 10077,
        "type": "account"
      }
    },
    {
      "value": 15,
      "amount": 5,
      "owner": {
        "id": 4119,
        "type": "account"
      }
    }
  ]
}

Pobieranie danych: cenach itemu aircraft q4 w kraju Germany z URL: https://api.eclesiar.com/market/items/get?country_id=15&item_id=23...
--- Dane o cenach itemu aircraft q4 w kraju Germany ---
{
  "code": 200,
  "description": "Success",
  "data": [
    {
      "value": 0.372,
      "amount": 154,
      "owner": {
        "id": 9611,
        "type": "account"
      }
    },
    {
      "value": 0.373,
      "amount": 122,
      "owner": {
        "id": 2854,
        "type": "account"
      }
    },
    {
      "value": 0.374,
      "amount": 50,
      "owner": {
        "id": 15,
        "type": "country"
      }
    }
  ]
}

Pobieranie danych: cenach itemu aircraft q4 w kraju Sweden z URL: https://api.eclesiar.com/market/items/get?country_id=16&item_id=23...
--- Dane o cenach itemu aircraft q4 w kraju Sweden ---
{
  "code": 200,
  "description": "Success",
  "data": [
    {
      "value": 0.8,
      "amount": 2970,
      "owner": {
        "id": 1510,
        "type": "account"
      }
    }
  ]
}

Pobieranie danych: cenach itemu aircraft q4 w kraju Italy z URL: https://api.eclesiar.com/market/items/get?country_id=17&item_id=23...
--- Dane o cenach itemu aircraft q4 w kraju Italy ---
{
  "code": 200,
  "description": "Success"
}

Pobieranie danych: cenach itemu aircraft q4 w kraju Poland z URL: https://api.eclesiar.com/market/items/get?country_id=18&item_id=23...
--- Dane o cenach itemu aircraft q4 w kraju Poland ---
{
  "code": 200,
  "description": "Success",
  "data": [
    {
      "value": 0.304,
      "amount": 100,
      "owner": {
        "id": 11315,
        "type": "account"
      }
    },
    {
      "value": 0.305,
      "amount": 287,
      "owner": {
        "id": 11062,
        "type": "account"
      }
    },
    {
      "value": 0.31,
      "amount": 244,
      "owner": {
        "id": 559,
        "type": "holding"
      }
    },
    {
      "value": 0.48,
      "amount": 100,
      "owner": {
        "id": 12306,
        "type": "account"
      }
    },
    {
      "value": 0.483,
      "amount": 40,
      "owner": {
        "id": 11906,
        "type": "account"
      }
    },
    {
      "value": 0.486,
      "amount": 3,
      "owner": {
        "id": 12290,
        "type": "account"
      }
    },
    {
      "value": 0.487,
      "amount": 3,
      "owner": {
        "id": 11058,
        "type": "account"
      }
    },
    {
      "value": 0.489,
      "amount": 300,
      "owner": {
        "id": 4465,
        "type": "account"
      }
    },
    {
      "value": 0.496,
      "amount": 62,
      "owner": {
        "id": 4465,
        "type": "account"
      }
    },
    {
      "value": 0.498,
      "amount": 57,
      "owner": {
        "id": 4465,
        "type": "account"
      }
    },
    {
      "value": 2,
      "amount": 3,
      "owner": {
        "id": 11619,
        "type": "account"
      }
    },
    {
      "value": 5,
      "amount": 3,
      "owner": {
        "id": 11057,
        "type": "account"
      }
    }
  ]
}

Pobieranie danych: cenach itemu aircraft q4 w kraju Lithuania z URL: https://api.eclesiar.com/market/items/get?country_id=19&item_id=23...
--- Dane o cenach itemu aircraft q4 w kraju Lithuania ---
{
  "code": 200,
  "description": "Success"
}

Pobieranie danych: cenach itemu aircraft q4 w kraju Slovenia z URL: https://api.eclesiar.com/market/items/get?country_id=20&item_id=23...
--- Dane o cenach itemu aircraft q4 w kraju Slovenia ---
{
  "code": 200,
  "description": "Success",
  "data": [
    {
      "value": 1,
      "amount": 28,
      "owner": {
        "id": 7518,
        "type": "account"
      }
    },
    {
      "value": 1.149,
      "amount": 449,
      "owner": {
        "id": 55,
        "type": "holding"
      }
    },
    {
      "value": 1.15,
      "amount": 666,
      "owner": {
        "id": 8,
        "type": "holding"
      }
    },
    {
      "value": 1.4,
      "amount": 40,
      "owner": {
        "id": 241,
        "type": "holding"
      }
    },
    {
      "value": 1000,
      "amount": 9,
      "owner": {
        "id": 6952,
        "type": "account"
      }
    }
  ]
}

Pobieranie danych: cenach itemu aircraft q4 w kraju Croatia z URL: https://api.eclesiar.com/market/items/get?country_id=21&item_id=23...
--- Dane o cenach itemu aircraft q4 w kraju Croatia ---
{
  "code": 200,
  "description": "Success",
  "data": [
    {
      "value": 0.59,
      "amount": 88,
      "owner": {
        "id": 10667,
        "type": "account"
      }
    },
    {
      "value": 0.6,
      "amount": 78,
      "owner": {
        "id": 410,
        "type": "holding"
      }
    },
    {
      "value": 0.65,
      "amount": 1,
      "owner": {
        "id": 9227,
        "type": "account"
      }
    }
  ]
}

Pobieranie danych: cenach itemu aircraft q4 w kraju Bosnia and Herzegovina z URL: https://api.eclesiar.com/market/items/get?country_id=22&item_id=23...
--- Dane o cenach itemu aircraft q4 w kraju Bosnia and Herzegovina ---
{
  "code": 200,
  "description": "Success",
  "data": [
    {
      "value": 400,
      "amount": 1,
      "owner": {
        "id": 4030,
        "type": "account"
      }
    }
  ]
}

Pobieranie danych: cenach itemu aircraft q4 w kraju Serbia z URL: https://api.eclesiar.com/market/items/get?country_id=23&item_id=23...
--- Dane o cenach itemu aircraft q4 w kraju Serbia ---
{
  "code": 200,
  "description": "Success"
}

Pobieranie danych: cenach itemu aircraft q4 w kraju North Macedonia z URL: https://api.eclesiar.com/market/items/get?country_id=24&item_id=23...
--- Dane o cenach itemu aircraft q4 w kraju North Macedonia ---
{
  "code": 200,
  "description": "Success"
}

Pobieranie danych: cenach itemu aircraft q4 w kraju Albania z URL: https://api.eclesiar.com/market/items/get?country_id=25&item_id=23...
--- Dane o cenach itemu aircraft q4 w kraju Albania ---
{
  "code": 200,
  "description": "Success"
}

Pobieranie danych: cenach itemu aircraft q4 w kraju Greece z URL: https://api.eclesiar.com/market/items/get?country_id=26&item_id=23...
--- Dane o cenach itemu aircraft q4 w kraju Greece ---
{
  "code": 200,
  "description": "Success",
  "data": [
    {
      "value": 2.9,
      "amount": 52,
      "owner": {
        "id": 110,
        "type": "holding"
      }
    }
  ]
}

Pobieranie danych: cenach itemu aircraft q4 w kraju Hungary z URL: https://api.eclesiar.com/market/items/get?country_id=27&item_id=23...
--- Dane o cenach itemu aircraft q4 w kraju Hungary ---
{
  "code": 200,
  "description": "Success"
}

Pobieranie danych: cenach itemu aircraft q4 w kraju Romania z URL: https://api.eclesiar.com/market/items/get?country_id=28&item_id=23...
--- Dane o cenach itemu aircraft q4 w kraju Romania ---
{
  "code": 200,
  "description": "Success",
  "data": [
    {
      "value": 7,
      "amount": 2,
      "owner": {
        "id": 1812,
        "type": "account"
      }
    },
    {
      "value": 7.1,
      "amount": 2,
      "owner": {
        "id": 1812,
        "type": "account"
      }
    },
    {
      "value": 7.15,
      "amount": 2,
      "owner": {
        "id": 1812,
        "type": "account"
      }
    },
    {
      "value": 555,
      "amount": 31,
      "owner": {
        "id": 2959,
        "type": "account"
      }
    }
  ]
}

Pobieranie danych: cenach itemu aircraft q4 w kraju Bulgaria z URL: https://api.eclesiar.com/market/items/get?country_id=30&item_id=23...
--- Dane o cenach itemu aircraft q4 w kraju Bulgaria ---
{
  "code": 200,
  "description": "Success",
  "data": [
    {
      "value": 2.7,
      "amount": 2,
      "owner": {
        "id": 2406,
        "type": "account"
      }
    },
    {
      "value": 3,
      "amount": 16,
      "owner": {
        "id": 110,
        "type": "holding"
      }
    },
    {
      "value": 222,
      "amount": 2,
      "owner": {
        "id": 2623,
        "type": "account"
      }
    }
  ]
}

Pobieranie danych: cenach itemu aircraft q4 w kraju Turkey z URL: https://api.eclesiar.com/market/items/get?country_id=31&item_id=23...
--- Dane o cenach itemu aircraft q4 w kraju Turkey ---
{
  "code": 200,
  "description": "Success",
  "data": [
    {
      "value": 5000,
      "amount": 19,
      "owner": {
        "id": 1971,
        "type": "account"
      }
    }
  ]
}

Pobieranie danych: cenach itemu aircraft q4 w kraju Ukraine z URL: https://api.eclesiar.com/market/items/get?country_id=32&item_id=23...
--- Dane o cenach itemu aircraft q4 w kraju Ukraine ---
{
  "code": 200,
  "description": "Success"
}

Pobieranie danych: cenach itemu aircraft q4 w kraju Russia z URL: https://api.eclesiar.com/market/items/get?country_id=33&item_id=23...
--- Dane o cenach itemu aircraft q4 w kraju Russia ---
{
  "code": 200,
  "description": "Success"
}

Pobieranie danych: cenach itemu aircraft q4 w kraju Georgia z URL: https://api.eclesiar.com/market/items/get?country_id=34&item_id=23...
--- Dane o cenach itemu aircraft q4 w kraju Georgia ---
{
  "code": 200,
  "description": "Success"
}

Pobieranie danych: cenach itemu aircraft q4 w kraju Israel z URL: https://api.eclesiar.com/market/items/get?country_id=35&item_id=23...
--- Dane o cenach itemu aircraft q4 w kraju Israel ---
{
  "code": 200,
  "description": "Success"
}

Pobieranie danych: cenach itemu aircraft q4 w kraju Egypt z URL: https://api.eclesiar.com/market/items/get?country_id=36&item_id=23...
--- Dane o cenach itemu aircraft q4 w kraju Egypt ---
{
  "code": 200,
  "description": "Success",
  "data": [
    {
      "value": 4.5,
      "amount": 30,
      "owner": {
        "id": 110,
        "type": "holding"
      }
    }
  ]
}

Pobieranie danych: cenach itemu aircraft q4 w kraju South Africa z URL: https://api.eclesiar.com/market/items/get?country_id=37&item_id=23...
--- Dane o cenach itemu aircraft q4 w kraju South Africa ---
{
  "code": 200,
  "description": "Success",
  "data": [
    {
      "value": 2.397,
      "amount": 8,
      "owner": {
        "id": 237,
        "type": "holding"
      }
    }
  ]
}

Pobieranie danych: cenach itemu aircraft q4 w kraju Iraq z URL: https://api.eclesiar.com/market/items/get?country_id=38&item_id=23...
--- Dane o cenach itemu aircraft q4 w kraju Iraq ---
{
  "code": 200,
  "description": "Success"
}

Pobieranie danych: cenach itemu aircraft q4 w kraju Saudi Arabia z URL: https://api.eclesiar.com/market/items/get?country_id=39&item_id=23...
--- Dane o cenach itemu aircraft q4 w kraju Saudi Arabia ---
{
  "code": 200,
  "description": "Success"
}

Pobieranie danych: cenach itemu aircraft q4 w kraju Iran z URL: https://api.eclesiar.com/market/items/get?country_id=40&item_id=23...
--- Dane o cenach itemu aircraft q4 w kraju Iran ---
{
  "code": 200,
  "description": "Success",
  "data": [
    {
      "value": 1000,
      "amount": 10,
      "owner": {
        "id": 2419,
        "type": "account"
      }
    }
  ]
}

Pobieranie danych: cenach itemu aircraft q4 w kraju Pakistan z URL: https://api.eclesiar.com/market/items/get?country_id=41&item_id=23...
--- Dane o cenach itemu aircraft q4 w kraju Pakistan ---
{
  "code": 200,
  "description": "Success"
}

Pobieranie danych: cenach itemu aircraft q4 w kraju India z URL: https://api.eclesiar.com/market/items/get?country_id=42&item_id=23...
--- Dane o cenach itemu aircraft q4 w kraju India ---
{
  "code": 200,
  "description": "Success"
}

Pobieranie danych: cenach itemu aircraft q4 w kraju China z URL: https://api.eclesiar.com/market/items/get?country_id=43&item_id=23...
--- Dane o cenach itemu aircraft q4 w kraju China ---
{
  "code": 200,
  "description": "Success"
}

Pobieranie danych: cenach itemu aircraft q4 w kraju Japan z URL: https://api.eclesiar.com/market/items/get?country_id=44&item_id=23...
--- Dane o cenach itemu aircraft q4 w kraju Japan ---
{
  "code": 200,
  "description": "Success",
  "data": [
    {
      "value": 7,
      "amount": 500,
      "owner": {
        "id": 167,
        "type": "account"
      }
    }
  ]
}

Pobieranie danych: cenach itemu aircraft q4 w kraju South Korea z URL: https://api.eclesiar.com/market/items/get?country_id=45&item_id=23...
--- Dane o cenach itemu aircraft q4 w kraju South Korea ---
{
  "code": 200,
  "description": "Success"
}

Pobieranie danych: cenach itemu aircraft q4 w kraju Indonesia z URL: https://api.eclesiar.com/market/items/get?country_id=46&item_id=23...
--- Dane o cenach itemu aircraft q4 w kraju Indonesia ---
{
  "code": 200,
  "description": "Success"
}

Pobieranie danych: cenach itemu aircraft q4 w kraju Australia z URL: https://api.eclesiar.com/market/items/get?country_id=47&item_id=23...
--- Dane o cenach itemu aircraft q4 w kraju Australia ---
{
  "code": 200,
  "description": "Success",
  "data": [
    {
      "value": 30,
      "amount": 7,
      "owner": {
        "id": 10277,
        "type": "account"
      }
    }
  ]
}

Pobieranie danych: cenach itemu aircraft q4 w kraju Philippines z URL: https://api.eclesiar.com/market/items/get?country_id=48&item_id=23...
--- Dane o cenach itemu aircraft q4 w kraju Philippines ---
{
  "code": 200,
  "description": "Success"
}

Pobieranie danych: cenach itemu aircraft q5 w kraju United Kingdom z URL: https://api.eclesiar.com/market/items/get?country_id=2&item_id=24...
--- Dane o cenach itemu aircraft q5 w kraju United Kingdom ---
{
  "code": 200,
  "description": "Success",
  "data": [
    {
      "value": 1,
      "amount": 25,
      "owner": {
        "id": 5270,
        "type": "account"
      }
    }
  ]
}

Pobieranie danych: cenach itemu aircraft q5 w kraju United States of America z URL: https://api.eclesiar.com/market/items/get?country_id=3&item_id=24...
--- Dane o cenach itemu aircraft q5 w kraju United States of America ---
{
  "code": 200,
  "description": "Success",
  "data": [
    {
      "value": 1.54,
      "amount": 108,
      "owner": {
        "id": 6075,
        "type": "account"
      }
    },
    {
      "value": 3,
      "amount": 22,
      "owner": {
        "id": 10325,
        "type": "account"
      }
    },
    {
      "value": 8,
      "amount": 78,
      "owner": {
        "id": 224,
        "type": "holding"
      }
    },
    {
      "value": 10,
      "amount": 6,
      "owner": {
        "id": 2129,
        "type": "account"
      }
    },
    {
      "value": 10,
      "amount": 1,
      "owner": {
        "id": 13406,
        "type": "account"
      }
    },
    {
      "value": 10,
      "amount": 33,
      "owner": {
        "id": 1738,
        "type": "account"
      }
    },
    {
      "value": 12,
      "amount": 1,
      "owner": {
        "id": 960,
        "type": "account"
      }
    },
    {
      "value": 14,
      "amount": 1,
      "owner": {
        "id": 2567,
        "type": "account"
      }
    },
    {
      "value": 20,
      "amount": 14,
      "owner": {
        "id": 2196,
        "type": "account"
      }
    },
    {
      "value": 1000,
      "amount": 1,
      "owner": {
        "id": 5491,
        "type": "account"
      }
    },
    {
      "value": 10000,
      "amount": 18,
      "owner": {
        "id": 912,
        "type": "account"
      }
    }
  ]
}

Pobieranie danych: cenach itemu aircraft q5 w kraju Mexico z URL: https://api.eclesiar.com/market/items/get?country_id=4&item_id=24...
--- Dane o cenach itemu aircraft q5 w kraju Mexico ---
{
  "code": 200,
  "description": "Success"
}

Pobieranie danych: cenach itemu aircraft q5 w kraju Colombia z URL: https://api.eclesiar.com/market/items/get?country_id=5&item_id=24...
--- Dane o cenach itemu aircraft q5 w kraju Colombia ---
{
  "code": 200,
  "description": "Success",
  "data": [
    {
      "value": 100,
      "amount": 15,
      "owner": {
        "id": 7461,
        "type": "account"
      }
    }
  ]
}

Pobieranie danych: cenach itemu aircraft q5 w kraju Peru z URL: https://api.eclesiar.com/market/items/get?country_id=6&item_id=24...
--- Dane o cenach itemu aircraft q5 w kraju Peru ---
{
  "code": 200,
  "description": "Success",
  "data": [
    {
      "value": 5,
      "amount": 40,
      "owner": {
        "id": 1693,
        "type": "account"
      }
    }
  ]
}

Pobieranie danych: cenach itemu aircraft q5 w kraju Brazil z URL: https://api.eclesiar.com/market/items/get?country_id=7&item_id=24...
--- Dane o cenach itemu aircraft q5 w kraju Brazil ---
{
  "code": 200,
  "description": "Success",
  "data": [
    {
      "value": 1.74,
      "amount": 100,
      "owner": {
        "id": 6075,
        "type": "account"
      }
    }
  ]
}

Pobieranie danych: cenach itemu aircraft q5 w kraju Chile z URL: https://api.eclesiar.com/market/items/get?country_id=8&item_id=24...
--- Dane o cenach itemu aircraft q5 w kraju Chile ---
{
  "code": 200,
  "description": "Success",
  "data": [
    {
      "value": 2,
      "amount": 14,
      "owner": {
        "id": 12365,
        "type": "account"
      }
    },
    {
      "value": 2.9,
      "amount": 100,
      "owner": {
        "id": 6075,
        "type": "account"
      }
    }
  ]
}

Pobieranie danych: cenach itemu aircraft q5 w kraju Argentina z URL: https://api.eclesiar.com/market/items/get?country_id=10&item_id=24...
--- Dane o cenach itemu aircraft q5 w kraju Argentina ---
{
  "code": 200,
  "description": "Success"
}

Pobieranie danych: cenach itemu aircraft q5 w kraju Ireland z URL: https://api.eclesiar.com/market/items/get?country_id=11&item_id=24...
--- Dane o cenach itemu aircraft q5 w kraju Ireland ---
{
  "code": 200,
  "description": "Success"
}

Pobieranie danych: cenach itemu aircraft q5 w kraju France z URL: https://api.eclesiar.com/market/items/get?country_id=12&item_id=24...
--- Dane o cenach itemu aircraft q5 w kraju France ---
{
  "code": 200,
  "description": "Success",
  "data": [
    {
      "value": 1.5,
      "amount": 45,
      "owner": {
        "id": 126,
        "type": "holding"
      }
    }
  ]
}

Pobieranie danych: cenach itemu aircraft q5 w kraju Portugal z URL: https://api.eclesiar.com/market/items/get?country_id=13&item_id=24...
--- Dane o cenach itemu aircraft q5 w kraju Portugal ---
{
  "code": 200,
  "description": "Success",
  "data": [
    {
      "value": 1.25,
      "amount": 29,
      "owner": {
        "id": 1895,
        "type": "account"
      }
    },
    {
      "value": 1.49,
      "amount": 1379,
      "owner": {
        "id": 1895,
        "type": "account"
      }
    }
  ]
}

Pobieranie danych: cenach itemu aircraft q5 w kraju Spain z URL: https://api.eclesiar.com/market/items/get?country_id=14&item_id=24...
--- Dane o cenach itemu aircraft q5 w kraju Spain ---
{
  "code": 200,
  "description": "Success",
  "data": [
    {
      "value": 0.998,
      "amount": 15,
      "owner": {
        "id": 1720,
        "type": "account"
      }
    },
    {
      "value": 0.998,
      "amount": 700,
      "owner": {
        "id": 14,
        "type": "country"
      }
    }
  ]
}

Pobieranie danych: cenach itemu aircraft q5 w kraju Germany z URL: https://api.eclesiar.com/market/items/get?country_id=15&item_id=24...
--- Dane o cenach itemu aircraft q5 w kraju Germany ---
{
  "code": 200,
  "description": "Success",
  "data": [
    {
      "value": 0.85,
      "amount": 80,
      "owner": {
        "id": 9611,
        "type": "account"
      }
    },
    {
      "value": 0.88,
      "amount": 50,
      "owner": {
        "id": 15,
        "type": "country"
      }
    },
    {
      "value": 5,
      "amount": 10,
      "owner": {
        "id": 10357,
        "type": "account"
      }
    },
    {
      "value": 18,
      "amount": 4,
      "owner": {
        "id": 7820,
        "type": "account"
      }
    }
  ]
}

Pobieranie danych: cenach itemu aircraft q5 w kraju Sweden z URL: https://api.eclesiar.com/market/items/get?country_id=16&item_id=24...
--- Dane o cenach itemu aircraft q5 w kraju Sweden ---
{
  "code": 200,
  "description": "Success",
  "data": [
    {
      "value": 1.4,
      "amount": 999,
      "owner": {
        "id": 1510,
        "type": "account"
      }
    }
  ]
}

Pobieranie danych: cenach itemu aircraft q5 w kraju Italy z URL: https://api.eclesiar.com/market/items/get?country_id=17&item_id=24...
--- Dane o cenach itemu aircraft q5 w kraju Italy ---
{
  "code": 200,
  "description": "Success",
  "data": [
    {
      "value": 4.999,
      "amount": 10,
      "owner": {
        "id": 1908,
        "type": "account"
      }
    }
  ]
}

Pobieranie danych: cenach itemu aircraft q5 w kraju Poland z URL: https://api.eclesiar.com/market/items/get?country_id=18&item_id=24...
--- Dane o cenach itemu aircraft q5 w kraju Poland ---
{
  "code": 200,
  "description": "Success",
  "data": [
    {
      "value": 0.613,
      "amount": 60,
      "owner": {
        "id": 14227,
        "type": "account"
      }
    },
    {
      "value": 0.614,
      "amount": 18,
      "owner": {
        "id": 11311,
        "type": "account"
      }
    },
    {
      "value": 0.615,
      "amount": 17,
      "owner": {
        "id": 11992,
        "type": "account"
      }
    },
    {
      "value": 0.616,
      "amount": 300,
      "owner": {
        "id": 6075,
        "type": "account"
      }
    },
    {
      "value": 0.729,
      "amount": 1,
      "owner": {
        "id": 11391,
        "type": "account"
      }
    },
    {
      "value": 0.779,
      "amount": 100,
      "owner": {
        "id": 14581,
        "type": "account"
      }
    },
    {
      "value": 0.859,
      "amount": 14,
      "owner": {
        "id": 12390,
        "type": "account"
      }
    },
    {
      "value": 0.94,
      "amount": 100,
      "owner": {
        "id": 313,
        "type": "holding"
      }
    },
    {
      "value": 1,
      "amount": 1,
      "owner": {
        "id": 5698,
        "type": "account"
      }
    },
    {
      "value": 1000,
      "amount": 3,
      "owner": {
        "id": 12173,
        "type": "account"
      }
    }
  ]
}

Pobieranie danych: cenach itemu aircraft q5 w kraju Lithuania z URL: https://api.eclesiar.com/market/items/get?country_id=19&item_id=24...
--- Dane o cenach itemu aircraft q5 w kraju Lithuania ---
{
  "code": 200,
  "description": "Success",
  "data": [
    {
      "value": 20,
      "amount": 21,
      "owner": {
        "id": 1517,
        "type": "account"
      }
    },
    {
      "value": 25,
      "amount": 2,
      "owner": {
        "id": 4004,
        "type": "account"
      }
    }
  ]
}

Pobieranie danych: cenach itemu aircraft q5 w kraju Slovenia z URL: https://api.eclesiar.com/market/items/get?country_id=20&item_id=24...
--- Dane o cenach itemu aircraft q5 w kraju Slovenia ---
{
  "code": 200,
  "description": "Success",
  "data": [
    {
      "value": 1.45,
      "amount": 52,
      "owner": {
        "id": 440,
        "type": "holding"
      }
    },
    {
      "value": 1000,
      "amount": 12,
      "owner": {
        "id": 6952,
        "type": "account"
      }
    }
  ]
}

Pobieranie danych: cenach itemu aircraft q5 w kraju Croatia z URL: https://api.eclesiar.com/market/items/get?country_id=21&item_id=24...
--- Dane o cenach itemu aircraft q5 w kraju Croatia ---
{
  "code": 200,
  "description": "Success",
  "data": [
    {
      "value": 1.009,
      "amount": 736,
      "owner": {
        "id": 410,
        "type": "holding"
      }
    },
    {
      "value": 1.02,
      "amount": 20,
      "owner": {
        "id": 6003,
        "type": "account"
      }
    },
    {
      "value": 1.04,
      "amount": 50,
      "owner": {
        "id": 440,
        "type": "holding"
      }
    }
  ]
}

Pobieranie danych: cenach itemu aircraft q5 w kraju Bosnia and Herzegovina z URL: https://api.eclesiar.com/market/items/get?country_id=22&item_id=24...
--- Dane o cenach itemu aircraft q5 w kraju Bosnia and Herzegovina ---
{
  "code": 200,
  "description": "Success",
  "data": [
    {
      "value": 50,
      "amount": 2,
      "owner": {
        "id": 6089,
        "type": "account"
      }
    }
  ]
}

Pobieranie danych: cenach itemu aircraft q5 w kraju Serbia z URL: https://api.eclesiar.com/market/items/get?country_id=23&item_id=24...
--- Dane o cenach itemu aircraft q5 w kraju Serbia ---
{
  "code": 200,
  "description": "Success",
  "data": [
    {
      "value": 1.29,
      "amount": 100,
      "owner": {
        "id": 6075,
        "type": "account"
      }
    },
    {
      "value": 4999.9,
      "amount": 1,
      "owner": {
        "id": 3542,
        "type": "account"
      }
    },
    {
      "value": 5000,
      "amount": 1,
      "owner": {
        "id": 12770,
        "type": "account"
      }
    }
  ]
}

Pobieranie danych: cenach itemu aircraft q5 w kraju North Macedonia z URL: https://api.eclesiar.com/market/items/get?country_id=24&item_id=24...
--- Dane o cenach itemu aircraft q5 w kraju North Macedonia ---
{
  "code": 200,
  "description": "Success"
}

Pobieranie danych: cenach itemu aircraft q5 w kraju Albania z URL: https://api.eclesiar.com/market/items/get?country_id=25&item_id=24...
--- Dane o cenach itemu aircraft q5 w kraju Albania ---
{
  "code": 200,
  "description": "Success"
}

Pobieranie danych: cenach itemu aircraft q5 w kraju Greece z URL: https://api.eclesiar.com/market/items/get?country_id=26&item_id=24...
--- Dane o cenach itemu aircraft q5 w kraju Greece ---
{
  "code": 200,
  "description": "Success"
}

Pobieranie danych: cenach itemu aircraft q5 w kraju Hungary z URL: https://api.eclesiar.com/market/items/get?country_id=27&item_id=24...
--- Dane o cenach itemu aircraft q5 w kraju Hungary ---
{
  "code": 200,
  "description": "Success",
  "data": [
    {
      "value": 0.8,
      "amount": 3,
      "owner": {
        "id": 13529,
        "type": "account"
      }
    },
    {
      "value": 1,
      "amount": 49,
      "owner": {
        "id": 6075,
        "type": "account"
      }
    },
    {
      "value": 5,
      "amount": 10,
      "owner": {
        "id": 11311,
        "type": "account"
      }
    }
  ]
}

Pobieranie danych: cenach itemu aircraft q5 w kraju Romania z URL: https://api.eclesiar.com/market/items/get?country_id=28&item_id=24...
--- Dane o cenach itemu aircraft q5 w kraju Romania ---
{
  "code": 200,
  "description": "Success",
  "data": [
    {
      "value": 8,
      "amount": 1,
      "owner": {
        "id": 1812,
        "type": "account"
      }
    },
    {
      "value": 8.1,
      "amount": 1,
      "owner": {
        "id": 1812,
        "type": "account"
      }
    },
    {
      "value": 8.5,
      "amount": 2,
      "owner": {
        "id": 1812,
        "type": "account"
      }
    },
    {
      "value": 13,
      "amount": 24,
      "owner": {
        "id": 2666,
        "type": "account"
      }
    },
    {
      "value": 555,
      "amount": 69,
      "owner": {
        "id": 2959,
        "type": "account"
      }
    }
  ]
}

Pobieranie danych: cenach itemu aircraft q5 w kraju Bulgaria z URL: https://api.eclesiar.com/market/items/get?country_id=30&item_id=24...
--- Dane o cenach itemu aircraft q5 w kraju Bulgaria ---
{
  "code": 200,
  "description": "Success",
  "data": [
    {
      "value": 1.9,
      "amount": 100,
      "owner": {
        "id": 6075,
        "type": "account"
      }
    },
    {
      "value": 19,
      "amount": 30,
      "owner": {
        "id": 754,
        "type": "account"
      }
    },
    {
      "value": 19,
      "amount": 19,
      "owner": {
        "id": 5322,
        "type": "account"
      }
    },
    {
      "value": 200,
      "amount": 4,
      "owner": {
        "id": 2406,
        "type": "account"
      }
    },
    {
      "value": 222,
      "amount": 10,
      "owner": {
        "id": 5227,
        "type": "account"
      }
    },
    {
      "value": 555,
      "amount": 24,
      "owner": {
        "id": 349,
        "type": "account"
      }
    },
    {
      "value": 555,
      "amount": 5,
      "owner": {
        "id": 2158,
        "type": "account"
      }
    },
    {
      "value": 555,
      "amount": 10,
      "owner": {
        "id": 343,
        "type": "account"
      }
    }
  ]
}

Pobieranie danych: cenach itemu aircraft q5 w kraju Turkey z URL: https://api.eclesiar.com/market/items/get?country_id=31&item_id=24...
--- Dane o cenach itemu aircraft q5 w kraju Turkey ---
{
  "code": 200,
  "description": "Success",
  "data": [
    {
      "value": 5000,
      "amount": 12,
      "owner": {
        "id": 1971,
        "type": "account"
      }
    }
  ]
}

Pobieranie danych: cenach itemu aircraft q5 w kraju Ukraine z URL: https://api.eclesiar.com/market/items/get?country_id=32&item_id=24...
--- Dane o cenach itemu aircraft q5 w kraju Ukraine ---
{
  "code": 200,
  "description": "Success"
}

Pobieranie danych: cenach itemu aircraft q5 w kraju Russia z URL: https://api.eclesiar.com/market/items/get?country_id=33&item_id=24...
--- Dane o cenach itemu aircraft q5 w kraju Russia ---
{
  "code": 200,
  "description": "Success"
}

Pobieranie danych: cenach itemu aircraft q5 w kraju Georgia z URL: https://api.eclesiar.com/market/items/get?country_id=34&item_id=24...
--- Dane o cenach itemu aircraft q5 w kraju Georgia ---
{
  "code": 200,
  "description": "Success"
}

Pobieranie danych: cenach itemu aircraft q5 w kraju Israel z URL: https://api.eclesiar.com/market/items/get?country_id=35&item_id=24...
--- Dane o cenach itemu aircraft q5 w kraju Israel ---
{
  "code": 200,
  "description": "Success",
  "data": [
    {
      "value": 0.75,
      "amount": 37,
      "owner": {
        "id": 1082,
        "type": "account"
      }
    }
  ]
}

Pobieranie danych: cenach itemu aircraft q5 w kraju Egypt z URL: https://api.eclesiar.com/market/items/get?country_id=36&item_id=24...
--- Dane o cenach itemu aircraft q5 w kraju Egypt ---
{
  "code": 200,
  "description": "Success",
  "data": [
    {
      "value": 5.5,
      "amount": 15,
      "owner": {
        "id": 1082,
        "type": "account"
      }
    }
  ]
}

Pobieranie danych: cenach itemu aircraft q5 w kraju South Africa z URL: https://api.eclesiar.com/market/items/get?country_id=37&item_id=24...
--- Dane o cenach itemu aircraft q5 w kraju South Africa ---
{
  "code": 200,
  "description": "Success"
}

Pobieranie danych: cenach itemu aircraft q5 w kraju Iraq z URL: https://api.eclesiar.com/market/items/get?country_id=38&item_id=24...
--- Dane o cenach itemu aircraft q5 w kraju Iraq ---
{
  "code": 200,
  "description": "Success"
}

Pobieranie danych: cenach itemu aircraft q5 w kraju Saudi Arabia z URL: https://api.eclesiar.com/market/items/get?country_id=39&item_id=24...
--- Dane o cenach itemu aircraft q5 w kraju Saudi Arabia ---
{
  "code": 200,
  "description": "Success"
}

Pobieranie danych: cenach itemu aircraft q5 w kraju Iran z URL: https://api.eclesiar.com/market/items/get?country_id=40&item_id=24...
--- Dane o cenach itemu aircraft q5 w kraju Iran ---
{
  "code": 200,
  "description": "Success"
}

Pobieranie danych: cenach itemu aircraft q5 w kraju Pakistan z URL: https://api.eclesiar.com/market/items/get?country_id=41&item_id=24...
--- Dane o cenach itemu aircraft q5 w kraju Pakistan ---
{
  "code": 200,
  "description": "Success"
}

Pobieranie danych: cenach itemu aircraft q5 w kraju India z URL: https://api.eclesiar.com/market/items/get?country_id=42&item_id=24...
--- Dane o cenach itemu aircraft q5 w kraju India ---
{
  "code": 200,
  "description": "Success"
}

Pobieranie danych: cenach itemu aircraft q5 w kraju China z URL: https://api.eclesiar.com/market/items/get?country_id=43&item_id=24...
--- Dane o cenach itemu aircraft q5 w kraju China ---
{
  "code": 200,
  "description": "Success"
}

Pobieranie danych: cenach itemu aircraft q5 w kraju Japan z URL: https://api.eclesiar.com/market/items/get?country_id=44&item_id=24...
--- Dane o cenach itemu aircraft q5 w kraju Japan ---
{
  "code": 200,
  "description": "Success",
  "data": [
    {
      "value": 100,
      "amount": 30,
      "owner": {
        "id": 229,
        "type": "account"
      }
    }
  ]
}

Pobieranie danych: cenach itemu aircraft q5 w kraju South Korea z URL: https://api.eclesiar.com/market/items/get?country_id=45&item_id=24...
--- Dane o cenach itemu aircraft q5 w kraju South Korea ---
{
  "code": 200,
  "description": "Success",
  "data": [
    {
      "value": 500,
      "amount": 5,
      "owner": {
        "id": 5500,
        "type": "account"
      }
    }
  ]
}

Pobieranie danych: cenach itemu aircraft q5 w kraju Indonesia z URL: https://api.eclesiar.com/market/items/get?country_id=46&item_id=24...
--- Dane o cenach itemu aircraft q5 w kraju Indonesia ---
{
  "code": 200,
  "description": "Success"
}

Pobieranie danych: cenach itemu aircraft q5 w kraju Australia z URL: https://api.eclesiar.com/market/items/get?country_id=47&item_id=24...
--- Dane o cenach itemu aircraft q5 w kraju Australia ---
{
  "code": 200,
  "description": "Success",
  "data": [
    {
      "value": 0.6,
      "amount": 113,
      "owner": {
        "id": 436,
        "type": "holding"
      }
    },
    {
      "value": 0.9,
      "amount": 8,
      "owner": {
        "id": 12256,
        "type": "account"
      }
    },
    {
      "value": 70,
      "amount": 3,
      "owner": {
        "id": 10277,
        "type": "account"
      }
    },
    {
      "value": 75,
      "amount": 1,
      "owner": {
        "id": 5432,
        "type": "account"
      }
    },
    {
      "value": 100,
      "amount": 5,
      "owner": {
        "id": 359,
        "type": "account"
      }
    }
  ]
}

Pobieranie danych: cenach itemu aircraft q5 w kraju Philippines z URL: https://api.eclesiar.com/market/items/get?country_id=48&item_id=24...
--- Dane o cenach itemu aircraft q5 w kraju Philippines ---
{
  "code": 200,
  "description": "Success"
}

Pobieranie danych: cenach itemu bunker w kraju United Kingdom z URL: https://api.eclesiar.com/market/items/get?country_id=2&item_id=25...
--- Dane o cenach itemu bunker w kraju United Kingdom ---
{
  "code": 200,
  "description": "Success"
}

Pobieranie danych: cenach itemu bunker w kraju United States of America z URL: https://api.eclesiar.com/market/items/get?country_id=3&item_id=25...
--- Dane o cenach itemu bunker w kraju United States of America ---
{
  "code": 200,
  "description": "Success"
}

Pobieranie danych: cenach itemu bunker w kraju Mexico z URL: https://api.eclesiar.com/market/items/get?country_id=4&item_id=25...
--- Dane o cenach itemu bunker w kraju Mexico ---
{
  "code": 200,
  "description": "Success"
}

Pobieranie danych: cenach itemu bunker w kraju Colombia z URL: https://api.eclesiar.com/market/items/get?country_id=5&item_id=25...
--- Dane o cenach itemu bunker w kraju Colombia ---
{
  "code": 200,
  "description": "Success"
}

Pobieranie danych: cenach itemu bunker w kraju Peru z URL: https://api.eclesiar.com/market/items/get?country_id=6&item_id=25...
--- Dane o cenach itemu bunker w kraju Peru ---
{
  "code": 200,
  "description": "Success"
}

Pobieranie danych: cenach itemu bunker w kraju Brazil z URL: https://api.eclesiar.com/market/items/get?country_id=7&item_id=25...
--- Dane o cenach itemu bunker w kraju Brazil ---
{
  "code": 200,
  "description": "Success"
}

Pobieranie danych: cenach itemu bunker w kraju Chile z URL: https://api.eclesiar.com/market/items/get?country_id=8&item_id=25...
--- Dane o cenach itemu bunker w kraju Chile ---
{
  "code": 200,
  "description": "Success"
}

Pobieranie danych: cenach itemu bunker w kraju Argentina z URL: https://api.eclesiar.com/market/items/get?country_id=10&item_id=25...
--- Dane o cenach itemu bunker w kraju Argentina ---
{
  "code": 200,
  "description": "Success"
}

Pobieranie danych: cenach itemu bunker w kraju Ireland z URL: https://api.eclesiar.com/market/items/get?country_id=11&item_id=25...
--- Dane o cenach itemu bunker w kraju Ireland ---
{
  "code": 200,
  "description": "Success"
}

Pobieranie danych: cenach itemu bunker w kraju France z URL: https://api.eclesiar.com/market/items/get?country_id=12&item_id=25...
--- Dane o cenach itemu bunker w kraju France ---
{
  "code": 200,
  "description": "Success"
}

Pobieranie danych: cenach itemu bunker w kraju Portugal z URL: https://api.eclesiar.com/market/items/get?country_id=13&item_id=25...
--- Dane o cenach itemu bunker w kraju Portugal ---
{
  "code": 200,
  "description": "Success"
}

Pobieranie danych: cenach itemu bunker w kraju Spain z URL: https://api.eclesiar.com/market/items/get?country_id=14&item_id=25...
--- Dane o cenach itemu bunker w kraju Spain ---
{
  "code": 200,
  "description": "Success"
}

Pobieranie danych: cenach itemu bunker w kraju Germany z URL: https://api.eclesiar.com/market/items/get?country_id=15&item_id=25...
--- Dane o cenach itemu bunker w kraju Germany ---
{
  "code": 200,
  "description": "Success"
}

Pobieranie danych: cenach itemu bunker w kraju Sweden z URL: https://api.eclesiar.com/market/items/get?country_id=16&item_id=25...
--- Dane o cenach itemu bunker w kraju Sweden ---
{
  "code": 200,
  "description": "Success"
}

Pobieranie danych: cenach itemu bunker w kraju Italy z URL: https://api.eclesiar.com/market/items/get?country_id=17&item_id=25...
--- Dane o cenach itemu bunker w kraju Italy ---
{
  "code": 200,
  "description": "Success"
}

Pobieranie danych: cenach itemu bunker w kraju Poland z URL: https://api.eclesiar.com/market/items/get?country_id=18&item_id=25...
--- Dane o cenach itemu bunker w kraju Poland ---
{
  "code": 200,
  "description": "Success"
}

Pobieranie danych: cenach itemu bunker w kraju Lithuania z URL: https://api.eclesiar.com/market/items/get?country_id=19&item_id=25...
--- Dane o cenach itemu bunker w kraju Lithuania ---
{
  "code": 200,
  "description": "Success"
}

Pobieranie danych: cenach itemu bunker w kraju Slovenia z URL: https://api.eclesiar.com/market/items/get?country_id=20&item_id=25...
--- Dane o cenach itemu bunker w kraju Slovenia ---
{
  "code": 200,
  "description": "Success"
}

Pobieranie danych: cenach itemu bunker w kraju Croatia z URL: https://api.eclesiar.com/market/items/get?country_id=21&item_id=25...
--- Dane o cenach itemu bunker w kraju Croatia ---
{
  "code": 200,
  "description": "Success"
}

Pobieranie danych: cenach itemu bunker w kraju Bosnia and Herzegovina z URL: https://api.eclesiar.com/market/items/get?country_id=22&item_id=25...
--- Dane o cenach itemu bunker w kraju Bosnia and Herzegovina ---
{
  "code": 200,
  "description": "Success"
}

Pobieranie danych: cenach itemu bunker w kraju Serbia z URL: https://api.eclesiar.com/market/items/get?country_id=23&item_id=25...
--- Dane o cenach itemu bunker w kraju Serbia ---
{
  "code": 200,
  "description": "Success"
}

Pobieranie danych: cenach itemu bunker w kraju North Macedonia z URL: https://api.eclesiar.com/market/items/get?country_id=24&item_id=25...
--- Dane o cenach itemu bunker w kraju North Macedonia ---
{
  "code": 200,
  "description": "Success"
}

Pobieranie danych: cenach itemu bunker w kraju Albania z URL: https://api.eclesiar.com/market/items/get?country_id=25&item_id=25...
--- Dane o cenach itemu bunker w kraju Albania ---
{
  "code": 200,
  "description": "Success"
}

Pobieranie danych: cenach itemu bunker w kraju Greece z URL: https://api.eclesiar.com/market/items/get?country_id=26&item_id=25...
--- Dane o cenach itemu bunker w kraju Greece ---
{
  "code": 200,
  "description": "Success"
}

Pobieranie danych: cenach itemu bunker w kraju Hungary z URL: https://api.eclesiar.com/market/items/get?country_id=27&item_id=25...
--- Dane o cenach itemu bunker w kraju Hungary ---
{
  "code": 200,
  "description": "Success"
}

Pobieranie danych: cenach itemu bunker w kraju Romania z URL: https://api.eclesiar.com/market/items/get?country_id=28&item_id=25...
--- Dane o cenach itemu bunker w kraju Romania ---
{
  "code": 200,
  "description": "Success"
}

Pobieranie danych: cenach itemu bunker w kraju Bulgaria z URL: https://api.eclesiar.com/market/items/get?country_id=30&item_id=25...
--- Dane o cenach itemu bunker w kraju Bulgaria ---
{
  "code": 200,
  "description": "Success"
}

Pobieranie danych: cenach itemu bunker w kraju Turkey z URL: https://api.eclesiar.com/market/items/get?country_id=31&item_id=25...
--- Dane o cenach itemu bunker w kraju Turkey ---
{
  "code": 200,
  "description": "Success"
}

Pobieranie danych: cenach itemu bunker w kraju Ukraine z URL: https://api.eclesiar.com/market/items/get?country_id=32&item_id=25...
--- Dane o cenach itemu bunker w kraju Ukraine ---
{
  "code": 200,
  "description": "Success"
}

Pobieranie danych: cenach itemu bunker w kraju Russia z URL: https://api.eclesiar.com/market/items/get?country_id=33&item_id=25...
--- Dane o cenach itemu bunker w kraju Russia ---
{
  "code": 200,
  "description": "Success"
}

Pobieranie danych: cenach itemu bunker w kraju Georgia z URL: https://api.eclesiar.com/market/items/get?country_id=34&item_id=25...
--- Dane o cenach itemu bunker w kraju Georgia ---
{
  "code": 200,
  "description": "Success"
}

Pobieranie danych: cenach itemu bunker w kraju Israel z URL: https://api.eclesiar.com/market/items/get?country_id=35&item_id=25...
--- Dane o cenach itemu bunker w kraju Israel ---
{
  "code": 200,
  "description": "Success"
}

Pobieranie danych: cenach itemu bunker w kraju Egypt z URL: https://api.eclesiar.com/market/items/get?country_id=36&item_id=25...
--- Dane o cenach itemu bunker w kraju Egypt ---
{
  "code": 200,
  "description": "Success"
}

Pobieranie danych: cenach itemu bunker w kraju South Africa z URL: https://api.eclesiar.com/market/items/get?country_id=37&item_id=25...
--- Dane o cenach itemu bunker w kraju South Africa ---
{
  "code": 200,
  "description": "Success"
}

Pobieranie danych: cenach itemu bunker w kraju Iraq z URL: https://api.eclesiar.com/market/items/get?country_id=38&item_id=25...
--- Dane o cenach itemu bunker w kraju Iraq ---
{
  "code": 200,
  "description": "Success"
}

Pobieranie danych: cenach itemu bunker w kraju Saudi Arabia z URL: https://api.eclesiar.com/market/items/get?country_id=39&item_id=25...
--- Dane o cenach itemu bunker w kraju Saudi Arabia ---
{
  "code": 200,
  "description": "Success"
}

Pobieranie danych: cenach itemu bunker w kraju Iran z URL: https://api.eclesiar.com/market/items/get?country_id=40&item_id=25...
--- Dane o cenach itemu bunker w kraju Iran ---
{
  "code": 200,
  "description": "Success"
}

Pobieranie danych: cenach itemu bunker w kraju Pakistan z URL: https://api.eclesiar.com/market/items/get?country_id=41&item_id=25...
--- Dane o cenach itemu bunker w kraju Pakistan ---
{
  "code": 200,
  "description": "Success"
}

Pobieranie danych: cenach itemu bunker w kraju India z URL: https://api.eclesiar.com/market/items/get?country_id=42&item_id=25...
--- Dane o cenach itemu bunker w kraju India ---
{
  "code": 200,
  "description": "Success"
}

Pobieranie danych: cenach itemu bunker w kraju China z URL: https://api.eclesiar.com/market/items/get?country_id=43&item_id=25...
--- Dane o cenach itemu bunker w kraju China ---
{
  "code": 200,
  "description": "Success"
}

Pobieranie danych: cenach itemu bunker w kraju Japan z URL: https://api.eclesiar.com/market/items/get?country_id=44&item_id=25...
--- Dane o cenach itemu bunker w kraju Japan ---
{
  "code": 200,
  "description": "Success"
}

Pobieranie danych: cenach itemu bunker w kraju South Korea z URL: https://api.eclesiar.com/market/items/get?country_id=45&item_id=25...
--- Dane o cenach itemu bunker w kraju South Korea ---
{
  "code": 200,
  "description": "Success"
}

Pobieranie danych: cenach itemu bunker w kraju Indonesia z URL: https://api.eclesiar.com/market/items/get?country_id=46&item_id=25...
--- Dane o cenach itemu bunker w kraju Indonesia ---
{
  "code": 200,
  "description": "Success"
}

Pobieranie danych: cenach itemu bunker w kraju Australia z URL: https://api.eclesiar.com/market/items/get?country_id=47&item_id=25...
--- Dane o cenach itemu bunker w kraju Australia ---
{
  "code": 200,
  "description": "Success"
}

Pobieranie danych: cenach itemu bunker w kraju Philippines z URL: https://api.eclesiar.com/market/items/get?country_id=48&item_id=25...
--- Dane o cenach itemu bunker w kraju Philippines ---
{
  "code": 200,
  "description": "Success"
}

Pobieranie danych: cenach itemu city map w kraju United Kingdom z URL: https://api.eclesiar.com/market/items/get?country_id=2&item_id=26...
--- Dane o cenach itemu city map w kraju United Kingdom ---
{
  "code": 200,
  "description": "Success"
}

Pobieranie danych: cenach itemu city map w kraju United States of America z URL: https://api.eclesiar.com/market/items/get?country_id=3&item_id=26...
--- Dane o cenach itemu city map w kraju United States of America ---
{
  "code": 200,
  "description": "Success"
}

Pobieranie danych: cenach itemu city map w kraju Mexico z URL: https://api.eclesiar.com/market/items/get?country_id=4&item_id=26...
--- Dane o cenach itemu city map w kraju Mexico ---
{
  "code": 200,
  "description": "Success"
}

Pobieranie danych: cenach itemu city map w kraju Colombia z URL: https://api.eclesiar.com/market/items/get?country_id=5&item_id=26...
--- Dane o cenach itemu city map w kraju Colombia ---
{
  "code": 200,
  "description": "Success"
}

Pobieranie danych: cenach itemu city map w kraju Peru z URL: https://api.eclesiar.com/market/items/get?country_id=6&item_id=26...
--- Dane o cenach itemu city map w kraju Peru ---
{
  "code": 200,
  "description": "Success"
}

Pobieranie danych: cenach itemu city map w kraju Brazil z URL: https://api.eclesiar.com/market/items/get?country_id=7&item_id=26...
--- Dane o cenach itemu city map w kraju Brazil ---
{
  "code": 200,
  "description": "Success"
}

Pobieranie danych: cenach itemu city map w kraju Chile z URL: https://api.eclesiar.com/market/items/get?country_id=8&item_id=26...
--- Dane o cenach itemu city map w kraju Chile ---
{
  "code": 200,
  "description": "Success"
}

Pobieranie danych: cenach itemu city map w kraju Argentina z URL: https://api.eclesiar.com/market/items/get?country_id=10&item_id=26...
--- Dane o cenach itemu city map w kraju Argentina ---
{
  "code": 200,
  "description": "Success"
}

Pobieranie danych: cenach itemu city map w kraju Ireland z URL: https://api.eclesiar.com/market/items/get?country_id=11&item_id=26...
--- Dane o cenach itemu city map w kraju Ireland ---
{
  "code": 200,
  "description": "Success"
}

Pobieranie danych: cenach itemu city map w kraju France z URL: https://api.eclesiar.com/market/items/get?country_id=12&item_id=26...
--- Dane o cenach itemu city map w kraju France ---
{
  "code": 200,
  "description": "Success"
}

Pobieranie danych: cenach itemu city map w kraju Portugal z URL: https://api.eclesiar.com/market/items/get?country_id=13&item_id=26...
--- Dane o cenach itemu city map w kraju Portugal ---
{
  "code": 200,
  "description": "Success"
}

Pobieranie danych: cenach itemu city map w kraju Spain z URL: https://api.eclesiar.com/market/items/get?country_id=14&item_id=26...
--- Dane o cenach itemu city map w kraju Spain ---
{
  "code": 200,
  "description": "Success"
}

Pobieranie danych: cenach itemu city map w kraju Germany z URL: https://api.eclesiar.com/market/items/get?country_id=15&item_id=26...
--- Dane o cenach itemu city map w kraju Germany ---
{
  "code": 200,
  "description": "Success"
}

Pobieranie danych: cenach itemu city map w kraju Sweden z URL: https://api.eclesiar.com/market/items/get?country_id=16&item_id=26...
--- Dane o cenach itemu city map w kraju Sweden ---
{
  "code": 200,
  "description": "Success"
}

Pobieranie danych: cenach itemu city map w kraju Italy z URL: https://api.eclesiar.com/market/items/get?country_id=17&item_id=26...
--- Dane o cenach itemu city map w kraju Italy ---
{
  "code": 200,
  "description": "Success"
}

Pobieranie danych: cenach itemu city map w kraju Poland z URL: https://api.eclesiar.com/market/items/get?country_id=18&item_id=26...
--- Dane o cenach itemu city map w kraju Poland ---
{
  "code": 200,
  "description": "Success"
}

Pobieranie danych: cenach itemu city map w kraju Lithuania z URL: https://api.eclesiar.com/market/items/get?country_id=19&item_id=26...
--- Dane o cenach itemu city map w kraju Lithuania ---
{
  "code": 200,
  "description": "Success"
}

Pobieranie danych: cenach itemu city map w kraju Slovenia z URL: https://api.eclesiar.com/market/items/get?country_id=20&item_id=26...
--- Dane o cenach itemu city map w kraju Slovenia ---
{
  "code": 200,
  "description": "Success"
}

Pobieranie danych: cenach itemu city map w kraju Croatia z URL: https://api.eclesiar.com/market/items/get?country_id=21&item_id=26...
--- Dane o cenach itemu city map w kraju Croatia ---
{
  "code": 200,
  "description": "Success"
}

Pobieranie danych: cenach itemu city map w kraju Bosnia and Herzegovina z URL: https://api.eclesiar.com/market/items/get?country_id=22&item_id=26...
--- Dane o cenach itemu city map w kraju Bosnia and Herzegovina ---
{
  "code": 200,
  "description": "Success"
}

Pobieranie danych: cenach itemu city map w kraju Serbia z URL: https://api.eclesiar.com/market/items/get?country_id=23&item_id=26...
--- Dane o cenach itemu city map w kraju Serbia ---
{
  "code": 200,
  "description": "Success"
}

Pobieranie danych: cenach itemu city map w kraju North Macedonia z URL: https://api.eclesiar.com/market/items/get?country_id=24&item_id=26...
--- Dane o cenach itemu city map w kraju North Macedonia ---
{
  "code": 200,
  "description": "Success"
}

Pobieranie danych: cenach itemu city map w kraju Albania z URL: https://api.eclesiar.com/market/items/get?country_id=25&item_id=26...
--- Dane o cenach itemu city map w kraju Albania ---
{
  "code": 200,
  "description": "Success"
}

Pobieranie danych: cenach itemu city map w kraju Greece z URL: https://api.eclesiar.com/market/items/get?country_id=26&item_id=26...
--- Dane o cenach itemu city map w kraju Greece ---
{
  "code": 200,
  "description": "Success"
}

Pobieranie danych: cenach itemu city map w kraju Hungary z URL: https://api.eclesiar.com/market/items/get?country_id=27&item_id=26...
--- Dane o cenach itemu city map w kraju Hungary ---
{
  "code": 200,
  "description": "Success"
}

Pobieranie danych: cenach itemu city map w kraju Romania z URL: https://api.eclesiar.com/market/items/get?country_id=28&item_id=26...
--- Dane o cenach itemu city map w kraju Romania ---
{
  "code": 200,
  "description": "Success"
}

Pobieranie danych: cenach itemu city map w kraju Bulgaria z URL: https://api.eclesiar.com/market/items/get?country_id=30&item_id=26...
--- Dane o cenach itemu city map w kraju Bulgaria ---
{
  "code": 200,
  "description": "Success"
}

Pobieranie danych: cenach itemu city map w kraju Turkey z URL: https://api.eclesiar.com/market/items/get?country_id=31&item_id=26...
--- Dane o cenach itemu city map w kraju Turkey ---
{
  "code": 200,
  "description": "Success"
}

Pobieranie danych: cenach itemu city map w kraju Ukraine z URL: https://api.eclesiar.com/market/items/get?country_id=32&item_id=26...
--- Dane o cenach itemu city map w kraju Ukraine ---
{
  "code": 200,
  "description": "Success"
}

Pobieranie danych: cenach itemu city map w kraju Russia z URL: https://api.eclesiar.com/market/items/get?country_id=33&item_id=26...
--- Dane o cenach itemu city map w kraju Russia ---
{
  "code": 200,
  "description": "Success"
}

Pobieranie danych: cenach itemu city map w kraju Georgia z URL: https://api.eclesiar.com/market/items/get?country_id=34&item_id=26...
--- Dane o cenach itemu city map w kraju Georgia ---
{
  "code": 200,
  "description": "Success"
}

Pobieranie danych: cenach itemu city map w kraju Israel z URL: https://api.eclesiar.com/market/items/get?country_id=35&item_id=26...
--- Dane o cenach itemu city map w kraju Israel ---
{
  "code": 200,
  "description": "Success"
}

Pobieranie danych: cenach itemu city map w kraju Egypt z URL: https://api.eclesiar.com/market/items/get?country_id=36&item_id=26...
--- Dane o cenach itemu city map w kraju Egypt ---
{
  "code": 200,
  "description": "Success"
}

Pobieranie danych: cenach itemu city map w kraju South Africa z URL: https://api.eclesiar.com/market/items/get?country_id=37&item_id=26...
--- Dane o cenach itemu city map w kraju South Africa ---
{
  "code": 200,
  "description": "Success"
}

Pobieranie danych: cenach itemu city map w kraju Iraq z URL: https://api.eclesiar.com/market/items/get?country_id=38&item_id=26...
--- Dane o cenach itemu city map w kraju Iraq ---
{
  "code": 200,
  "description": "Success"
}

Pobieranie danych: cenach itemu city map w kraju Saudi Arabia z URL: https://api.eclesiar.com/market/items/get?country_id=39&item_id=26...
--- Dane o cenach itemu city map w kraju Saudi Arabia ---
{
  "code": 200,
  "description": "Success"
}

Pobieranie danych: cenach itemu city map w kraju Iran z URL: https://api.eclesiar.com/market/items/get?country_id=40&item_id=26...
--- Dane o cenach itemu city map w kraju Iran ---
{
  "code": 200,
  "description": "Success"
}

Pobieranie danych: cenach itemu city map w kraju Pakistan z URL: https://api.eclesiar.com/market/items/get?country_id=41&item_id=26...
--- Dane o cenach itemu city map w kraju Pakistan ---
{
  "code": 200,
  "description": "Success"
}

Pobieranie danych: cenach itemu city map w kraju India z URL: https://api.eclesiar.com/market/items/get?country_id=42&item_id=26...
--- Dane o cenach itemu city map w kraju India ---
{
  "code": 200,
  "description": "Success"
}

Pobieranie danych: cenach itemu city map w kraju China z URL: https://api.eclesiar.com/market/items/get?country_id=43&item_id=26...
--- Dane o cenach itemu city map w kraju China ---
{
  "code": 200,
  "description": "Success"
}

Pobieranie danych: cenach itemu city map w kraju Japan z URL: https://api.eclesiar.com/market/items/get?country_id=44&item_id=26...
--- Dane o cenach itemu city map w kraju Japan ---
{
  "code": 200,
  "description": "Success"
}

Pobieranie danych: cenach itemu city map w kraju South Korea z URL: https://api.eclesiar.com/market/items/get?country_id=45&item_id=26...
--- Dane o cenach itemu city map w kraju South Korea ---
{
  "code": 200,
  "description": "Success"
}

Pobieranie danych: cenach itemu city map w kraju Indonesia z URL: https://api.eclesiar.com/market/items/get?country_id=46&item_id=26...
--- Dane o cenach itemu city map w kraju Indonesia ---
{
  "code": 200,
  "description": "Success"
}

Pobieranie danych: cenach itemu city map w kraju Australia z URL: https://api.eclesiar.com/market/items/get?country_id=47&item_id=26...
--- Dane o cenach itemu city map w kraju Australia ---
{
  "code": 200,
  "description": "Success"
}

Pobieranie danych: cenach itemu city map w kraju Philippines z URL: https://api.eclesiar.com/market/items/get?country_id=48&item_id=26...
--- Dane o cenach itemu city map w kraju Philippines ---
{
  "code": 200,
  "description": "Success"
}

Pobieranie danych: cenach itemu tank w kraju United Kingdom z URL: https://api.eclesiar.com/market/items/get?country_id=2&item_id=27...
--- Dane o cenach itemu tank w kraju United Kingdom ---
{
  "code": 200,
  "description": "Success"
}

Pobieranie danych: cenach itemu tank w kraju United States of America z URL: https://api.eclesiar.com/market/items/get?country_id=3&item_id=27...
--- Dane o cenach itemu tank w kraju United States of America ---
{
  "code": 200,
  "description": "Success"
}

Pobieranie danych: cenach itemu tank w kraju Mexico z URL: https://api.eclesiar.com/market/items/get?country_id=4&item_id=27...
--- Dane o cenach itemu tank w kraju Mexico ---
{
  "code": 200,
  "description": "Success"
}

Pobieranie danych: cenach itemu tank w kraju Colombia z URL: https://api.eclesiar.com/market/items/get?country_id=5&item_id=27...
--- Dane o cenach itemu tank w kraju Colombia ---
{
  "code": 200,
  "description": "Success"
}

Pobieranie danych: cenach itemu tank w kraju Peru z URL: https://api.eclesiar.com/market/items/get?country_id=6&item_id=27...
--- Dane o cenach itemu tank w kraju Peru ---
{
  "code": 200,
  "description": "Success"
}

Pobieranie danych: cenach itemu tank w kraju Brazil z URL: https://api.eclesiar.com/market/items/get?country_id=7&item_id=27...
--- Dane o cenach itemu tank w kraju Brazil ---
{
  "code": 200,
  "description": "Success"
}

Pobieranie danych: cenach itemu tank w kraju Chile z URL: https://api.eclesiar.com/market/items/get?country_id=8&item_id=27...
--- Dane o cenach itemu tank w kraju Chile ---
{
  "code": 200,
  "description": "Success"
}

Pobieranie danych: cenach itemu tank w kraju Argentina z URL: https://api.eclesiar.com/market/items/get?country_id=10&item_id=27...
--- Dane o cenach itemu tank w kraju Argentina ---
{
  "code": 200,
  "description": "Success"
}

Pobieranie danych: cenach itemu tank w kraju Ireland z URL: https://api.eclesiar.com/market/items/get?country_id=11&item_id=27...
--- Dane o cenach itemu tank w kraju Ireland ---
{
  "code": 200,
  "description": "Success"
}

Pobieranie danych: cenach itemu tank w kraju France z URL: https://api.eclesiar.com/market/items/get?country_id=12&item_id=27...
--- Dane o cenach itemu tank w kraju France ---
{
  "code": 200,
  "description": "Success"
}

Pobieranie danych: cenach itemu tank w kraju Portugal z URL: https://api.eclesiar.com/market/items/get?country_id=13&item_id=27...
--- Dane o cenach itemu tank w kraju Portugal ---
{
  "code": 200,
  "description": "Success"
}

Pobieranie danych: cenach itemu tank w kraju Spain z URL: https://api.eclesiar.com/market/items/get?country_id=14&item_id=27...
--- Dane o cenach itemu tank w kraju Spain ---
{
  "code": 200,
  "description": "Success"
}

Pobieranie danych: cenach itemu tank w kraju Germany z URL: https://api.eclesiar.com/market/items/get?country_id=15&item_id=27...
--- Dane o cenach itemu tank w kraju Germany ---
{
  "code": 200,
  "description": "Success"
}

Pobieranie danych: cenach itemu tank w kraju Sweden z URL: https://api.eclesiar.com/market/items/get?country_id=16&item_id=27...
--- Dane o cenach itemu tank w kraju Sweden ---
{
  "code": 200,
  "description": "Success"
}

Pobieranie danych: cenach itemu tank w kraju Italy z URL: https://api.eclesiar.com/market/items/get?country_id=17&item_id=27...
--- Dane o cenach itemu tank w kraju Italy ---
{
  "code": 200,
  "description": "Success"
}

Pobieranie danych: cenach itemu tank w kraju Poland z URL: https://api.eclesiar.com/market/items/get?country_id=18&item_id=27...
--- Dane o cenach itemu tank w kraju Poland ---
{
  "code": 200,
  "description": "Success"
}

Pobieranie danych: cenach itemu tank w kraju Lithuania z URL: https://api.eclesiar.com/market/items/get?country_id=19&item_id=27...
--- Dane o cenach itemu tank w kraju Lithuania ---
{
  "code": 200,
  "description": "Success"
}

Pobieranie danych: cenach itemu tank w kraju Slovenia z URL: https://api.eclesiar.com/market/items/get?country_id=20&item_id=27...
--- Dane o cenach itemu tank w kraju Slovenia ---
{
  "code": 200,
  "description": "Success"
}

Pobieranie danych: cenach itemu tank w kraju Croatia z URL: https://api.eclesiar.com/market/items/get?country_id=21&item_id=27...
--- Dane o cenach itemu tank w kraju Croatia ---
{
  "code": 200,
  "description": "Success"
}

Pobieranie danych: cenach itemu tank w kraju Bosnia and Herzegovina z URL: https://api.eclesiar.com/market/items/get?country_id=22&item_id=27...
--- Dane o cenach itemu tank w kraju Bosnia and Herzegovina ---
{
  "code": 200,
  "description": "Success"
}

Pobieranie danych: cenach itemu tank w kraju Serbia z URL: https://api.eclesiar.com/market/items/get?country_id=23&item_id=27...
--- Dane o cenach itemu tank w kraju Serbia ---
{
  "code": 200,
  "description": "Success"
}

Pobieranie danych: cenach itemu tank w kraju North Macedonia z URL: https://api.eclesiar.com/market/items/get?country_id=24&item_id=27...
--- Dane o cenach itemu tank w kraju North Macedonia ---
{
  "code": 200,
  "description": "Success"
}

Pobieranie danych: cenach itemu tank w kraju Albania z URL: https://api.eclesiar.com/market/items/get?country_id=25&item_id=27...
--- Dane o cenach itemu tank w kraju Albania ---
{
  "code": 200,
  "description": "Success"
}

Pobieranie danych: cenach itemu tank w kraju Greece z URL: https://api.eclesiar.com/market/items/get?country_id=26&item_id=27...
--- Dane o cenach itemu tank w kraju Greece ---
{
  "code": 200,
  "description": "Success"
}

Pobieranie danych: cenach itemu tank w kraju Hungary z URL: https://api.eclesiar.com/market/items/get?country_id=27&item_id=27...
--- Dane o cenach itemu tank w kraju Hungary ---
{
  "code": 200,
  "description": "Success"
}

Pobieranie danych: cenach itemu tank w kraju Romania z URL: https://api.eclesiar.com/market/items/get?country_id=28&item_id=27...
--- Dane o cenach itemu tank w kraju Romania ---
{
  "code": 200,
  "description": "Success"
}

Pobieranie danych: cenach itemu tank w kraju Bulgaria z URL: https://api.eclesiar.com/market/items/get?country_id=30&item_id=27...
--- Dane o cenach itemu tank w kraju Bulgaria ---
{
  "code": 200,
  "description": "Success"
}

Pobieranie danych: cenach itemu tank w kraju Turkey z URL: https://api.eclesiar.com/market/items/get?country_id=31&item_id=27...
--- Dane o cenach itemu tank w kraju Turkey ---
{
  "code": 200,
  "description": "Success"
}

Pobieranie danych: cenach itemu tank w kraju Ukraine z URL: https://api.eclesiar.com/market/items/get?country_id=32&item_id=27...
--- Dane o cenach itemu tank w kraju Ukraine ---
{
  "code": 200,
  "description": "Success"
}

Pobieranie danych: cenach itemu tank w kraju Russia z URL: https://api.eclesiar.com/market/items/get?country_id=33&item_id=27...
--- Dane o cenach itemu tank w kraju Russia ---
{
  "code": 200,
  "description": "Success"
}

Pobieranie danych: cenach itemu tank w kraju Georgia z URL: https://api.eclesiar.com/market/items/get?country_id=34&item_id=27...
--- Dane o cenach itemu tank w kraju Georgia ---
{
  "code": 200,
  "description": "Success"
}

Pobieranie danych: cenach itemu tank w kraju Israel z URL: https://api.eclesiar.com/market/items/get?country_id=35&item_id=27...
--- Dane o cenach itemu tank w kraju Israel ---
{
  "code": 200,
  "description": "Success"
}

Pobieranie danych: cenach itemu tank w kraju Egypt z URL: https://api.eclesiar.com/market/items/get?country_id=36&item_id=27...
--- Dane o cenach itemu tank w kraju Egypt ---
{
  "code": 200,
  "description": "Success"
}

Pobieranie danych: cenach itemu tank w kraju South Africa z URL: https://api.eclesiar.com/market/items/get?country_id=37&item_id=27...
--- Dane o cenach itemu tank w kraju South Africa ---
{
  "code": 200,
  "description": "Success"
}

Pobieranie danych: cenach itemu tank w kraju Iraq z URL: https://api.eclesiar.com/market/items/get?country_id=38&item_id=27...
--- Dane o cenach itemu tank w kraju Iraq ---
{
  "code": 200,
  "description": "Success"
}

Pobieranie danych: cenach itemu tank w kraju Saudi Arabia z URL: https://api.eclesiar.com/market/items/get?country_id=39&item_id=27...
--- Dane o cenach itemu tank w kraju Saudi Arabia ---
{
  "code": 200,
  "description": "Success"
}

Pobieranie danych: cenach itemu tank w kraju Iran z URL: https://api.eclesiar.com/market/items/get?country_id=40&item_id=27...
--- Dane o cenach itemu tank w kraju Iran ---
{
  "code": 200,
  "description": "Success"
}

Pobieranie danych: cenach itemu tank w kraju Pakistan z URL: https://api.eclesiar.com/market/items/get?country_id=41&item_id=27...
--- Dane o cenach itemu tank w kraju Pakistan ---
{
  "code": 200,
  "description": "Success"
}

Pobieranie danych: cenach itemu tank w kraju India z URL: https://api.eclesiar.com/market/items/get?country_id=42&item_id=27...
--- Dane o cenach itemu tank w kraju India ---
{
  "code": 200,
  "description": "Success"
}

Pobieranie danych: cenach itemu tank w kraju China z URL: https://api.eclesiar.com/market/items/get?country_id=43&item_id=27...
--- Dane o cenach itemu tank w kraju China ---
{
  "code": 200,
  "description": "Success"
}

Pobieranie danych: cenach itemu tank w kraju Japan z URL: https://api.eclesiar.com/market/items/get?country_id=44&item_id=27...
--- Dane o cenach itemu tank w kraju Japan ---
{
  "code": 200,
  "description": "Success"
}

Pobieranie danych: cenach itemu tank w kraju South Korea z URL: https://api.eclesiar.com/market/items/get?country_id=45&item_id=27...
--- Dane o cenach itemu tank w kraju South Korea ---
{
  "code": 200,
  "description": "Success"
}

Pobieranie danych: cenach itemu tank w kraju Indonesia z URL: https://api.eclesiar.com/market/items/get?country_id=46&item_id=27...
--- Dane o cenach itemu tank w kraju Indonesia ---
{
  "code": 200,
  "description": "Success"
}

Pobieranie danych: cenach itemu tank w kraju Australia z URL: https://api.eclesiar.com/market/items/get?country_id=47&item_id=27...
--- Dane o cenach itemu tank w kraju Australia ---
{
  "code": 200,
  "description": "Success"
}

Pobieranie danych: cenach itemu tank w kraju Philippines z URL: https://api.eclesiar.com/market/items/get?country_id=48&item_id=27...
--- Dane o cenach itemu tank w kraju Philippines ---
{
  "code": 200,
  "description": "Success"
}

Pobieranie danych: cenach itemu bomber w kraju United Kingdom z URL: https://api.eclesiar.com/market/items/get?country_id=2&item_id=28...
--- Dane o cenach itemu bomber w kraju United Kingdom ---
{
  "code": 200,
  "description": "Success"
}

Pobieranie danych: cenach itemu bomber w kraju United States of America z URL: https://api.eclesiar.com/market/items/get?country_id=3&item_id=28...
--- Dane o cenach itemu bomber w kraju United States of America ---
{
  "code": 200,
  "description": "Success"
}

Pobieranie danych: cenach itemu bomber w kraju Mexico z URL: https://api.eclesiar.com/market/items/get?country_id=4&item_id=28...
--- Dane o cenach itemu bomber w kraju Mexico ---
{
  "code": 200,
  "description": "Success"
}

Pobieranie danych: cenach itemu bomber w kraju Colombia z URL: https://api.eclesiar.com/market/items/get?country_id=5&item_id=28...
--- Dane o cenach itemu bomber w kraju Colombia ---
{
  "code": 200,
  "description": "Success"
}

Pobieranie danych: cenach itemu bomber w kraju Peru z URL: https://api.eclesiar.com/market/items/get?country_id=6&item_id=28...
--- Dane o cenach itemu bomber w kraju Peru ---
{
  "code": 200,
  "description": "Success"
}

Pobieranie danych: cenach itemu bomber w kraju Brazil z URL: https://api.eclesiar.com/market/items/get?country_id=7&item_id=28...
--- Dane o cenach itemu bomber w kraju Brazil ---
{
  "code": 200,
  "description": "Success"
}

Pobieranie danych: cenach itemu bomber w kraju Chile z URL: https://api.eclesiar.com/market/items/get?country_id=8&item_id=28...
--- Dane o cenach itemu bomber w kraju Chile ---
{
  "code": 200,
  "description": "Success"
}

Pobieranie danych: cenach itemu bomber w kraju Argentina z URL: https://api.eclesiar.com/market/items/get?country_id=10&item_id=28...
--- Dane o cenach itemu bomber w kraju Argentina ---
{
  "code": 200,
  "description": "Success"
}

Pobieranie danych: cenach itemu bomber w kraju Ireland z URL: https://api.eclesiar.com/market/items/get?country_id=11&item_id=28...
--- Dane o cenach itemu bomber w kraju Ireland ---
{
  "code": 200,
  "description": "Success"
}

Pobieranie danych: cenach itemu bomber w kraju France z URL: https://api.eclesiar.com/market/items/get?country_id=12&item_id=28...
--- Dane o cenach itemu bomber w kraju France ---
{
  "code": 200,
  "description": "Success"
}

Pobieranie danych: cenach itemu bomber w kraju Portugal z URL: https://api.eclesiar.com/market/items/get?country_id=13&item_id=28...
--- Dane o cenach itemu bomber w kraju Portugal ---
{
  "code": 200,
  "description": "Success"
}

Pobieranie danych: cenach itemu bomber w kraju Spain z URL: https://api.eclesiar.com/market/items/get?country_id=14&item_id=28...
--- Dane o cenach itemu bomber w kraju Spain ---
{
  "code": 200,
  "description": "Success"
}

Pobieranie danych: cenach itemu bomber w kraju Germany z URL: https://api.eclesiar.com/market/items/get?country_id=15&item_id=28...
--- Dane o cenach itemu bomber w kraju Germany ---
{
  "code": 200,
  "description": "Success"
}

Pobieranie danych: cenach itemu bomber w kraju Sweden z URL: https://api.eclesiar.com/market/items/get?country_id=16&item_id=28...
--- Dane o cenach itemu bomber w kraju Sweden ---
{
  "code": 200,
  "description": "Success"
}

Pobieranie danych: cenach itemu bomber w kraju Italy z URL: https://api.eclesiar.com/market/items/get?country_id=17&item_id=28...
--- Dane o cenach itemu bomber w kraju Italy ---
{
  "code": 200,
  "description": "Success"
}

Pobieranie danych: cenach itemu bomber w kraju Poland z URL: https://api.eclesiar.com/market/items/get?country_id=18&item_id=28...
--- Dane o cenach itemu bomber w kraju Poland ---
{
  "code": 200,
  "description": "Success"
}

Pobieranie danych: cenach itemu bomber w kraju Lithuania z URL: https://api.eclesiar.com/market/items/get?country_id=19&item_id=28...
--- Dane o cenach itemu bomber w kraju Lithuania ---
{
  "code": 200,
  "description": "Success"
}

Pobieranie danych: cenach itemu bomber w kraju Slovenia z URL: https://api.eclesiar.com/market/items/get?country_id=20&item_id=28...
--- Dane o cenach itemu bomber w kraju Slovenia ---
{
  "code": 200,
  "description": "Success"
}

Pobieranie danych: cenach itemu bomber w kraju Croatia z URL: https://api.eclesiar.com/market/items/get?country_id=21&item_id=28...
--- Dane o cenach itemu bomber w kraju Croatia ---
{
  "code": 200,
  "description": "Success"
}

Pobieranie danych: cenach itemu bomber w kraju Bosnia and Herzegovina z URL: https://api.eclesiar.com/market/items/get?country_id=22&item_id=28...
--- Dane o cenach itemu bomber w kraju Bosnia and Herzegovina ---
{
  "code": 200,
  "description": "Success"
}

Pobieranie danych: cenach itemu bomber w kraju Serbia z URL: https://api.eclesiar.com/market/items/get?country_id=23&item_id=28...
--- Dane o cenach itemu bomber w kraju Serbia ---
{
  "code": 200,
  "description": "Success"
}

Pobieranie danych: cenach itemu bomber w kraju North Macedonia z URL: https://api.eclesiar.com/market/items/get?country_id=24&item_id=28...
--- Dane o cenach itemu bomber w kraju North Macedonia ---
{
  "code": 200,
  "description": "Success"
}

Pobieranie danych: cenach itemu bomber w kraju Albania z URL: https://api.eclesiar.com/market/items/get?country_id=25&item_id=28...
--- Dane o cenach itemu bomber w kraju Albania ---
{
  "code": 200,
  "description": "Success"
}

Pobieranie danych: cenach itemu bomber w kraju Greece z URL: https://api.eclesiar.com/market/items/get?country_id=26&item_id=28...
--- Dane o cenach itemu bomber w kraju Greece ---
{
  "code": 200,
  "description": "Success"
}

Pobieranie danych: cenach itemu bomber w kraju Hungary z URL: https://api.eclesiar.com/market/items/get?country_id=27&item_id=28...
--- Dane o cenach itemu bomber w kraju Hungary ---
{
  "code": 200,
  "description": "Success"
}

Pobieranie danych: cenach itemu bomber w kraju Romania z URL: https://api.eclesiar.com/market/items/get?country_id=28&item_id=28...
--- Dane o cenach itemu bomber w kraju Romania ---
{
  "code": 200,
  "description": "Success"
}

Pobieranie danych: cenach itemu bomber w kraju Bulgaria z URL: https://api.eclesiar.com/market/items/get?country_id=30&item_id=28...
--- Dane o cenach itemu bomber w kraju Bulgaria ---
{
  "code": 200,
  "description": "Success"
}

Pobieranie danych: cenach itemu bomber w kraju Turkey z URL: https://api.eclesiar.com/market/items/get?country_id=31&item_id=28...
--- Dane o cenach itemu bomber w kraju Turkey ---
{
  "code": 200,
  "description": "Success"
}

Pobieranie danych: cenach itemu bomber w kraju Ukraine z URL: https://api.eclesiar.com/market/items/get?country_id=32&item_id=28...
--- Dane o cenach itemu bomber w kraju Ukraine ---
{
  "code": 200,
  "description": "Success"
}

Pobieranie danych: cenach itemu bomber w kraju Russia z URL: https://api.eclesiar.com/market/items/get?country_id=33&item_id=28...
--- Dane o cenach itemu bomber w kraju Russia ---
{
  "code": 200,
  "description": "Success"
}

Pobieranie danych: cenach itemu bomber w kraju Georgia z URL: https://api.eclesiar.com/market/items/get?country_id=34&item_id=28...
--- Dane o cenach itemu bomber w kraju Georgia ---
{
  "code": 200,
  "description": "Success"
}

Pobieranie danych: cenach itemu bomber w kraju Israel z URL: https://api.eclesiar.com/market/items/get?country_id=35&item_id=28...
--- Dane o cenach itemu bomber w kraju Israel ---
{
  "code": 200,
  "description": "Success"
}

Pobieranie danych: cenach itemu bomber w kraju Egypt z URL: https://api.eclesiar.com/market/items/get?country_id=36&item_id=28...
--- Dane o cenach itemu bomber w kraju Egypt ---
{
  "code": 200,
  "description": "Success"
}

Pobieranie danych: cenach itemu bomber w kraju South Africa z URL: https://api.eclesiar.com/market/items/get?country_id=37&item_id=28...
--- Dane o cenach itemu bomber w kraju South Africa ---
{
  "code": 200,
  "description": "Success"
}

Pobieranie danych: cenach itemu bomber w kraju Iraq z URL: https://api.eclesiar.com/market/items/get?country_id=38&item_id=28...
--- Dane o cenach itemu bomber w kraju Iraq ---
{
  "code": 200,
  "description": "Success"
}

Pobieranie danych: cenach itemu bomber w kraju Saudi Arabia z URL: https://api.eclesiar.com/market/items/get?country_id=39&item_id=28...
--- Dane o cenach itemu bomber w kraju Saudi Arabia ---
{
  "code": 200,
  "description": "Success"
}

Pobieranie danych: cenach itemu bomber w kraju Iran z URL: https://api.eclesiar.com/market/items/get?country_id=40&item_id=28...
--- Dane o cenach itemu bomber w kraju Iran ---
{
  "code": 200,
  "description": "Success"
}

Pobieranie danych: cenach itemu bomber w kraju Pakistan z URL: https://api.eclesiar.com/market/items/get?country_id=41&item_id=28...
--- Dane o cenach itemu bomber w kraju Pakistan ---
{
  "code": 200,
  "description": "Success"
}

Pobieranie danych: cenach itemu bomber w kraju India z URL: https://api.eclesiar.com/market/items/get?country_id=42&item_id=28...
--- Dane o cenach itemu bomber w kraju India ---
{
  "code": 200,
  "description": "Success"
}

Pobieranie danych: cenach itemu bomber w kraju China z URL: https://api.eclesiar.com/market/items/get?country_id=43&item_id=28...
--- Dane o cenach itemu bomber w kraju China ---
{
  "code": 200,
  "description": "Success"
}

Pobieranie danych: cenach itemu bomber w kraju Japan z URL: https://api.eclesiar.com/market/items/get?country_id=44&item_id=28...
--- Dane o cenach itemu bomber w kraju Japan ---
{
  "code": 200,
  "description": "Success"
}

Pobieranie danych: cenach itemu bomber w kraju South Korea z URL: https://api.eclesiar.com/market/items/get?country_id=45&item_id=28...
--- Dane o cenach itemu bomber w kraju South Korea ---
{
  "code": 200,
  "description": "Success"
}

Pobieranie danych: cenach itemu bomber w kraju Indonesia z URL: https://api.eclesiar.com/market/items/get?country_id=46&item_id=28...
--- Dane o cenach itemu bomber w kraju Indonesia ---
{
  "code": 200,
  "description": "Success"
}

Pobieranie danych: cenach itemu bomber w kraju Australia z URL: https://api.eclesiar.com/market/items/get?country_id=47&item_id=28...
--- Dane o cenach itemu bomber w kraju Australia ---
{
  "code": 200,
  "description": "Success"
}

Pobieranie danych: cenach itemu bomber w kraju Philippines z URL: https://api.eclesiar.com/market/items/get?country_id=48&item_id=28...
--- Dane o cenach itemu bomber w kraju Philippines ---
{
  "code": 200,
  "description": "Success"
}

Pobieranie danych: cenach itemu steroids w kraju United Kingdom z URL: https://api.eclesiar.com/market/items/get?country_id=2&item_id=29...
--- Dane o cenach itemu steroids w kraju United Kingdom ---
{
  "code": 200,
  "description": "Success"
}

Pobieranie danych: cenach itemu steroids w kraju United States of America z URL: https://api.eclesiar.com/market/items/get?country_id=3&item_id=29...
--- Dane o cenach itemu steroids w kraju United States of America ---
{
  "code": 200,
  "description": "Success"
}

Pobieranie danych: cenach itemu steroids w kraju Mexico z URL: https://api.eclesiar.com/market/items/get?country_id=4&item_id=29...
--- Dane o cenach itemu steroids w kraju Mexico ---
{
  "code": 200,
  "description": "Success"
}

Pobieranie danych: cenach itemu steroids w kraju Colombia z URL: https://api.eclesiar.com/market/items/get?country_id=5&item_id=29...
--- Dane o cenach itemu steroids w kraju Colombia ---
{
  "code": 200,
  "description": "Success"
}

Pobieranie danych: cenach itemu steroids w kraju Peru z URL: https://api.eclesiar.com/market/items/get?country_id=6&item_id=29...
--- Dane o cenach itemu steroids w kraju Peru ---
{
  "code": 200,
  "description": "Success"
}

Pobieranie danych: cenach itemu steroids w kraju Brazil z URL: https://api.eclesiar.com/market/items/get?country_id=7&item_id=29...
--- Dane o cenach itemu steroids w kraju Brazil ---
{
  "code": 200,
  "description": "Success"
}

Pobieranie danych: cenach itemu steroids w kraju Chile z URL: https://api.eclesiar.com/market/items/get?country_id=8&item_id=29...
--- Dane o cenach itemu steroids w kraju Chile ---
{
  "code": 200,
  "description": "Success"
}

Pobieranie danych: cenach itemu steroids w kraju Argentina z URL: https://api.eclesiar.com/market/items/get?country_id=10&item_id=29...
--- Dane o cenach itemu steroids w kraju Argentina ---
{
  "code": 200,
  "description": "Success"
}

Pobieranie danych: cenach itemu steroids w kraju Ireland z URL: https://api.eclesiar.com/market/items/get?country_id=11&item_id=29...
--- Dane o cenach itemu steroids w kraju Ireland ---
{
  "code": 200,
  "description": "Success"
}

Pobieranie danych: cenach itemu steroids w kraju France z URL: https://api.eclesiar.com/market/items/get?country_id=12&item_id=29...
--- Dane o cenach itemu steroids w kraju France ---
{
  "code": 200,
  "description": "Success"
}

Pobieranie danych: cenach itemu steroids w kraju Portugal z URL: https://api.eclesiar.com/market/items/get?country_id=13&item_id=29...
--- Dane o cenach itemu steroids w kraju Portugal ---
{
  "code": 200,
  "description": "Success"
}

Pobieranie danych: cenach itemu steroids w kraju Spain z URL: https://api.eclesiar.com/market/items/get?country_id=14&item_id=29...
--- Dane o cenach itemu steroids w kraju Spain ---
{
  "code": 200,
  "description": "Success"
}

Pobieranie danych: cenach itemu steroids w kraju Germany z URL: https://api.eclesiar.com/market/items/get?country_id=15&item_id=29...
--- Dane o cenach itemu steroids w kraju Germany ---
{
  "code": 200,
  "description": "Success"
}

Pobieranie danych: cenach itemu steroids w kraju Sweden z URL: https://api.eclesiar.com/market/items/get?country_id=16&item_id=29...
--- Dane o cenach itemu steroids w kraju Sweden ---
{
  "code": 200,
  "description": "Success"
}

Pobieranie danych: cenach itemu steroids w kraju Italy z URL: https://api.eclesiar.com/market/items/get?country_id=17&item_id=29...
--- Dane o cenach itemu steroids w kraju Italy ---
{
  "code": 200,
  "description": "Success"
}

Pobieranie danych: cenach itemu steroids w kraju Poland z URL: https://api.eclesiar.com/market/items/get?country_id=18&item_id=29...
--- Dane o cenach itemu steroids w kraju Poland ---
{
  "code": 200,
  "description": "Success"
}

Pobieranie danych: cenach itemu steroids w kraju Lithuania z URL: https://api.eclesiar.com/market/items/get?country_id=19&item_id=29...
--- Dane o cenach itemu steroids w kraju Lithuania ---
{
  "code": 200,
  "description": "Success"
}

Pobieranie danych: cenach itemu steroids w kraju Slovenia z URL: https://api.eclesiar.com/market/items/get?country_id=20&item_id=29...
--- Dane o cenach itemu steroids w kraju Slovenia ---
{
  "code": 200,
  "description": "Success"
}

Pobieranie danych: cenach itemu steroids w kraju Croatia z URL: https://api.eclesiar.com/market/items/get?country_id=21&item_id=29...
--- Dane o cenach itemu steroids w kraju Croatia ---
{
  "code": 200,
  "description": "Success"
}

Pobieranie danych: cenach itemu steroids w kraju Bosnia and Herzegovina z URL: https://api.eclesiar.com/market/items/get?country_id=22&item_id=29...
--- Dane o cenach itemu steroids w kraju Bosnia and Herzegovina ---
{
  "code": 200,
  "description": "Success"
}

Pobieranie danych: cenach itemu steroids w kraju Serbia z URL: https://api.eclesiar.com/market/items/get?country_id=23&item_id=29...
--- Dane o cenach itemu steroids w kraju Serbia ---
{
  "code": 200,
  "description": "Success"
}

Pobieranie danych: cenach itemu steroids w kraju North Macedonia z URL: https://api.eclesiar.com/market/items/get?country_id=24&item_id=29...
--- Dane o cenach itemu steroids w kraju North Macedonia ---
{
  "code": 200,
  "description": "Success"
}

Pobieranie danych: cenach itemu steroids w kraju Albania z URL: https://api.eclesiar.com/market/items/get?country_id=25&item_id=29...
--- Dane o cenach itemu steroids w kraju Albania ---
{
  "code": 200,
  "description": "Success"
}

Pobieranie danych: cenach itemu steroids w kraju Greece z URL: https://api.eclesiar.com/market/items/get?country_id=26&item_id=29...
--- Dane o cenach itemu steroids w kraju Greece ---
{
  "code": 200,
  "description": "Success"
}

Pobieranie danych: cenach itemu steroids w kraju Hungary z URL: https://api.eclesiar.com/market/items/get?country_id=27&item_id=29...
--- Dane o cenach itemu steroids w kraju Hungary ---
{
  "code": 200,
  "description": "Success"
}

Pobieranie danych: cenach itemu steroids w kraju Romania z URL: https://api.eclesiar.com/market/items/get?country_id=28&item_id=29...
--- Dane o cenach itemu steroids w kraju Romania ---
{
  "code": 200,
  "description": "Success"
}

Pobieranie danych: cenach itemu steroids w kraju Bulgaria z URL: https://api.eclesiar.com/market/items/get?country_id=30&item_id=29...
--- Dane o cenach itemu steroids w kraju Bulgaria ---
{
  "code": 200,
  "description": "Success"
}

Pobieranie danych: cenach itemu steroids w kraju Turkey z URL: https://api.eclesiar.com/market/items/get?country_id=31&item_id=29...
--- Dane o cenach itemu steroids w kraju Turkey ---
{
  "code": 200,
  "description": "Success"
}

Pobieranie danych: cenach itemu steroids w kraju Ukraine z URL: https://api.eclesiar.com/market/items/get?country_id=32&item_id=29...
--- Dane o cenach itemu steroids w kraju Ukraine ---
{
  "code": 200,
  "description": "Success"
}

Pobieranie danych: cenach itemu steroids w kraju Russia z URL: https://api.eclesiar.com/market/items/get?country_id=33&item_id=29...
--- Dane o cenach itemu steroids w kraju Russia ---
{
  "code": 200,
  "description": "Success"
}

Pobieranie danych: cenach itemu steroids w kraju Georgia z URL: https://api.eclesiar.com/market/items/get?country_id=34&item_id=29...
--- Dane o cenach itemu steroids w kraju Georgia ---
{
  "code": 200,
  "description": "Success"
}

Pobieranie danych: cenach itemu steroids w kraju Israel z URL: https://api.eclesiar.com/market/items/get?country_id=35&item_id=29...
--- Dane o cenach itemu steroids w kraju Israel ---
{
  "code": 200,
  "description": "Success"
}

Pobieranie danych: cenach itemu steroids w kraju Egypt z URL: https://api.eclesiar.com/market/items/get?country_id=36&item_id=29...
--- Dane o cenach itemu steroids w kraju Egypt ---
{
  "code": 200,
  "description": "Success"
}

Pobieranie danych: cenach itemu steroids w kraju South Africa z URL: https://api.eclesiar.com/market/items/get?country_id=37&item_id=29...
--- Dane o cenach itemu steroids w kraju South Africa ---
{
  "code": 200,
  "description": "Success"
}

Pobieranie danych: cenach itemu steroids w kraju Iraq z URL: https://api.eclesiar.com/market/items/get?country_id=38&item_id=29...
--- Dane o cenach itemu steroids w kraju Iraq ---
{
  "code": 200,
  "description": "Success"
}

Pobieranie danych: cenach itemu steroids w kraju Saudi Arabia z URL: https://api.eclesiar.com/market/items/get?country_id=39&item_id=29...
--- Dane o cenach itemu steroids w kraju Saudi Arabia ---
{
  "code": 200,
  "description": "Success"
}

Pobieranie danych: cenach itemu steroids w kraju Iran z URL: https://api.eclesiar.com/market/items/get?country_id=40&item_id=29...
--- Dane o cenach itemu steroids w kraju Iran ---
{
  "code": 200,
  "description": "Success"
}

Pobieranie danych: cenach itemu steroids w kraju Pakistan z URL: https://api.eclesiar.com/market/items/get?country_id=41&item_id=29...
--- Dane o cenach itemu steroids w kraju Pakistan ---
{
  "code": 200,
  "description": "Success"
}

Pobieranie danych: cenach itemu steroids w kraju India z URL: https://api.eclesiar.com/market/items/get?country_id=42&item_id=29...
--- Dane o cenach itemu steroids w kraju India ---
{
  "code": 200,
  "description": "Success"
}

Pobieranie danych: cenach itemu steroids w kraju China z URL: https://api.eclesiar.com/market/items/get?country_id=43&item_id=29...
--- Dane o cenach itemu steroids w kraju China ---
{
  "code": 200,
  "description": "Success"
}

Pobieranie danych: cenach itemu steroids w kraju Japan z URL: https://api.eclesiar.com/market/items/get?country_id=44&item_id=29...
--- Dane o cenach itemu steroids w kraju Japan ---
{
  "code": 200,
  "description": "Success"
}

Pobieranie danych: cenach itemu steroids w kraju South Korea z URL: https://api.eclesiar.com/market/items/get?country_id=45&item_id=29...
--- Dane o cenach itemu steroids w kraju South Korea ---
{
  "code": 200,
  "description": "Success"
}

Pobieranie danych: cenach itemu steroids w kraju Indonesia z URL: https://api.eclesiar.com/market/items/get?country_id=46&item_id=29...
--- Dane o cenach itemu steroids w kraju Indonesia ---
{
  "code": 200,
  "description": "Success"
}

Pobieranie danych: cenach itemu steroids w kraju Australia z URL: https://api.eclesiar.com/market/items/get?country_id=47&item_id=29...
--- Dane o cenach itemu steroids w kraju Australia ---
{
  "code": 200,
  "description": "Success"
}

Pobieranie danych: cenach itemu steroids w kraju Philippines z URL: https://api.eclesiar.com/market/items/get?country_id=48&item_id=29...
--- Dane o cenach itemu steroids w kraju Philippines ---
{
  "code": 200,
  "description": "Success"
}

Pobieranie danych: cenach itemu medic bag w kraju United Kingdom z URL: https://api.eclesiar.com/market/items/get?country_id=2&item_id=30...
--- Dane o cenach itemu medic bag w kraju United Kingdom ---
{
  "code": 200,
  "description": "Success"
}

Pobieranie danych: cenach itemu medic bag w kraju United States of America z URL: https://api.eclesiar.com/market/items/get?country_id=3&item_id=30...
--- Dane o cenach itemu medic bag w kraju United States of America ---
{
  "code": 200,
  "description": "Success"
}

Pobieranie danych: cenach itemu medic bag w kraju Mexico z URL: https://api.eclesiar.com/market/items/get?country_id=4&item_id=30...
--- Dane o cenach itemu medic bag w kraju Mexico ---
{
  "code": 200,
  "description": "Success"
}

Pobieranie danych: cenach itemu medic bag w kraju Colombia z URL: https://api.eclesiar.com/market/items/get?country_id=5&item_id=30...
--- Dane o cenach itemu medic bag w kraju Colombia ---
{
  "code": 200,
  "description": "Success"
}

Pobieranie danych: cenach itemu medic bag w kraju Peru z URL: https://api.eclesiar.com/market/items/get?country_id=6&item_id=30...
--- Dane o cenach itemu medic bag w kraju Peru ---
{
  "code": 200,
  "description": "Success"
}

Pobieranie danych: cenach itemu medic bag w kraju Brazil z URL: https://api.eclesiar.com/market/items/get?country_id=7&item_id=30...
--- Dane o cenach itemu medic bag w kraju Brazil ---
{
  "code": 200,
  "description": "Success"
}

Pobieranie danych: cenach itemu medic bag w kraju Chile z URL: https://api.eclesiar.com/market/items/get?country_id=8&item_id=30...
--- Dane o cenach itemu medic bag w kraju Chile ---
{
  "code": 200,
  "description": "Success"
}

Pobieranie danych: cenach itemu medic bag w kraju Argentina z URL: https://api.eclesiar.com/market/items/get?country_id=10&item_id=30...
--- Dane o cenach itemu medic bag w kraju Argentina ---
{
  "code": 200,
  "description": "Success"
}

Pobieranie danych: cenach itemu medic bag w kraju Ireland z URL: https://api.eclesiar.com/market/items/get?country_id=11&item_id=30...
--- Dane o cenach itemu medic bag w kraju Ireland ---
{
  "code": 200,
  "description": "Success"
}

Pobieranie danych: cenach itemu medic bag w kraju France z URL: https://api.eclesiar.com/market/items/get?country_id=12&item_id=30...
--- Dane o cenach itemu medic bag w kraju France ---
{
  "code": 200,
  "description": "Success"
}

Pobieranie danych: cenach itemu medic bag w kraju Portugal z URL: https://api.eclesiar.com/market/items/get?country_id=13&item_id=30...
--- Dane o cenach itemu medic bag w kraju Portugal ---
{
  "code": 200,
  "description": "Success"
}

Pobieranie danych: cenach itemu medic bag w kraju Spain z URL: https://api.eclesiar.com/market/items/get?country_id=14&item_id=30...
--- Dane o cenach itemu medic bag w kraju Spain ---
{
  "code": 200,
  "description": "Success"
}

Pobieranie danych: cenach itemu medic bag w kraju Germany z URL: https://api.eclesiar.com/market/items/get?country_id=15&item_id=30...
--- Dane o cenach itemu medic bag w kraju Germany ---
{
  "code": 200,
  "description": "Success"
}

Pobieranie danych: cenach itemu medic bag w kraju Sweden z URL: https://api.eclesiar.com/market/items/get?country_id=16&item_id=30...
--- Dane o cenach itemu medic bag w kraju Sweden ---
{
  "code": 200,
  "description": "Success"
}

Pobieranie danych: cenach itemu medic bag w kraju Italy z URL: https://api.eclesiar.com/market/items/get?country_id=17&item_id=30...
--- Dane o cenach itemu medic bag w kraju Italy ---
{
  "code": 200,
  "description": "Success"
}

Pobieranie danych: cenach itemu medic bag w kraju Poland z URL: https://api.eclesiar.com/market/items/get?country_id=18&item_id=30...
--- Dane o cenach itemu medic bag w kraju Poland ---
{
  "code": 200,
  "description": "Success"
}

Pobieranie danych: cenach itemu medic bag w kraju Lithuania z URL: https://api.eclesiar.com/market/items/get?country_id=19&item_id=30...
--- Dane o cenach itemu medic bag w kraju Lithuania ---
{
  "code": 200,
  "description": "Success"
}

Pobieranie danych: cenach itemu medic bag w kraju Slovenia z URL: https://api.eclesiar.com/market/items/get?country_id=20&item_id=30...
--- Dane o cenach itemu medic bag w kraju Slovenia ---
{
  "code": 200,
  "description": "Success"
}

Pobieranie danych: cenach itemu medic bag w kraju Croatia z URL: https://api.eclesiar.com/market/items/get?country_id=21&item_id=30...
--- Dane o cenach itemu medic bag w kraju Croatia ---
{
  "code": 200,
  "description": "Success"
}

Pobieranie danych: cenach itemu medic bag w kraju Bosnia and Herzegovina z URL: https://api.eclesiar.com/market/items/get?country_id=22&item_id=30...
--- Dane o cenach itemu medic bag w kraju Bosnia and Herzegovina ---
{
  "code": 200,
  "description": "Success"
}

Pobieranie danych: cenach itemu medic bag w kraju Serbia z URL: https://api.eclesiar.com/market/items/get?country_id=23&item_id=30...
--- Dane o cenach itemu medic bag w kraju Serbia ---
{
  "code": 200,
  "description": "Success"
}

Pobieranie danych: cenach itemu medic bag w kraju North Macedonia z URL: https://api.eclesiar.com/market/items/get?country_id=24&item_id=30...
--- Dane o cenach itemu medic bag w kraju North Macedonia ---
{
  "code": 200,
  "description": "Success"
}

Pobieranie danych: cenach itemu medic bag w kraju Albania z URL: https://api.eclesiar.com/market/items/get?country_id=25&item_id=30...
--- Dane o cenach itemu medic bag w kraju Albania ---
{
  "code": 200,
  "description": "Success"
}

Pobieranie danych: cenach itemu medic bag w kraju Greece z URL: https://api.eclesiar.com/market/items/get?country_id=26&item_id=30...
--- Dane o cenach itemu medic bag w kraju Greece ---
{
  "code": 200,
  "description": "Success"
}

Pobieranie danych: cenach itemu medic bag w kraju Hungary z URL: https://api.eclesiar.com/market/items/get?country_id=27&item_id=30...
--- Dane o cenach itemu medic bag w kraju Hungary ---
{
  "code": 200,
  "description": "Success"
}

Pobieranie danych: cenach itemu medic bag w kraju Romania z URL: https://api.eclesiar.com/market/items/get?country_id=28&item_id=30...
--- Dane o cenach itemu medic bag w kraju Romania ---
{
  "code": 200,
  "description": "Success"
}

Pobieranie danych: cenach itemu medic bag w kraju Bulgaria z URL: https://api.eclesiar.com/market/items/get?country_id=30&item_id=30...
--- Dane o cenach itemu medic bag w kraju Bulgaria ---
{
  "code": 200,
  "description": "Success"
}

Pobieranie danych: cenach itemu medic bag w kraju Turkey z URL: https://api.eclesiar.com/market/items/get?country_id=31&item_id=30...
--- Dane o cenach itemu medic bag w kraju Turkey ---
{
  "code": 200,
  "description": "Success"
}

Pobieranie danych: cenach itemu medic bag w kraju Ukraine z URL: https://api.eclesiar.com/market/items/get?country_id=32&item_id=30...
--- Dane o cenach itemu medic bag w kraju Ukraine ---
{
  "code": 200,
  "description": "Success"
}

Pobieranie danych: cenach itemu medic bag w kraju Russia z URL: https://api.eclesiar.com/market/items/get?country_id=33&item_id=30...
--- Dane o cenach itemu medic bag w kraju Russia ---
{
  "code": 200,
  "description": "Success"
}

Pobieranie danych: cenach itemu medic bag w kraju Georgia z URL: https://api.eclesiar.com/market/items/get?country_id=34&item_id=30...
--- Dane o cenach itemu medic bag w kraju Georgia ---
{
  "code": 200,
  "description": "Success"
}

Pobieranie danych: cenach itemu medic bag w kraju Israel z URL: https://api.eclesiar.com/market/items/get?country_id=35&item_id=30...
--- Dane o cenach itemu medic bag w kraju Israel ---
{
  "code": 200,
  "description": "Success"
}

Pobieranie danych: cenach itemu medic bag w kraju Egypt z URL: https://api.eclesiar.com/market/items/get?country_id=36&item_id=30...
--- Dane o cenach itemu medic bag w kraju Egypt ---
{
  "code": 200,
  "description": "Success"
}

Pobieranie danych: cenach itemu medic bag w kraju South Africa z URL: https://api.eclesiar.com/market/items/get?country_id=37&item_id=30...
--- Dane o cenach itemu medic bag w kraju South Africa ---
{
  "code": 200,
  "description": "Success"
}

Pobieranie danych: cenach itemu medic bag w kraju Iraq z URL: https://api.eclesiar.com/market/items/get?country_id=38&item_id=30...
--- Dane o cenach itemu medic bag w kraju Iraq ---
{
  "code": 200,
  "description": "Success"
}

Pobieranie danych: cenach itemu medic bag w kraju Saudi Arabia z URL: https://api.eclesiar.com/market/items/get?country_id=39&item_id=30...
--- Dane o cenach itemu medic bag w kraju Saudi Arabia ---
{
  "code": 200,
  "description": "Success"
}

Pobieranie danych: cenach itemu medic bag w kraju Iran z URL: https://api.eclesiar.com/market/items/get?country_id=40&item_id=30...
--- Dane o cenach itemu medic bag w kraju Iran ---
{
  "code": 200,
  "description": "Success"
}

Pobieranie danych: cenach itemu medic bag w kraju Pakistan z URL: https://api.eclesiar.com/market/items/get?country_id=41&item_id=30...
--- Dane o cenach itemu medic bag w kraju Pakistan ---
{
  "code": 200,
  "description": "Success"
}

Pobieranie danych: cenach itemu medic bag w kraju India z URL: https://api.eclesiar.com/market/items/get?country_id=42&item_id=30...
--- Dane o cenach itemu medic bag w kraju India ---
{
  "code": 200,
  "description": "Success"
}

Pobieranie danych: cenach itemu medic bag w kraju China z URL: https://api.eclesiar.com/market/items/get?country_id=43&item_id=30...
--- Dane o cenach itemu medic bag w kraju China ---
{
  "code": 200,
  "description": "Success"
}

Pobieranie danych: cenach itemu medic bag w kraju Japan z URL: https://api.eclesiar.com/market/items/get?country_id=44&item_id=30...
--- Dane o cenach itemu medic bag w kraju Japan ---
{
  "code": 200,
  "description": "Success"
}

Pobieranie danych: cenach itemu medic bag w kraju South Korea z URL: https://api.eclesiar.com/market/items/get?country_id=45&item_id=30...
--- Dane o cenach itemu medic bag w kraju South Korea ---
{
  "code": 200,
  "description": "Success"
}

Pobieranie danych: cenach itemu medic bag w kraju Indonesia z URL: https://api.eclesiar.com/market/items/get?country_id=46&item_id=30...
--- Dane o cenach itemu medic bag w kraju Indonesia ---
{
  "code": 200,
  "description": "Success"
}

Pobieranie danych: cenach itemu medic bag w kraju Australia z URL: https://api.eclesiar.com/market/items/get?country_id=47&item_id=30...
--- Dane o cenach itemu medic bag w kraju Australia ---
{
  "code": 200,
  "description": "Success"
}

Pobieranie danych: cenach itemu medic bag w kraju Philippines z URL: https://api.eclesiar.com/market/items/get?country_id=48&item_id=30...
--- Dane o cenach itemu medic bag w kraju Philippines ---
{
  "code": 200,
  "description": "Success"
}

Pobieranie danych: cenach itemu adrenaline w kraju United Kingdom z URL: https://api.eclesiar.com/market/items/get?country_id=2&item_id=31...
--- Dane o cenach itemu adrenaline w kraju United Kingdom ---
{
  "code": 200,
  "description": "Success"
}

Pobieranie danych: cenach itemu adrenaline w kraju United States of America z URL: https://api.eclesiar.com/market/items/get?country_id=3&item_id=31...
--- Dane o cenach itemu adrenaline w kraju United States of America ---
{
  "code": 200,
  "description": "Success"
}

Pobieranie danych: cenach itemu adrenaline w kraju Mexico z URL: https://api.eclesiar.com/market/items/get?country_id=4&item_id=31...
--- Dane o cenach itemu adrenaline w kraju Mexico ---
{
  "code": 200,
  "description": "Success"
}

Pobieranie danych: cenach itemu adrenaline w kraju Colombia z URL: https://api.eclesiar.com/market/items/get?country_id=5&item_id=31...
--- Dane o cenach itemu adrenaline w kraju Colombia ---
{
  "code": 200,
  "description": "Success"
}

Pobieranie danych: cenach itemu adrenaline w kraju Peru z URL: https://api.eclesiar.com/market/items/get?country_id=6&item_id=31...
--- Dane o cenach itemu adrenaline w kraju Peru ---
{
  "code": 200,
  "description": "Success"
}

Pobieranie danych: cenach itemu adrenaline w kraju Brazil z URL: https://api.eclesiar.com/market/items/get?country_id=7&item_id=31...
--- Dane o cenach itemu adrenaline w kraju Brazil ---
{
  "code": 200,
  "description": "Success"
}

Pobieranie danych: cenach itemu adrenaline w kraju Chile z URL: https://api.eclesiar.com/market/items/get?country_id=8&item_id=31...
--- Dane o cenach itemu adrenaline w kraju Chile ---
{
  "code": 200,
  "description": "Success"
}

Pobieranie danych: cenach itemu adrenaline w kraju Argentina z URL: https://api.eclesiar.com/market/items/get?country_id=10&item_id=31...
--- Dane o cenach itemu adrenaline w kraju Argentina ---
{
  "code": 200,
  "description": "Success"
}

Pobieranie danych: cenach itemu adrenaline w kraju Ireland z URL: https://api.eclesiar.com/market/items/get?country_id=11&item_id=31...
--- Dane o cenach itemu adrenaline w kraju Ireland ---
{
  "code": 200,
  "description": "Success"
}

Pobieranie danych: cenach itemu adrenaline w kraju France z URL: https://api.eclesiar.com/market/items/get?country_id=12&item_id=31...
--- Dane o cenach itemu adrenaline w kraju France ---
{
  "code": 200,
  "description": "Success"
}

Pobieranie danych: cenach itemu adrenaline w kraju Portugal z URL: https://api.eclesiar.com/market/items/get?country_id=13&item_id=31...
--- Dane o cenach itemu adrenaline w kraju Portugal ---
{
  "code": 200,
  "description": "Success"
}

Pobieranie danych: cenach itemu adrenaline w kraju Spain z URL: https://api.eclesiar.com/market/items/get?country_id=14&item_id=31...
--- Dane o cenach itemu adrenaline w kraju Spain ---
{
  "code": 200,
  "description": "Success"
}

Pobieranie danych: cenach itemu adrenaline w kraju Germany z URL: https://api.eclesiar.com/market/items/get?country_id=15&item_id=31...
--- Dane o cenach itemu adrenaline w kraju Germany ---
{
  "code": 200,
  "description": "Success"
}

Pobieranie danych: cenach itemu adrenaline w kraju Sweden z URL: https://api.eclesiar.com/market/items/get?country_id=16&item_id=31...
--- Dane o cenach itemu adrenaline w kraju Sweden ---
{
  "code": 200,
  "description": "Success"
}

Pobieranie danych: cenach itemu adrenaline w kraju Italy z URL: https://api.eclesiar.com/market/items/get?country_id=17&item_id=31...
--- Dane o cenach itemu adrenaline w kraju Italy ---
{
  "code": 200,
  "description": "Success"
}

Pobieranie danych: cenach itemu adrenaline w kraju Poland z URL: https://api.eclesiar.com/market/items/get?country_id=18&item_id=31...
--- Dane o cenach itemu adrenaline w kraju Poland ---
{
  "code": 200,
  "description": "Success"
}

Pobieranie danych: cenach itemu adrenaline w kraju Lithuania z URL: https://api.eclesiar.com/market/items/get?country_id=19&item_id=31...
--- Dane o cenach itemu adrenaline w kraju Lithuania ---
{
  "code": 200,
  "description": "Success"
}

Pobieranie danych: cenach itemu adrenaline w kraju Slovenia z URL: https://api.eclesiar.com/market/items/get?country_id=20&item_id=31...
--- Dane o cenach itemu adrenaline w kraju Slovenia ---
{
  "code": 200,
  "description": "Success"
}

Pobieranie danych: cenach itemu adrenaline w kraju Croatia z URL: https://api.eclesiar.com/market/items/get?country_id=21&item_id=31...
--- Dane o cenach itemu adrenaline w kraju Croatia ---
{
  "code": 200,
  "description": "Success"
}

Pobieranie danych: cenach itemu adrenaline w kraju Bosnia and Herzegovina z URL: https://api.eclesiar.com/market/items/get?country_id=22&item_id=31...
--- Dane o cenach itemu adrenaline w kraju Bosnia and Herzegovina ---
{
  "code": 200,
  "description": "Success"
}

Pobieranie danych: cenach itemu adrenaline w kraju Serbia z URL: https://api.eclesiar.com/market/items/get?country_id=23&item_id=31...
--- Dane o cenach itemu adrenaline w kraju Serbia ---
{
  "code": 200,
  "description": "Success"
}

Pobieranie danych: cenach itemu adrenaline w kraju North Macedonia z URL: https://api.eclesiar.com/market/items/get?country_id=24&item_id=31...
--- Dane o cenach itemu adrenaline w kraju North Macedonia ---
{
  "code": 200,
  "description": "Success"
}

Pobieranie danych: cenach itemu adrenaline w kraju Albania z URL: https://api.eclesiar.com/market/items/get?country_id=25&item_id=31...
--- Dane o cenach itemu adrenaline w kraju Albania ---
{
  "code": 200,
  "description": "Success"
}

Pobieranie danych: cenach itemu adrenaline w kraju Greece z URL: https://api.eclesiar.com/market/items/get?country_id=26&item_id=31...
--- Dane o cenach itemu adrenaline w kraju Greece ---
{
  "code": 200,
  "description": "Success"
}

Pobieranie danych: cenach itemu adrenaline w kraju Hungary z URL: https://api.eclesiar.com/market/items/get?country_id=27&item_id=31...
--- Dane o cenach itemu adrenaline w kraju Hungary ---
{
  "code": 200,
  "description": "Success"
}

Pobieranie danych: cenach itemu adrenaline w kraju Romania z URL: https://api.eclesiar.com/market/items/get?country_id=28&item_id=31...
--- Dane o cenach itemu adrenaline w kraju Romania ---
{
  "code": 200,
  "description": "Success"
}

Pobieranie danych: cenach itemu adrenaline w kraju Bulgaria z URL: https://api.eclesiar.com/market/items/get?country_id=30&item_id=31...
--- Dane o cenach itemu adrenaline w kraju Bulgaria ---
{
  "code": 200,
  "description": "Success"
}

Pobieranie danych: cenach itemu adrenaline w kraju Turkey z URL: https://api.eclesiar.com/market/items/get?country_id=31&item_id=31...
--- Dane o cenach itemu adrenaline w kraju Turkey ---
{
  "code": 200,
  "description": "Success"
}

Pobieranie danych: cenach itemu adrenaline w kraju Ukraine z URL: https://api.eclesiar.com/market/items/get?country_id=32&item_id=31...
--- Dane o cenach itemu adrenaline w kraju Ukraine ---
{
  "code": 200,
  "description": "Success"
}

Pobieranie danych: cenach itemu adrenaline w kraju Russia z URL: https://api.eclesiar.com/market/items/get?country_id=33&item_id=31...
--- Dane o cenach itemu adrenaline w kraju Russia ---
{
  "code": 200,
  "description": "Success"
}

Pobieranie danych: cenach itemu adrenaline w kraju Georgia z URL: https://api.eclesiar.com/market/items/get?country_id=34&item_id=31...
--- Dane o cenach itemu adrenaline w kraju Georgia ---
{
  "code": 200,
  "description": "Success"
}

Pobieranie danych: cenach itemu adrenaline w kraju Israel z URL: https://api.eclesiar.com/market/items/get?country_id=35&item_id=31...
--- Dane o cenach itemu adrenaline w kraju Israel ---
{
  "code": 200,
  "description": "Success"
}

Pobieranie danych: cenach itemu adrenaline w kraju Egypt z URL: https://api.eclesiar.com/market/items/get?country_id=36&item_id=31...
--- Dane o cenach itemu adrenaline w kraju Egypt ---
{
  "code": 200,
  "description": "Success"
}

Pobieranie danych: cenach itemu adrenaline w kraju South Africa z URL: https://api.eclesiar.com/market/items/get?country_id=37&item_id=31...
--- Dane o cenach itemu adrenaline w kraju South Africa ---
{
  "code": 200,
  "description": "Success"
}

Pobieranie danych: cenach itemu adrenaline w kraju Iraq z URL: https://api.eclesiar.com/market/items/get?country_id=38&item_id=31...
--- Dane o cenach itemu adrenaline w kraju Iraq ---
{
  "code": 200,
  "description": "Success"
}

Pobieranie danych: cenach itemu adrenaline w kraju Saudi Arabia z URL: https://api.eclesiar.com/market/items/get?country_id=39&item_id=31...
--- Dane o cenach itemu adrenaline w kraju Saudi Arabia ---
{
  "code": 200,
  "description": "Success"
}

Pobieranie danych: cenach itemu adrenaline w kraju Iran z URL: https://api.eclesiar.com/market/items/get?country_id=40&item_id=31...
--- Dane o cenach itemu adrenaline w kraju Iran ---
{
  "code": 200,
  "description": "Success"
}

Pobieranie danych: cenach itemu adrenaline w kraju Pakistan z URL: https://api.eclesiar.com/market/items/get?country_id=41&item_id=31...
--- Dane o cenach itemu adrenaline w kraju Pakistan ---
{
  "code": 200,
  "description": "Success"
}

Pobieranie danych: cenach itemu adrenaline w kraju India z URL: https://api.eclesiar.com/market/items/get?country_id=42&item_id=31...
--- Dane o cenach itemu adrenaline w kraju India ---
{
  "code": 200,
  "description": "Success"
}

Pobieranie danych: cenach itemu adrenaline w kraju China z URL: https://api.eclesiar.com/market/items/get?country_id=43&item_id=31...
--- Dane o cenach itemu adrenaline w kraju China ---
{
  "code": 200,
  "description": "Success"
}

Pobieranie danych: cenach itemu adrenaline w kraju Japan z URL: https://api.eclesiar.com/market/items/get?country_id=44&item_id=31...
--- Dane o cenach itemu adrenaline w kraju Japan ---
{
  "code": 200,
  "description": "Success"
}

Pobieranie danych: cenach itemu adrenaline w kraju South Korea z URL: https://api.eclesiar.com/market/items/get?country_id=45&item_id=31...
--- Dane o cenach itemu adrenaline w kraju South Korea ---
{
  "code": 200,
  "description": "Success"
}

Pobieranie danych: cenach itemu adrenaline w kraju Indonesia z URL: https://api.eclesiar.com/market/items/get?country_id=46&item_id=31...
--- Dane o cenach itemu adrenaline w kraju Indonesia ---
{
  "code": 200,
  "description": "Success"
}

Pobieranie danych: cenach itemu adrenaline w kraju Australia z URL: https://api.eclesiar.com/market/items/get?country_id=47&item_id=31...
--- Dane o cenach itemu adrenaline w kraju Australia ---
{
  "code": 200,
  "description": "Success"
}

Pobieranie danych: cenach itemu adrenaline w kraju Philippines z URL: https://api.eclesiar.com/market/items/get?country_id=48&item_id=31...
--- Dane o cenach itemu adrenaline w kraju Philippines ---
{
  "code": 200,
  "description": "Success"
}

Pobieranie danych: cenach itemu focus w kraju United Kingdom z URL: https://api.eclesiar.com/market/items/get?country_id=2&item_id=32...
--- Dane o cenach itemu focus w kraju United Kingdom ---
{
  "code": 200,
  "description": "Success"
}

Pobieranie danych: cenach itemu focus w kraju United States of America z URL: https://api.eclesiar.com/market/items/get?country_id=3&item_id=32...
--- Dane o cenach itemu focus w kraju United States of America ---
{
  "code": 200,
  "description": "Success"
}

Pobieranie danych: cenach itemu focus w kraju Mexico z URL: https://api.eclesiar.com/market/items/get?country_id=4&item_id=32...
--- Dane o cenach itemu focus w kraju Mexico ---
{
  "code": 200,
  "description": "Success"
}

Pobieranie danych: cenach itemu focus w kraju Colombia z URL: https://api.eclesiar.com/market/items/get?country_id=5&item_id=32...
--- Dane o cenach itemu focus w kraju Colombia ---
{
  "code": 200,
  "description": "Success"
}

Pobieranie danych: cenach itemu focus w kraju Peru z URL: https://api.eclesiar.com/market/items/get?country_id=6&item_id=32...
--- Dane o cenach itemu focus w kraju Peru ---
{
  "code": 200,
  "description": "Success"
}

Pobieranie danych: cenach itemu focus w kraju Brazil z URL: https://api.eclesiar.com/market/items/get?country_id=7&item_id=32...
--- Dane o cenach itemu focus w kraju Brazil ---
{
  "code": 200,
  "description": "Success"
}

Pobieranie danych: cenach itemu focus w kraju Chile z URL: https://api.eclesiar.com/market/items/get?country_id=8&item_id=32...
--- Dane o cenach itemu focus w kraju Chile ---
{
  "code": 200,
  "description": "Success"
}

Pobieranie danych: cenach itemu focus w kraju Argentina z URL: https://api.eclesiar.com/market/items/get?country_id=10&item_id=32...
--- Dane o cenach itemu focus w kraju Argentina ---
{
  "code": 200,
  "description": "Success"
}

Pobieranie danych: cenach itemu focus w kraju Ireland z URL: https://api.eclesiar.com/market/items/get?country_id=11&item_id=32...
--- Dane o cenach itemu focus w kraju Ireland ---
{
  "code": 200,
  "description": "Success"
}

Pobieranie danych: cenach itemu focus w kraju France z URL: https://api.eclesiar.com/market/items/get?country_id=12&item_id=32...
--- Dane o cenach itemu focus w kraju France ---
{
  "code": 200,
  "description": "Success"
}

Pobieranie danych: cenach itemu focus w kraju Portugal z URL: https://api.eclesiar.com/market/items/get?country_id=13&item_id=32...
--- Dane o cenach itemu focus w kraju Portugal ---
{
  "code": 200,
  "description": "Success"
}

Pobieranie danych: cenach itemu focus w kraju Spain z URL: https://api.eclesiar.com/market/items/get?country_id=14&item_id=32...
--- Dane o cenach itemu focus w kraju Spain ---
{
  "code": 200,
  "description": "Success"
}

Pobieranie danych: cenach itemu focus w kraju Germany z URL: https://api.eclesiar.com/market/items/get?country_id=15&item_id=32...
--- Dane o cenach itemu focus w kraju Germany ---
{
  "code": 200,
  "description": "Success"
}

Pobieranie danych: cenach itemu focus w kraju Sweden z URL: https://api.eclesiar.com/market/items/get?country_id=16&item_id=32...
--- Dane o cenach itemu focus w kraju Sweden ---
{
  "code": 200,
  "description": "Success"
}

Pobieranie danych: cenach itemu focus w kraju Italy z URL: https://api.eclesiar.com/market/items/get?country_id=17&item_id=32...
--- Dane o cenach itemu focus w kraju Italy ---
{
  "code": 200,
  "description": "Success"
}

Pobieranie danych: cenach itemu focus w kraju Poland z URL: https://api.eclesiar.com/market/items/get?country_id=18&item_id=32...
--- Dane o cenach itemu focus w kraju Poland ---
{
  "code": 200,
  "description": "Success"
}

Pobieranie danych: cenach itemu focus w kraju Lithuania z URL: https://api.eclesiar.com/market/items/get?country_id=19&item_id=32...
--- Dane o cenach itemu focus w kraju Lithuania ---
{
  "code": 200,
  "description": "Success"
}

Pobieranie danych: cenach itemu focus w kraju Slovenia z URL: https://api.eclesiar.com/market/items/get?country_id=20&item_id=32...
--- Dane o cenach itemu focus w kraju Slovenia ---
{
  "code": 200,
  "description": "Success"
}

Pobieranie danych: cenach itemu focus w kraju Croatia z URL: https://api.eclesiar.com/market/items/get?country_id=21&item_id=32...
--- Dane o cenach itemu focus w kraju Croatia ---
{
  "code": 200,
  "description": "Success"
}

Pobieranie danych: cenach itemu focus w kraju Bosnia and Herzegovina z URL: https://api.eclesiar.com/market/items/get?country_id=22&item_id=32...
--- Dane o cenach itemu focus w kraju Bosnia and Herzegovina ---
{
  "code": 200,
  "description": "Success"
}

Pobieranie danych: cenach itemu focus w kraju Serbia z URL: https://api.eclesiar.com/market/items/get?country_id=23&item_id=32...
--- Dane o cenach itemu focus w kraju Serbia ---
{
  "code": 200,
  "description": "Success"
}

Pobieranie danych: cenach itemu focus w kraju North Macedonia z URL: https://api.eclesiar.com/market/items/get?country_id=24&item_id=32...
--- Dane o cenach itemu focus w kraju North Macedonia ---
{
  "code": 200,
  "description": "Success"
}

Pobieranie danych: cenach itemu focus w kraju Albania z URL: https://api.eclesiar.com/market/items/get?country_id=25&item_id=32...
--- Dane o cenach itemu focus w kraju Albania ---
{
  "code": 200,
  "description": "Success"
}

Pobieranie danych: cenach itemu focus w kraju Greece z URL: https://api.eclesiar.com/market/items/get?country_id=26&item_id=32...
--- Dane o cenach itemu focus w kraju Greece ---
{
  "code": 200,
  "description": "Success"
}

Pobieranie danych: cenach itemu focus w kraju Hungary z URL: https://api.eclesiar.com/market/items/get?country_id=27&item_id=32...
--- Dane o cenach itemu focus w kraju Hungary ---
{
  "code": 200,
  "description": "Success"
}

Pobieranie danych: cenach itemu focus w kraju Romania z URL: https://api.eclesiar.com/market/items/get?country_id=28&item_id=32...
--- Dane o cenach itemu focus w kraju Romania ---
{
  "code": 200,
  "description": "Success"
}

Pobieranie danych: cenach itemu focus w kraju Bulgaria z URL: https://api.eclesiar.com/market/items/get?country_id=30&item_id=32...
--- Dane o cenach itemu focus w kraju Bulgaria ---
{
  "code": 200,
  "description": "Success"
}

Pobieranie danych: cenach itemu focus w kraju Turkey z URL: https://api.eclesiar.com/market/items/get?country_id=31&item_id=32...
--- Dane o cenach itemu focus w kraju Turkey ---
{
  "code": 200,
  "description": "Success"
}

Pobieranie danych: cenach itemu focus w kraju Ukraine z URL: https://api.eclesiar.com/market/items/get?country_id=32&item_id=32...
--- Dane o cenach itemu focus w kraju Ukraine ---
{
  "code": 200,
  "description": "Success"
}

Pobieranie danych: cenach itemu focus w kraju Russia z URL: https://api.eclesiar.com/market/items/get?country_id=33&item_id=32...
--- Dane o cenach itemu focus w kraju Russia ---
{
  "code": 200,
  "description": "Success"
}

Pobieranie danych: cenach itemu focus w kraju Georgia z URL: https://api.eclesiar.com/market/items/get?country_id=34&item_id=32...
--- Dane o cenach itemu focus w kraju Georgia ---
{
  "code": 200,
  "description": "Success"
}

Pobieranie danych: cenach itemu focus w kraju Israel z URL: https://api.eclesiar.com/market/items/get?country_id=35&item_id=32...
--- Dane o cenach itemu focus w kraju Israel ---
{
  "code": 200,
  "description": "Success"
}

Pobieranie danych: cenach itemu focus w kraju Egypt z URL: https://api.eclesiar.com/market/items/get?country_id=36&item_id=32...
--- Dane o cenach itemu focus w kraju Egypt ---
{
  "code": 200,
  "description": "Success"
}

Pobieranie danych: cenach itemu focus w kraju South Africa z URL: https://api.eclesiar.com/market/items/get?country_id=37&item_id=32...
--- Dane o cenach itemu focus w kraju South Africa ---
{
  "code": 200,
  "description": "Success"
}

Pobieranie danych: cenach itemu focus w kraju Iraq z URL: https://api.eclesiar.com/market/items/get?country_id=38&item_id=32...
--- Dane o cenach itemu focus w kraju Iraq ---
{
  "code": 200,
  "description": "Success"
}

Pobieranie danych: cenach itemu focus w kraju Saudi Arabia z URL: https://api.eclesiar.com/market/items/get?country_id=39&item_id=32...
--- Dane o cenach itemu focus w kraju Saudi Arabia ---
{
  "code": 200,
  "description": "Success"
}

Pobieranie danych: cenach itemu focus w kraju Iran z URL: https://api.eclesiar.com/market/items/get?country_id=40&item_id=32...
--- Dane o cenach itemu focus w kraju Iran ---
{
  "code": 200,
  "description": "Success"
}

Pobieranie danych: cenach itemu focus w kraju Pakistan z URL: https://api.eclesiar.com/market/items/get?country_id=41&item_id=32...
--- Dane o cenach itemu focus w kraju Pakistan ---
{
  "code": 200,
  "description": "Success"
}

Pobieranie danych: cenach itemu focus w kraju India z URL: https://api.eclesiar.com/market/items/get?country_id=42&item_id=32...
--- Dane o cenach itemu focus w kraju India ---
{
  "code": 200,
  "description": "Success"
}

Pobieranie danych: cenach itemu focus w kraju China z URL: https://api.eclesiar.com/market/items/get?country_id=43&item_id=32...
--- Dane o cenach itemu focus w kraju China ---
{
  "code": 200,
  "description": "Success"
}

Pobieranie danych: cenach itemu focus w kraju Japan z URL: https://api.eclesiar.com/market/items/get?country_id=44&item_id=32...
--- Dane o cenach itemu focus w kraju Japan ---
{
  "code": 200,
  "description": "Success"
}

Pobieranie danych: cenach itemu focus w kraju South Korea z URL: https://api.eclesiar.com/market/items/get?country_id=45&item_id=32...
--- Dane o cenach itemu focus w kraju South Korea ---
{
  "code": 200,
  "description": "Success"
}

Pobieranie danych: cenach itemu focus w kraju Indonesia z URL: https://api.eclesiar.com/market/items/get?country_id=46&item_id=32...
--- Dane o cenach itemu focus w kraju Indonesia ---
{
  "code": 200,
  "description": "Success"
}

Pobieranie danych: cenach itemu focus w kraju Australia z URL: https://api.eclesiar.com/market/items/get?country_id=47&item_id=32...
--- Dane o cenach itemu focus w kraju Australia ---
{
  "code": 200,
  "description": "Success"
}

Pobieranie danych: cenach itemu focus w kraju Philippines z URL: https://api.eclesiar.com/market/items/get?country_id=48&item_id=32...
--- Dane o cenach itemu focus w kraju Philippines ---
{
  "code": 200,
  "description": "Success"
}

Pobieranie danych: cenach itemu hammer w kraju United Kingdom z URL: https://api.eclesiar.com/market/items/get?country_id=2&item_id=33...
--- Dane o cenach itemu hammer w kraju United Kingdom ---
{
  "code": 200,
  "description": "Success"
}

Pobieranie danych: cenach itemu hammer w kraju United States of America z URL: https://api.eclesiar.com/market/items/get?country_id=3&item_id=33...
--- Dane o cenach itemu hammer w kraju United States of America ---
{
  "code": 200,
  "description": "Success"
}

Pobieranie danych: cenach itemu hammer w kraju Mexico z URL: https://api.eclesiar.com/market/items/get?country_id=4&item_id=33...
--- Dane o cenach itemu hammer w kraju Mexico ---
{
  "code": 200,
  "description": "Success"
}

Pobieranie danych: cenach itemu hammer w kraju Colombia z URL: https://api.eclesiar.com/market/items/get?country_id=5&item_id=33...
--- Dane o cenach itemu hammer w kraju Colombia ---
{
  "code": 200,
  "description": "Success"
}

Pobieranie danych: cenach itemu hammer w kraju Peru z URL: https://api.eclesiar.com/market/items/get?country_id=6&item_id=33...
--- Dane o cenach itemu hammer w kraju Peru ---
{
  "code": 200,
  "description": "Success"
}

Pobieranie danych: cenach itemu hammer w kraju Brazil z URL: https://api.eclesiar.com/market/items/get?country_id=7&item_id=33...
--- Dane o cenach itemu hammer w kraju Brazil ---
{
  "code": 200,
  "description": "Success"
}

Pobieranie danych: cenach itemu hammer w kraju Chile z URL: https://api.eclesiar.com/market/items/get?country_id=8&item_id=33...
--- Dane o cenach itemu hammer w kraju Chile ---
{
  "code": 200,
  "description": "Success"
}

Pobieranie danych: cenach itemu hammer w kraju Argentina z URL: https://api.eclesiar.com/market/items/get?country_id=10&item_id=33...
--- Dane o cenach itemu hammer w kraju Argentina ---
{
  "code": 200,
  "description": "Success"
}

Pobieranie danych: cenach itemu hammer w kraju Ireland z URL: https://api.eclesiar.com/market/items/get?country_id=11&item_id=33...
--- Dane o cenach itemu hammer w kraju Ireland ---
{
  "code": 200,
  "description": "Success"
}

Pobieranie danych: cenach itemu hammer w kraju France z URL: https://api.eclesiar.com/market/items/get?country_id=12&item_id=33...
--- Dane o cenach itemu hammer w kraju France ---
{
  "code": 200,
  "description": "Success"
}

Pobieranie danych: cenach itemu hammer w kraju Portugal z URL: https://api.eclesiar.com/market/items/get?country_id=13&item_id=33...
--- Dane o cenach itemu hammer w kraju Portugal ---
{
  "code": 200,
  "description": "Success"
}

Pobieranie danych: cenach itemu hammer w kraju Spain z URL: https://api.eclesiar.com/market/items/get?country_id=14&item_id=33...
--- Dane o cenach itemu hammer w kraju Spain ---
{
  "code": 200,
  "description": "Success"
}

Pobieranie danych: cenach itemu hammer w kraju Germany z URL: https://api.eclesiar.com/market/items/get?country_id=15&item_id=33...
--- Dane o cenach itemu hammer w kraju Germany ---
{
  "code": 200,
  "description": "Success"
}

Pobieranie danych: cenach itemu hammer w kraju Sweden z URL: https://api.eclesiar.com/market/items/get?country_id=16&item_id=33...
--- Dane o cenach itemu hammer w kraju Sweden ---
{
  "code": 200,
  "description": "Success"
}

Pobieranie danych: cenach itemu hammer w kraju Italy z URL: https://api.eclesiar.com/market/items/get?country_id=17&item_id=33...
--- Dane o cenach itemu hammer w kraju Italy ---
{
  "code": 200,
  "description": "Success"
}

Pobieranie danych: cenach itemu hammer w kraju Poland z URL: https://api.eclesiar.com/market/items/get?country_id=18&item_id=33...
--- Dane o cenach itemu hammer w kraju Poland ---
{
  "code": 200,
  "description": "Success"
}

Pobieranie danych: cenach itemu hammer w kraju Lithuania z URL: https://api.eclesiar.com/market/items/get?country_id=19&item_id=33...
--- Dane o cenach itemu hammer w kraju Lithuania ---
{
  "code": 200,
  "description": "Success"
}

Pobieranie danych: cenach itemu hammer w kraju Slovenia z URL: https://api.eclesiar.com/market/items/get?country_id=20&item_id=33...
--- Dane o cenach itemu hammer w kraju Slovenia ---
{
  "code": 200,
  "description": "Success"
}

Pobieranie danych: cenach itemu hammer w kraju Croatia z URL: https://api.eclesiar.com/market/items/get?country_id=21&item_id=33...
--- Dane o cenach itemu hammer w kraju Croatia ---
{
  "code": 200,
  "description": "Success"
}

Pobieranie danych: cenach itemu hammer w kraju Bosnia and Herzegovina z URL: https://api.eclesiar.com/market/items/get?country_id=22&item_id=33...
--- Dane o cenach itemu hammer w kraju Bosnia and Herzegovina ---
{
  "code": 200,
  "description": "Success"
}

Pobieranie danych: cenach itemu hammer w kraju Serbia z URL: https://api.eclesiar.com/market/items/get?country_id=23&item_id=33...
--- Dane o cenach itemu hammer w kraju Serbia ---
{
  "code": 200,
  "description": "Success"
}

Pobieranie danych: cenach itemu hammer w kraju North Macedonia z URL: https://api.eclesiar.com/market/items/get?country_id=24&item_id=33...
--- Dane o cenach itemu hammer w kraju North Macedonia ---
{
  "code": 200,
  "description": "Success"
}

Pobieranie danych: cenach itemu hammer w kraju Albania z URL: https://api.eclesiar.com/market/items/get?country_id=25&item_id=33...
--- Dane o cenach itemu hammer w kraju Albania ---
{
  "code": 200,
  "description": "Success"
}

Pobieranie danych: cenach itemu hammer w kraju Greece z URL: https://api.eclesiar.com/market/items/get?country_id=26&item_id=33...
--- Dane o cenach itemu hammer w kraju Greece ---
{
  "code": 200,
  "description": "Success"
}

Pobieranie danych: cenach itemu hammer w kraju Hungary z URL: https://api.eclesiar.com/market/items/get?country_id=27&item_id=33...
--- Dane o cenach itemu hammer w kraju Hungary ---
{
  "code": 200,
  "description": "Success"
}

Pobieranie danych: cenach itemu hammer w kraju Romania z URL: https://api.eclesiar.com/market/items/get?country_id=28&item_id=33...
--- Dane o cenach itemu hammer w kraju Romania ---
{
  "code": 200,
  "description": "Success"
}

Pobieranie danych: cenach itemu hammer w kraju Bulgaria z URL: https://api.eclesiar.com/market/items/get?country_id=30&item_id=33...
--- Dane o cenach itemu hammer w kraju Bulgaria ---
{
  "code": 200,
  "description": "Success"
}

Pobieranie danych: cenach itemu hammer w kraju Turkey z URL: https://api.eclesiar.com/market/items/get?country_id=31&item_id=33...
--- Dane o cenach itemu hammer w kraju Turkey ---
{
  "code": 200,
  "description": "Success"
}

Pobieranie danych: cenach itemu hammer w kraju Ukraine z URL: https://api.eclesiar.com/market/items/get?country_id=32&item_id=33...
--- Dane o cenach itemu hammer w kraju Ukraine ---
{
  "code": 200,
  "description": "Success"
}

Pobieranie danych: cenach itemu hammer w kraju Russia z URL: https://api.eclesiar.com/market/items/get?country_id=33&item_id=33...
--- Dane o cenach itemu hammer w kraju Russia ---
{
  "code": 200,
  "description": "Success"
}

Pobieranie danych: cenach itemu hammer w kraju Georgia z URL: https://api.eclesiar.com/market/items/get?country_id=34&item_id=33...
--- Dane o cenach itemu hammer w kraju Georgia ---
{
  "code": 200,
  "description": "Success"
}

Pobieranie danych: cenach itemu hammer w kraju Israel z URL: https://api.eclesiar.com/market/items/get?country_id=35&item_id=33...
--- Dane o cenach itemu hammer w kraju Israel ---
{
  "code": 200,
  "description": "Success"
}

Pobieranie danych: cenach itemu hammer w kraju Egypt z URL: https://api.eclesiar.com/market/items/get?country_id=36&item_id=33...
--- Dane o cenach itemu hammer w kraju Egypt ---
{
  "code": 200,
  "description": "Success"
}

Pobieranie danych: cenach itemu hammer w kraju South Africa z URL: https://api.eclesiar.com/market/items/get?country_id=37&item_id=33...
--- Dane o cenach itemu hammer w kraju South Africa ---
{
  "code": 200,
  "description": "Success"
}

Pobieranie danych: cenach itemu hammer w kraju Iraq z URL: https://api.eclesiar.com/market/items/get?country_id=38&item_id=33...
--- Dane o cenach itemu hammer w kraju Iraq ---
{
  "code": 200,
  "description": "Success"
}

Pobieranie danych: cenach itemu hammer w kraju Saudi Arabia z URL: https://api.eclesiar.com/market/items/get?country_id=39&item_id=33...
--- Dane o cenach itemu hammer w kraju Saudi Arabia ---
{
  "code": 200,
  "description": "Success"
}

Pobieranie danych: cenach itemu hammer w kraju Iran z URL: https://api.eclesiar.com/market/items/get?country_id=40&item_id=33...
--- Dane o cenach itemu hammer w kraju Iran ---
{
  "code": 200,
  "description": "Success"
}

Pobieranie danych: cenach itemu hammer w kraju Pakistan z URL: https://api.eclesiar.com/market/items/get?country_id=41&item_id=33...
--- Dane o cenach itemu hammer w kraju Pakistan ---
{
  "code": 200,
  "description": "Success"
}

Pobieranie danych: cenach itemu hammer w kraju India z URL: https://api.eclesiar.com/market/items/get?country_id=42&item_id=33...
--- Dane o cenach itemu hammer w kraju India ---
{
  "code": 200,
  "description": "Success"
}

Pobieranie danych: cenach itemu hammer w kraju China z URL: https://api.eclesiar.com/market/items/get?country_id=43&item_id=33...
--- Dane o cenach itemu hammer w kraju China ---
{
  "code": 200,
  "description": "Success"
}

Pobieranie danych: cenach itemu hammer w kraju Japan z URL: https://api.eclesiar.com/market/items/get?country_id=44&item_id=33...
--- Dane o cenach itemu hammer w kraju Japan ---
{
  "code": 200,
  "description": "Success"
}

Pobieranie danych: cenach itemu hammer w kraju South Korea z URL: https://api.eclesiar.com/market/items/get?country_id=45&item_id=33...
--- Dane o cenach itemu hammer w kraju South Korea ---
{
  "code": 200,
  "description": "Success"
}

Pobieranie danych: cenach itemu hammer w kraju Indonesia z URL: https://api.eclesiar.com/market/items/get?country_id=46&item_id=33...
--- Dane o cenach itemu hammer w kraju Indonesia ---
{
  "code": 200,
  "description": "Success"
}

Pobieranie danych: cenach itemu hammer w kraju Australia z URL: https://api.eclesiar.com/market/items/get?country_id=47&item_id=33...
--- Dane o cenach itemu hammer w kraju Australia ---
{
  "code": 200,
  "description": "Success"
}

Pobieranie danych: cenach itemu hammer w kraju Philippines z URL: https://api.eclesiar.com/market/items/get?country_id=48&item_id=33...
--- Dane o cenach itemu hammer w kraju Philippines ---
{
  "code": 200,
  "description": "Success"
}

Pobieranie danych: cenach itemu coffee w kraju United Kingdom z URL: https://api.eclesiar.com/market/items/get?country_id=2&item_id=34...
--- Dane o cenach itemu coffee w kraju United Kingdom ---
{
  "code": 200,
  "description": "Success"
}

Pobieranie danych: cenach itemu coffee w kraju United States of America z URL: https://api.eclesiar.com/market/items/get?country_id=3&item_id=34...
--- Dane o cenach itemu coffee w kraju United States of America ---
{
  "code": 200,
  "description": "Success"
}

Pobieranie danych: cenach itemu coffee w kraju Mexico z URL: https://api.eclesiar.com/market/items/get?country_id=4&item_id=34...
--- Dane o cenach itemu coffee w kraju Mexico ---
{
  "code": 200,
  "description": "Success"
}

Pobieranie danych: cenach itemu coffee w kraju Colombia z URL: https://api.eclesiar.com/market/items/get?country_id=5&item_id=34...
--- Dane o cenach itemu coffee w kraju Colombia ---
{
  "code": 200,
  "description": "Success"
}

Pobieranie danych: cenach itemu coffee w kraju Peru z URL: https://api.eclesiar.com/market/items/get?country_id=6&item_id=34...
--- Dane o cenach itemu coffee w kraju Peru ---
{
  "code": 200,
  "description": "Success"
}

Pobieranie danych: cenach itemu coffee w kraju Brazil z URL: https://api.eclesiar.com/market/items/get?country_id=7&item_id=34...
--- Dane o cenach itemu coffee w kraju Brazil ---
{
  "code": 200,
  "description": "Success"
}

Pobieranie danych: cenach itemu coffee w kraju Chile z URL: https://api.eclesiar.com/market/items/get?country_id=8&item_id=34...
--- Dane o cenach itemu coffee w kraju Chile ---
{
  "code": 200,
  "description": "Success"
}

Pobieranie danych: cenach itemu coffee w kraju Argentina z URL: https://api.eclesiar.com/market/items/get?country_id=10&item_id=34...
--- Dane o cenach itemu coffee w kraju Argentina ---
{
  "code": 200,
  "description": "Success"
}

Pobieranie danych: cenach itemu coffee w kraju Ireland z URL: https://api.eclesiar.com/market/items/get?country_id=11&item_id=34...
--- Dane o cenach itemu coffee w kraju Ireland ---
{
  "code": 200,
  "description": "Success"
}

Pobieranie danych: cenach itemu coffee w kraju France z URL: https://api.eclesiar.com/market/items/get?country_id=12&item_id=34...
--- Dane o cenach itemu coffee w kraju France ---
{
  "code": 200,
  "description": "Success"
}

Pobieranie danych: cenach itemu coffee w kraju Portugal z URL: https://api.eclesiar.com/market/items/get?country_id=13&item_id=34...
--- Dane o cenach itemu coffee w kraju Portugal ---
{
  "code": 200,
  "description": "Success"
}

Pobieranie danych: cenach itemu coffee w kraju Spain z URL: https://api.eclesiar.com/market/items/get?country_id=14&item_id=34...
--- Dane o cenach itemu coffee w kraju Spain ---
{
  "code": 200,
  "description": "Success"
}

Pobieranie danych: cenach itemu coffee w kraju Germany z URL: https://api.eclesiar.com/market/items/get?country_id=15&item_id=34...
--- Dane o cenach itemu coffee w kraju Germany ---
{
  "code": 200,
  "description": "Success"
}

Pobieranie danych: cenach itemu coffee w kraju Sweden z URL: https://api.eclesiar.com/market/items/get?country_id=16&item_id=34...
--- Dane o cenach itemu coffee w kraju Sweden ---
{
  "code": 200,
  "description": "Success"
}

Pobieranie danych: cenach itemu coffee w kraju Italy z URL: https://api.eclesiar.com/market/items/get?country_id=17&item_id=34...
--- Dane o cenach itemu coffee w kraju Italy ---
{
  "code": 200,
  "description": "Success"
}

Pobieranie danych: cenach itemu coffee w kraju Poland z URL: https://api.eclesiar.com/market/items/get?country_id=18&item_id=34...
--- Dane o cenach itemu coffee w kraju Poland ---
{
  "code": 200,
  "description": "Success"
}

Pobieranie danych: cenach itemu coffee w kraju Lithuania z URL: https://api.eclesiar.com/market/items/get?country_id=19&item_id=34...
--- Dane o cenach itemu coffee w kraju Lithuania ---
{
  "code": 200,
  "description": "Success"
}

Pobieranie danych: cenach itemu coffee w kraju Slovenia z URL: https://api.eclesiar.com/market/items/get?country_id=20&item_id=34...
--- Dane o cenach itemu coffee w kraju Slovenia ---
{
  "code": 200,
  "description": "Success"
}

Pobieranie danych: cenach itemu coffee w kraju Croatia z URL: https://api.eclesiar.com/market/items/get?country_id=21&item_id=34...
--- Dane o cenach itemu coffee w kraju Croatia ---
{
  "code": 200,
  "description": "Success"
}

Pobieranie danych: cenach itemu coffee w kraju Bosnia and Herzegovina z URL: https://api.eclesiar.com/market/items/get?country_id=22&item_id=34...
--- Dane o cenach itemu coffee w kraju Bosnia and Herzegovina ---
{
  "code": 200,
  "description": "Success"
}

Pobieranie danych: cenach itemu coffee w kraju Serbia z URL: https://api.eclesiar.com/market/items/get?country_id=23&item_id=34...
--- Dane o cenach itemu coffee w kraju Serbia ---
{
  "code": 200,
  "description": "Success"
}

Pobieranie danych: cenach itemu coffee w kraju North Macedonia z URL: https://api.eclesiar.com/market/items/get?country_id=24&item_id=34...
--- Dane o cenach itemu coffee w kraju North Macedonia ---
{
  "code": 200,
  "description": "Success"
}

Pobieranie danych: cenach itemu coffee w kraju Albania z URL: https://api.eclesiar.com/market/items/get?country_id=25&item_id=34...
--- Dane o cenach itemu coffee w kraju Albania ---
{
  "code": 200,
  "description": "Success"
}

Pobieranie danych: cenach itemu coffee w kraju Greece z URL: https://api.eclesiar.com/market/items/get?country_id=26&item_id=34...
--- Dane o cenach itemu coffee w kraju Greece ---
{
  "code": 200,
  "description": "Success"
}

Pobieranie danych: cenach itemu coffee w kraju Hungary z URL: https://api.eclesiar.com/market/items/get?country_id=27&item_id=34...
--- Dane o cenach itemu coffee w kraju Hungary ---
{
  "code": 200,
  "description": "Success"
}

Pobieranie danych: cenach itemu coffee w kraju Romania z URL: https://api.eclesiar.com/market/items/get?country_id=28&item_id=34...
--- Dane o cenach itemu coffee w kraju Romania ---
{
  "code": 200,
  "description": "Success"
}

Pobieranie danych: cenach itemu coffee w kraju Bulgaria z URL: https://api.eclesiar.com/market/items/get?country_id=30&item_id=34...
--- Dane o cenach itemu coffee w kraju Bulgaria ---
{
  "code": 200,
  "description": "Success"
}

Pobieranie danych: cenach itemu coffee w kraju Turkey z URL: https://api.eclesiar.com/market/items/get?country_id=31&item_id=34...
--- Dane o cenach itemu coffee w kraju Turkey ---
{
  "code": 200,
  "description": "Success"
}

Pobieranie danych: cenach itemu coffee w kraju Ukraine z URL: https://api.eclesiar.com/market/items/get?country_id=32&item_id=34...
--- Dane o cenach itemu coffee w kraju Ukraine ---
{
  "code": 200,
  "description": "Success"
}

Pobieranie danych: cenach itemu coffee w kraju Russia z URL: https://api.eclesiar.com/market/items/get?country_id=33&item_id=34...
--- Dane o cenach itemu coffee w kraju Russia ---
{
  "code": 200,
  "description": "Success"
}

Pobieranie danych: cenach itemu coffee w kraju Georgia z URL: https://api.eclesiar.com/market/items/get?country_id=34&item_id=34...
--- Dane o cenach itemu coffee w kraju Georgia ---
{
  "code": 200,
  "description": "Success"
}

Pobieranie danych: cenach itemu coffee w kraju Israel z URL: https://api.eclesiar.com/market/items/get?country_id=35&item_id=34...
--- Dane o cenach itemu coffee w kraju Israel ---
{
  "code": 200,
  "description": "Success"
}

Pobieranie danych: cenach itemu coffee w kraju Egypt z URL: https://api.eclesiar.com/market/items/get?country_id=36&item_id=34...
--- Dane o cenach itemu coffee w kraju Egypt ---
{
  "code": 200,
  "description": "Success"
}

Pobieranie danych: cenach itemu coffee w kraju South Africa z URL: https://api.eclesiar.com/market/items/get?country_id=37&item_id=34...
--- Dane o cenach itemu coffee w kraju South Africa ---
{
  "code": 200,
  "description": "Success"
}

Pobieranie danych: cenach itemu coffee w kraju Iraq z URL: https://api.eclesiar.com/market/items/get?country_id=38&item_id=34...
--- Dane o cenach itemu coffee w kraju Iraq ---
{
  "code": 200,
  "description": "Success"
}

Pobieranie danych: cenach itemu coffee w kraju Saudi Arabia z URL: https://api.eclesiar.com/market/items/get?country_id=39&item_id=34...
--- Dane o cenach itemu coffee w kraju Saudi Arabia ---
{
  "code": 200,
  "description": "Success"
}

Pobieranie danych: cenach itemu coffee w kraju Iran z URL: https://api.eclesiar.com/market/items/get?country_id=40&item_id=34...
--- Dane o cenach itemu coffee w kraju Iran ---
{
  "code": 200,
  "description": "Success"
}

Pobieranie danych: cenach itemu coffee w kraju Pakistan z URL: https://api.eclesiar.com/market/items/get?country_id=41&item_id=34...
--- Dane o cenach itemu coffee w kraju Pakistan ---
{
  "code": 200,
  "description": "Success"
}

Pobieranie danych: cenach itemu coffee w kraju India z URL: https://api.eclesiar.com/market/items/get?country_id=42&item_id=34...
--- Dane o cenach itemu coffee w kraju India ---
{
  "code": 200,
  "description": "Success"
}

Pobieranie danych: cenach itemu coffee w kraju China z URL: https://api.eclesiar.com/market/items/get?country_id=43&item_id=34...
--- Dane o cenach itemu coffee w kraju China ---
{
  "code": 200,
  "description": "Success"
}

Pobieranie danych: cenach itemu coffee w kraju Japan z URL: https://api.eclesiar.com/market/items/get?country_id=44&item_id=34...
--- Dane o cenach itemu coffee w kraju Japan ---
{
  "code": 200,
  "description": "Success"
}

Pobieranie danych: cenach itemu coffee w kraju South Korea z URL: https://api.eclesiar.com/market/items/get?country_id=45&item_id=34...
--- Dane o cenach itemu coffee w kraju South Korea ---
{
  "code": 200,
  "description": "Success"
}

Pobieranie danych: cenach itemu coffee w kraju Indonesia z URL: https://api.eclesiar.com/market/items/get?country_id=46&item_id=34...
--- Dane o cenach itemu coffee w kraju Indonesia ---
{
  "code": 200,
  "description": "Success"
}

Pobieranie danych: cenach itemu coffee w kraju Australia z URL: https://api.eclesiar.com/market/items/get?country_id=47&item_id=34...
--- Dane o cenach itemu coffee w kraju Australia ---
{
  "code": 200,
  "description": "Success"
}

Pobieranie danych: cenach itemu coffee w kraju Philippines z URL: https://api.eclesiar.com/market/items/get?country_id=48&item_id=34...
--- Dane o cenach itemu coffee w kraju Philippines ---
{
  "code": 200,
  "description": "Success"
}

Pobieranie danych: cenach itemu protein bar w kraju United Kingdom z URL: https://api.eclesiar.com/market/items/get?country_id=2&item_id=35...
--- Dane o cenach itemu protein bar w kraju United Kingdom ---
{
  "code": 200,
  "description": "Success"
}

Pobieranie danych: cenach itemu protein bar w kraju United States of America z URL: https://api.eclesiar.com/market/items/get?country_id=3&item_id=35...
--- Dane o cenach itemu protein bar w kraju United States of America ---
{
  "code": 200,
  "description": "Success"
}

Pobieranie danych: cenach itemu protein bar w kraju Mexico z URL: https://api.eclesiar.com/market/items/get?country_id=4&item_id=35...
--- Dane o cenach itemu protein bar w kraju Mexico ---
{
  "code": 200,
  "description": "Success"
}

Pobieranie danych: cenach itemu protein bar w kraju Colombia z URL: https://api.eclesiar.com/market/items/get?country_id=5&item_id=35...
--- Dane o cenach itemu protein bar w kraju Colombia ---
{
  "code": 200,
  "description": "Success"
}

Pobieranie danych: cenach itemu protein bar w kraju Peru z URL: https://api.eclesiar.com/market/items/get?country_id=6&item_id=35...
--- Dane o cenach itemu protein bar w kraju Peru ---
{
  "code": 200,
  "description": "Success"
}

Pobieranie danych: cenach itemu protein bar w kraju Brazil z URL: https://api.eclesiar.com/market/items/get?country_id=7&item_id=35...
--- Dane o cenach itemu protein bar w kraju Brazil ---
{
  "code": 200,
  "description": "Success"
}

Pobieranie danych: cenach itemu protein bar w kraju Chile z URL: https://api.eclesiar.com/market/items/get?country_id=8&item_id=35...
--- Dane o cenach itemu protein bar w kraju Chile ---
{
  "code": 200,
  "description": "Success"
}

Pobieranie danych: cenach itemu protein bar w kraju Argentina z URL: https://api.eclesiar.com/market/items/get?country_id=10&item_id=35...
--- Dane o cenach itemu protein bar w kraju Argentina ---
{
  "code": 200,
  "description": "Success"
}

Pobieranie danych: cenach itemu protein bar w kraju Ireland z URL: https://api.eclesiar.com/market/items/get?country_id=11&item_id=35...
--- Dane o cenach itemu protein bar w kraju Ireland ---
{
  "code": 200,
  "description": "Success"
}

Pobieranie danych: cenach itemu protein bar w kraju France z URL: https://api.eclesiar.com/market/items/get?country_id=12&item_id=35...
--- Dane o cenach itemu protein bar w kraju France ---
{
  "code": 200,
  "description": "Success"
}

Pobieranie danych: cenach itemu protein bar w kraju Portugal z URL: https://api.eclesiar.com/market/items/get?country_id=13&item_id=35...
--- Dane o cenach itemu protein bar w kraju Portugal ---
{
  "code": 200,
  "description": "Success"
}

Pobieranie danych: cenach itemu protein bar w kraju Spain z URL: https://api.eclesiar.com/market/items/get?country_id=14&item_id=35...
--- Dane o cenach itemu protein bar w kraju Spain ---
{
  "code": 200,
  "description": "Success"
}

Pobieranie danych: cenach itemu protein bar w kraju Germany z URL: https://api.eclesiar.com/market/items/get?country_id=15&item_id=35...
--- Dane o cenach itemu protein bar w kraju Germany ---
{
  "code": 200,
  "description": "Success"
}

Pobieranie danych: cenach itemu protein bar w kraju Sweden z URL: https://api.eclesiar.com/market/items/get?country_id=16&item_id=35...
--- Dane o cenach itemu protein bar w kraju Sweden ---
{
  "code": 200,
  "description": "Success"
}

Pobieranie danych: cenach itemu protein bar w kraju Italy z URL: https://api.eclesiar.com/market/items/get?country_id=17&item_id=35...
--- Dane o cenach itemu protein bar w kraju Italy ---
{
  "code": 200,
  "description": "Success"
}

Pobieranie danych: cenach itemu protein bar w kraju Poland z URL: https://api.eclesiar.com/market/items/get?country_id=18&item_id=35...
--- Dane o cenach itemu protein bar w kraju Poland ---
{
  "code": 200,
  "description": "Success"
}

Pobieranie danych: cenach itemu protein bar w kraju Lithuania z URL: https://api.eclesiar.com/market/items/get?country_id=19&item_id=35...
--- Dane o cenach itemu protein bar w kraju Lithuania ---
{
  "code": 200,
  "description": "Success"
}

Pobieranie danych: cenach itemu protein bar w kraju Slovenia z URL: https://api.eclesiar.com/market/items/get?country_id=20&item_id=35...
--- Dane o cenach itemu protein bar w kraju Slovenia ---
{
  "code": 200,
  "description": "Success"
}

Pobieranie danych: cenach itemu protein bar w kraju Croatia z URL: https://api.eclesiar.com/market/items/get?country_id=21&item_id=35...
--- Dane o cenach itemu protein bar w kraju Croatia ---
{
  "code": 200,
  "description": "Success"
}

Pobieranie danych: cenach itemu protein bar w kraju Bosnia and Herzegovina z URL: https://api.eclesiar.com/market/items/get?country_id=22&item_id=35...
--- Dane o cenach itemu protein bar w kraju Bosnia and Herzegovina ---
{
  "code": 200,
  "description": "Success"
}

Pobieranie danych: cenach itemu protein bar w kraju Serbia z URL: https://api.eclesiar.com/market/items/get?country_id=23&item_id=35...
--- Dane o cenach itemu protein bar w kraju Serbia ---
{
  "code": 200,
  "description": "Success"
}

Pobieranie danych: cenach itemu protein bar w kraju North Macedonia z URL: https://api.eclesiar.com/market/items/get?country_id=24&item_id=35...
--- Dane o cenach itemu protein bar w kraju North Macedonia ---
{
  "code": 200,
  "description": "Success"
}

Pobieranie danych: cenach itemu protein bar w kraju Albania z URL: https://api.eclesiar.com/market/items/get?country_id=25&item_id=35...
--- Dane o cenach itemu protein bar w kraju Albania ---
{
  "code": 200,
  "description": "Success"
}

Pobieranie danych: cenach itemu protein bar w kraju Greece z URL: https://api.eclesiar.com/market/items/get?country_id=26&item_id=35...
--- Dane o cenach itemu protein bar w kraju Greece ---
{
  "code": 200,
  "description": "Success"
}

Pobieranie danych: cenach itemu protein bar w kraju Hungary z URL: https://api.eclesiar.com/market/items/get?country_id=27&item_id=35...
--- Dane o cenach itemu protein bar w kraju Hungary ---
{
  "code": 200,
  "description": "Success"
}

Pobieranie danych: cenach itemu protein bar w kraju Romania z URL: https://api.eclesiar.com/market/items/get?country_id=28&item_id=35...
--- Dane o cenach itemu protein bar w kraju Romania ---
{
  "code": 200,
  "description": "Success"
}

Pobieranie danych: cenach itemu protein bar w kraju Bulgaria z URL: https://api.eclesiar.com/market/items/get?country_id=30&item_id=35...
--- Dane o cenach itemu protein bar w kraju Bulgaria ---
{
  "code": 200,
  "description": "Success"
}

Pobieranie danych: cenach itemu protein bar w kraju Turkey z URL: https://api.eclesiar.com/market/items/get?country_id=31&item_id=35...
--- Dane o cenach itemu protein bar w kraju Turkey ---
{
  "code": 200,
  "description": "Success"
}

Pobieranie danych: cenach itemu protein bar w kraju Ukraine z URL: https://api.eclesiar.com/market/items/get?country_id=32&item_id=35...
--- Dane o cenach itemu protein bar w kraju Ukraine ---
{
  "code": 200,
  "description": "Success"
}

Pobieranie danych: cenach itemu protein bar w kraju Russia z URL: https://api.eclesiar.com/market/items/get?country_id=33&item_id=35...
--- Dane o cenach itemu protein bar w kraju Russia ---
{
  "code": 200,
  "description": "Success"
}

Pobieranie danych: cenach itemu protein bar w kraju Georgia z URL: https://api.eclesiar.com/market/items/get?country_id=34&item_id=35...
--- Dane o cenach itemu protein bar w kraju Georgia ---
{
  "code": 200,
  "description": "Success"
}

Pobieranie danych: cenach itemu protein bar w kraju Israel z URL: https://api.eclesiar.com/market/items/get?country_id=35&item_id=35...
--- Dane o cenach itemu protein bar w kraju Israel ---
{
  "code": 200,
  "description": "Success"
}

Pobieranie danych: cenach itemu protein bar w kraju Egypt z URL: https://api.eclesiar.com/market/items/get?country_id=36&item_id=35...
--- Dane o cenach itemu protein bar w kraju Egypt ---
{
  "code": 200,
  "description": "Success"
}

Pobieranie danych: cenach itemu protein bar w kraju South Africa z URL: https://api.eclesiar.com/market/items/get?country_id=37&item_id=35...
--- Dane o cenach itemu protein bar w kraju South Africa ---
{
  "code": 200,
  "description": "Success"
}

Pobieranie danych: cenach itemu protein bar w kraju Iraq z URL: https://api.eclesiar.com/market/items/get?country_id=38&item_id=35...
--- Dane o cenach itemu protein bar w kraju Iraq ---
{
  "code": 200,
  "description": "Success"
}

Pobieranie danych: cenach itemu protein bar w kraju Saudi Arabia z URL: https://api.eclesiar.com/market/items/get?country_id=39&item_id=35...
--- Dane o cenach itemu protein bar w kraju Saudi Arabia ---
{
  "code": 200,
  "description": "Success"
}

Pobieranie danych: cenach itemu protein bar w kraju Iran z URL: https://api.eclesiar.com/market/items/get?country_id=40&item_id=35...
--- Dane o cenach itemu protein bar w kraju Iran ---
{
  "code": 200,
  "description": "Success"
}

Pobieranie danych: cenach itemu protein bar w kraju Pakistan z URL: https://api.eclesiar.com/market/items/get?country_id=41&item_id=35...
--- Dane o cenach itemu protein bar w kraju Pakistan ---
{
  "code": 200,
  "description": "Success"
}

Pobieranie danych: cenach itemu protein bar w kraju India z URL: https://api.eclesiar.com/market/items/get?country_id=42&item_id=35...
--- Dane o cenach itemu protein bar w kraju India ---
{
  "code": 200,
  "description": "Success"
}

Pobieranie danych: cenach itemu protein bar w kraju China z URL: https://api.eclesiar.com/market/items/get?country_id=43&item_id=35...
--- Dane o cenach itemu protein bar w kraju China ---
{
  "code": 200,
  "description": "Success"
}

Pobieranie danych: cenach itemu protein bar w kraju Japan z URL: https://api.eclesiar.com/market/items/get?country_id=44&item_id=35...
--- Dane o cenach itemu protein bar w kraju Japan ---
{
  "code": 200,
  "description": "Success"
}

Pobieranie danych: cenach itemu protein bar w kraju South Korea z URL: https://api.eclesiar.com/market/items/get?country_id=45&item_id=35...
--- Dane o cenach itemu protein bar w kraju South Korea ---
{
  "code": 200,
  "description": "Success"
}

Pobieranie danych: cenach itemu protein bar w kraju Indonesia z URL: https://api.eclesiar.com/market/items/get?country_id=46&item_id=35...
--- Dane o cenach itemu protein bar w kraju Indonesia ---
{
  "code": 200,
  "description": "Success"
}

Pobieranie danych: cenach itemu protein bar w kraju Australia z URL: https://api.eclesiar.com/market/items/get?country_id=47&item_id=35...
--- Dane o cenach itemu protein bar w kraju Australia ---
{
  "code": 200,
  "description": "Success"
}

Pobieranie danych: cenach itemu protein bar w kraju Philippines z URL: https://api.eclesiar.com/market/items/get?country_id=48&item_id=35...
--- Dane o cenach itemu protein bar w kraju Philippines ---
{
  "code": 200,
  "description": "Success"
}

Pobieranie danych: cenach itemu food q5 w kraju United Kingdom z URL: https://api.eclesiar.com/market/items/get?country_id=2&item_id=36...
--- Dane o cenach itemu food q5 w kraju United Kingdom ---
{
  "code": 200,
  "description": "Success"
}

Pobieranie danych: cenach itemu food q5 w kraju United States of America z URL: https://api.eclesiar.com/market/items/get?country_id=3&item_id=36...
--- Dane o cenach itemu food q5 w kraju United States of America ---
{
  "code": 200,
  "description": "Success"
}

Pobieranie danych: cenach itemu food q5 w kraju Mexico z URL: https://api.eclesiar.com/market/items/get?country_id=4&item_id=36...
--- Dane o cenach itemu food q5 w kraju Mexico ---
{
  "code": 200,
  "description": "Success"
}

Pobieranie danych: cenach itemu food q5 w kraju Colombia z URL: https://api.eclesiar.com/market/items/get?country_id=5&item_id=36...
--- Dane o cenach itemu food q5 w kraju Colombia ---
{
  "code": 200,
  "description": "Success"
}

Pobieranie danych: cenach itemu food q5 w kraju Peru z URL: https://api.eclesiar.com/market/items/get?country_id=6&item_id=36...
--- Dane o cenach itemu food q5 w kraju Peru ---
{
  "code": 200,
  "description": "Success"
}

Pobieranie danych: cenach itemu food q5 w kraju Brazil z URL: https://api.eclesiar.com/market/items/get?country_id=7&item_id=36...
--- Dane o cenach itemu food q5 w kraju Brazil ---
{
  "code": 200,
  "description": "Success"
}

Pobieranie danych: cenach itemu food q5 w kraju Chile z URL: https://api.eclesiar.com/market/items/get?country_id=8&item_id=36...
--- Dane o cenach itemu food q5 w kraju Chile ---
{
  "code": 200,
  "description": "Success"
}

Pobieranie danych: cenach itemu food q5 w kraju Argentina z URL: https://api.eclesiar.com/market/items/get?country_id=10&item_id=36...
--- Dane o cenach itemu food q5 w kraju Argentina ---
{
  "code": 200,
  "description": "Success"
}

Pobieranie danych: cenach itemu food q5 w kraju Ireland z URL: https://api.eclesiar.com/market/items/get?country_id=11&item_id=36...
--- Dane o cenach itemu food q5 w kraju Ireland ---
{
  "code": 200,
  "description": "Success"
}

Pobieranie danych: cenach itemu food q5 w kraju France z URL: https://api.eclesiar.com/market/items/get?country_id=12&item_id=36...
--- Dane o cenach itemu food q5 w kraju France ---
{
  "code": 200,
  "description": "Success"
}

Pobieranie danych: cenach itemu food q5 w kraju Portugal z URL: https://api.eclesiar.com/market/items/get?country_id=13&item_id=36...
--- Dane o cenach itemu food q5 w kraju Portugal ---
{
  "code": 200,
  "description": "Success"
}

Pobieranie danych: cenach itemu food q5 w kraju Spain z URL: https://api.eclesiar.com/market/items/get?country_id=14&item_id=36...
--- Dane o cenach itemu food q5 w kraju Spain ---
{
  "code": 200,
  "description": "Success"
}

Pobieranie danych: cenach itemu food q5 w kraju Germany z URL: https://api.eclesiar.com/market/items/get?country_id=15&item_id=36...
--- Dane o cenach itemu food q5 w kraju Germany ---
{
  "code": 200,
  "description": "Success"
}

Pobieranie danych: cenach itemu food q5 w kraju Sweden z URL: https://api.eclesiar.com/market/items/get?country_id=16&item_id=36...
--- Dane o cenach itemu food q5 w kraju Sweden ---
{
  "code": 200,
  "description": "Success"
}

Pobieranie danych: cenach itemu food q5 w kraju Italy z URL: https://api.eclesiar.com/market/items/get?country_id=17&item_id=36...
--- Dane o cenach itemu food q5 w kraju Italy ---
{
  "code": 200,
  "description": "Success"
}

Pobieranie danych: cenach itemu food q5 w kraju Poland z URL: https://api.eclesiar.com/market/items/get?country_id=18&item_id=36...
--- Dane o cenach itemu food q5 w kraju Poland ---
{
  "code": 200,
  "description": "Success"
}

Pobieranie danych: cenach itemu food q5 w kraju Lithuania z URL: https://api.eclesiar.com/market/items/get?country_id=19&item_id=36...
--- Dane o cenach itemu food q5 w kraju Lithuania ---
{
  "code": 200,
  "description": "Success"
}

Pobieranie danych: cenach itemu food q5 w kraju Slovenia z URL: https://api.eclesiar.com/market/items/get?country_id=20&item_id=36...
--- Dane o cenach itemu food q5 w kraju Slovenia ---
{
  "code": 200,
  "description": "Success"
}

Pobieranie danych: cenach itemu food q5 w kraju Croatia z URL: https://api.eclesiar.com/market/items/get?country_id=21&item_id=36...
--- Dane o cenach itemu food q5 w kraju Croatia ---
{
  "code": 200,
  "description": "Success"
}

Pobieranie danych: cenach itemu food q5 w kraju Bosnia and Herzegovina z URL: https://api.eclesiar.com/market/items/get?country_id=22&item_id=36...
--- Dane o cenach itemu food q5 w kraju Bosnia and Herzegovina ---
{
  "code": 200,
  "description": "Success"
}

Pobieranie danych: cenach itemu food q5 w kraju Serbia z URL: https://api.eclesiar.com/market/items/get?country_id=23&item_id=36...
--- Dane o cenach itemu food q5 w kraju Serbia ---
{
  "code": 200,
  "description": "Success"
}

Pobieranie danych: cenach itemu food q5 w kraju North Macedonia z URL: https://api.eclesiar.com/market/items/get?country_id=24&item_id=36...
--- Dane o cenach itemu food q5 w kraju North Macedonia ---
{
  "code": 200,
  "description": "Success"
}

Pobieranie danych: cenach itemu food q5 w kraju Albania z URL: https://api.eclesiar.com/market/items/get?country_id=25&item_id=36...
--- Dane o cenach itemu food q5 w kraju Albania ---
{
  "code": 200,
  "description": "Success"
}

Pobieranie danych: cenach itemu food q5 w kraju Greece z URL: https://api.eclesiar.com/market/items/get?country_id=26&item_id=36...
--- Dane o cenach itemu food q5 w kraju Greece ---
{
  "code": 200,
  "description": "Success"
}

Pobieranie danych: cenach itemu food q5 w kraju Hungary z URL: https://api.eclesiar.com/market/items/get?country_id=27&item_id=36...
--- Dane o cenach itemu food q5 w kraju Hungary ---
{
  "code": 200,
  "description": "Success"
}

Pobieranie danych: cenach itemu food q5 w kraju Romania z URL: https://api.eclesiar.com/market/items/get?country_id=28&item_id=36...
--- Dane o cenach itemu food q5 w kraju Romania ---
{
  "code": 200,
  "description": "Success"
}

Pobieranie danych: cenach itemu food q5 w kraju Bulgaria z URL: https://api.eclesiar.com/market/items/get?country_id=30&item_id=36...
--- Dane o cenach itemu food q5 w kraju Bulgaria ---
{
  "code": 200,
  "description": "Success"
}

Pobieranie danych: cenach itemu food q5 w kraju Turkey z URL: https://api.eclesiar.com/market/items/get?country_id=31&item_id=36...
--- Dane o cenach itemu food q5 w kraju Turkey ---
{
  "code": 200,
  "description": "Success"
}

Pobieranie danych: cenach itemu food q5 w kraju Ukraine z URL: https://api.eclesiar.com/market/items/get?country_id=32&item_id=36...
--- Dane o cenach itemu food q5 w kraju Ukraine ---
{
  "code": 200,
  "description": "Success"
}

Pobieranie danych: cenach itemu food q5 w kraju Russia z URL: https://api.eclesiar.com/market/items/get?country_id=33&item_id=36...
--- Dane o cenach itemu food q5 w kraju Russia ---
{
  "code": 200,
  "description": "Success"
}

Pobieranie danych: cenach itemu food q5 w kraju Georgia z URL: https://api.eclesiar.com/market/items/get?country_id=34&item_id=36...
--- Dane o cenach itemu food q5 w kraju Georgia ---
{
  "code": 200,
  "description": "Success"
}

Pobieranie danych: cenach itemu food q5 w kraju Israel z URL: https://api.eclesiar.com/market/items/get?country_id=35&item_id=36...
--- Dane o cenach itemu food q5 w kraju Israel ---
{
  "code": 200,
  "description": "Success"
}

Pobieranie danych: cenach itemu food q5 w kraju Egypt z URL: https://api.eclesiar.com/market/items/get?country_id=36&item_id=36...
--- Dane o cenach itemu food q5 w kraju Egypt ---
{
  "code": 200,
  "description": "Success"
}

Pobieranie danych: cenach itemu food q5 w kraju South Africa z URL: https://api.eclesiar.com/market/items/get?country_id=37&item_id=36...
--- Dane o cenach itemu food q5 w kraju South Africa ---
{
  "code": 200,
  "description": "Success"
}

Pobieranie danych: cenach itemu food q5 w kraju Iraq z URL: https://api.eclesiar.com/market/items/get?country_id=38&item_id=36...
--- Dane o cenach itemu food q5 w kraju Iraq ---
{
  "code": 200,
  "description": "Success"
}

Pobieranie danych: cenach itemu food q5 w kraju Saudi Arabia z URL: https://api.eclesiar.com/market/items/get?country_id=39&item_id=36...
--- Dane o cenach itemu food q5 w kraju Saudi Arabia ---
{
  "code": 200,
  "description": "Success"
}

Pobieranie danych: cenach itemu food q5 w kraju Iran z URL: https://api.eclesiar.com/market/items/get?country_id=40&item_id=36...
--- Dane o cenach itemu food q5 w kraju Iran ---
{
  "code": 200,
  "description": "Success"
}

Pobieranie danych: cenach itemu food q5 w kraju Pakistan z URL: https://api.eclesiar.com/market/items/get?country_id=41&item_id=36...
--- Dane o cenach itemu food q5 w kraju Pakistan ---
{
  "code": 200,
  "description": "Success"
}

Pobieranie danych: cenach itemu food q5 w kraju India z URL: https://api.eclesiar.com/market/items/get?country_id=42&item_id=36...
--- Dane o cenach itemu food q5 w kraju India ---
{
  "code": 200,
  "description": "Success"
}

Pobieranie danych: cenach itemu food q5 w kraju China z URL: https://api.eclesiar.com/market/items/get?country_id=43&item_id=36...
--- Dane o cenach itemu food q5 w kraju China ---
{
  "code": 200,
  "description": "Success"
}

Pobieranie danych: cenach itemu food q5 w kraju Japan z URL: https://api.eclesiar.com/market/items/get?country_id=44&item_id=36...
--- Dane o cenach itemu food q5 w kraju Japan ---
{
  "code": 200,
  "description": "Success"
}

Pobieranie danych: cenach itemu food q5 w kraju South Korea z URL: https://api.eclesiar.com/market/items/get?country_id=45&item_id=36...
--- Dane o cenach itemu food q5 w kraju South Korea ---
{
  "code": 200,
  "description": "Success"
}

Pobieranie danych: cenach itemu food q5 w kraju Indonesia z URL: https://api.eclesiar.com/market/items/get?country_id=46&item_id=36...
--- Dane o cenach itemu food q5 w kraju Indonesia ---
{
  "code": 200,
  "description": "Success"
}

Pobieranie danych: cenach itemu food q5 w kraju Australia z URL: https://api.eclesiar.com/market/items/get?country_id=47&item_id=36...
--- Dane o cenach itemu food q5 w kraju Australia ---
{
  "code": 200,
  "description": "Success"
}

Pobieranie danych: cenach itemu food q5 w kraju Philippines z URL: https://api.eclesiar.com/market/items/get?country_id=48&item_id=36...
--- Dane o cenach itemu food q5 w kraju Philippines ---
{
  "code": 200,
  "description": "Success"
}

Pobieranie danych: cenach itemu airplane ticket q5 w kraju United Kingdom z URL: https://api.eclesiar.com/market/items/get?country_id=2&item_id=37...
--- Dane o cenach itemu airplane ticket q5 w kraju United Kingdom ---
{
  "code": 200,
  "description": "Success"
}

Pobieranie danych: cenach itemu airplane ticket q5 w kraju United States of America z URL: https://api.eclesiar.com/market/items/get?country_id=3&item_id=37...
--- Dane o cenach itemu airplane ticket q5 w kraju United States of America ---
{
  "code": 200,
  "description": "Success"
}

Pobieranie danych: cenach itemu airplane ticket q5 w kraju Mexico z URL: https://api.eclesiar.com/market/items/get?country_id=4&item_id=37...
--- Dane o cenach itemu airplane ticket q5 w kraju Mexico ---
{
  "code": 200,
  "description": "Success"
}

Pobieranie danych: cenach itemu airplane ticket q5 w kraju Colombia z URL: https://api.eclesiar.com/market/items/get?country_id=5&item_id=37...
--- Dane o cenach itemu airplane ticket q5 w kraju Colombia ---
{
  "code": 200,
  "description": "Success"
}

Pobieranie danych: cenach itemu airplane ticket q5 w kraju Peru z URL: https://api.eclesiar.com/market/items/get?country_id=6&item_id=37...
--- Dane o cenach itemu airplane ticket q5 w kraju Peru ---
{
  "code": 200,
  "description": "Success"
}

Pobieranie danych: cenach itemu airplane ticket q5 w kraju Brazil z URL: https://api.eclesiar.com/market/items/get?country_id=7&item_id=37...
--- Dane o cenach itemu airplane ticket q5 w kraju Brazil ---
{
  "code": 200,
  "description": "Success"
}

Pobieranie danych: cenach itemu airplane ticket q5 w kraju Chile z URL: https://api.eclesiar.com/market/items/get?country_id=8&item_id=37...
--- Dane o cenach itemu airplane ticket q5 w kraju Chile ---
{
  "code": 200,
  "description": "Success"
}

Pobieranie danych: cenach itemu airplane ticket q5 w kraju Argentina z URL: https://api.eclesiar.com/market/items/get?country_id=10&item_id=37...
--- Dane o cenach itemu airplane ticket q5 w kraju Argentina ---
{
  "code": 200,
  "description": "Success"
}

Pobieranie danych: cenach itemu airplane ticket q5 w kraju Ireland z URL: https://api.eclesiar.com/market/items/get?country_id=11&item_id=37...
--- Dane o cenach itemu airplane ticket q5 w kraju Ireland ---
{
  "code": 200,
  "description": "Success"
}

Pobieranie danych: cenach itemu airplane ticket q5 w kraju France z URL: https://api.eclesiar.com/market/items/get?country_id=12&item_id=37...
--- Dane o cenach itemu airplane ticket q5 w kraju France ---
{
  "code": 200,
  "description": "Success"
}

Pobieranie danych: cenach itemu airplane ticket q5 w kraju Portugal z URL: https://api.eclesiar.com/market/items/get?country_id=13&item_id=37...
--- Dane o cenach itemu airplane ticket q5 w kraju Portugal ---
{
  "code": 200,
  "description": "Success"
}

Pobieranie danych: cenach itemu airplane ticket q5 w kraju Spain z URL: https://api.eclesiar.com/market/items/get?country_id=14&item_id=37...
--- Dane o cenach itemu airplane ticket q5 w kraju Spain ---
{
  "code": 200,
  "description": "Success"
}

Pobieranie danych: cenach itemu airplane ticket q5 w kraju Germany z URL: https://api.eclesiar.com/market/items/get?country_id=15&item_id=37...
--- Dane o cenach itemu airplane ticket q5 w kraju Germany ---
{
  "code": 200,
  "description": "Success"
}

Pobieranie danych: cenach itemu airplane ticket q5 w kraju Sweden z URL: https://api.eclesiar.com/market/items/get?country_id=16&item_id=37...
--- Dane o cenach itemu airplane ticket q5 w kraju Sweden ---
{
  "code": 200,
  "description": "Success"
}

Pobieranie danych: cenach itemu airplane ticket q5 w kraju Italy z URL: https://api.eclesiar.com/market/items/get?country_id=17&item_id=37...
--- Dane o cenach itemu airplane ticket q5 w kraju Italy ---
{
  "code": 200,
  "description": "Success"
}

Pobieranie danych: cenach itemu airplane ticket q5 w kraju Poland z URL: https://api.eclesiar.com/market/items/get?country_id=18&item_id=37...
--- Dane o cenach itemu airplane ticket q5 w kraju Poland ---
{
  "code": 200,
  "description": "Success"
}

Pobieranie danych: cenach itemu airplane ticket q5 w kraju Lithuania z URL: https://api.eclesiar.com/market/items/get?country_id=19&item_id=37...
--- Dane o cenach itemu airplane ticket q5 w kraju Lithuania ---
{
  "code": 200,
  "description": "Success"
}

Pobieranie danych: cenach itemu airplane ticket q5 w kraju Slovenia z URL: https://api.eclesiar.com/market/items/get?country_id=20&item_id=37...
--- Dane o cenach itemu airplane ticket q5 w kraju Slovenia ---
{
  "code": 200,
  "description": "Success"
}

Pobieranie danych: cenach itemu airplane ticket q5 w kraju Croatia z URL: https://api.eclesiar.com/market/items/get?country_id=21&item_id=37...
--- Dane o cenach itemu airplane ticket q5 w kraju Croatia ---
{
  "code": 200,
  "description": "Success"
}

Pobieranie danych: cenach itemu airplane ticket q5 w kraju Bosnia and Herzegovina z URL: https://api.eclesiar.com/market/items/get?country_id=22&item_id=37...
--- Dane o cenach itemu airplane ticket q5 w kraju Bosnia and Herzegovina ---
{
  "code": 200,
  "description": "Success"
}

Pobieranie danych: cenach itemu airplane ticket q5 w kraju Serbia z URL: https://api.eclesiar.com/market/items/get?country_id=23&item_id=37...
--- Dane o cenach itemu airplane ticket q5 w kraju Serbia ---
{
  "code": 200,
  "description": "Success"
}

Pobieranie danych: cenach itemu airplane ticket q5 w kraju North Macedonia z URL: https://api.eclesiar.com/market/items/get?country_id=24&item_id=37...
--- Dane o cenach itemu airplane ticket q5 w kraju North Macedonia ---
{
  "code": 200,
  "description": "Success"
}

Pobieranie danych: cenach itemu airplane ticket q5 w kraju Albania z URL: https://api.eclesiar.com/market/items/get?country_id=25&item_id=37...
--- Dane o cenach itemu airplane ticket q5 w kraju Albania ---
{
  "code": 200,
  "description": "Success"
}

Pobieranie danych: cenach itemu airplane ticket q5 w kraju Greece z URL: https://api.eclesiar.com/market/items/get?country_id=26&item_id=37...
--- Dane o cenach itemu airplane ticket q5 w kraju Greece ---
{
  "code": 200,
  "description": "Success"
}

Pobieranie danych: cenach itemu airplane ticket q5 w kraju Hungary z URL: https://api.eclesiar.com/market/items/get?country_id=27&item_id=37...
--- Dane o cenach itemu airplane ticket q5 w kraju Hungary ---
{
  "code": 200,
  "description": "Success"
}

Pobieranie danych: cenach itemu airplane ticket q5 w kraju Romania z URL: https://api.eclesiar.com/market/items/get?country_id=28&item_id=37...
--- Dane o cenach itemu airplane ticket q5 w kraju Romania ---
{
  "code": 200,
  "description": "Success"
}

Pobieranie danych: cenach itemu airplane ticket q5 w kraju Bulgaria z URL: https://api.eclesiar.com/market/items/get?country_id=30&item_id=37...
--- Dane o cenach itemu airplane ticket q5 w kraju Bulgaria ---
{
  "code": 200,
  "description": "Success"
}

Pobieranie danych: cenach itemu airplane ticket q5 w kraju Turkey z URL: https://api.eclesiar.com/market/items/get?country_id=31&item_id=37...
--- Dane o cenach itemu airplane ticket q5 w kraju Turkey ---
{
  "code": 200,
  "description": "Success"
}

Pobieranie danych: cenach itemu airplane ticket q5 w kraju Ukraine z URL: https://api.eclesiar.com/market/items/get?country_id=32&item_id=37...
--- Dane o cenach itemu airplane ticket q5 w kraju Ukraine ---
{
  "code": 200,
  "description": "Success"
}

Pobieranie danych: cenach itemu airplane ticket q5 w kraju Russia z URL: https://api.eclesiar.com/market/items/get?country_id=33&item_id=37...
--- Dane o cenach itemu airplane ticket q5 w kraju Russia ---
{
  "code": 200,
  "description": "Success"
}

Pobieranie danych: cenach itemu airplane ticket q5 w kraju Georgia z URL: https://api.eclesiar.com/market/items/get?country_id=34&item_id=37...
--- Dane o cenach itemu airplane ticket q5 w kraju Georgia ---
{
  "code": 200,
  "description": "Success"
}

Pobieranie danych: cenach itemu airplane ticket q5 w kraju Israel z URL: https://api.eclesiar.com/market/items/get?country_id=35&item_id=37...
--- Dane o cenach itemu airplane ticket q5 w kraju Israel ---
{
  "code": 200,
  "description": "Success"
}

Pobieranie danych: cenach itemu airplane ticket q5 w kraju Egypt z URL: https://api.eclesiar.com/market/items/get?country_id=36&item_id=37...
--- Dane o cenach itemu airplane ticket q5 w kraju Egypt ---
{
  "code": 200,
  "description": "Success"
}

Pobieranie danych: cenach itemu airplane ticket q5 w kraju South Africa z URL: https://api.eclesiar.com/market/items/get?country_id=37&item_id=37...
--- Dane o cenach itemu airplane ticket q5 w kraju South Africa ---
{
  "code": 200,
  "description": "Success"
}

Pobieranie danych: cenach itemu airplane ticket q5 w kraju Iraq z URL: https://api.eclesiar.com/market/items/get?country_id=38&item_id=37...
--- Dane o cenach itemu airplane ticket q5 w kraju Iraq ---
{
  "code": 200,
  "description": "Success"
}

Pobieranie danych: cenach itemu airplane ticket q5 w kraju Saudi Arabia z URL: https://api.eclesiar.com/market/items/get?country_id=39&item_id=37...
--- Dane o cenach itemu airplane ticket q5 w kraju Saudi Arabia ---
{
  "code": 200,
  "description": "Success"
}

Pobieranie danych: cenach itemu airplane ticket q5 w kraju Iran z URL: https://api.eclesiar.com/market/items/get?country_id=40&item_id=37...
--- Dane o cenach itemu airplane ticket q5 w kraju Iran ---
{
  "code": 200,
  "description": "Success"
}

Pobieranie danych: cenach itemu airplane ticket q5 w kraju Pakistan z URL: https://api.eclesiar.com/market/items/get?country_id=41&item_id=37...
--- Dane o cenach itemu airplane ticket q5 w kraju Pakistan ---
{
  "code": 200,
  "description": "Success"
}

Pobieranie danych: cenach itemu airplane ticket q5 w kraju India z URL: https://api.eclesiar.com/market/items/get?country_id=42&item_id=37...
--- Dane o cenach itemu airplane ticket q5 w kraju India ---
{
  "code": 200,
  "description": "Success"
}

Pobieranie danych: cenach itemu airplane ticket q5 w kraju China z URL: https://api.eclesiar.com/market/items/get?country_id=43&item_id=37...
--- Dane o cenach itemu airplane ticket q5 w kraju China ---
{
  "code": 200,
  "description": "Success"
}

Pobieranie danych: cenach itemu airplane ticket q5 w kraju Japan z URL: https://api.eclesiar.com/market/items/get?country_id=44&item_id=37...
--- Dane o cenach itemu airplane ticket q5 w kraju Japan ---
{
  "code": 200,
  "description": "Success"
}

Pobieranie danych: cenach itemu airplane ticket q5 w kraju South Korea z URL: https://api.eclesiar.com/market/items/get?country_id=45&item_id=37...
--- Dane o cenach itemu airplane ticket q5 w kraju South Korea ---
{
  "code": 200,
  "description": "Success"
}

Pobieranie danych: cenach itemu airplane ticket q5 w kraju Indonesia z URL: https://api.eclesiar.com/market/items/get?country_id=46&item_id=37...
--- Dane o cenach itemu airplane ticket q5 w kraju Indonesia ---
{
  "code": 200,
  "description": "Success"
}

Pobieranie danych: cenach itemu airplane ticket q5 w kraju Australia z URL: https://api.eclesiar.com/market/items/get?country_id=47&item_id=37...
--- Dane o cenach itemu airplane ticket q5 w kraju Australia ---
{
  "code": 200,
  "description": "Success"
}

Pobieranie danych: cenach itemu airplane ticket q5 w kraju Philippines z URL: https://api.eclesiar.com/market/items/get?country_id=48&item_id=37...
--- Dane o cenach itemu airplane ticket q5 w kraju Philippines ---
{
  "code": 200,
  "description": "Success"
}

Pobieranie danych: cenach itemu aircraft q5 w kraju United Kingdom z URL: https://api.eclesiar.com/market/items/get?country_id=2&item_id=38...
--- Dane o cenach itemu aircraft q5 w kraju United Kingdom ---
{
  "code": 200,
  "description": "Success"
}

Pobieranie danych: cenach itemu aircraft q5 w kraju United States of America z URL: https://api.eclesiar.com/market/items/get?country_id=3&item_id=38...
--- Dane o cenach itemu aircraft q5 w kraju United States of America ---
{
  "code": 200,
  "description": "Success"
}

Pobieranie danych: cenach itemu aircraft q5 w kraju Mexico z URL: https://api.eclesiar.com/market/items/get?country_id=4&item_id=38...
--- Dane o cenach itemu aircraft q5 w kraju Mexico ---
{
  "code": 200,
  "description": "Success"
}

Pobieranie danych: cenach itemu aircraft q5 w kraju Colombia z URL: https://api.eclesiar.com/market/items/get?country_id=5&item_id=38...
--- Dane o cenach itemu aircraft q5 w kraju Colombia ---
{
  "code": 200,
  "description": "Success"
}

Pobieranie danych: cenach itemu aircraft q5 w kraju Peru z URL: https://api.eclesiar.com/market/items/get?country_id=6&item_id=38...
--- Dane o cenach itemu aircraft q5 w kraju Peru ---
{
  "code": 200,
  "description": "Success"
}

Pobieranie danych: cenach itemu aircraft q5 w kraju Brazil z URL: https://api.eclesiar.com/market/items/get?country_id=7&item_id=38...
--- Dane o cenach itemu aircraft q5 w kraju Brazil ---
{
  "code": 200,
  "description": "Success"
}

Pobieranie danych: cenach itemu aircraft q5 w kraju Chile z URL: https://api.eclesiar.com/market/items/get?country_id=8&item_id=38...
--- Dane o cenach itemu aircraft q5 w kraju Chile ---
{
  "code": 200,
  "description": "Success"
}

Pobieranie danych: cenach itemu aircraft q5 w kraju Argentina z URL: https://api.eclesiar.com/market/items/get?country_id=10&item_id=38...
--- Dane o cenach itemu aircraft q5 w kraju Argentina ---
{
  "code": 200,
  "description": "Success"
}

Pobieranie danych: cenach itemu aircraft q5 w kraju Ireland z URL: https://api.eclesiar.com/market/items/get?country_id=11&item_id=38...
--- Dane o cenach itemu aircraft q5 w kraju Ireland ---
{
  "code": 200,
  "description": "Success"
}

Pobieranie danych: cenach itemu aircraft q5 w kraju France z URL: https://api.eclesiar.com/market/items/get?country_id=12&item_id=38...
--- Dane o cenach itemu aircraft q5 w kraju France ---
{
  "code": 200,
  "description": "Success"
}

Pobieranie danych: cenach itemu aircraft q5 w kraju Portugal z URL: https://api.eclesiar.com/market/items/get?country_id=13&item_id=38...
--- Dane o cenach itemu aircraft q5 w kraju Portugal ---
{
  "code": 200,
  "description": "Success"
}

Pobieranie danych: cenach itemu aircraft q5 w kraju Spain z URL: https://api.eclesiar.com/market/items/get?country_id=14&item_id=38...
--- Dane o cenach itemu aircraft q5 w kraju Spain ---
{
  "code": 200,
  "description": "Success"
}

Pobieranie danych: cenach itemu aircraft q5 w kraju Germany z URL: https://api.eclesiar.com/market/items/get?country_id=15&item_id=38...
--- Dane o cenach itemu aircraft q5 w kraju Germany ---
{
  "code": 200,
  "description": "Success"
}

Pobieranie danych: cenach itemu aircraft q5 w kraju Sweden z URL: https://api.eclesiar.com/market/items/get?country_id=16&item_id=38...
--- Dane o cenach itemu aircraft q5 w kraju Sweden ---
{
  "code": 200,
  "description": "Success"
}

Pobieranie danych: cenach itemu aircraft q5 w kraju Italy z URL: https://api.eclesiar.com/market/items/get?country_id=17&item_id=38...
--- Dane o cenach itemu aircraft q5 w kraju Italy ---
{
  "code": 200,
  "description": "Success"
}

Pobieranie danych: cenach itemu aircraft q5 w kraju Poland z URL: https://api.eclesiar.com/market/items/get?country_id=18&item_id=38...
--- Dane o cenach itemu aircraft q5 w kraju Poland ---
{
  "code": 200,
  "description": "Success"
}

Pobieranie danych: cenach itemu aircraft q5 w kraju Lithuania z URL: https://api.eclesiar.com/market/items/get?country_id=19&item_id=38...
--- Dane o cenach itemu aircraft q5 w kraju Lithuania ---
{
  "code": 200,
  "description": "Success"
}

Pobieranie danych: cenach itemu aircraft q5 w kraju Slovenia z URL: https://api.eclesiar.com/market/items/get?country_id=20&item_id=38...
--- Dane o cenach itemu aircraft q5 w kraju Slovenia ---
{
  "code": 200,
  "description": "Success"
}

Pobieranie danych: cenach itemu aircraft q5 w kraju Croatia z URL: https://api.eclesiar.com/market/items/get?country_id=21&item_id=38...
--- Dane o cenach itemu aircraft q5 w kraju Croatia ---
{
  "code": 200,
  "description": "Success"
}

Pobieranie danych: cenach itemu aircraft q5 w kraju Bosnia and Herzegovina z URL: https://api.eclesiar.com/market/items/get?country_id=22&item_id=38...
--- Dane o cenach itemu aircraft q5 w kraju Bosnia and Herzegovina ---
{
  "code": 200,
  "description": "Success"
}

Pobieranie danych: cenach itemu aircraft q5 w kraju Serbia z URL: https://api.eclesiar.com/market/items/get?country_id=23&item_id=38...
--- Dane o cenach itemu aircraft q5 w kraju Serbia ---
{
  "code": 200,
  "description": "Success"
}

Pobieranie danych: cenach itemu aircraft q5 w kraju North Macedonia z URL: https://api.eclesiar.com/market/items/get?country_id=24&item_id=38...
--- Dane o cenach itemu aircraft q5 w kraju North Macedonia ---
{
  "code": 200,
  "description": "Success"
}

Pobieranie danych: cenach itemu aircraft q5 w kraju Albania z URL: https://api.eclesiar.com/market/items/get?country_id=25&item_id=38...
--- Dane o cenach itemu aircraft q5 w kraju Albania ---
{
  "code": 200,
  "description": "Success"
}

Pobieranie danych: cenach itemu aircraft q5 w kraju Greece z URL: https://api.eclesiar.com/market/items/get?country_id=26&item_id=38...
--- Dane o cenach itemu aircraft q5 w kraju Greece ---
{
  "code": 200,
  "description": "Success"
}

Pobieranie danych: cenach itemu aircraft q5 w kraju Hungary z URL: https://api.eclesiar.com/market/items/get?country_id=27&item_id=38...
--- Dane o cenach itemu aircraft q5 w kraju Hungary ---
{
  "code": 200,
  "description": "Success"
}

Pobieranie danych: cenach itemu aircraft q5 w kraju Romania z URL: https://api.eclesiar.com/market/items/get?country_id=28&item_id=38...
--- Dane o cenach itemu aircraft q5 w kraju Romania ---
{
  "code": 200,
  "description": "Success"
}

Pobieranie danych: cenach itemu aircraft q5 w kraju Bulgaria z URL: https://api.eclesiar.com/market/items/get?country_id=30&item_id=38...
--- Dane o cenach itemu aircraft q5 w kraju Bulgaria ---
{
  "code": 200,
  "description": "Success"
}

Pobieranie danych: cenach itemu aircraft q5 w kraju Turkey z URL: https://api.eclesiar.com/market/items/get?country_id=31&item_id=38...
--- Dane o cenach itemu aircraft q5 w kraju Turkey ---
{
  "code": 200,
  "description": "Success"
}

Pobieranie danych: cenach itemu aircraft q5 w kraju Ukraine z URL: https://api.eclesiar.com/market/items/get?country_id=32&item_id=38...
--- Dane o cenach itemu aircraft q5 w kraju Ukraine ---
{
  "code": 200,
  "description": "Success"
}

Pobieranie danych: cenach itemu aircraft q5 w kraju Russia z URL: https://api.eclesiar.com/market/items/get?country_id=33&item_id=38...
--- Dane o cenach itemu aircraft q5 w kraju Russia ---
{
  "code": 200,
  "description": "Success"
}

Pobieranie danych: cenach itemu aircraft q5 w kraju Georgia z URL: https://api.eclesiar.com/market/items/get?country_id=34&item_id=38...
--- Dane o cenach itemu aircraft q5 w kraju Georgia ---
{
  "code": 200,
  "description": "Success"
}

Pobieranie danych: cenach itemu aircraft q5 w kraju Israel z URL: https://api.eclesiar.com/market/items/get?country_id=35&item_id=38...
--- Dane o cenach itemu aircraft q5 w kraju Israel ---
{
  "code": 200,
  "description": "Success"
}

Pobieranie danych: cenach itemu aircraft q5 w kraju Egypt z URL: https://api.eclesiar.com/market/items/get?country_id=36&item_id=38...
--- Dane o cenach itemu aircraft q5 w kraju Egypt ---
{
  "code": 200,
  "description": "Success"
}

Pobieranie danych: cenach itemu aircraft q5 w kraju South Africa z URL: https://api.eclesiar.com/market/items/get?country_id=37&item_id=38...
--- Dane o cenach itemu aircraft q5 w kraju South Africa ---
{
  "code": 200,
  "description": "Success"
}

Pobieranie danych: cenach itemu aircraft q5 w kraju Iraq z URL: https://api.eclesiar.com/market/items/get?country_id=38&item_id=38...
--- Dane o cenach itemu aircraft q5 w kraju Iraq ---
{
  "code": 200,
  "description": "Success"
}

Pobieranie danych: cenach itemu aircraft q5 w kraju Saudi Arabia z URL: https://api.eclesiar.com/market/items/get?country_id=39&item_id=38...
--- Dane o cenach itemu aircraft q5 w kraju Saudi Arabia ---
{
  "code": 200,
  "description": "Success"
}

Pobieranie danych: cenach itemu aircraft q5 w kraju Iran z URL: https://api.eclesiar.com/market/items/get?country_id=40&item_id=38...
--- Dane o cenach itemu aircraft q5 w kraju Iran ---
{
  "code": 200,
  "description": "Success"
}

Pobieranie danych: cenach itemu aircraft q5 w kraju Pakistan z URL: https://api.eclesiar.com/market/items/get?country_id=41&item_id=38...
--- Dane o cenach itemu aircraft q5 w kraju Pakistan ---
{
  "code": 200,
  "description": "Success"
}

Pobieranie danych: cenach itemu aircraft q5 w kraju India z URL: https://api.eclesiar.com/market/items/get?country_id=42&item_id=38...
--- Dane o cenach itemu aircraft q5 w kraju India ---
{
  "code": 200,
  "description": "Success"
}

Pobieranie danych: cenach itemu aircraft q5 w kraju China z URL: https://api.eclesiar.com/market/items/get?country_id=43&item_id=38...
--- Dane o cenach itemu aircraft q5 w kraju China ---
{
  "code": 200,
  "description": "Success"
}

Pobieranie danych: cenach itemu aircraft q5 w kraju Japan z URL: https://api.eclesiar.com/market/items/get?country_id=44&item_id=38...
--- Dane o cenach itemu aircraft q5 w kraju Japan ---
{
  "code": 200,
  "description": "Success"
}

Pobieranie danych: cenach itemu aircraft q5 w kraju South Korea z URL: https://api.eclesiar.com/market/items/get?country_id=45&item_id=38...
--- Dane o cenach itemu aircraft q5 w kraju South Korea ---
{
  "code": 200,
  "description": "Success"
}

Pobieranie danych: cenach itemu aircraft q5 w kraju Indonesia z URL: https://api.eclesiar.com/market/items/get?country_id=46&item_id=38...
--- Dane o cenach itemu aircraft q5 w kraju Indonesia ---
{
  "code": 200,
  "description": "Success"
}

Pobieranie danych: cenach itemu aircraft q5 w kraju Australia z URL: https://api.eclesiar.com/market/items/get?country_id=47&item_id=38...
--- Dane o cenach itemu aircraft q5 w kraju Australia ---
{
  "code": 200,
  "description": "Success"
}

Pobieranie danych: cenach itemu aircraft q5 w kraju Philippines z URL: https://api.eclesiar.com/market/items/get?country_id=48&item_id=38...
--- Dane o cenach itemu aircraft q5 w kraju Philippines ---
{
  "code": 200,
  "description": "Success"
}

Pobieranie danych: cenach itemu weapon q5 w kraju United Kingdom z URL: https://api.eclesiar.com/market/items/get?country_id=2&item_id=39...
--- Dane o cenach itemu weapon q5 w kraju United Kingdom ---
{
  "code": 200,
  "description": "Success"
}

Pobieranie danych: cenach itemu weapon q5 w kraju United States of America z URL: https://api.eclesiar.com/market/items/get?country_id=3&item_id=39...
--- Dane o cenach itemu weapon q5 w kraju United States of America ---
{
  "code": 200,
  "description": "Success"
}

Pobieranie danych: cenach itemu weapon q5 w kraju Mexico z URL: https://api.eclesiar.com/market/items/get?country_id=4&item_id=39...
--- Dane o cenach itemu weapon q5 w kraju Mexico ---
{
  "code": 200,
  "description": "Success"
}

Pobieranie danych: cenach itemu weapon q5 w kraju Colombia z URL: https://api.eclesiar.com/market/items/get?country_id=5&item_id=39...
--- Dane o cenach itemu weapon q5 w kraju Colombia ---
{
  "code": 200,
  "description": "Success"
}

Pobieranie danych: cenach itemu weapon q5 w kraju Peru z URL: https://api.eclesiar.com/market/items/get?country_id=6&item_id=39...
--- Dane o cenach itemu weapon q5 w kraju Peru ---
{
  "code": 200,
  "description": "Success"
}

Pobieranie danych: cenach itemu weapon q5 w kraju Brazil z URL: https://api.eclesiar.com/market/items/get?country_id=7&item_id=39...
--- Dane o cenach itemu weapon q5 w kraju Brazil ---
{
  "code": 200,
  "description": "Success"
}

Pobieranie danych: cenach itemu weapon q5 w kraju Chile z URL: https://api.eclesiar.com/market/items/get?country_id=8&item_id=39...
--- Dane o cenach itemu weapon q5 w kraju Chile ---
{
  "code": 200,
  "description": "Success"
}

Pobieranie danych: cenach itemu weapon q5 w kraju Argentina z URL: https://api.eclesiar.com/market/items/get?country_id=10&item_id=39...
--- Dane o cenach itemu weapon q5 w kraju Argentina ---
{
  "code": 200,
  "description": "Success"
}

Pobieranie danych: cenach itemu weapon q5 w kraju Ireland z URL: https://api.eclesiar.com/market/items/get?country_id=11&item_id=39...
--- Dane o cenach itemu weapon q5 w kraju Ireland ---
{
  "code": 200,
  "description": "Success"
}

Pobieranie danych: cenach itemu weapon q5 w kraju France z URL: https://api.eclesiar.com/market/items/get?country_id=12&item_id=39...
--- Dane o cenach itemu weapon q5 w kraju France ---
{
  "code": 200,
  "description": "Success"
}

Pobieranie danych: cenach itemu weapon q5 w kraju Portugal z URL: https://api.eclesiar.com/market/items/get?country_id=13&item_id=39...
--- Dane o cenach itemu weapon q5 w kraju Portugal ---
{
  "code": 200,
  "description": "Success"
}

Pobieranie danych: cenach itemu weapon q5 w kraju Spain z URL: https://api.eclesiar.com/market/items/get?country_id=14&item_id=39...
--- Dane o cenach itemu weapon q5 w kraju Spain ---
{
  "code": 200,
  "description": "Success"
}

Pobieranie danych: cenach itemu weapon q5 w kraju Germany z URL: https://api.eclesiar.com/market/items/get?country_id=15&item_id=39...
--- Dane o cenach itemu weapon q5 w kraju Germany ---
{
  "code": 200,
  "description": "Success"
}

Pobieranie danych: cenach itemu weapon q5 w kraju Sweden z URL: https://api.eclesiar.com/market/items/get?country_id=16&item_id=39...
--- Dane o cenach itemu weapon q5 w kraju Sweden ---
{
  "code": 200,
  "description": "Success"
}

Pobieranie danych: cenach itemu weapon q5 w kraju Italy z URL: https://api.eclesiar.com/market/items/get?country_id=17&item_id=39...
--- Dane o cenach itemu weapon q5 w kraju Italy ---
{
  "code": 200,
  "description": "Success"
}

Pobieranie danych: cenach itemu weapon q5 w kraju Poland z URL: https://api.eclesiar.com/market/items/get?country_id=18&item_id=39...
--- Dane o cenach itemu weapon q5 w kraju Poland ---
{
  "code": 200,
  "description": "Success"
}

Pobieranie danych: cenach itemu weapon q5 w kraju Lithuania z URL: https://api.eclesiar.com/market/items/get?country_id=19&item_id=39...
--- Dane o cenach itemu weapon q5 w kraju Lithuania ---
{
  "code": 200,
  "description": "Success"
}

Pobieranie danych: cenach itemu weapon q5 w kraju Slovenia z URL: https://api.eclesiar.com/market/items/get?country_id=20&item_id=39...
--- Dane o cenach itemu weapon q5 w kraju Slovenia ---
{
  "code": 200,
  "description": "Success"
}

Pobieranie danych: cenach itemu weapon q5 w kraju Croatia z URL: https://api.eclesiar.com/market/items/get?country_id=21&item_id=39...
--- Dane o cenach itemu weapon q5 w kraju Croatia ---
{
  "code": 200,
  "description": "Success"
}

Pobieranie danych: cenach itemu weapon q5 w kraju Bosnia and Herzegovina z URL: https://api.eclesiar.com/market/items/get?country_id=22&item_id=39...
--- Dane o cenach itemu weapon q5 w kraju Bosnia and Herzegovina ---
{
  "code": 200,
  "description": "Success"
}

Pobieranie danych: cenach itemu weapon q5 w kraju Serbia z URL: https://api.eclesiar.com/market/items/get?country_id=23&item_id=39...
--- Dane o cenach itemu weapon q5 w kraju Serbia ---
{
  "code": 200,
  "description": "Success"
}

Pobieranie danych: cenach itemu weapon q5 w kraju North Macedonia z URL: https://api.eclesiar.com/market/items/get?country_id=24&item_id=39...
--- Dane o cenach itemu weapon q5 w kraju North Macedonia ---
{
  "code": 200,
  "description": "Success"
}

Pobieranie danych: cenach itemu weapon q5 w kraju Albania z URL: https://api.eclesiar.com/market/items/get?country_id=25&item_id=39...
--- Dane o cenach itemu weapon q5 w kraju Albania ---
{
  "code": 200,
  "description": "Success"
}

Pobieranie danych: cenach itemu weapon q5 w kraju Greece z URL: https://api.eclesiar.com/market/items/get?country_id=26&item_id=39...
--- Dane o cenach itemu weapon q5 w kraju Greece ---
{
  "code": 200,
  "description": "Success"
}

Pobieranie danych: cenach itemu weapon q5 w kraju Hungary z URL: https://api.eclesiar.com/market/items/get?country_id=27&item_id=39...
--- Dane o cenach itemu weapon q5 w kraju Hungary ---
{
  "code": 200,
  "description": "Success"
}

Pobieranie danych: cenach itemu weapon q5 w kraju Romania z URL: https://api.eclesiar.com/market/items/get?country_id=28&item_id=39...
--- Dane o cenach itemu weapon q5 w kraju Romania ---
{
  "code": 200,
  "description": "Success"
}

Pobieranie danych: cenach itemu weapon q5 w kraju Bulgaria z URL: https://api.eclesiar.com/market/items/get?country_id=30&item_id=39...
--- Dane o cenach itemu weapon q5 w kraju Bulgaria ---
{
  "code": 200,
  "description": "Success"
}

Pobieranie danych: cenach itemu weapon q5 w kraju Turkey z URL: https://api.eclesiar.com/market/items/get?country_id=31&item_id=39...
--- Dane o cenach itemu weapon q5 w kraju Turkey ---
{
  "code": 200,
  "description": "Success"
}

Pobieranie danych: cenach itemu weapon q5 w kraju Ukraine z URL: https://api.eclesiar.com/market/items/get?country_id=32&item_id=39...
--- Dane o cenach itemu weapon q5 w kraju Ukraine ---
{
  "code": 200,
  "description": "Success"
}

Pobieranie danych: cenach itemu weapon q5 w kraju Russia z URL: https://api.eclesiar.com/market/items/get?country_id=33&item_id=39...
--- Dane o cenach itemu weapon q5 w kraju Russia ---
{
  "code": 200,
  "description": "Success"
}

Pobieranie danych: cenach itemu weapon q5 w kraju Georgia z URL: https://api.eclesiar.com/market/items/get?country_id=34&item_id=39...
--- Dane o cenach itemu weapon q5 w kraju Georgia ---
{
  "code": 200,
  "description": "Success"
}

Pobieranie danych: cenach itemu weapon q5 w kraju Israel z URL: https://api.eclesiar.com/market/items/get?country_id=35&item_id=39...
--- Dane o cenach itemu weapon q5 w kraju Israel ---
{
  "code": 200,
  "description": "Success"
}

Pobieranie danych: cenach itemu weapon q5 w kraju Egypt z URL: https://api.eclesiar.com/market/items/get?country_id=36&item_id=39...
--- Dane o cenach itemu weapon q5 w kraju Egypt ---
{
  "code": 200,
  "description": "Success"
}

Pobieranie danych: cenach itemu weapon q5 w kraju South Africa z URL: https://api.eclesiar.com/market/items/get?country_id=37&item_id=39...
--- Dane o cenach itemu weapon q5 w kraju South Africa ---
{
  "code": 200,
  "description": "Success"
}

Pobieranie danych: cenach itemu weapon q5 w kraju Iraq z URL: https://api.eclesiar.com/market/items/get?country_id=38&item_id=39...
--- Dane o cenach itemu weapon q5 w kraju Iraq ---
{
  "code": 200,
  "description": "Success"
}

Pobieranie danych: cenach itemu weapon q5 w kraju Saudi Arabia z URL: https://api.eclesiar.com/market/items/get?country_id=39&item_id=39...
--- Dane o cenach itemu weapon q5 w kraju Saudi Arabia ---
{
  "code": 200,
  "description": "Success"
}

Pobieranie danych: cenach itemu weapon q5 w kraju Iran z URL: https://api.eclesiar.com/market/items/get?country_id=40&item_id=39...
--- Dane o cenach itemu weapon q5 w kraju Iran ---
{
  "code": 200,
  "description": "Success"
}

Pobieranie danych: cenach itemu weapon q5 w kraju Pakistan z URL: https://api.eclesiar.com/market/items/get?country_id=41&item_id=39...
--- Dane o cenach itemu weapon q5 w kraju Pakistan ---
{
  "code": 200,
  "description": "Success"
}

Pobieranie danych: cenach itemu weapon q5 w kraju India z URL: https://api.eclesiar.com/market/items/get?country_id=42&item_id=39...
--- Dane o cenach itemu weapon q5 w kraju India ---
{
  "code": 200,
  "description": "Success"
}

Pobieranie danych: cenach itemu weapon q5 w kraju China z URL: https://api.eclesiar.com/market/items/get?country_id=43&item_id=39...
--- Dane o cenach itemu weapon q5 w kraju China ---
{
  "code": 200,
  "description": "Success"
}

Pobieranie danych: cenach itemu weapon q5 w kraju Japan z URL: https://api.eclesiar.com/market/items/get?country_id=44&item_id=39...
--- Dane o cenach itemu weapon q5 w kraju Japan ---
{
  "code": 200,
  "description": "Success"
}

Pobieranie danych: cenach itemu weapon q5 w kraju South Korea z URL: https://api.eclesiar.com/market/items/get?country_id=45&item_id=39...
--- Dane o cenach itemu weapon q5 w kraju South Korea ---
{
  "code": 200,
  "description": "Success"
}

Pobieranie danych: cenach itemu weapon q5 w kraju Indonesia z URL: https://api.eclesiar.com/market/items/get?country_id=46&item_id=39...
--- Dane o cenach itemu weapon q5 w kraju Indonesia ---
{
  "code": 200,
  "description": "Success"
}

Pobieranie danych: cenach itemu weapon q5 w kraju Australia z URL: https://api.eclesiar.com/market/items/get?country_id=47&item_id=39...
--- Dane o cenach itemu weapon q5 w kraju Australia ---
{
  "code": 200,
  "description": "Success"
}

Pobieranie danych: cenach itemu weapon q5 w kraju Philippines z URL: https://api.eclesiar.com/market/items/get?country_id=48&item_id=39...
--- Dane o cenach itemu weapon q5 w kraju Philippines ---
{
  "code": 200,
  "description": "Success"
}

Pobieranie danych: cenach itemu relocation permit q3 w kraju United Kingdom z URL: https://api.eclesiar.com/market/items/get?country_id=2&item_id=40...
--- Dane o cenach itemu relocation permit q3 w kraju United Kingdom ---
{
  "code": 200,
  "description": "Success"
}

Pobieranie danych: cenach itemu relocation permit q3 w kraju United States of America z URL: https://api.eclesiar.com/market/items/get?country_id=3&item_id=40...
--- Dane o cenach itemu relocation permit q3 w kraju United States of America ---
{
  "code": 200,
  "description": "Success"
}

Pobieranie danych: cenach itemu relocation permit q3 w kraju Mexico z URL: https://api.eclesiar.com/market/items/get?country_id=4&item_id=40...
--- Dane o cenach itemu relocation permit q3 w kraju Mexico ---
{
  "code": 200,
  "description": "Success"
}

Pobieranie danych: cenach itemu relocation permit q3 w kraju Colombia z URL: https://api.eclesiar.com/market/items/get?country_id=5&item_id=40...
--- Dane o cenach itemu relocation permit q3 w kraju Colombia ---
{
  "code": 200,
  "description": "Success"
}

Pobieranie danych: cenach itemu relocation permit q3 w kraju Peru z URL: https://api.eclesiar.com/market/items/get?country_id=6&item_id=40...
--- Dane o cenach itemu relocation permit q3 w kraju Peru ---
{
  "code": 200,
  "description": "Success"
}

Pobieranie danych: cenach itemu relocation permit q3 w kraju Brazil z URL: https://api.eclesiar.com/market/items/get?country_id=7&item_id=40...
--- Dane o cenach itemu relocation permit q3 w kraju Brazil ---
{
  "code": 200,
  "description": "Success"
}

Pobieranie danych: cenach itemu relocation permit q3 w kraju Chile z URL: https://api.eclesiar.com/market/items/get?country_id=8&item_id=40...
--- Dane o cenach itemu relocation permit q3 w kraju Chile ---
{
  "code": 200,
  "description": "Success"
}

Pobieranie danych: cenach itemu relocation permit q3 w kraju Argentina z URL: https://api.eclesiar.com/market/items/get?country_id=10&item_id=40...
--- Dane o cenach itemu relocation permit q3 w kraju Argentina ---
{
  "code": 200,
  "description": "Success"
}

Pobieranie danych: cenach itemu relocation permit q3 w kraju Ireland z URL: https://api.eclesiar.com/market/items/get?country_id=11&item_id=40...
--- Dane o cenach itemu relocation permit q3 w kraju Ireland ---
{
  "code": 200,
  "description": "Success"
}

Pobieranie danych: cenach itemu relocation permit q3 w kraju France z URL: https://api.eclesiar.com/market/items/get?country_id=12&item_id=40...
--- Dane o cenach itemu relocation permit q3 w kraju France ---
{
  "code": 200,
  "description": "Success"
}

Pobieranie danych: cenach itemu relocation permit q3 w kraju Portugal z URL: https://api.eclesiar.com/market/items/get?country_id=13&item_id=40...
--- Dane o cenach itemu relocation permit q3 w kraju Portugal ---
{
  "code": 200,
  "description": "Success"
}

Pobieranie danych: cenach itemu relocation permit q3 w kraju Spain z URL: https://api.eclesiar.com/market/items/get?country_id=14&item_id=40...
--- Dane o cenach itemu relocation permit q3 w kraju Spain ---
{
  "code": 200,
  "description": "Success"
}

Pobieranie danych: cenach itemu relocation permit q3 w kraju Germany z URL: https://api.eclesiar.com/market/items/get?country_id=15&item_id=40...
--- Dane o cenach itemu relocation permit q3 w kraju Germany ---
{
  "code": 200,
  "description": "Success"
}

Pobieranie danych: cenach itemu relocation permit q3 w kraju Sweden z URL: https://api.eclesiar.com/market/items/get?country_id=16&item_id=40...
--- Dane o cenach itemu relocation permit q3 w kraju Sweden ---
{
  "code": 200,
  "description": "Success"
}

Pobieranie danych: cenach itemu relocation permit q3 w kraju Italy z URL: https://api.eclesiar.com/market/items/get?country_id=17&item_id=40...
--- Dane o cenach itemu relocation permit q3 w kraju Italy ---
{
  "code": 200,
  "description": "Success"
}

Pobieranie danych: cenach itemu relocation permit q3 w kraju Poland z URL: https://api.eclesiar.com/market/items/get?country_id=18&item_id=40...
--- Dane o cenach itemu relocation permit q3 w kraju Poland ---
{
  "code": 200,
  "description": "Success"
}

Pobieranie danych: cenach itemu relocation permit q3 w kraju Lithuania z URL: https://api.eclesiar.com/market/items/get?country_id=19&item_id=40...
--- Dane o cenach itemu relocation permit q3 w kraju Lithuania ---
{
  "code": 200,
  "description": "Success"
}

Pobieranie danych: cenach itemu relocation permit q3 w kraju Slovenia z URL: https://api.eclesiar.com/market/items/get?country_id=20&item_id=40...
--- Dane o cenach itemu relocation permit q3 w kraju Slovenia ---
{
  "code": 200,
  "description": "Success"
}

Pobieranie danych: cenach itemu relocation permit q3 w kraju Croatia z URL: https://api.eclesiar.com/market/items/get?country_id=21&item_id=40...
--- Dane o cenach itemu relocation permit q3 w kraju Croatia ---
{
  "code": 200,
  "description": "Success"
}

Pobieranie danych: cenach itemu relocation permit q3 w kraju Bosnia and Herzegovina z URL: https://api.eclesiar.com/market/items/get?country_id=22&item_id=40...
--- Dane o cenach itemu relocation permit q3 w kraju Bosnia and Herzegovina ---
{
  "code": 200,
  "description": "Success"
}

Pobieranie danych: cenach itemu relocation permit q3 w kraju Serbia z URL: https://api.eclesiar.com/market/items/get?country_id=23&item_id=40...
--- Dane o cenach itemu relocation permit q3 w kraju Serbia ---
{
  "code": 200,
  "description": "Success"
}

Pobieranie danych: cenach itemu relocation permit q3 w kraju North Macedonia z URL: https://api.eclesiar.com/market/items/get?country_id=24&item_id=40...
--- Dane o cenach itemu relocation permit q3 w kraju North Macedonia ---
{
  "code": 200,
  "description": "Success"
}

Pobieranie danych: cenach itemu relocation permit q3 w kraju Albania z URL: https://api.eclesiar.com/market/items/get?country_id=25&item_id=40...
--- Dane o cenach itemu relocation permit q3 w kraju Albania ---
{
  "code": 200,
  "description": "Success"
}

Pobieranie danych: cenach itemu relocation permit q3 w kraju Greece z URL: https://api.eclesiar.com/market/items/get?country_id=26&item_id=40...
--- Dane o cenach itemu relocation permit q3 w kraju Greece ---
{
  "code": 200,
  "description": "Success"
}

Pobieranie danych: cenach itemu relocation permit q3 w kraju Hungary z URL: https://api.eclesiar.com/market/items/get?country_id=27&item_id=40...
--- Dane o cenach itemu relocation permit q3 w kraju Hungary ---
{
  "code": 200,
  "description": "Success"
}

Pobieranie danych: cenach itemu relocation permit q3 w kraju Romania z URL: https://api.eclesiar.com/market/items/get?country_id=28&item_id=40...
--- Dane o cenach itemu relocation permit q3 w kraju Romania ---
{
  "code": 200,
  "description": "Success"
}

Pobieranie danych: cenach itemu relocation permit q3 w kraju Bulgaria z URL: https://api.eclesiar.com/market/items/get?country_id=30&item_id=40...
--- Dane o cenach itemu relocation permit q3 w kraju Bulgaria ---
{
  "code": 200,
  "description": "Success"
}

Pobieranie danych: cenach itemu relocation permit q3 w kraju Turkey z URL: https://api.eclesiar.com/market/items/get?country_id=31&item_id=40...
--- Dane o cenach itemu relocation permit q3 w kraju Turkey ---
{
  "code": 200,
  "description": "Success"
}

Pobieranie danych: cenach itemu relocation permit q3 w kraju Ukraine z URL: https://api.eclesiar.com/market/items/get?country_id=32&item_id=40...
--- Dane o cenach itemu relocation permit q3 w kraju Ukraine ---
{
  "code": 200,
  "description": "Success"
}

Pobieranie danych: cenach itemu relocation permit q3 w kraju Russia z URL: https://api.eclesiar.com/market/items/get?country_id=33&item_id=40...
--- Dane o cenach itemu relocation permit q3 w kraju Russia ---
{
  "code": 200,
  "description": "Success"
}

Pobieranie danych: cenach itemu relocation permit q3 w kraju Georgia z URL: https://api.eclesiar.com/market/items/get?country_id=34&item_id=40...
--- Dane o cenach itemu relocation permit q3 w kraju Georgia ---
{
  "code": 200,
  "description": "Success"
}

Pobieranie danych: cenach itemu relocation permit q3 w kraju Israel z URL: https://api.eclesiar.com/market/items/get?country_id=35&item_id=40...
--- Dane o cenach itemu relocation permit q3 w kraju Israel ---
{
  "code": 200,
  "description": "Success"
}

Pobieranie danych: cenach itemu relocation permit q3 w kraju Egypt z URL: https://api.eclesiar.com/market/items/get?country_id=36&item_id=40...
--- Dane o cenach itemu relocation permit q3 w kraju Egypt ---
{
  "code": 200,
  "description": "Success"
}

Pobieranie danych: cenach itemu relocation permit q3 w kraju South Africa z URL: https://api.eclesiar.com/market/items/get?country_id=37&item_id=40...
--- Dane o cenach itemu relocation permit q3 w kraju South Africa ---
{
  "code": 200,
  "description": "Success"
}

Pobieranie danych: cenach itemu relocation permit q3 w kraju Iraq z URL: https://api.eclesiar.com/market/items/get?country_id=38&item_id=40...
--- Dane o cenach itemu relocation permit q3 w kraju Iraq ---
{
  "code": 200,
  "description": "Success"
}

Pobieranie danych: cenach itemu relocation permit q3 w kraju Saudi Arabia z URL: https://api.eclesiar.com/market/items/get?country_id=39&item_id=40...
--- Dane o cenach itemu relocation permit q3 w kraju Saudi Arabia ---
{
  "code": 200,
  "description": "Success"
}

Pobieranie danych: cenach itemu relocation permit q3 w kraju Iran z URL: https://api.eclesiar.com/market/items/get?country_id=40&item_id=40...
--- Dane o cenach itemu relocation permit q3 w kraju Iran ---
{
  "code": 200,
  "description": "Success"
}

Pobieranie danych: cenach itemu relocation permit q3 w kraju Pakistan z URL: https://api.eclesiar.com/market/items/get?country_id=41&item_id=40...
--- Dane o cenach itemu relocation permit q3 w kraju Pakistan ---
{
  "code": 200,
  "description": "Success"
}

Pobieranie danych: cenach itemu relocation permit q3 w kraju India z URL: https://api.eclesiar.com/market/items/get?country_id=42&item_id=40...
--- Dane o cenach itemu relocation permit q3 w kraju India ---
{
  "code": 200,
  "description": "Success"
}

Pobieranie danych: cenach itemu relocation permit q3 w kraju China z URL: https://api.eclesiar.com/market/items/get?country_id=43&item_id=40...
--- Dane o cenach itemu relocation permit q3 w kraju China ---
{
  "code": 200,
  "description": "Success"
}

Pobieranie danych: cenach itemu relocation permit q3 w kraju Japan z URL: https://api.eclesiar.com/market/items/get?country_id=44&item_id=40...
--- Dane o cenach itemu relocation permit q3 w kraju Japan ---
{
  "code": 200,
  "description": "Success"
}

Pobieranie danych: cenach itemu relocation permit q3 w kraju South Korea z URL: https://api.eclesiar.com/market/items/get?country_id=45&item_id=40...
--- Dane o cenach itemu relocation permit q3 w kraju South Korea ---
{
  "code": 200,
  "description": "Success"
}

Pobieranie danych: cenach itemu relocation permit q3 w kraju Indonesia z URL: https://api.eclesiar.com/market/items/get?country_id=46&item_id=40...
--- Dane o cenach itemu relocation permit q3 w kraju Indonesia ---
{
  "code": 200,
  "description": "Success"
}

Pobieranie danych: cenach itemu relocation permit q3 w kraju Australia z URL: https://api.eclesiar.com/market/items/get?country_id=47&item_id=40...
--- Dane o cenach itemu relocation permit q3 w kraju Australia ---
{
  "code": 200,
  "description": "Success"
}

Pobieranie danych: cenach itemu relocation permit q3 w kraju Philippines z URL: https://api.eclesiar.com/market/items/get?country_id=48&item_id=40...
--- Dane o cenach itemu relocation permit q3 w kraju Philippines ---
{
  "code": 200,
  "description": "Success"
}

Pobieranie danych: cenach itemu relocation permit q4 w kraju United Kingdom z URL: https://api.eclesiar.com/market/items/get?country_id=2&item_id=41...
--- Dane o cenach itemu relocation permit q4 w kraju United Kingdom ---
{
  "code": 200,
  "description": "Success"
}

Pobieranie danych: cenach itemu relocation permit q4 w kraju United States of America z URL: https://api.eclesiar.com/market/items/get?country_id=3&item_id=41...
--- Dane o cenach itemu relocation permit q4 w kraju United States of America ---
{
  "code": 200,
  "description": "Success"
}

Pobieranie danych: cenach itemu relocation permit q4 w kraju Mexico z URL: https://api.eclesiar.com/market/items/get?country_id=4&item_id=41...
--- Dane o cenach itemu relocation permit q4 w kraju Mexico ---
{
  "code": 200,
  "description": "Success"
}

Pobieranie danych: cenach itemu relocation permit q4 w kraju Colombia z URL: https://api.eclesiar.com/market/items/get?country_id=5&item_id=41...
--- Dane o cenach itemu relocation permit q4 w kraju Colombia ---
{
  "code": 200,
  "description": "Success"
}

Pobieranie danych: cenach itemu relocation permit q4 w kraju Peru z URL: https://api.eclesiar.com/market/items/get?country_id=6&item_id=41...
--- Dane o cenach itemu relocation permit q4 w kraju Peru ---
{
  "code": 200,
  "description": "Success"
}

Pobieranie danych: cenach itemu relocation permit q4 w kraju Brazil z URL: https://api.eclesiar.com/market/items/get?country_id=7&item_id=41...
--- Dane o cenach itemu relocation permit q4 w kraju Brazil ---
{
  "code": 200,
  "description": "Success"
}

Pobieranie danych: cenach itemu relocation permit q4 w kraju Chile z URL: https://api.eclesiar.com/market/items/get?country_id=8&item_id=41...
--- Dane o cenach itemu relocation permit q4 w kraju Chile ---
{
  "code": 200,
  "description": "Success"
}

Pobieranie danych: cenach itemu relocation permit q4 w kraju Argentina z URL: https://api.eclesiar.com/market/items/get?country_id=10&item_id=41...
--- Dane o cenach itemu relocation permit q4 w kraju Argentina ---
{
  "code": 200,
  "description": "Success"
}

Pobieranie danych: cenach itemu relocation permit q4 w kraju Ireland z URL: https://api.eclesiar.com/market/items/get?country_id=11&item_id=41...
--- Dane o cenach itemu relocation permit q4 w kraju Ireland ---
{
  "code": 200,
  "description": "Success"
}

Pobieranie danych: cenach itemu relocation permit q4 w kraju France z URL: https://api.eclesiar.com/market/items/get?country_id=12&item_id=41...
--- Dane o cenach itemu relocation permit q4 w kraju France ---
{
  "code": 200,
  "description": "Success"
}

Pobieranie danych: cenach itemu relocation permit q4 w kraju Portugal z URL: https://api.eclesiar.com/market/items/get?country_id=13&item_id=41...
--- Dane o cenach itemu relocation permit q4 w kraju Portugal ---
{
  "code": 200,
  "description": "Success"
}

Pobieranie danych: cenach itemu relocation permit q4 w kraju Spain z URL: https://api.eclesiar.com/market/items/get?country_id=14&item_id=41...
--- Dane o cenach itemu relocation permit q4 w kraju Spain ---
{
  "code": 200,
  "description": "Success"
}

Pobieranie danych: cenach itemu relocation permit q4 w kraju Germany z URL: https://api.eclesiar.com/market/items/get?country_id=15&item_id=41...
--- Dane o cenach itemu relocation permit q4 w kraju Germany ---
{
  "code": 200,
  "description": "Success"
}

Pobieranie danych: cenach itemu relocation permit q4 w kraju Sweden z URL: https://api.eclesiar.com/market/items/get?country_id=16&item_id=41...
--- Dane o cenach itemu relocation permit q4 w kraju Sweden ---
{
  "code": 200,
  "description": "Success"
}

Pobieranie danych: cenach itemu relocation permit q4 w kraju Italy z URL: https://api.eclesiar.com/market/items/get?country_id=17&item_id=41...
--- Dane o cenach itemu relocation permit q4 w kraju Italy ---
{
  "code": 200,
  "description": "Success"
}

Pobieranie danych: cenach itemu relocation permit q4 w kraju Poland z URL: https://api.eclesiar.com/market/items/get?country_id=18&item_id=41...
--- Dane o cenach itemu relocation permit q4 w kraju Poland ---
{
  "code": 200,
  "description": "Success"
}

Pobieranie danych: cenach itemu relocation permit q4 w kraju Lithuania z URL: https://api.eclesiar.com/market/items/get?country_id=19&item_id=41...
--- Dane o cenach itemu relocation permit q4 w kraju Lithuania ---
{
  "code": 200,
  "description": "Success"
}

Pobieranie danych: cenach itemu relocation permit q4 w kraju Slovenia z URL: https://api.eclesiar.com/market/items/get?country_id=20&item_id=41...
--- Dane o cenach itemu relocation permit q4 w kraju Slovenia ---
{
  "code": 200,
  "description": "Success"
}

Pobieranie danych: cenach itemu relocation permit q4 w kraju Croatia z URL: https://api.eclesiar.com/market/items/get?country_id=21&item_id=41...
--- Dane o cenach itemu relocation permit q4 w kraju Croatia ---
{
  "code": 200,
  "description": "Success"
}

Pobieranie danych: cenach itemu relocation permit q4 w kraju Bosnia and Herzegovina z URL: https://api.eclesiar.com/market/items/get?country_id=22&item_id=41...
--- Dane o cenach itemu relocation permit q4 w kraju Bosnia and Herzegovina ---
{
  "code": 200,
  "description": "Success"
}

Pobieranie danych: cenach itemu relocation permit q4 w kraju Serbia z URL: https://api.eclesiar.com/market/items/get?country_id=23&item_id=41...
--- Dane o cenach itemu relocation permit q4 w kraju Serbia ---
{
  "code": 200,
  "description": "Success"
}

Pobieranie danych: cenach itemu relocation permit q4 w kraju North Macedonia z URL: https://api.eclesiar.com/market/items/get?country_id=24&item_id=41...
--- Dane o cenach itemu relocation permit q4 w kraju North Macedonia ---
{
  "code": 200,
  "description": "Success"
}

Pobieranie danych: cenach itemu relocation permit q4 w kraju Albania z URL: https://api.eclesiar.com/market/items/get?country_id=25&item_id=41...
--- Dane o cenach itemu relocation permit q4 w kraju Albania ---
{
  "code": 200,
  "description": "Success"
}

Pobieranie danych: cenach itemu relocation permit q4 w kraju Greece z URL: https://api.eclesiar.com/market/items/get?country_id=26&item_id=41...
--- Dane o cenach itemu relocation permit q4 w kraju Greece ---
{
  "code": 200,
  "description": "Success"
}

Pobieranie danych: cenach itemu relocation permit q4 w kraju Hungary z URL: https://api.eclesiar.com/market/items/get?country_id=27&item_id=41...
--- Dane o cenach itemu relocation permit q4 w kraju Hungary ---
{
  "code": 200,
  "description": "Success"
}

Pobieranie danych: cenach itemu relocation permit q4 w kraju Romania z URL: https://api.eclesiar.com/market/items/get?country_id=28&item_id=41...
--- Dane o cenach itemu relocation permit q4 w kraju Romania ---
{
  "code": 200,
  "description": "Success"
}

Pobieranie danych: cenach itemu relocation permit q4 w kraju Bulgaria z URL: https://api.eclesiar.com/market/items/get?country_id=30&item_id=41...
--- Dane o cenach itemu relocation permit q4 w kraju Bulgaria ---
{
  "code": 200,
  "description": "Success"
}

Pobieranie danych: cenach itemu relocation permit q4 w kraju Turkey z URL: https://api.eclesiar.com/market/items/get?country_id=31&item_id=41...
--- Dane o cenach itemu relocation permit q4 w kraju Turkey ---
{
  "code": 200,
  "description": "Success"
}

Pobieranie danych: cenach itemu relocation permit q4 w kraju Ukraine z URL: https://api.eclesiar.com/market/items/get?country_id=32&item_id=41...
--- Dane o cenach itemu relocation permit q4 w kraju Ukraine ---
{
  "code": 200,
  "description": "Success"
}

Pobieranie danych: cenach itemu relocation permit q4 w kraju Russia z URL: https://api.eclesiar.com/market/items/get?country_id=33&item_id=41...
--- Dane o cenach itemu relocation permit q4 w kraju Russia ---
{
  "code": 200,
  "description": "Success"
}

Pobieranie danych: cenach itemu relocation permit q4 w kraju Georgia z URL: https://api.eclesiar.com/market/items/get?country_id=34&item_id=41...
--- Dane o cenach itemu relocation permit q4 w kraju Georgia ---
{
  "code": 200,
  "description": "Success"
}

Pobieranie danych: cenach itemu relocation permit q4 w kraju Israel z URL: https://api.eclesiar.com/market/items/get?country_id=35&item_id=41...
--- Dane o cenach itemu relocation permit q4 w kraju Israel ---
{
  "code": 200,
  "description": "Success"
}

Pobieranie danych: cenach itemu relocation permit q4 w kraju Egypt z URL: https://api.eclesiar.com/market/items/get?country_id=36&item_id=41...
--- Dane o cenach itemu relocation permit q4 w kraju Egypt ---
{
  "code": 200,
  "description": "Success"
}

Pobieranie danych: cenach itemu relocation permit q4 w kraju South Africa z URL: https://api.eclesiar.com/market/items/get?country_id=37&item_id=41...
--- Dane o cenach itemu relocation permit q4 w kraju South Africa ---
{
  "code": 200,
  "description": "Success"
}

Pobieranie danych: cenach itemu relocation permit q4 w kraju Iraq z URL: https://api.eclesiar.com/market/items/get?country_id=38&item_id=41...
--- Dane o cenach itemu relocation permit q4 w kraju Iraq ---
{
  "code": 200,
  "description": "Success"
}

Pobieranie danych: cenach itemu relocation permit q4 w kraju Saudi Arabia z URL: https://api.eclesiar.com/market/items/get?country_id=39&item_id=41...
--- Dane o cenach itemu relocation permit q4 w kraju Saudi Arabia ---
{
  "code": 200,
  "description": "Success"
}

Pobieranie danych: cenach itemu relocation permit q4 w kraju Iran z URL: https://api.eclesiar.com/market/items/get?country_id=40&item_id=41...
--- Dane o cenach itemu relocation permit q4 w kraju Iran ---
{
  "code": 200,
  "description": "Success"
}

Pobieranie danych: cenach itemu relocation permit q4 w kraju Pakistan z URL: https://api.eclesiar.com/market/items/get?country_id=41&item_id=41...
--- Dane o cenach itemu relocation permit q4 w kraju Pakistan ---
{
  "code": 200,
  "description": "Success"
}

Pobieranie danych: cenach itemu relocation permit q4 w kraju India z URL: https://api.eclesiar.com/market/items/get?country_id=42&item_id=41...
--- Dane o cenach itemu relocation permit q4 w kraju India ---
{
  "code": 200,
  "description": "Success"
}

Pobieranie danych: cenach itemu relocation permit q4 w kraju China z URL: https://api.eclesiar.com/market/items/get?country_id=43&item_id=41...
--- Dane o cenach itemu relocation permit q4 w kraju China ---
{
  "code": 200,
  "description": "Success"
}

Pobieranie danych: cenach itemu relocation permit q4 w kraju Japan z URL: https://api.eclesiar.com/market/items/get?country_id=44&item_id=41...
--- Dane o cenach itemu relocation permit q4 w kraju Japan ---
{
  "code": 200,
  "description": "Success"
}

Pobieranie danych: cenach itemu relocation permit q4 w kraju South Korea z URL: https://api.eclesiar.com/market/items/get?country_id=45&item_id=41...
--- Dane o cenach itemu relocation permit q4 w kraju South Korea ---
{
  "code": 200,
  "description": "Success"
}

Pobieranie danych: cenach itemu relocation permit q4 w kraju Indonesia z URL: https://api.eclesiar.com/market/items/get?country_id=46&item_id=41...
--- Dane o cenach itemu relocation permit q4 w kraju Indonesia ---
{
  "code": 200,
  "description": "Success"
}

Pobieranie danych: cenach itemu relocation permit q4 w kraju Australia z URL: https://api.eclesiar.com/market/items/get?country_id=47&item_id=41...
--- Dane o cenach itemu relocation permit q4 w kraju Australia ---
{
  "code": 200,
  "description": "Success"
}

Pobieranie danych: cenach itemu relocation permit q4 w kraju Philippines z URL: https://api.eclesiar.com/market/items/get?country_id=48&item_id=41...
--- Dane o cenach itemu relocation permit q4 w kraju Philippines ---
{
  "code": 200,
  "description": "Success"
}

Pobieranie danych: cenach itemu relocation permit q5 w kraju United Kingdom z URL: https://api.eclesiar.com/market/items/get?country_id=2&item_id=42...
--- Dane o cenach itemu relocation permit q5 w kraju United Kingdom ---
{
  "code": 200,
  "description": "Success"
}

Pobieranie danych: cenach itemu relocation permit q5 w kraju United States of America z URL: https://api.eclesiar.com/market/items/get?country_id=3&item_id=42...
--- Dane o cenach itemu relocation permit q5 w kraju United States of America ---
{
  "code": 200,
  "description": "Success"
}

Pobieranie danych: cenach itemu relocation permit q5 w kraju Mexico z URL: https://api.eclesiar.com/market/items/get?country_id=4&item_id=42...
--- Dane o cenach itemu relocation permit q5 w kraju Mexico ---
{
  "code": 200,
  "description": "Success"
}

Pobieranie danych: cenach itemu relocation permit q5 w kraju Colombia z URL: https://api.eclesiar.com/market/items/get?country_id=5&item_id=42...
--- Dane o cenach itemu relocation permit q5 w kraju Colombia ---
{
  "code": 200,
  "description": "Success"
}

Pobieranie danych: cenach itemu relocation permit q5 w kraju Peru z URL: https://api.eclesiar.com/market/items/get?country_id=6&item_id=42...
--- Dane o cenach itemu relocation permit q5 w kraju Peru ---
{
  "code": 200,
  "description": "Success"
}

Pobieranie danych: cenach itemu relocation permit q5 w kraju Brazil z URL: https://api.eclesiar.com/market/items/get?country_id=7&item_id=42...
--- Dane o cenach itemu relocation permit q5 w kraju Brazil ---
{
  "code": 200,
  "description": "Success"
}

Pobieranie danych: cenach itemu relocation permit q5 w kraju Chile z URL: https://api.eclesiar.com/market/items/get?country_id=8&item_id=42...
--- Dane o cenach itemu relocation permit q5 w kraju Chile ---
{
  "code": 200,
  "description": "Success"
}

Pobieranie danych: cenach itemu relocation permit q5 w kraju Argentina z URL: https://api.eclesiar.com/market/items/get?country_id=10&item_id=42...
--- Dane o cenach itemu relocation permit q5 w kraju Argentina ---
{
  "code": 200,
  "description": "Success"
}

Pobieranie danych: cenach itemu relocation permit q5 w kraju Ireland z URL: https://api.eclesiar.com/market/items/get?country_id=11&item_id=42...
--- Dane o cenach itemu relocation permit q5 w kraju Ireland ---
{
  "code": 200,
  "description": "Success"
}

Pobieranie danych: cenach itemu relocation permit q5 w kraju France z URL: https://api.eclesiar.com/market/items/get?country_id=12&item_id=42...
--- Dane o cenach itemu relocation permit q5 w kraju France ---
{
  "code": 200,
  "description": "Success"
}

Pobieranie danych: cenach itemu relocation permit q5 w kraju Portugal z URL: https://api.eclesiar.com/market/items/get?country_id=13&item_id=42...
--- Dane o cenach itemu relocation permit q5 w kraju Portugal ---
{
  "code": 200,
  "description": "Success"
}

Pobieranie danych: cenach itemu relocation permit q5 w kraju Spain z URL: https://api.eclesiar.com/market/items/get?country_id=14&item_id=42...
--- Dane o cenach itemu relocation permit q5 w kraju Spain ---
{
  "code": 200,
  "description": "Success"
}

Pobieranie danych: cenach itemu relocation permit q5 w kraju Germany z URL: https://api.eclesiar.com/market/items/get?country_id=15&item_id=42...
--- Dane o cenach itemu relocation permit q5 w kraju Germany ---
{
  "code": 200,
  "description": "Success"
}

Pobieranie danych: cenach itemu relocation permit q5 w kraju Sweden z URL: https://api.eclesiar.com/market/items/get?country_id=16&item_id=42...
--- Dane o cenach itemu relocation permit q5 w kraju Sweden ---
{
  "code": 200,
  "description": "Success"
}

Pobieranie danych: cenach itemu relocation permit q5 w kraju Italy z URL: https://api.eclesiar.com/market/items/get?country_id=17&item_id=42...
--- Dane o cenach itemu relocation permit q5 w kraju Italy ---
{
  "code": 200,
  "description": "Success"
}

Pobieranie danych: cenach itemu relocation permit q5 w kraju Poland z URL: https://api.eclesiar.com/market/items/get?country_id=18&item_id=42...
--- Dane o cenach itemu relocation permit q5 w kraju Poland ---
{
  "code": 200,
  "description": "Success"
}

Pobieranie danych: cenach itemu relocation permit q5 w kraju Lithuania z URL: https://api.eclesiar.com/market/items/get?country_id=19&item_id=42...
--- Dane o cenach itemu relocation permit q5 w kraju Lithuania ---
{
  "code": 200,
  "description": "Success"
}

Pobieranie danych: cenach itemu relocation permit q5 w kraju Slovenia z URL: https://api.eclesiar.com/market/items/get?country_id=20&item_id=42...
--- Dane o cenach itemu relocation permit q5 w kraju Slovenia ---
{
  "code": 200,
  "description": "Success"
}

Pobieranie danych: cenach itemu relocation permit q5 w kraju Croatia z URL: https://api.eclesiar.com/market/items/get?country_id=21&item_id=42...
--- Dane o cenach itemu relocation permit q5 w kraju Croatia ---
{
  "code": 200,
  "description": "Success"
}

Pobieranie danych: cenach itemu relocation permit q5 w kraju Bosnia and Herzegovina z URL: https://api.eclesiar.com/market/items/get?country_id=22&item_id=42...
--- Dane o cenach itemu relocation permit q5 w kraju Bosnia and Herzegovina ---
{
  "code": 200,
  "description": "Success"
}

Pobieranie danych: cenach itemu relocation permit q5 w kraju Serbia z URL: https://api.eclesiar.com/market/items/get?country_id=23&item_id=42...
--- Dane o cenach itemu relocation permit q5 w kraju Serbia ---
{
  "code": 200,
  "description": "Success"
}

Pobieranie danych: cenach itemu relocation permit q5 w kraju North Macedonia z URL: https://api.eclesiar.com/market/items/get?country_id=24&item_id=42...
--- Dane o cenach itemu relocation permit q5 w kraju North Macedonia ---
{
  "code": 200,
  "description": "Success"
}

Pobieranie danych: cenach itemu relocation permit q5 w kraju Albania z URL: https://api.eclesiar.com/market/items/get?country_id=25&item_id=42...
--- Dane o cenach itemu relocation permit q5 w kraju Albania ---
{
  "code": 200,
  "description": "Success"
}

Pobieranie danych: cenach itemu relocation permit q5 w kraju Greece z URL: https://api.eclesiar.com/market/items/get?country_id=26&item_id=42...
--- Dane o cenach itemu relocation permit q5 w kraju Greece ---
{
  "code": 200,
  "description": "Success"
}

Pobieranie danych: cenach itemu relocation permit q5 w kraju Hungary z URL: https://api.eclesiar.com/market/items/get?country_id=27&item_id=42...
--- Dane o cenach itemu relocation permit q5 w kraju Hungary ---
{
  "code": 200,
  "description": "Success"
}

Pobieranie danych: cenach itemu relocation permit q5 w kraju Romania z URL: https://api.eclesiar.com/market/items/get?country_id=28&item_id=42...
--- Dane o cenach itemu relocation permit q5 w kraju Romania ---
{
  "code": 200,
  "description": "Success"
}

Pobieranie danych: cenach itemu relocation permit q5 w kraju Bulgaria z URL: https://api.eclesiar.com/market/items/get?country_id=30&item_id=42...
--- Dane o cenach itemu relocation permit q5 w kraju Bulgaria ---
{
  "code": 200,
  "description": "Success"
}

Pobieranie danych: cenach itemu relocation permit q5 w kraju Turkey z URL: https://api.eclesiar.com/market/items/get?country_id=31&item_id=42...
--- Dane o cenach itemu relocation permit q5 w kraju Turkey ---
{
  "code": 200,
  "description": "Success"
}

Pobieranie danych: cenach itemu relocation permit q5 w kraju Ukraine z URL: https://api.eclesiar.com/market/items/get?country_id=32&item_id=42...
--- Dane o cenach itemu relocation permit q5 w kraju Ukraine ---
{
  "code": 200,
  "description": "Success"
}

Pobieranie danych: cenach itemu relocation permit q5 w kraju Russia z URL: https://api.eclesiar.com/market/items/get?country_id=33&item_id=42...
--- Dane o cenach itemu relocation permit q5 w kraju Russia ---
{
  "code": 200,
  "description": "Success"
}

Pobieranie danych: cenach itemu relocation permit q5 w kraju Georgia z URL: https://api.eclesiar.com/market/items/get?country_id=34&item_id=42...
--- Dane o cenach itemu relocation permit q5 w kraju Georgia ---
{
  "code": 200,
  "description": "Success"
}

Pobieranie danych: cenach itemu relocation permit q5 w kraju Israel z URL: https://api.eclesiar.com/market/items/get?country_id=35&item_id=42...
--- Dane o cenach itemu relocation permit q5 w kraju Israel ---
{
  "code": 200,
  "description": "Success"
}

Pobieranie danych: cenach itemu relocation permit q5 w kraju Egypt z URL: https://api.eclesiar.com/market/items/get?country_id=36&item_id=42...
--- Dane o cenach itemu relocation permit q5 w kraju Egypt ---
{
  "code": 200,
  "description": "Success"
}

Pobieranie danych: cenach itemu relocation permit q5 w kraju South Africa z URL: https://api.eclesiar.com/market/items/get?country_id=37&item_id=42...
--- Dane o cenach itemu relocation permit q5 w kraju South Africa ---
{
  "code": 200,
  "description": "Success"
}

Pobieranie danych: cenach itemu relocation permit q5 w kraju Iraq z URL: https://api.eclesiar.com/market/items/get?country_id=38&item_id=42...
--- Dane o cenach itemu relocation permit q5 w kraju Iraq ---
{
  "code": 200,
  "description": "Success"
}

Pobieranie danych: cenach itemu relocation permit q5 w kraju Saudi Arabia z URL: https://api.eclesiar.com/market/items/get?country_id=39&item_id=42...
--- Dane o cenach itemu relocation permit q5 w kraju Saudi Arabia ---
{
  "code": 200,
  "description": "Success"
}

Pobieranie danych: cenach itemu relocation permit q5 w kraju Iran z URL: https://api.eclesiar.com/market/items/get?country_id=40&item_id=42...
--- Dane o cenach itemu relocation permit q5 w kraju Iran ---
{
  "code": 200,
  "description": "Success"
}

Pobieranie danych: cenach itemu relocation permit q5 w kraju Pakistan z URL: https://api.eclesiar.com/market/items/get?country_id=41&item_id=42...
--- Dane o cenach itemu relocation permit q5 w kraju Pakistan ---
{
  "code": 200,
  "description": "Success"
}

Pobieranie danych: cenach itemu relocation permit q5 w kraju India z URL: https://api.eclesiar.com/market/items/get?country_id=42&item_id=42...
--- Dane o cenach itemu relocation permit q5 w kraju India ---
{
  "code": 200,
  "description": "Success"
}

Pobieranie danych: cenach itemu relocation permit q5 w kraju China z URL: https://api.eclesiar.com/market/items/get?country_id=43&item_id=42...
--- Dane o cenach itemu relocation permit q5 w kraju China ---
{
  "code": 200,
  "description": "Success"
}

Pobieranie danych: cenach itemu relocation permit q5 w kraju Japan z URL: https://api.eclesiar.com/market/items/get?country_id=44&item_id=42...
--- Dane o cenach itemu relocation permit q5 w kraju Japan ---
{
  "code": 200,
  "description": "Success"
}

Pobieranie danych: cenach itemu relocation permit q5 w kraju South Korea z URL: https://api.eclesiar.com/market/items/get?country_id=45&item_id=42...
--- Dane o cenach itemu relocation permit q5 w kraju South Korea ---
{
  "code": 200,
  "description": "Success"
}

Pobieranie danych: cenach itemu relocation permit q5 w kraju Indonesia z URL: https://api.eclesiar.com/market/items/get?country_id=46&item_id=42...
--- Dane o cenach itemu relocation permit q5 w kraju Indonesia ---
{
  "code": 200,
  "description": "Success"
}

Pobieranie danych: cenach itemu relocation permit q5 w kraju Australia z URL: https://api.eclesiar.com/market/items/get?country_id=47&item_id=42...
--- Dane o cenach itemu relocation permit q5 w kraju Australia ---
{
  "code": 200,
  "description": "Success"
}

Pobieranie danych: cenach itemu relocation permit q5 w kraju Philippines z URL: https://api.eclesiar.com/market/items/get?country_id=48&item_id=42...
--- Dane o cenach itemu relocation permit q5 w kraju Philippines ---
{
  "code": 200,
  "description": "Success"
}

Pobieranie danych: cenach itemu megaphone w kraju United Kingdom z URL: https://api.eclesiar.com/market/items/get?country_id=2&item_id=43...
--- Dane o cenach itemu megaphone w kraju United Kingdom ---
{
  "code": 200,
  "description": "Success"
}

Pobieranie danych: cenach itemu megaphone w kraju United States of America z URL: https://api.eclesiar.com/market/items/get?country_id=3&item_id=43...
--- Dane o cenach itemu megaphone w kraju United States of America ---
{
  "code": 200,
  "description": "Success"
}

Pobieranie danych: cenach itemu megaphone w kraju Mexico z URL: https://api.eclesiar.com/market/items/get?country_id=4&item_id=43...
--- Dane o cenach itemu megaphone w kraju Mexico ---
{
  "code": 200,
  "description": "Success"
}

Pobieranie danych: cenach itemu megaphone w kraju Colombia z URL: https://api.eclesiar.com/market/items/get?country_id=5&item_id=43...
--- Dane o cenach itemu megaphone w kraju Colombia ---
{
  "code": 200,
  "description": "Success"
}

Pobieranie danych: cenach itemu megaphone w kraju Peru z URL: https://api.eclesiar.com/market/items/get?country_id=6&item_id=43...
--- Dane o cenach itemu megaphone w kraju Peru ---
{
  "code": 200,
  "description": "Success"
}

Pobieranie danych: cenach itemu megaphone w kraju Brazil z URL: https://api.eclesiar.com/market/items/get?country_id=7&item_id=43...
--- Dane o cenach itemu megaphone w kraju Brazil ---
{
  "code": 200,
  "description": "Success"
}

Pobieranie danych: cenach itemu megaphone w kraju Chile z URL: https://api.eclesiar.com/market/items/get?country_id=8&item_id=43...
--- Dane o cenach itemu megaphone w kraju Chile ---
{
  "code": 200,
  "description": "Success"
}

Pobieranie danych: cenach itemu megaphone w kraju Argentina z URL: https://api.eclesiar.com/market/items/get?country_id=10&item_id=43...
--- Dane o cenach itemu megaphone w kraju Argentina ---
{
  "code": 200,
  "description": "Success"
}

Pobieranie danych: cenach itemu megaphone w kraju Ireland z URL: https://api.eclesiar.com/market/items/get?country_id=11&item_id=43...
--- Dane o cenach itemu megaphone w kraju Ireland ---
{
  "code": 200,
  "description": "Success"
}

Pobieranie danych: cenach itemu megaphone w kraju France z URL: https://api.eclesiar.com/market/items/get?country_id=12&item_id=43...
--- Dane o cenach itemu megaphone w kraju France ---
{
  "code": 200,
  "description": "Success"
}

Pobieranie danych: cenach itemu megaphone w kraju Portugal z URL: https://api.eclesiar.com/market/items/get?country_id=13&item_id=43...
--- Dane o cenach itemu megaphone w kraju Portugal ---
{
  "code": 200,
  "description": "Success"
}

Pobieranie danych: cenach itemu megaphone w kraju Spain z URL: https://api.eclesiar.com/market/items/get?country_id=14&item_id=43...
--- Dane o cenach itemu megaphone w kraju Spain ---
{
  "code": 200,
  "description": "Success"
}

Pobieranie danych: cenach itemu megaphone w kraju Germany z URL: https://api.eclesiar.com/market/items/get?country_id=15&item_id=43...
--- Dane o cenach itemu megaphone w kraju Germany ---
{
  "code": 200,
  "description": "Success"
}

Pobieranie danych: cenach itemu megaphone w kraju Sweden z URL: https://api.eclesiar.com/market/items/get?country_id=16&item_id=43...
--- Dane o cenach itemu megaphone w kraju Sweden ---
{
  "code": 200,
  "description": "Success"
}

Pobieranie danych: cenach itemu megaphone w kraju Italy z URL: https://api.eclesiar.com/market/items/get?country_id=17&item_id=43...
--- Dane o cenach itemu megaphone w kraju Italy ---
{
  "code": 200,
  "description": "Success"
}

Pobieranie danych: cenach itemu megaphone w kraju Poland z URL: https://api.eclesiar.com/market/items/get?country_id=18&item_id=43...
--- Dane o cenach itemu megaphone w kraju Poland ---
{
  "code": 200,
  "description": "Success"
}

Pobieranie danych: cenach itemu megaphone w kraju Lithuania z URL: https://api.eclesiar.com/market/items/get?country_id=19&item_id=43...
--- Dane o cenach itemu megaphone w kraju Lithuania ---
{
  "code": 200,
  "description": "Success"
}

Pobieranie danych: cenach itemu megaphone w kraju Slovenia z URL: https://api.eclesiar.com/market/items/get?country_id=20&item_id=43...
--- Dane o cenach itemu megaphone w kraju Slovenia ---
{
  "code": 200,
  "description": "Success"
}

Pobieranie danych: cenach itemu megaphone w kraju Croatia z URL: https://api.eclesiar.com/market/items/get?country_id=21&item_id=43...
--- Dane o cenach itemu megaphone w kraju Croatia ---
{
  "code": 200,
  "description": "Success"
}

Pobieranie danych: cenach itemu megaphone w kraju Bosnia and Herzegovina z URL: https://api.eclesiar.com/market/items/get?country_id=22&item_id=43...
--- Dane o cenach itemu megaphone w kraju Bosnia and Herzegovina ---
{
  "code": 200,
  "description": "Success"
}

Pobieranie danych: cenach itemu megaphone w kraju Serbia z URL: https://api.eclesiar.com/market/items/get?country_id=23&item_id=43...
--- Dane o cenach itemu megaphone w kraju Serbia ---
{
  "code": 200,
  "description": "Success"
}

Pobieranie danych: cenach itemu megaphone w kraju North Macedonia z URL: https://api.eclesiar.com/market/items/get?country_id=24&item_id=43...
--- Dane o cenach itemu megaphone w kraju North Macedonia ---
{
  "code": 200,
  "description": "Success"
}

Pobieranie danych: cenach itemu megaphone w kraju Albania z URL: https://api.eclesiar.com/market/items/get?country_id=25&item_id=43...
--- Dane o cenach itemu megaphone w kraju Albania ---
{
  "code": 200,
  "description": "Success"
}

Pobieranie danych: cenach itemu megaphone w kraju Greece z URL: https://api.eclesiar.com/market/items/get?country_id=26&item_id=43...
--- Dane o cenach itemu megaphone w kraju Greece ---
{
  "code": 200,
  "description": "Success"
}

Pobieranie danych: cenach itemu megaphone w kraju Hungary z URL: https://api.eclesiar.com/market/items/get?country_id=27&item_id=43...
--- Dane o cenach itemu megaphone w kraju Hungary ---
{
  "code": 200,
  "description": "Success"
}

Pobieranie danych: cenach itemu megaphone w kraju Romania z URL: https://api.eclesiar.com/market/items/get?country_id=28&item_id=43...
--- Dane o cenach itemu megaphone w kraju Romania ---
{
  "code": 200,
  "description": "Success"
}

Pobieranie danych: cenach itemu megaphone w kraju Bulgaria z URL: https://api.eclesiar.com/market/items/get?country_id=30&item_id=43...
--- Dane o cenach itemu megaphone w kraju Bulgaria ---
{
  "code": 200,
  "description": "Success"
}

Pobieranie danych: cenach itemu megaphone w kraju Turkey z URL: https://api.eclesiar.com/market/items/get?country_id=31&item_id=43...
--- Dane o cenach itemu megaphone w kraju Turkey ---
{
  "code": 200,
  "description": "Success"
}

Pobieranie danych: cenach itemu megaphone w kraju Ukraine z URL: https://api.eclesiar.com/market/items/get?country_id=32&item_id=43...
--- Dane o cenach itemu megaphone w kraju Ukraine ---
{
  "code": 200,
  "description": "Success"
}

Pobieranie danych: cenach itemu megaphone w kraju Russia z URL: https://api.eclesiar.com/market/items/get?country_id=33&item_id=43...
--- Dane o cenach itemu megaphone w kraju Russia ---
{
  "code": 200,
  "description": "Success"
}

Pobieranie danych: cenach itemu megaphone w kraju Georgia z URL: https://api.eclesiar.com/market/items/get?country_id=34&item_id=43...
--- Dane o cenach itemu megaphone w kraju Georgia ---
{
  "code": 200,
  "description": "Success"
}

Pobieranie danych: cenach itemu megaphone w kraju Israel z URL: https://api.eclesiar.com/market/items/get?country_id=35&item_id=43...
--- Dane o cenach itemu megaphone w kraju Israel ---
{
  "code": 200,
  "description": "Success"
}

Pobieranie danych: cenach itemu megaphone w kraju Egypt z URL: https://api.eclesiar.com/market/items/get?country_id=36&item_id=43...
--- Dane o cenach itemu megaphone w kraju Egypt ---
{
  "code": 200,
  "description": "Success"
}

Pobieranie danych: cenach itemu megaphone w kraju South Africa z URL: https://api.eclesiar.com/market/items/get?country_id=37&item_id=43...
--- Dane o cenach itemu megaphone w kraju South Africa ---
{
  "code": 200,
  "description": "Success"
}

Pobieranie danych: cenach itemu megaphone w kraju Iraq z URL: https://api.eclesiar.com/market/items/get?country_id=38&item_id=43...
--- Dane o cenach itemu megaphone w kraju Iraq ---
{
  "code": 200,
  "description": "Success"
}

Pobieranie danych: cenach itemu megaphone w kraju Saudi Arabia z URL: https://api.eclesiar.com/market/items/get?country_id=39&item_id=43...
--- Dane o cenach itemu megaphone w kraju Saudi Arabia ---
{
  "code": 200,
  "description": "Success"
}

Pobieranie danych: cenach itemu megaphone w kraju Iran z URL: https://api.eclesiar.com/market/items/get?country_id=40&item_id=43...
--- Dane o cenach itemu megaphone w kraju Iran ---
{
  "code": 200,
  "description": "Success"
}

Pobieranie danych: cenach itemu megaphone w kraju Pakistan z URL: https://api.eclesiar.com/market/items/get?country_id=41&item_id=43...
--- Dane o cenach itemu megaphone w kraju Pakistan ---
{
  "code": 200,
  "description": "Success"
}

Pobieranie danych: cenach itemu megaphone w kraju India z URL: https://api.eclesiar.com/market/items/get?country_id=42&item_id=43...
--- Dane o cenach itemu megaphone w kraju India ---
{
  "code": 200,
  "description": "Success"
}

Pobieranie danych: cenach itemu megaphone w kraju China z URL: https://api.eclesiar.com/market/items/get?country_id=43&item_id=43...
--- Dane o cenach itemu megaphone w kraju China ---
{
  "code": 200,
  "description": "Success"
}

Pobieranie danych: cenach itemu megaphone w kraju Japan z URL: https://api.eclesiar.com/market/items/get?country_id=44&item_id=43...
--- Dane o cenach itemu megaphone w kraju Japan ---
{
  "code": 200,
  "description": "Success"
}

Pobieranie danych: cenach itemu megaphone w kraju South Korea z URL: https://api.eclesiar.com/market/items/get?country_id=45&item_id=43...
--- Dane o cenach itemu megaphone w kraju South Korea ---
{
  "code": 200,
  "description": "Success"
}

Pobieranie danych: cenach itemu megaphone w kraju Indonesia z URL: https://api.eclesiar.com/market/items/get?country_id=46&item_id=43...
--- Dane o cenach itemu megaphone w kraju Indonesia ---
{
  "code": 200,
  "description": "Success"
}

Pobieranie danych: cenach itemu megaphone w kraju Australia z URL: https://api.eclesiar.com/market/items/get?country_id=47&item_id=43...
--- Dane o cenach itemu megaphone w kraju Australia ---
{
  "code": 200,
  "description": "Success"
}

Pobieranie danych: cenach itemu megaphone w kraju Philippines z URL: https://api.eclesiar.com/market/items/get?country_id=48&item_id=43...
--- Dane o cenach itemu megaphone w kraju Philippines ---
{
  "code": 200,
  "description": "Success"
}

Pobieranie danych: cenach itemu ear plugs w kraju United Kingdom z URL: https://api.eclesiar.com/market/items/get?country_id=2&item_id=44...
--- Dane o cenach itemu ear plugs w kraju United Kingdom ---
{
  "code": 200,
  "description": "Success"
}

Pobieranie danych: cenach itemu ear plugs w kraju United States of America z URL: https://api.eclesiar.com/market/items/get?country_id=3&item_id=44...
--- Dane o cenach itemu ear plugs w kraju United States of America ---
{
  "code": 200,
  "description": "Success"
}

Pobieranie danych: cenach itemu ear plugs w kraju Mexico z URL: https://api.eclesiar.com/market/items/get?country_id=4&item_id=44...
--- Dane o cenach itemu ear plugs w kraju Mexico ---
{
  "code": 200,
  "description": "Success"
}

Pobieranie danych: cenach itemu ear plugs w kraju Colombia z URL: https://api.eclesiar.com/market/items/get?country_id=5&item_id=44...
--- Dane o cenach itemu ear plugs w kraju Colombia ---
{
  "code": 200,
  "description": "Success"
}

Pobieranie danych: cenach itemu ear plugs w kraju Peru z URL: https://api.eclesiar.com/market/items/get?country_id=6&item_id=44...
--- Dane o cenach itemu ear plugs w kraju Peru ---
{
  "code": 200,
  "description": "Success"
}

Pobieranie danych: cenach itemu ear plugs w kraju Brazil z URL: https://api.eclesiar.com/market/items/get?country_id=7&item_id=44...
--- Dane o cenach itemu ear plugs w kraju Brazil ---
{
  "code": 200,
  "description": "Success"
}

Pobieranie danych: cenach itemu ear plugs w kraju Chile z URL: https://api.eclesiar.com/market/items/get?country_id=8&item_id=44...
--- Dane o cenach itemu ear plugs w kraju Chile ---
{
  "code": 200,
  "description": "Success"
}

Pobieranie danych: cenach itemu ear plugs w kraju Argentina z URL: https://api.eclesiar.com/market/items/get?country_id=10&item_id=44...
--- Dane o cenach itemu ear plugs w kraju Argentina ---
{
  "code": 200,
  "description": "Success"
}

Pobieranie danych: cenach itemu ear plugs w kraju Ireland z URL: https://api.eclesiar.com/market/items/get?country_id=11&item_id=44...
--- Dane o cenach itemu ear plugs w kraju Ireland ---
{
  "code": 200,
  "description": "Success"
}

Pobieranie danych: cenach itemu ear plugs w kraju France z URL: https://api.eclesiar.com/market/items/get?country_id=12&item_id=44...
--- Dane o cenach itemu ear plugs w kraju France ---
{
  "code": 200,
  "description": "Success"
}

Pobieranie danych: cenach itemu ear plugs w kraju Portugal z URL: https://api.eclesiar.com/market/items/get?country_id=13&item_id=44...
--- Dane o cenach itemu ear plugs w kraju Portugal ---
{
  "code": 200,
  "description": "Success"
}

Pobieranie danych: cenach itemu ear plugs w kraju Spain z URL: https://api.eclesiar.com/market/items/get?country_id=14&item_id=44...
--- Dane o cenach itemu ear plugs w kraju Spain ---
{
  "code": 200,
  "description": "Success"
}

Pobieranie danych: cenach itemu ear plugs w kraju Germany z URL: https://api.eclesiar.com/market/items/get?country_id=15&item_id=44...
--- Dane o cenach itemu ear plugs w kraju Germany ---
{
  "code": 200,
  "description": "Success"
}

Pobieranie danych: cenach itemu ear plugs w kraju Sweden z URL: https://api.eclesiar.com/market/items/get?country_id=16&item_id=44...
--- Dane o cenach itemu ear plugs w kraju Sweden ---
{
  "code": 200,
  "description": "Success"
}

Pobieranie danych: cenach itemu ear plugs w kraju Italy z URL: https://api.eclesiar.com/market/items/get?country_id=17&item_id=44...
--- Dane o cenach itemu ear plugs w kraju Italy ---
{
  "code": 200,
  "description": "Success"
}

Pobieranie danych: cenach itemu ear plugs w kraju Poland z URL: https://api.eclesiar.com/market/items/get?country_id=18&item_id=44...
--- Dane o cenach itemu ear plugs w kraju Poland ---
{
  "code": 200,
  "description": "Success"
}

Pobieranie danych: cenach itemu ear plugs w kraju Lithuania z URL: https://api.eclesiar.com/market/items/get?country_id=19&item_id=44...
--- Dane o cenach itemu ear plugs w kraju Lithuania ---
{
  "code": 200,
  "description": "Success"
}

Pobieranie danych: cenach itemu ear plugs w kraju Slovenia z URL: https://api.eclesiar.com/market/items/get?country_id=20&item_id=44...
--- Dane o cenach itemu ear plugs w kraju Slovenia ---
{
  "code": 200,
  "description": "Success"
}

Pobieranie danych: cenach itemu ear plugs w kraju Croatia z URL: https://api.eclesiar.com/market/items/get?country_id=21&item_id=44...
--- Dane o cenach itemu ear plugs w kraju Croatia ---
{
  "code": 200,
  "description": "Success"
}

Pobieranie danych: cenach itemu ear plugs w kraju Bosnia and Herzegovina z URL: https://api.eclesiar.com/market/items/get?country_id=22&item_id=44...
--- Dane o cenach itemu ear plugs w kraju Bosnia and Herzegovina ---
{
  "code": 200,
  "description": "Success"
}

Pobieranie danych: cenach itemu ear plugs w kraju Serbia z URL: https://api.eclesiar.com/market/items/get?country_id=23&item_id=44...
--- Dane o cenach itemu ear plugs w kraju Serbia ---
{
  "code": 200,
  "description": "Success"
}

Pobieranie danych: cenach itemu ear plugs w kraju North Macedonia z URL: https://api.eclesiar.com/market/items/get?country_id=24&item_id=44...
--- Dane o cenach itemu ear plugs w kraju North Macedonia ---
{
  "code": 200,
  "description": "Success"
}

Pobieranie danych: cenach itemu ear plugs w kraju Albania z URL: https://api.eclesiar.com/market/items/get?country_id=25&item_id=44...
--- Dane o cenach itemu ear plugs w kraju Albania ---
{
  "code": 200,
  "description": "Success"
}

Pobieranie danych: cenach itemu ear plugs w kraju Greece z URL: https://api.eclesiar.com/market/items/get?country_id=26&item_id=44...
--- Dane o cenach itemu ear plugs w kraju Greece ---
{
  "code": 200,
  "description": "Success"
}

Pobieranie danych: cenach itemu ear plugs w kraju Hungary z URL: https://api.eclesiar.com/market/items/get?country_id=27&item_id=44...
--- Dane o cenach itemu ear plugs w kraju Hungary ---
{
  "code": 200,
  "description": "Success"
}

Pobieranie danych: cenach itemu ear plugs w kraju Romania z URL: https://api.eclesiar.com/market/items/get?country_id=28&item_id=44...
--- Dane o cenach itemu ear plugs w kraju Romania ---
{
  "code": 200,
  "description": "Success"
}

Pobieranie danych: cenach itemu ear plugs w kraju Bulgaria z URL: https://api.eclesiar.com/market/items/get?country_id=30&item_id=44...
--- Dane o cenach itemu ear plugs w kraju Bulgaria ---
{
  "code": 200,
  "description": "Success"
}

Pobieranie danych: cenach itemu ear plugs w kraju Turkey z URL: https://api.eclesiar.com/market/items/get?country_id=31&item_id=44...
--- Dane o cenach itemu ear plugs w kraju Turkey ---
{
  "code": 200,
  "description": "Success"
}

Pobieranie danych: cenach itemu ear plugs w kraju Ukraine z URL: https://api.eclesiar.com/market/items/get?country_id=32&item_id=44...
--- Dane o cenach itemu ear plugs w kraju Ukraine ---
{
  "code": 200,
  "description": "Success"
}

Pobieranie danych: cenach itemu ear plugs w kraju Russia z URL: https://api.eclesiar.com/market/items/get?country_id=33&item_id=44...
--- Dane o cenach itemu ear plugs w kraju Russia ---
{
  "code": 200,
  "description": "Success"
}

Pobieranie danych: cenach itemu ear plugs w kraju Georgia z URL: https://api.eclesiar.com/market/items/get?country_id=34&item_id=44...
--- Dane o cenach itemu ear plugs w kraju Georgia ---
{
  "code": 200,
  "description": "Success"
}

Pobieranie danych: cenach itemu ear plugs w kraju Israel z URL: https://api.eclesiar.com/market/items/get?country_id=35&item_id=44...
--- Dane o cenach itemu ear plugs w kraju Israel ---
{
  "code": 200,
  "description": "Success"
}

Pobieranie danych: cenach itemu ear plugs w kraju Egypt z URL: https://api.eclesiar.com/market/items/get?country_id=36&item_id=44...
--- Dane o cenach itemu ear plugs w kraju Egypt ---
{
  "code": 200,
  "description": "Success"
}

Pobieranie danych: cenach itemu ear plugs w kraju South Africa z URL: https://api.eclesiar.com/market/items/get?country_id=37&item_id=44...
--- Dane o cenach itemu ear plugs w kraju South Africa ---
{
  "code": 200,
  "description": "Success"
}

Pobieranie danych: cenach itemu ear plugs w kraju Iraq z URL: https://api.eclesiar.com/market/items/get?country_id=38&item_id=44...
--- Dane o cenach itemu ear plugs w kraju Iraq ---
{
  "code": 200,
  "description": "Success"
}

Pobieranie danych: cenach itemu ear plugs w kraju Saudi Arabia z URL: https://api.eclesiar.com/market/items/get?country_id=39&item_id=44...
--- Dane o cenach itemu ear plugs w kraju Saudi Arabia ---
{
  "code": 200,
  "description": "Success"
}

Pobieranie danych: cenach itemu ear plugs w kraju Iran z URL: https://api.eclesiar.com/market/items/get?country_id=40&item_id=44...
--- Dane o cenach itemu ear plugs w kraju Iran ---
{
  "code": 200,
  "description": "Success"
}

Pobieranie danych: cenach itemu ear plugs w kraju Pakistan z URL: https://api.eclesiar.com/market/items/get?country_id=41&item_id=44...
--- Dane o cenach itemu ear plugs w kraju Pakistan ---
{
  "code": 200,
  "description": "Success"
}

Pobieranie danych: cenach itemu ear plugs w kraju India z URL: https://api.eclesiar.com/market/items/get?country_id=42&item_id=44...
--- Dane o cenach itemu ear plugs w kraju India ---
{
  "code": 200,
  "description": "Success"
}

Pobieranie danych: cenach itemu ear plugs w kraju China z URL: https://api.eclesiar.com/market/items/get?country_id=43&item_id=44...
--- Dane o cenach itemu ear plugs w kraju China ---
{
  "code": 200,
  "description": "Success"
}

Pobieranie danych: cenach itemu ear plugs w kraju Japan z URL: https://api.eclesiar.com/market/items/get?country_id=44&item_id=44...
--- Dane o cenach itemu ear plugs w kraju Japan ---
{
  "code": 200,
  "description": "Success"
}

Pobieranie danych: cenach itemu ear plugs w kraju South Korea z URL: https://api.eclesiar.com/market/items/get?country_id=45&item_id=44...
--- Dane o cenach itemu ear plugs w kraju South Korea ---
{
  "code": 200,
  "description": "Success"
}

Pobieranie danych: cenach itemu ear plugs w kraju Indonesia z URL: https://api.eclesiar.com/market/items/get?country_id=46&item_id=44...
--- Dane o cenach itemu ear plugs w kraju Indonesia ---
{
  "code": 200,
  "description": "Success"
}

Pobieranie danych: cenach itemu ear plugs w kraju Australia z URL: https://api.eclesiar.com/market/items/get?country_id=47&item_id=44...
--- Dane o cenach itemu ear plugs w kraju Australia ---
{
  "code": 200,
  "description": "Success"
}

Pobieranie danych: cenach itemu ear plugs w kraju Philippines z URL: https://api.eclesiar.com/market/items/get?country_id=48&item_id=44...
--- Dane o cenach itemu ear plugs w kraju Philippines ---
{
  "code": 200,
  "description": "Success"
}

Pobieranie danych: cenach itemu merge office w kraju United Kingdom z URL: https://api.eclesiar.com/market/items/get?country_id=2&item_id=45...
--- Dane o cenach itemu merge office w kraju United Kingdom ---
{
  "code": 200,
  "description": "Success"
}

Pobieranie danych: cenach itemu merge office w kraju United States of America z URL: https://api.eclesiar.com/market/items/get?country_id=3&item_id=45...
--- Dane o cenach itemu merge office w kraju United States of America ---
{
  "code": 200,
  "description": "Success"
}

Pobieranie danych: cenach itemu merge office w kraju Mexico z URL: https://api.eclesiar.com/market/items/get?country_id=4&item_id=45...
--- Dane o cenach itemu merge office w kraju Mexico ---
{
  "code": 200,
  "description": "Success"
}

Pobieranie danych: cenach itemu merge office w kraju Colombia z URL: https://api.eclesiar.com/market/items/get?country_id=5&item_id=45...
--- Dane o cenach itemu merge office w kraju Colombia ---
{
  "code": 200,
  "description": "Success"
}

Pobieranie danych: cenach itemu merge office w kraju Peru z URL: https://api.eclesiar.com/market/items/get?country_id=6&item_id=45...
--- Dane o cenach itemu merge office w kraju Peru ---
{
  "code": 200,
  "description": "Success"
}

Pobieranie danych: cenach itemu merge office w kraju Brazil z URL: https://api.eclesiar.com/market/items/get?country_id=7&item_id=45...
--- Dane o cenach itemu merge office w kraju Brazil ---
{
  "code": 200,
  "description": "Success"
}

Pobieranie danych: cenach itemu merge office w kraju Chile z URL: https://api.eclesiar.com/market/items/get?country_id=8&item_id=45...
--- Dane o cenach itemu merge office w kraju Chile ---
{
  "code": 200,
  "description": "Success"
}

Pobieranie danych: cenach itemu merge office w kraju Argentina z URL: https://api.eclesiar.com/market/items/get?country_id=10&item_id=45...
--- Dane o cenach itemu merge office w kraju Argentina ---
{
  "code": 200,
  "description": "Success"
}

Pobieranie danych: cenach itemu merge office w kraju Ireland z URL: https://api.eclesiar.com/market/items/get?country_id=11&item_id=45...
--- Dane o cenach itemu merge office w kraju Ireland ---
{
  "code": 200,
  "description": "Success"
}

Pobieranie danych: cenach itemu merge office w kraju France z URL: https://api.eclesiar.com/market/items/get?country_id=12&item_id=45...
--- Dane o cenach itemu merge office w kraju France ---
{
  "code": 200,
  "description": "Success"
}

Pobieranie danych: cenach itemu merge office w kraju Portugal z URL: https://api.eclesiar.com/market/items/get?country_id=13&item_id=45...
--- Dane o cenach itemu merge office w kraju Portugal ---
{
  "code": 200,
  "description": "Success"
}

Pobieranie danych: cenach itemu merge office w kraju Spain z URL: https://api.eclesiar.com/market/items/get?country_id=14&item_id=45...
--- Dane o cenach itemu merge office w kraju Spain ---
{
  "code": 200,
  "description": "Success"
}

Pobieranie danych: cenach itemu merge office w kraju Germany z URL: https://api.eclesiar.com/market/items/get?country_id=15&item_id=45...
--- Dane o cenach itemu merge office w kraju Germany ---
{
  "code": 200,
  "description": "Success"
}

Pobieranie danych: cenach itemu merge office w kraju Sweden z URL: https://api.eclesiar.com/market/items/get?country_id=16&item_id=45...
--- Dane o cenach itemu merge office w kraju Sweden ---
{
  "code": 200,
  "description": "Success"
}

Pobieranie danych: cenach itemu merge office w kraju Italy z URL: https://api.eclesiar.com/market/items/get?country_id=17&item_id=45...
--- Dane o cenach itemu merge office w kraju Italy ---
{
  "code": 200,
  "description": "Success"
}

Pobieranie danych: cenach itemu merge office w kraju Poland z URL: https://api.eclesiar.com/market/items/get?country_id=18&item_id=45...
--- Dane o cenach itemu merge office w kraju Poland ---
{
  "code": 200,
  "description": "Success"
}

Pobieranie danych: cenach itemu merge office w kraju Lithuania z URL: https://api.eclesiar.com/market/items/get?country_id=19&item_id=45...
--- Dane o cenach itemu merge office w kraju Lithuania ---
{
  "code": 200,
  "description": "Success"
}

Pobieranie danych: cenach itemu merge office w kraju Slovenia z URL: https://api.eclesiar.com/market/items/get?country_id=20&item_id=45...
--- Dane o cenach itemu merge office w kraju Slovenia ---
{
  "code": 200,
  "description": "Success"
}

Pobieranie danych: cenach itemu merge office w kraju Croatia z URL: https://api.eclesiar.com/market/items/get?country_id=21&item_id=45...
--- Dane o cenach itemu merge office w kraju Croatia ---
{
  "code": 200,
  "description": "Success"
}

Pobieranie danych: cenach itemu merge office w kraju Bosnia and Herzegovina z URL: https://api.eclesiar.com/market/items/get?country_id=22&item_id=45...
--- Dane o cenach itemu merge office w kraju Bosnia and Herzegovina ---
{
  "code": 200,
  "description": "Success"
}

Pobieranie danych: cenach itemu merge office w kraju Serbia z URL: https://api.eclesiar.com/market/items/get?country_id=23&item_id=45...
--- Dane o cenach itemu merge office w kraju Serbia ---
{
  "code": 200,
  "description": "Success"
}

Pobieranie danych: cenach itemu merge office w kraju North Macedonia z URL: https://api.eclesiar.com/market/items/get?country_id=24&item_id=45...
--- Dane o cenach itemu merge office w kraju North Macedonia ---
{
  "code": 200,
  "description": "Success"
}

Pobieranie danych: cenach itemu merge office w kraju Albania z URL: https://api.eclesiar.com/market/items/get?country_id=25&item_id=45...
--- Dane o cenach itemu merge office w kraju Albania ---
{
  "code": 200,
  "description": "Success"
}

Pobieranie danych: cenach itemu merge office w kraju Greece z URL: https://api.eclesiar.com/market/items/get?country_id=26&item_id=45...
--- Dane o cenach itemu merge office w kraju Greece ---
{
  "code": 200,
  "description": "Success"
}

Pobieranie danych: cenach itemu merge office w kraju Hungary z URL: https://api.eclesiar.com/market/items/get?country_id=27&item_id=45...
--- Dane o cenach itemu merge office w kraju Hungary ---
{
  "code": 200,
  "description": "Success"
}

Pobieranie danych: cenach itemu merge office w kraju Romania z URL: https://api.eclesiar.com/market/items/get?country_id=28&item_id=45...
--- Dane o cenach itemu merge office w kraju Romania ---
{
  "code": 200,
  "description": "Success"
}

Pobieranie danych: cenach itemu merge office w kraju Bulgaria z URL: https://api.eclesiar.com/market/items/get?country_id=30&item_id=45...
--- Dane o cenach itemu merge office w kraju Bulgaria ---
{
  "code": 200,
  "description": "Success"
}

Pobieranie danych: cenach itemu merge office w kraju Turkey z URL: https://api.eclesiar.com/market/items/get?country_id=31&item_id=45...
--- Dane o cenach itemu merge office w kraju Turkey ---
{
  "code": 200,
  "description": "Success"
}

Pobieranie danych: cenach itemu merge office w kraju Ukraine z URL: https://api.eclesiar.com/market/items/get?country_id=32&item_id=45...
--- Dane o cenach itemu merge office w kraju Ukraine ---
{
  "code": 200,
  "description": "Success"
}

Pobieranie danych: cenach itemu merge office w kraju Russia z URL: https://api.eclesiar.com/market/items/get?country_id=33&item_id=45...
--- Dane o cenach itemu merge office w kraju Russia ---
{
  "code": 200,
  "description": "Success"
}

Pobieranie danych: cenach itemu merge office w kraju Georgia z URL: https://api.eclesiar.com/market/items/get?country_id=34&item_id=45...
--- Dane o cenach itemu merge office w kraju Georgia ---
{
  "code": 200,
  "description": "Success"
}

Pobieranie danych: cenach itemu merge office w kraju Israel z URL: https://api.eclesiar.com/market/items/get?country_id=35&item_id=45...
--- Dane o cenach itemu merge office w kraju Israel ---
{
  "code": 200,
  "description": "Success"
}

Pobieranie danych: cenach itemu merge office w kraju Egypt z URL: https://api.eclesiar.com/market/items/get?country_id=36&item_id=45...
--- Dane o cenach itemu merge office w kraju Egypt ---
{
  "code": 200,
  "description": "Success"
}

Pobieranie danych: cenach itemu merge office w kraju South Africa z URL: https://api.eclesiar.com/market/items/get?country_id=37&item_id=45...
--- Dane o cenach itemu merge office w kraju South Africa ---
{
  "code": 200,
  "description": "Success"
}

Pobieranie danych: cenach itemu merge office w kraju Iraq z URL: https://api.eclesiar.com/market/items/get?country_id=38&item_id=45...
--- Dane o cenach itemu merge office w kraju Iraq ---
{
  "code": 200,
  "description": "Success"
}

Pobieranie danych: cenach itemu merge office w kraju Saudi Arabia z URL: https://api.eclesiar.com/market/items/get?country_id=39&item_id=45...
--- Dane o cenach itemu merge office w kraju Saudi Arabia ---
{
  "code": 200,
  "description": "Success"
}

Pobieranie danych: cenach itemu merge office w kraju Iran z URL: https://api.eclesiar.com/market/items/get?country_id=40&item_id=45...
--- Dane o cenach itemu merge office w kraju Iran ---
{
  "code": 200,
  "description": "Success"
}

Pobieranie danych: cenach itemu merge office w kraju Pakistan z URL: https://api.eclesiar.com/market/items/get?country_id=41&item_id=45...
--- Dane o cenach itemu merge office w kraju Pakistan ---
{
  "code": 200,
  "description": "Success"
}

Pobieranie danych: cenach itemu merge office w kraju India z URL: https://api.eclesiar.com/market/items/get?country_id=42&item_id=45...
--- Dane o cenach itemu merge office w kraju India ---
{
  "code": 200,
  "description": "Success"
}

Pobieranie danych: cenach itemu merge office w kraju China z URL: https://api.eclesiar.com/market/items/get?country_id=43&item_id=45...
--- Dane o cenach itemu merge office w kraju China ---
{
  "code": 200,
  "description": "Success"
}

Pobieranie danych: cenach itemu merge office w kraju Japan z URL: https://api.eclesiar.com/market/items/get?country_id=44&item_id=45...
--- Dane o cenach itemu merge office w kraju Japan ---
{
  "code": 200,
  "description": "Success"
}

Pobieranie danych: cenach itemu merge office w kraju South Korea z URL: https://api.eclesiar.com/market/items/get?country_id=45&item_id=45...
--- Dane o cenach itemu merge office w kraju South Korea ---
{
  "code": 200,
  "description": "Success"
}

Pobieranie danych: cenach itemu merge office w kraju Indonesia z URL: https://api.eclesiar.com/market/items/get?country_id=46&item_id=45...
--- Dane o cenach itemu merge office w kraju Indonesia ---
{
  "code": 200,
  "description": "Success"
}

Pobieranie danych: cenach itemu merge office w kraju Australia z URL: https://api.eclesiar.com/market/items/get?country_id=47&item_id=45...
--- Dane o cenach itemu merge office w kraju Australia ---
{
  "code": 200,
  "description": "Success"
}

Pobieranie danych: cenach itemu merge office w kraju Philippines z URL: https://api.eclesiar.com/market/items/get?country_id=48&item_id=45...
--- Dane o cenach itemu merge office w kraju Philippines ---
{
  "code": 200,
  "description": "Success"
}

Pobieranie danych: cenach itemu military strategy manual
 w kraju United Kingdom z URL: https://api.eclesiar.com/market/items/get?country_id=2&item_id=46...
--- Dane o cenach itemu military strategy manual
 w kraju United Kingdom ---
{
  "code": 200,
  "description": "Success"
}

Pobieranie danych: cenach itemu military strategy manual
 w kraju United States of America z URL: https://api.eclesiar.com/market/items/get?country_id=3&item_id=46...
--- Dane o cenach itemu military strategy manual
 w kraju United States of America ---
{
  "code": 200,
  "description": "Success"
}

Pobieranie danych: cenach itemu military strategy manual
 w kraju Mexico z URL: https://api.eclesiar.com/market/items/get?country_id=4&item_id=46...
--- Dane o cenach itemu military strategy manual
 w kraju Mexico ---
{
  "code": 200,
  "description": "Success"
}

Pobieranie danych: cenach itemu military strategy manual
 w kraju Colombia z URL: https://api.eclesiar.com/market/items/get?country_id=5&item_id=46...
--- Dane o cenach itemu military strategy manual
 w kraju Colombia ---
{
  "code": 200,
  "description": "Success"
}

Pobieranie danych: cenach itemu military strategy manual
 w kraju Peru z URL: https://api.eclesiar.com/market/items/get?country_id=6&item_id=46...
--- Dane o cenach itemu military strategy manual
 w kraju Peru ---
{
  "code": 200,
  "description": "Success"
}

Pobieranie danych: cenach itemu military strategy manual
 w kraju Brazil z URL: https://api.eclesiar.com/market/items/get?country_id=7&item_id=46...
--- Dane o cenach itemu military strategy manual
 w kraju Brazil ---
{
  "code": 200,
  "description": "Success"
}

Pobieranie danych: cenach itemu military strategy manual
 w kraju Chile z URL: https://api.eclesiar.com/market/items/get?country_id=8&item_id=46...
--- Dane o cenach itemu military strategy manual
 w kraju Chile ---
{
  "code": 200,
  "description": "Success"
}

Pobieranie danych: cenach itemu military strategy manual
 w kraju Argentina z URL: https://api.eclesiar.com/market/items/get?country_id=10&item_id=46...
--- Dane o cenach itemu military strategy manual
 w kraju Argentina ---
{
  "code": 200,
  "description": "Success"
}

Pobieranie danych: cenach itemu military strategy manual
 w kraju Ireland z URL: https://api.eclesiar.com/market/items/get?country_id=11&item_id=46...
--- Dane o cenach itemu military strategy manual
 w kraju Ireland ---
{
  "code": 200,
  "description": "Success"
}

Pobieranie danych: cenach itemu military strategy manual
 w kraju France z URL: https://api.eclesiar.com/market/items/get?country_id=12&item_id=46...
--- Dane o cenach itemu military strategy manual
 w kraju France ---
{
  "code": 200,
  "description": "Success"
}

Pobieranie danych: cenach itemu military strategy manual
 w kraju Portugal z URL: https://api.eclesiar.com/market/items/get?country_id=13&item_id=46...
--- Dane o cenach itemu military strategy manual
 w kraju Portugal ---
{
  "code": 200,
  "description": "Success"
}

Pobieranie danych: cenach itemu military strategy manual
 w kraju Spain z URL: https://api.eclesiar.com/market/items/get?country_id=14&item_id=46...
--- Dane o cenach itemu military strategy manual
 w kraju Spain ---
{
  "code": 200,
  "description": "Success"
}

Pobieranie danych: cenach itemu military strategy manual
 w kraju Germany z URL: https://api.eclesiar.com/market/items/get?country_id=15&item_id=46...
--- Dane o cenach itemu military strategy manual
 w kraju Germany ---
{
  "code": 200,
  "description": "Success"
}

Pobieranie danych: cenach itemu military strategy manual
 w kraju Sweden z URL: https://api.eclesiar.com/market/items/get?country_id=16&item_id=46...
--- Dane o cenach itemu military strategy manual
 w kraju Sweden ---
{
  "code": 200,
  "description": "Success"
}

Pobieranie danych: cenach itemu military strategy manual
 w kraju Italy z URL: https://api.eclesiar.com/market/items/get?country_id=17&item_id=46...
--- Dane o cenach itemu military strategy manual
 w kraju Italy ---
{
  "code": 200,
  "description": "Success"
}

Pobieranie danych: cenach itemu military strategy manual
 w kraju Poland z URL: https://api.eclesiar.com/market/items/get?country_id=18&item_id=46...
--- Dane o cenach itemu military strategy manual
 w kraju Poland ---
{
  "code": 200,
  "description": "Success"
}

Pobieranie danych: cenach itemu military strategy manual
 w kraju Lithuania z URL: https://api.eclesiar.com/market/items/get?country_id=19&item_id=46...
--- Dane o cenach itemu military strategy manual
 w kraju Lithuania ---
{
  "code": 200,
  "description": "Success"
}

Pobieranie danych: cenach itemu military strategy manual
 w kraju Slovenia z URL: https://api.eclesiar.com/market/items/get?country_id=20&item_id=46...
--- Dane o cenach itemu military strategy manual
 w kraju Slovenia ---
{
  "code": 200,
  "description": "Success"
}

Pobieranie danych: cenach itemu military strategy manual
 w kraju Croatia z URL: https://api.eclesiar.com/market/items/get?country_id=21&item_id=46...
--- Dane o cenach itemu military strategy manual
 w kraju Croatia ---
{
  "code": 200,
  "description": "Success"
}

Pobieranie danych: cenach itemu military strategy manual
 w kraju Bosnia and Herzegovina z URL: https://api.eclesiar.com/market/items/get?country_id=22&item_id=46...
--- Dane o cenach itemu military strategy manual
 w kraju Bosnia and Herzegovina ---
{
  "code": 200,
  "description": "Success"
}

Pobieranie danych: cenach itemu military strategy manual
 w kraju Serbia z URL: https://api.eclesiar.com/market/items/get?country_id=23&item_id=46...
--- Dane o cenach itemu military strategy manual
 w kraju Serbia ---
{
  "code": 200,
  "description": "Success"
}

Pobieranie danych: cenach itemu military strategy manual
 w kraju North Macedonia z URL: https://api.eclesiar.com/market/items/get?country_id=24&item_id=46...
--- Dane o cenach itemu military strategy manual
 w kraju North Macedonia ---
{
  "code": 200,
  "description": "Success"
}

Pobieranie danych: cenach itemu military strategy manual
 w kraju Albania z URL: https://api.eclesiar.com/market/items/get?country_id=25&item_id=46...
--- Dane o cenach itemu military strategy manual
 w kraju Albania ---
{
  "code": 200,
  "description": "Success"
}

Pobieranie danych: cenach itemu military strategy manual
 w kraju Greece z URL: https://api.eclesiar.com/market/items/get?country_id=26&item_id=46...
--- Dane o cenach itemu military strategy manual
 w kraju Greece ---
{
  "code": 200,
  "description": "Success"
}

Pobieranie danych: cenach itemu military strategy manual
 w kraju Hungary z URL: https://api.eclesiar.com/market/items/get?country_id=27&item_id=46...
--- Dane o cenach itemu military strategy manual
 w kraju Hungary ---
{
  "code": 200,
  "description": "Success"
}

Pobieranie danych: cenach itemu military strategy manual
 w kraju Romania z URL: https://api.eclesiar.com/market/items/get?country_id=28&item_id=46...
--- Dane o cenach itemu military strategy manual
 w kraju Romania ---
{
  "code": 200,
  "description": "Success"
}

Pobieranie danych: cenach itemu military strategy manual
 w kraju Bulgaria z URL: https://api.eclesiar.com/market/items/get?country_id=30&item_id=46...
--- Dane o cenach itemu military strategy manual
 w kraju Bulgaria ---
{
  "code": 200,
  "description": "Success"
}

Pobieranie danych: cenach itemu military strategy manual
 w kraju Turkey z URL: https://api.eclesiar.com/market/items/get?country_id=31&item_id=46...
--- Dane o cenach itemu military strategy manual
 w kraju Turkey ---
{
  "code": 200,
  "description": "Success"
}

Pobieranie danych: cenach itemu military strategy manual
 w kraju Ukraine z URL: https://api.eclesiar.com/market/items/get?country_id=32&item_id=46...
--- Dane o cenach itemu military strategy manual
 w kraju Ukraine ---
{
  "code": 200,
  "description": "Success"
}

Pobieranie danych: cenach itemu military strategy manual
 w kraju Russia z URL: https://api.eclesiar.com/market/items/get?country_id=33&item_id=46...
--- Dane o cenach itemu military strategy manual
 w kraju Russia ---
{
  "code": 200,
  "description": "Success"
}

Pobieranie danych: cenach itemu military strategy manual
 w kraju Georgia z URL: https://api.eclesiar.com/market/items/get?country_id=34&item_id=46...
--- Dane o cenach itemu military strategy manual
 w kraju Georgia ---
{
  "code": 200,
  "description": "Success"
}

Pobieranie danych: cenach itemu military strategy manual
 w kraju Israel z URL: https://api.eclesiar.com/market/items/get?country_id=35&item_id=46...
--- Dane o cenach itemu military strategy manual
 w kraju Israel ---
{
  "code": 200,
  "description": "Success"
}

Pobieranie danych: cenach itemu military strategy manual
 w kraju Egypt z URL: https://api.eclesiar.com/market/items/get?country_id=36&item_id=46...
--- Dane o cenach itemu military strategy manual
 w kraju Egypt ---
{
  "code": 200,
  "description": "Success"
}

Pobieranie danych: cenach itemu military strategy manual
 w kraju South Africa z URL: https://api.eclesiar.com/market/items/get?country_id=37&item_id=46...
--- Dane o cenach itemu military strategy manual
 w kraju South Africa ---
{
  "code": 200,
  "description": "Success"
}

Pobieranie danych: cenach itemu military strategy manual
 w kraju Iraq z URL: https://api.eclesiar.com/market/items/get?country_id=38&item_id=46...
--- Dane o cenach itemu military strategy manual
 w kraju Iraq ---
{
  "code": 200,
  "description": "Success"
}

Pobieranie danych: cenach itemu military strategy manual
 w kraju Saudi Arabia z URL: https://api.eclesiar.com/market/items/get?country_id=39&item_id=46...
--- Dane o cenach itemu military strategy manual
 w kraju Saudi Arabia ---
{
  "code": 200,
  "description": "Success"
}

Pobieranie danych: cenach itemu military strategy manual
 w kraju Iran z URL: https://api.eclesiar.com/market/items/get?country_id=40&item_id=46...
--- Dane o cenach itemu military strategy manual
 w kraju Iran ---
{
  "code": 200,
  "description": "Success"
}

Pobieranie danych: cenach itemu military strategy manual
 w kraju Pakistan z URL: https://api.eclesiar.com/market/items/get?country_id=41&item_id=46...
--- Dane o cenach itemu military strategy manual
 w kraju Pakistan ---
{
  "code": 200,
  "description": "Success"
}

Pobieranie danych: cenach itemu military strategy manual
 w kraju India z URL: https://api.eclesiar.com/market/items/get?country_id=42&item_id=46...
--- Dane o cenach itemu military strategy manual
 w kraju India ---
{
  "code": 200,
  "description": "Success"
}

Pobieranie danych: cenach itemu military strategy manual
 w kraju China z URL: https://api.eclesiar.com/market/items/get?country_id=43&item_id=46...
--- Dane o cenach itemu military strategy manual
 w kraju China ---
{
  "code": 200,
  "description": "Success"
}

Pobieranie danych: cenach itemu military strategy manual
 w kraju Japan z URL: https://api.eclesiar.com/market/items/get?country_id=44&item_id=46...
--- Dane o cenach itemu military strategy manual
 w kraju Japan ---
{
  "code": 200,
  "description": "Success"
}

Pobieranie danych: cenach itemu military strategy manual
 w kraju South Korea z URL: https://api.eclesiar.com/market/items/get?country_id=45&item_id=46...
--- Dane o cenach itemu military strategy manual
 w kraju South Korea ---
{
  "code": 200,
  "description": "Success"
}

Pobieranie danych: cenach itemu military strategy manual
 w kraju Indonesia z URL: https://api.eclesiar.com/market/items/get?country_id=46&item_id=46...
--- Dane o cenach itemu military strategy manual
 w kraju Indonesia ---
{
  "code": 200,
  "description": "Success"
}

Pobieranie danych: cenach itemu military strategy manual
 w kraju Australia z URL: https://api.eclesiar.com/market/items/get?country_id=47&item_id=46...
--- Dane o cenach itemu military strategy manual
 w kraju Australia ---
{
  "code": 200,
  "description": "Success"
}

Pobieranie danych: cenach itemu military strategy manual
 w kraju Philippines z URL: https://api.eclesiar.com/market/items/get?country_id=48&item_id=46...
--- Dane o cenach itemu military strategy manual
 w kraju Philippines ---
{
  "code": 200,
  "description": "Success"
}

Pobieranie danych: cenach itemu advanced engineering kit
 w kraju United Kingdom z URL: https://api.eclesiar.com/market/items/get?country_id=2&item_id=47...
--- Dane o cenach itemu advanced engineering kit
 w kraju United Kingdom ---
{
  "code": 200,
  "description": "Success"
}

Pobieranie danych: cenach itemu advanced engineering kit
 w kraju United States of America z URL: https://api.eclesiar.com/market/items/get?country_id=3&item_id=47...
--- Dane o cenach itemu advanced engineering kit
 w kraju United States of America ---
{
  "code": 200,
  "description": "Success"
}

Pobieranie danych: cenach itemu advanced engineering kit
 w kraju Mexico z URL: https://api.eclesiar.com/market/items/get?country_id=4&item_id=47...
--- Dane o cenach itemu advanced engineering kit
 w kraju Mexico ---
{
  "code": 200,
  "description": "Success"
}

Pobieranie danych: cenach itemu advanced engineering kit
 w kraju Colombia z URL: https://api.eclesiar.com/market/items/get?country_id=5&item_id=47...
--- Dane o cenach itemu advanced engineering kit
 w kraju Colombia ---
{
  "code": 200,
  "description": "Success"
}

Pobieranie danych: cenach itemu advanced engineering kit
 w kraju Peru z URL: https://api.eclesiar.com/market/items/get?country_id=6&item_id=47...
--- Dane o cenach itemu advanced engineering kit
 w kraju Peru ---
{
  "code": 200,
  "description": "Success"
}

Pobieranie danych: cenach itemu advanced engineering kit
 w kraju Brazil z URL: https://api.eclesiar.com/market/items/get?country_id=7&item_id=47...
--- Dane o cenach itemu advanced engineering kit
 w kraju Brazil ---
{
  "code": 200,
  "description": "Success"
}

Pobieranie danych: cenach itemu advanced engineering kit
 w kraju Chile z URL: https://api.eclesiar.com/market/items/get?country_id=8&item_id=47...
--- Dane o cenach itemu advanced engineering kit
 w kraju Chile ---
{
  "code": 200,
  "description": "Success"
}

Pobieranie danych: cenach itemu advanced engineering kit
 w kraju Argentina z URL: https://api.eclesiar.com/market/items/get?country_id=10&item_id=47...
--- Dane o cenach itemu advanced engineering kit
 w kraju Argentina ---
{
  "code": 200,
  "description": "Success"
}

Pobieranie danych: cenach itemu advanced engineering kit
 w kraju Ireland z URL: https://api.eclesiar.com/market/items/get?country_id=11&item_id=47...
--- Dane o cenach itemu advanced engineering kit
 w kraju Ireland ---
{
  "code": 200,
  "description": "Success"
}

Pobieranie danych: cenach itemu advanced engineering kit
 w kraju France z URL: https://api.eclesiar.com/market/items/get?country_id=12&item_id=47...
--- Dane o cenach itemu advanced engineering kit
 w kraju France ---
{
  "code": 200,
  "description": "Success"
}

Pobieranie danych: cenach itemu advanced engineering kit
 w kraju Portugal z URL: https://api.eclesiar.com/market/items/get?country_id=13&item_id=47...
--- Dane o cenach itemu advanced engineering kit
 w kraju Portugal ---
{
  "code": 200,
  "description": "Success"
}

Pobieranie danych: cenach itemu advanced engineering kit
 w kraju Spain z URL: https://api.eclesiar.com/market/items/get?country_id=14&item_id=47...
--- Dane o cenach itemu advanced engineering kit
 w kraju Spain ---
{
  "code": 200,
  "description": "Success"
}

Pobieranie danych: cenach itemu advanced engineering kit
 w kraju Germany z URL: https://api.eclesiar.com/market/items/get?country_id=15&item_id=47...
--- Dane o cenach itemu advanced engineering kit
 w kraju Germany ---
{
  "code": 200,
  "description": "Success"
}

Pobieranie danych: cenach itemu advanced engineering kit
 w kraju Sweden z URL: https://api.eclesiar.com/market/items/get?country_id=16&item_id=47...
--- Dane o cenach itemu advanced engineering kit
 w kraju Sweden ---
{
  "code": 200,
  "description": "Success"
}

Pobieranie danych: cenach itemu advanced engineering kit
 w kraju Italy z URL: https://api.eclesiar.com/market/items/get?country_id=17&item_id=47...
--- Dane o cenach itemu advanced engineering kit
 w kraju Italy ---
{
  "code": 200,
  "description": "Success"
}

Pobieranie danych: cenach itemu advanced engineering kit
 w kraju Poland z URL: https://api.eclesiar.com/market/items/get?country_id=18&item_id=47...
--- Dane o cenach itemu advanced engineering kit
 w kraju Poland ---
{
  "code": 200,
  "description": "Success"
}

Pobieranie danych: cenach itemu advanced engineering kit
 w kraju Lithuania z URL: https://api.eclesiar.com/market/items/get?country_id=19&item_id=47...
--- Dane o cenach itemu advanced engineering kit
 w kraju Lithuania ---
{
  "code": 200,
  "description": "Success"
}

Pobieranie danych: cenach itemu advanced engineering kit
 w kraju Slovenia z URL: https://api.eclesiar.com/market/items/get?country_id=20&item_id=47...
--- Dane o cenach itemu advanced engineering kit
 w kraju Slovenia ---
{
  "code": 200,
  "description": "Success"
}

Pobieranie danych: cenach itemu advanced engineering kit
 w kraju Croatia z URL: https://api.eclesiar.com/market/items/get?country_id=21&item_id=47...
--- Dane o cenach itemu advanced engineering kit
 w kraju Croatia ---
{
  "code": 200,
  "description": "Success"
}

Pobieranie danych: cenach itemu advanced engineering kit
 w kraju Bosnia and Herzegovina z URL: https://api.eclesiar.com/market/items/get?country_id=22&item_id=47...
--- Dane o cenach itemu advanced engineering kit
 w kraju Bosnia and Herzegovina ---
{
  "code": 200,
  "description": "Success"
}

Pobieranie danych: cenach itemu advanced engineering kit
 w kraju Serbia z URL: https://api.eclesiar.com/market/items/get?country_id=23&item_id=47...
--- Dane o cenach itemu advanced engineering kit
 w kraju Serbia ---
{
  "code": 200,
  "description": "Success"
}

Pobieranie danych: cenach itemu advanced engineering kit
 w kraju North Macedonia z URL: https://api.eclesiar.com/market/items/get?country_id=24&item_id=47...
--- Dane o cenach itemu advanced engineering kit
 w kraju North Macedonia ---
{
  "code": 200,
  "description": "Success"
}

Pobieranie danych: cenach itemu advanced engineering kit
 w kraju Albania z URL: https://api.eclesiar.com/market/items/get?country_id=25&item_id=47...
--- Dane o cenach itemu advanced engineering kit
 w kraju Albania ---
{
  "code": 200,
  "description": "Success"
}

Pobieranie danych: cenach itemu advanced engineering kit
 w kraju Greece z URL: https://api.eclesiar.com/market/items/get?country_id=26&item_id=47...
--- Dane o cenach itemu advanced engineering kit
 w kraju Greece ---
{
  "code": 200,
  "description": "Success"
}

Pobieranie danych: cenach itemu advanced engineering kit
 w kraju Hungary z URL: https://api.eclesiar.com/market/items/get?country_id=27&item_id=47...
--- Dane o cenach itemu advanced engineering kit
 w kraju Hungary ---
{
  "code": 200,
  "description": "Success"
}

Pobieranie danych: cenach itemu advanced engineering kit
 w kraju Romania z URL: https://api.eclesiar.com/market/items/get?country_id=28&item_id=47...
--- Dane o cenach itemu advanced engineering kit
 w kraju Romania ---
{
  "code": 200,
  "description": "Success"
}

Pobieranie danych: cenach itemu advanced engineering kit
 w kraju Bulgaria z URL: https://api.eclesiar.com/market/items/get?country_id=30&item_id=47...
--- Dane o cenach itemu advanced engineering kit
 w kraju Bulgaria ---
{
  "code": 200,
  "description": "Success"
}

Pobieranie danych: cenach itemu advanced engineering kit
 w kraju Turkey z URL: https://api.eclesiar.com/market/items/get?country_id=31&item_id=47...
--- Dane o cenach itemu advanced engineering kit
 w kraju Turkey ---
{
  "code": 200,
  "description": "Success"
}

Pobieranie danych: cenach itemu advanced engineering kit
 w kraju Ukraine z URL: https://api.eclesiar.com/market/items/get?country_id=32&item_id=47...
--- Dane o cenach itemu advanced engineering kit
 w kraju Ukraine ---
{
  "code": 200,
  "description": "Success"
}

Pobieranie danych: cenach itemu advanced engineering kit
 w kraju Russia z URL: https://api.eclesiar.com/market/items/get?country_id=33&item_id=47...
--- Dane o cenach itemu advanced engineering kit
 w kraju Russia ---
{
  "code": 200,
  "description": "Success"
}

Pobieranie danych: cenach itemu advanced engineering kit
 w kraju Georgia z URL: https://api.eclesiar.com/market/items/get?country_id=34&item_id=47...
--- Dane o cenach itemu advanced engineering kit
 w kraju Georgia ---
{
  "code": 200,
  "description": "Success"
}

Pobieranie danych: cenach itemu advanced engineering kit
 w kraju Israel z URL: https://api.eclesiar.com/market/items/get?country_id=35&item_id=47...
--- Dane o cenach itemu advanced engineering kit
 w kraju Israel ---
{
  "code": 200,
  "description": "Success"
}

Pobieranie danych: cenach itemu advanced engineering kit
 w kraju Egypt z URL: https://api.eclesiar.com/market/items/get?country_id=36&item_id=47...
--- Dane o cenach itemu advanced engineering kit
 w kraju Egypt ---
{
  "code": 200,
  "description": "Success"
}

Pobieranie danych: cenach itemu advanced engineering kit
 w kraju South Africa z URL: https://api.eclesiar.com/market/items/get?country_id=37&item_id=47...
--- Dane o cenach itemu advanced engineering kit
 w kraju South Africa ---
{
  "code": 200,
  "description": "Success"
}

Pobieranie danych: cenach itemu advanced engineering kit
 w kraju Iraq z URL: https://api.eclesiar.com/market/items/get?country_id=38&item_id=47...
--- Dane o cenach itemu advanced engineering kit
 w kraju Iraq ---
{
  "code": 200,
  "description": "Success"
}

Pobieranie danych: cenach itemu advanced engineering kit
 w kraju Saudi Arabia z URL: https://api.eclesiar.com/market/items/get?country_id=39&item_id=47...
--- Dane o cenach itemu advanced engineering kit
 w kraju Saudi Arabia ---
{
  "code": 200,
  "description": "Success"
}

Pobieranie danych: cenach itemu advanced engineering kit
 w kraju Iran z URL: https://api.eclesiar.com/market/items/get?country_id=40&item_id=47...
--- Dane o cenach itemu advanced engineering kit
 w kraju Iran ---
{
  "code": 200,
  "description": "Success"
}

Pobieranie danych: cenach itemu advanced engineering kit
 w kraju Pakistan z URL: https://api.eclesiar.com/market/items/get?country_id=41&item_id=47...
--- Dane o cenach itemu advanced engineering kit
 w kraju Pakistan ---
{
  "code": 200,
  "description": "Success"
}

Pobieranie danych: cenach itemu advanced engineering kit
 w kraju India z URL: https://api.eclesiar.com/market/items/get?country_id=42&item_id=47...
--- Dane o cenach itemu advanced engineering kit
 w kraju India ---
{
  "code": 200,
  "description": "Success"
}

Pobieranie danych: cenach itemu advanced engineering kit
 w kraju China z URL: https://api.eclesiar.com/market/items/get?country_id=43&item_id=47...
--- Dane o cenach itemu advanced engineering kit
 w kraju China ---
{
  "code": 200,
  "description": "Success"
}

Pobieranie danych: cenach itemu advanced engineering kit
 w kraju Japan z URL: https://api.eclesiar.com/market/items/get?country_id=44&item_id=47...
--- Dane o cenach itemu advanced engineering kit
 w kraju Japan ---
{
  "code": 200,
  "description": "Success"
}

Pobieranie danych: cenach itemu advanced engineering kit
 w kraju South Korea z URL: https://api.eclesiar.com/market/items/get?country_id=45&item_id=47...
--- Dane o cenach itemu advanced engineering kit
 w kraju South Korea ---
{
  "code": 200,
  "description": "Success"
}

Pobieranie danych: cenach itemu advanced engineering kit
 w kraju Indonesia z URL: https://api.eclesiar.com/market/items/get?country_id=46&item_id=47...
--- Dane o cenach itemu advanced engineering kit
 w kraju Indonesia ---
{
  "code": 200,
  "description": "Success"
}

Pobieranie danych: cenach itemu advanced engineering kit
 w kraju Australia z URL: https://api.eclesiar.com/market/items/get?country_id=47&item_id=47...
--- Dane o cenach itemu advanced engineering kit
 w kraju Australia ---
{
  "code": 200,
  "description": "Success"
}

Pobieranie danych: cenach itemu advanced engineering kit
 w kraju Philippines z URL: https://api.eclesiar.com/market/items/get?country_id=48&item_id=47...
--- Dane o cenach itemu advanced engineering kit
 w kraju Philippines ---
{
  "code": 200,
  "description": "Success"
}

Pobieranie danych: cenach itemu medic bag w kraju United Kingdom z URL: https://api.eclesiar.com/market/items/get?country_id=2&item_id=48...
--- Dane o cenach itemu medic bag w kraju United Kingdom ---
{
  "code": 200,
  "description": "Success"
}

Pobieranie danych: cenach itemu medic bag w kraju United States of America z URL: https://api.eclesiar.com/market/items/get?country_id=3&item_id=48...
--- Dane o cenach itemu medic bag w kraju United States of America ---
{
  "code": 200,
  "description": "Success"
}

Pobieranie danych: cenach itemu medic bag w kraju Mexico z URL: https://api.eclesiar.com/market/items/get?country_id=4&item_id=48...
--- Dane o cenach itemu medic bag w kraju Mexico ---
{
  "code": 200,
  "description": "Success"
}

Pobieranie danych: cenach itemu medic bag w kraju Colombia z URL: https://api.eclesiar.com/market/items/get?country_id=5&item_id=48...
--- Dane o cenach itemu medic bag w kraju Colombia ---
{
  "code": 200,
  "description": "Success"
}

Pobieranie danych: cenach itemu medic bag w kraju Peru z URL: https://api.eclesiar.com/market/items/get?country_id=6&item_id=48...
--- Dane o cenach itemu medic bag w kraju Peru ---
{
  "code": 200,
  "description": "Success"
}

Pobieranie danych: cenach itemu medic bag w kraju Brazil z URL: https://api.eclesiar.com/market/items/get?country_id=7&item_id=48...
--- Dane o cenach itemu medic bag w kraju Brazil ---
{
  "code": 200,
  "description": "Success"
}

Pobieranie danych: cenach itemu medic bag w kraju Chile z URL: https://api.eclesiar.com/market/items/get?country_id=8&item_id=48...
--- Dane o cenach itemu medic bag w kraju Chile ---
{
  "code": 200,
  "description": "Success"
}

Pobieranie danych: cenach itemu medic bag w kraju Argentina z URL: https://api.eclesiar.com/market/items/get?country_id=10&item_id=48...
--- Dane o cenach itemu medic bag w kraju Argentina ---
{
  "code": 200,
  "description": "Success"
}

Pobieranie danych: cenach itemu medic bag w kraju Ireland z URL: https://api.eclesiar.com/market/items/get?country_id=11&item_id=48...
--- Dane o cenach itemu medic bag w kraju Ireland ---
{
  "code": 200,
  "description": "Success"
}

Pobieranie danych: cenach itemu medic bag w kraju France z URL: https://api.eclesiar.com/market/items/get?country_id=12&item_id=48...
--- Dane o cenach itemu medic bag w kraju France ---
{
  "code": 200,
  "description": "Success"
}

Pobieranie danych: cenach itemu medic bag w kraju Portugal z URL: https://api.eclesiar.com/market/items/get?country_id=13&item_id=48...
--- Dane o cenach itemu medic bag w kraju Portugal ---
{
  "code": 200,
  "description": "Success"
}

Pobieranie danych: cenach itemu medic bag w kraju Spain z URL: https://api.eclesiar.com/market/items/get?country_id=14&item_id=48...
--- Dane o cenach itemu medic bag w kraju Spain ---
{
  "code": 200,
  "description": "Success"
}

Pobieranie danych: cenach itemu medic bag w kraju Germany z URL: https://api.eclesiar.com/market/items/get?country_id=15&item_id=48...
--- Dane o cenach itemu medic bag w kraju Germany ---
{
  "code": 200,
  "description": "Success"
}

Pobieranie danych: cenach itemu medic bag w kraju Sweden z URL: https://api.eclesiar.com/market/items/get?country_id=16&item_id=48...
--- Dane o cenach itemu medic bag w kraju Sweden ---
{
  "code": 200,
  "description": "Success"
}

Pobieranie danych: cenach itemu medic bag w kraju Italy z URL: https://api.eclesiar.com/market/items/get?country_id=17&item_id=48...
--- Dane o cenach itemu medic bag w kraju Italy ---
{
  "code": 200,
  "description": "Success"
}

Pobieranie danych: cenach itemu medic bag w kraju Poland z URL: https://api.eclesiar.com/market/items/get?country_id=18&item_id=48...
--- Dane o cenach itemu medic bag w kraju Poland ---
{
  "code": 200,
  "description": "Success"
}

Pobieranie danych: cenach itemu medic bag w kraju Lithuania z URL: https://api.eclesiar.com/market/items/get?country_id=19&item_id=48...
--- Dane o cenach itemu medic bag w kraju Lithuania ---
{
  "code": 200,
  "description": "Success"
}

Pobieranie danych: cenach itemu medic bag w kraju Slovenia z URL: https://api.eclesiar.com/market/items/get?country_id=20&item_id=48...
--- Dane o cenach itemu medic bag w kraju Slovenia ---
{
  "code": 200,
  "description": "Success"
}

Pobieranie danych: cenach itemu medic bag w kraju Croatia z URL: https://api.eclesiar.com/market/items/get?country_id=21&item_id=48...
--- Dane o cenach itemu medic bag w kraju Croatia ---
{
  "code": 200,
  "description": "Success"
}

Pobieranie danych: cenach itemu medic bag w kraju Bosnia and Herzegovina z URL: https://api.eclesiar.com/market/items/get?country_id=22&item_id=48...
--- Dane o cenach itemu medic bag w kraju Bosnia and Herzegovina ---
{
  "code": 200,
  "description": "Success"
}

Pobieranie danych: cenach itemu medic bag w kraju Serbia z URL: https://api.eclesiar.com/market/items/get?country_id=23&item_id=48...
--- Dane o cenach itemu medic bag w kraju Serbia ---
{
  "code": 200,
  "description": "Success"
}

Pobieranie danych: cenach itemu medic bag w kraju North Macedonia z URL: https://api.eclesiar.com/market/items/get?country_id=24&item_id=48...
--- Dane o cenach itemu medic bag w kraju North Macedonia ---
{
  "code": 200,
  "description": "Success"
}

Pobieranie danych: cenach itemu medic bag w kraju Albania z URL: https://api.eclesiar.com/market/items/get?country_id=25&item_id=48...
--- Dane o cenach itemu medic bag w kraju Albania ---
{
  "code": 200,
  "description": "Success"
}

Pobieranie danych: cenach itemu medic bag w kraju Greece z URL: https://api.eclesiar.com/market/items/get?country_id=26&item_id=48...
--- Dane o cenach itemu medic bag w kraju Greece ---
{
  "code": 200,
  "description": "Success"
}

Pobieranie danych: cenach itemu medic bag w kraju Hungary z URL: https://api.eclesiar.com/market/items/get?country_id=27&item_id=48...
--- Dane o cenach itemu medic bag w kraju Hungary ---
{
  "code": 200,
  "description": "Success"
}

Pobieranie danych: cenach itemu medic bag w kraju Romania z URL: https://api.eclesiar.com/market/items/get?country_id=28&item_id=48...
--- Dane o cenach itemu medic bag w kraju Romania ---
{
  "code": 200,
  "description": "Success"
}

Pobieranie danych: cenach itemu medic bag w kraju Bulgaria z URL: https://api.eclesiar.com/market/items/get?country_id=30&item_id=48...
--- Dane o cenach itemu medic bag w kraju Bulgaria ---
{
  "code": 200,
  "description": "Success"
}

Pobieranie danych: cenach itemu medic bag w kraju Turkey z URL: https://api.eclesiar.com/market/items/get?country_id=31&item_id=48...
--- Dane o cenach itemu medic bag w kraju Turkey ---
{
  "code": 200,
  "description": "Success"
}

Pobieranie danych: cenach itemu medic bag w kraju Ukraine z URL: https://api.eclesiar.com/market/items/get?country_id=32&item_id=48...
--- Dane o cenach itemu medic bag w kraju Ukraine ---
{
  "code": 200,
  "description": "Success"
}

Pobieranie danych: cenach itemu medic bag w kraju Russia z URL: https://api.eclesiar.com/market/items/get?country_id=33&item_id=48...
--- Dane o cenach itemu medic bag w kraju Russia ---
{
  "code": 200,
  "description": "Success"
}

Pobieranie danych: cenach itemu medic bag w kraju Georgia z URL: https://api.eclesiar.com/market/items/get?country_id=34&item_id=48...
--- Dane o cenach itemu medic bag w kraju Georgia ---
{
  "code": 200,
  "description": "Success"
}

Pobieranie danych: cenach itemu medic bag w kraju Israel z URL: https://api.eclesiar.com/market/items/get?country_id=35&item_id=48...
--- Dane o cenach itemu medic bag w kraju Israel ---
{
  "code": 200,
  "description": "Success"
}

Pobieranie danych: cenach itemu medic bag w kraju Egypt z URL: https://api.eclesiar.com/market/items/get?country_id=36&item_id=48...
--- Dane o cenach itemu medic bag w kraju Egypt ---
{
  "code": 200,
  "description": "Success"
}

Pobieranie danych: cenach itemu medic bag w kraju South Africa z URL: https://api.eclesiar.com/market/items/get?country_id=37&item_id=48...
--- Dane o cenach itemu medic bag w kraju South Africa ---
{
  "code": 200,
  "description": "Success"
}

Pobieranie danych: cenach itemu medic bag w kraju Iraq z URL: https://api.eclesiar.com/market/items/get?country_id=38&item_id=48...
--- Dane o cenach itemu medic bag w kraju Iraq ---
{
  "code": 200,
  "description": "Success"
}

Pobieranie danych: cenach itemu medic bag w kraju Saudi Arabia z URL: https://api.eclesiar.com/market/items/get?country_id=39&item_id=48...
--- Dane o cenach itemu medic bag w kraju Saudi Arabia ---
{
  "code": 200,
  "description": "Success"
}

Pobieranie danych: cenach itemu medic bag w kraju Iran z URL: https://api.eclesiar.com/market/items/get?country_id=40&item_id=48...
--- Dane o cenach itemu medic bag w kraju Iran ---
{
  "code": 200,
  "description": "Success"
}

Pobieranie danych: cenach itemu medic bag w kraju Pakistan z URL: https://api.eclesiar.com/market/items/get?country_id=41&item_id=48...
--- Dane o cenach itemu medic bag w kraju Pakistan ---
{
  "code": 200,
  "description": "Success"
}

Pobieranie danych: cenach itemu medic bag w kraju India z URL: https://api.eclesiar.com/market/items/get?country_id=42&item_id=48...
--- Dane o cenach itemu medic bag w kraju India ---
{
  "code": 200,
  "description": "Success"
}

Pobieranie danych: cenach itemu medic bag w kraju China z URL: https://api.eclesiar.com/market/items/get?country_id=43&item_id=48...
--- Dane o cenach itemu medic bag w kraju China ---
{
  "code": 200,
  "description": "Success"
}

Pobieranie danych: cenach itemu medic bag w kraju Japan z URL: https://api.eclesiar.com/market/items/get?country_id=44&item_id=48...
--- Dane o cenach itemu medic bag w kraju Japan ---
{
  "code": 200,
  "description": "Success"
}

Pobieranie danych: cenach itemu medic bag w kraju South Korea z URL: https://api.eclesiar.com/market/items/get?country_id=45&item_id=48...
--- Dane o cenach itemu medic bag w kraju South Korea ---
{
  "code": 200,
  "description": "Success"
}

Pobieranie danych: cenach itemu medic bag w kraju Indonesia z URL: https://api.eclesiar.com/market/items/get?country_id=46&item_id=48...
--- Dane o cenach itemu medic bag w kraju Indonesia ---
{
  "code": 200,
  "description": "Success"
}

Pobieranie danych: cenach itemu medic bag w kraju Australia z URL: https://api.eclesiar.com/market/items/get?country_id=47&item_id=48...
--- Dane o cenach itemu medic bag w kraju Australia ---
{
  "code": 200,
  "description": "Success"
}

Pobieranie danych: cenach itemu medic bag w kraju Philippines z URL: https://api.eclesiar.com/market/items/get?country_id=48&item_id=48...
--- Dane o cenach itemu medic bag w kraju Philippines ---
{
  "code": 200,
  "description": "Success"
}

Pobieranie danych: cenach itemu adrenaline w kraju United Kingdom z URL: https://api.eclesiar.com/market/items/get?country_id=2&item_id=49...
--- Dane o cenach itemu adrenaline w kraju United Kingdom ---
{
  "code": 200,
  "description": "Success"
}

Pobieranie danych: cenach itemu adrenaline w kraju United States of America z URL: https://api.eclesiar.com/market/items/get?country_id=3&item_id=49...
--- Dane o cenach itemu adrenaline w kraju United States of America ---
{
  "code": 200,
  "description": "Success"
}

Pobieranie danych: cenach itemu adrenaline w kraju Mexico z URL: https://api.eclesiar.com/market/items/get?country_id=4&item_id=49...
--- Dane o cenach itemu adrenaline w kraju Mexico ---
{
  "code": 200,
  "description": "Success"
}

Pobieranie danych: cenach itemu adrenaline w kraju Colombia z URL: https://api.eclesiar.com/market/items/get?country_id=5&item_id=49...
--- Dane o cenach itemu adrenaline w kraju Colombia ---
{
  "code": 200,
  "description": "Success"
}

Pobieranie danych: cenach itemu adrenaline w kraju Peru z URL: https://api.eclesiar.com/market/items/get?country_id=6&item_id=49...
--- Dane o cenach itemu adrenaline w kraju Peru ---
{
  "code": 200,
  "description": "Success"
}

Pobieranie danych: cenach itemu adrenaline w kraju Brazil z URL: https://api.eclesiar.com/market/items/get?country_id=7&item_id=49...
--- Dane o cenach itemu adrenaline w kraju Brazil ---
{
  "code": 200,
  "description": "Success"
}

Pobieranie danych: cenach itemu adrenaline w kraju Chile z URL: https://api.eclesiar.com/market/items/get?country_id=8&item_id=49...
--- Dane o cenach itemu adrenaline w kraju Chile ---
{
  "code": 200,
  "description": "Success"
}

Pobieranie danych: cenach itemu adrenaline w kraju Argentina z URL: https://api.eclesiar.com/market/items/get?country_id=10&item_id=49...
--- Dane o cenach itemu adrenaline w kraju Argentina ---
{
  "code": 200,
  "description": "Success"
}

Pobieranie danych: cenach itemu adrenaline w kraju Ireland z URL: https://api.eclesiar.com/market/items/get?country_id=11&item_id=49...
--- Dane o cenach itemu adrenaline w kraju Ireland ---
{
  "code": 200,
  "description": "Success"
}

Pobieranie danych: cenach itemu adrenaline w kraju France z URL: https://api.eclesiar.com/market/items/get?country_id=12&item_id=49...
--- Dane o cenach itemu adrenaline w kraju France ---
{
  "code": 200,
  "description": "Success"
}

Pobieranie danych: cenach itemu adrenaline w kraju Portugal z URL: https://api.eclesiar.com/market/items/get?country_id=13&item_id=49...
--- Dane o cenach itemu adrenaline w kraju Portugal ---
{
  "code": 200,
  "description": "Success"
}

Pobieranie danych: cenach itemu adrenaline w kraju Spain z URL: https://api.eclesiar.com/market/items/get?country_id=14&item_id=49...
--- Dane o cenach itemu adrenaline w kraju Spain ---
{
  "code": 200,
  "description": "Success"
}

Pobieranie danych: cenach itemu adrenaline w kraju Germany z URL: https://api.eclesiar.com/market/items/get?country_id=15&item_id=49...
--- Dane o cenach itemu adrenaline w kraju Germany ---
{
  "code": 200,
  "description": "Success"
}

Pobieranie danych: cenach itemu adrenaline w kraju Sweden z URL: https://api.eclesiar.com/market/items/get?country_id=16&item_id=49...
--- Dane o cenach itemu adrenaline w kraju Sweden ---
{
  "code": 200,
  "description": "Success"
}

Pobieranie danych: cenach itemu adrenaline w kraju Italy z URL: https://api.eclesiar.com/market/items/get?country_id=17&item_id=49...
--- Dane o cenach itemu adrenaline w kraju Italy ---
{
  "code": 200,
  "description": "Success"
}

Pobieranie danych: cenach itemu adrenaline w kraju Poland z URL: https://api.eclesiar.com/market/items/get?country_id=18&item_id=49...
--- Dane o cenach itemu adrenaline w kraju Poland ---
{
  "code": 200,
  "description": "Success"
}

Pobieranie danych: cenach itemu adrenaline w kraju Lithuania z URL: https://api.eclesiar.com/market/items/get?country_id=19&item_id=49...
--- Dane o cenach itemu adrenaline w kraju Lithuania ---
{
  "code": 200,
  "description": "Success"
}

Pobieranie danych: cenach itemu adrenaline w kraju Slovenia z URL: https://api.eclesiar.com/market/items/get?country_id=20&item_id=49...
--- Dane o cenach itemu adrenaline w kraju Slovenia ---
{
  "code": 200,
  "description": "Success"
}

Pobieranie danych: cenach itemu adrenaline w kraju Croatia z URL: https://api.eclesiar.com/market/items/get?country_id=21&item_id=49...
--- Dane o cenach itemu adrenaline w kraju Croatia ---
{
  "code": 200,
  "description": "Success"
}

Pobieranie danych: cenach itemu adrenaline w kraju Bosnia and Herzegovina z URL: https://api.eclesiar.com/market/items/get?country_id=22&item_id=49...
--- Dane o cenach itemu adrenaline w kraju Bosnia and Herzegovina ---
{
  "code": 200,
  "description": "Success"
}

Pobieranie danych: cenach itemu adrenaline w kraju Serbia z URL: https://api.eclesiar.com/market/items/get?country_id=23&item_id=49...
--- Dane o cenach itemu adrenaline w kraju Serbia ---
{
  "code": 200,
  "description": "Success"
}

Pobieranie danych: cenach itemu adrenaline w kraju North Macedonia z URL: https://api.eclesiar.com/market/items/get?country_id=24&item_id=49...
--- Dane o cenach itemu adrenaline w kraju North Macedonia ---
{
  "code": 200,
  "description": "Success"
}

Pobieranie danych: cenach itemu adrenaline w kraju Albania z URL: https://api.eclesiar.com/market/items/get?country_id=25&item_id=49...
--- Dane o cenach itemu adrenaline w kraju Albania ---
{
  "code": 200,
  "description": "Success"
}

Pobieranie danych: cenach itemu adrenaline w kraju Greece z URL: https://api.eclesiar.com/market/items/get?country_id=26&item_id=49...
--- Dane o cenach itemu adrenaline w kraju Greece ---
{
  "code": 200,
  "description": "Success"
}

Pobieranie danych: cenach itemu adrenaline w kraju Hungary z URL: https://api.eclesiar.com/market/items/get?country_id=27&item_id=49...
--- Dane o cenach itemu adrenaline w kraju Hungary ---
{
  "code": 200,
  "description": "Success"
}

Pobieranie danych: cenach itemu adrenaline w kraju Romania z URL: https://api.eclesiar.com/market/items/get?country_id=28&item_id=49...
--- Dane o cenach itemu adrenaline w kraju Romania ---
{
  "code": 200,
  "description": "Success"
}

Pobieranie danych: cenach itemu adrenaline w kraju Bulgaria z URL: https://api.eclesiar.com/market/items/get?country_id=30&item_id=49...
--- Dane o cenach itemu adrenaline w kraju Bulgaria ---
{
  "code": 200,
  "description": "Success"
}

Pobieranie danych: cenach itemu adrenaline w kraju Turkey z URL: https://api.eclesiar.com/market/items/get?country_id=31&item_id=49...
--- Dane o cenach itemu adrenaline w kraju Turkey ---
{
  "code": 200,
  "description": "Success"
}

Pobieranie danych: cenach itemu adrenaline w kraju Ukraine z URL: https://api.eclesiar.com/market/items/get?country_id=32&item_id=49...
--- Dane o cenach itemu adrenaline w kraju Ukraine ---
{
  "code": 200,
  "description": "Success"
}

Pobieranie danych: cenach itemu adrenaline w kraju Russia z URL: https://api.eclesiar.com/market/items/get?country_id=33&item_id=49...
--- Dane o cenach itemu adrenaline w kraju Russia ---
{
  "code": 200,
  "description": "Success"
}

Pobieranie danych: cenach itemu adrenaline w kraju Georgia z URL: https://api.eclesiar.com/market/items/get?country_id=34&item_id=49...
--- Dane o cenach itemu adrenaline w kraju Georgia ---
{
  "code": 200,
  "description": "Success"
}

Pobieranie danych: cenach itemu adrenaline w kraju Israel z URL: https://api.eclesiar.com/market/items/get?country_id=35&item_id=49...
--- Dane o cenach itemu adrenaline w kraju Israel ---
{
  "code": 200,
  "description": "Success"
}

Pobieranie danych: cenach itemu adrenaline w kraju Egypt z URL: https://api.eclesiar.com/market/items/get?country_id=36&item_id=49...
--- Dane o cenach itemu adrenaline w kraju Egypt ---
{
  "code": 200,
  "description": "Success"
}

Pobieranie danych: cenach itemu adrenaline w kraju South Africa z URL: https://api.eclesiar.com/market/items/get?country_id=37&item_id=49...
--- Dane o cenach itemu adrenaline w kraju South Africa ---
{
  "code": 200,
  "description": "Success"
}

Pobieranie danych: cenach itemu adrenaline w kraju Iraq z URL: https://api.eclesiar.com/market/items/get?country_id=38&item_id=49...
--- Dane o cenach itemu adrenaline w kraju Iraq ---
{
  "code": 200,
  "description": "Success"
}

Pobieranie danych: cenach itemu adrenaline w kraju Saudi Arabia z URL: https://api.eclesiar.com/market/items/get?country_id=39&item_id=49...
--- Dane o cenach itemu adrenaline w kraju Saudi Arabia ---
{
  "code": 200,
  "description": "Success"
}

Pobieranie danych: cenach itemu adrenaline w kraju Iran z URL: https://api.eclesiar.com/market/items/get?country_id=40&item_id=49...
--- Dane o cenach itemu adrenaline w kraju Iran ---
{
  "code": 200,
  "description": "Success"
}

Pobieranie danych: cenach itemu adrenaline w kraju Pakistan z URL: https://api.eclesiar.com/market/items/get?country_id=41&item_id=49...
--- Dane o cenach itemu adrenaline w kraju Pakistan ---
{
  "code": 200,
  "description": "Success"
}

Pobieranie danych: cenach itemu adrenaline w kraju India z URL: https://api.eclesiar.com/market/items/get?country_id=42&item_id=49...
--- Dane o cenach itemu adrenaline w kraju India ---
{
  "code": 200,
  "description": "Success"
}

Pobieranie danych: cenach itemu adrenaline w kraju China z URL: https://api.eclesiar.com/market/items/get?country_id=43&item_id=49...
--- Dane o cenach itemu adrenaline w kraju China ---
{
  "code": 200,
  "description": "Success"
}

Pobieranie danych: cenach itemu adrenaline w kraju Japan z URL: https://api.eclesiar.com/market/items/get?country_id=44&item_id=49...
--- Dane o cenach itemu adrenaline w kraju Japan ---
{
  "code": 200,
  "description": "Success"
}

Pobieranie danych: cenach itemu adrenaline w kraju South Korea z URL: https://api.eclesiar.com/market/items/get?country_id=45&item_id=49...
--- Dane o cenach itemu adrenaline w kraju South Korea ---
{
  "code": 200,
  "description": "Success"
}

Pobieranie danych: cenach itemu adrenaline w kraju Indonesia z URL: https://api.eclesiar.com/market/items/get?country_id=46&item_id=49...
--- Dane o cenach itemu adrenaline w kraju Indonesia ---
{
  "code": 200,
  "description": "Success"
}

Pobieranie danych: cenach itemu adrenaline w kraju Australia z URL: https://api.eclesiar.com/market/items/get?country_id=47&item_id=49...
--- Dane o cenach itemu adrenaline w kraju Australia ---
{
  "code": 200,
  "description": "Success"
}

Pobieranie danych: cenach itemu adrenaline w kraju Philippines z URL: https://api.eclesiar.com/market/items/get?country_id=48&item_id=49...
--- Dane o cenach itemu adrenaline w kraju Philippines ---
{
  "code": 200,
  "description": "Success"
}

Pobieranie danych: cenach itemu redbull w kraju United Kingdom z URL: https://api.eclesiar.com/market/items/get?country_id=2&item_id=50...
--- Dane o cenach itemu redbull w kraju United Kingdom ---
{
  "code": 200,
  "description": "Success"
}

Pobieranie danych: cenach itemu redbull w kraju United States of America z URL: https://api.eclesiar.com/market/items/get?country_id=3&item_id=50...
--- Dane o cenach itemu redbull w kraju United States of America ---
{
  "code": 200,
  "description": "Success"
}

Pobieranie danych: cenach itemu redbull w kraju Mexico z URL: https://api.eclesiar.com/market/items/get?country_id=4&item_id=50...
--- Dane o cenach itemu redbull w kraju Mexico ---
{
  "code": 200,
  "description": "Success"
}

Pobieranie danych: cenach itemu redbull w kraju Colombia z URL: https://api.eclesiar.com/market/items/get?country_id=5&item_id=50...
--- Dane o cenach itemu redbull w kraju Colombia ---
{
  "code": 200,
  "description": "Success"
}

Pobieranie danych: cenach itemu redbull w kraju Peru z URL: https://api.eclesiar.com/market/items/get?country_id=6&item_id=50...
--- Dane o cenach itemu redbull w kraju Peru ---
{
  "code": 200,
  "description": "Success"
}

Pobieranie danych: cenach itemu redbull w kraju Brazil z URL: https://api.eclesiar.com/market/items/get?country_id=7&item_id=50...
--- Dane o cenach itemu redbull w kraju Brazil ---
{
  "code": 200,
  "description": "Success"
}

Pobieranie danych: cenach itemu redbull w kraju Chile z URL: https://api.eclesiar.com/market/items/get?country_id=8&item_id=50...
--- Dane o cenach itemu redbull w kraju Chile ---
{
  "code": 200,
  "description": "Success"
}

Pobieranie danych: cenach itemu redbull w kraju Argentina z URL: https://api.eclesiar.com/market/items/get?country_id=10&item_id=50...
--- Dane o cenach itemu redbull w kraju Argentina ---
{
  "code": 200,
  "description": "Success"
}

Pobieranie danych: cenach itemu redbull w kraju Ireland z URL: https://api.eclesiar.com/market/items/get?country_id=11&item_id=50...
--- Dane o cenach itemu redbull w kraju Ireland ---
{
  "code": 200,
  "description": "Success"
}

Pobieranie danych: cenach itemu redbull w kraju France z URL: https://api.eclesiar.com/market/items/get?country_id=12&item_id=50...
--- Dane o cenach itemu redbull w kraju France ---
{
  "code": 200,
  "description": "Success"
}

Pobieranie danych: cenach itemu redbull w kraju Portugal z URL: https://api.eclesiar.com/market/items/get?country_id=13&item_id=50...
--- Dane o cenach itemu redbull w kraju Portugal ---
{
  "code": 200,
  "description": "Success"
}

Pobieranie danych: cenach itemu redbull w kraju Spain z URL: https://api.eclesiar.com/market/items/get?country_id=14&item_id=50...
--- Dane o cenach itemu redbull w kraju Spain ---
{
  "code": 200,
  "description": "Success"
}

Pobieranie danych: cenach itemu redbull w kraju Germany z URL: https://api.eclesiar.com/market/items/get?country_id=15&item_id=50...
--- Dane o cenach itemu redbull w kraju Germany ---
{
  "code": 200,
  "description": "Success"
}

Pobieranie danych: cenach itemu redbull w kraju Sweden z URL: https://api.eclesiar.com/market/items/get?country_id=16&item_id=50...
--- Dane o cenach itemu redbull w kraju Sweden ---
{
  "code": 200,
  "description": "Success"
}

Pobieranie danych: cenach itemu redbull w kraju Italy z URL: https://api.eclesiar.com/market/items/get?country_id=17&item_id=50...
--- Dane o cenach itemu redbull w kraju Italy ---
{
  "code": 200,
  "description": "Success"
}

Pobieranie danych: cenach itemu redbull w kraju Poland z URL: https://api.eclesiar.com/market/items/get?country_id=18&item_id=50...
--- Dane o cenach itemu redbull w kraju Poland ---
{
  "code": 200,
  "description": "Success"
}

Pobieranie danych: cenach itemu redbull w kraju Lithuania z URL: https://api.eclesiar.com/market/items/get?country_id=19&item_id=50...
--- Dane o cenach itemu redbull w kraju Lithuania ---
{
  "code": 200,
  "description": "Success"
}

Pobieranie danych: cenach itemu redbull w kraju Slovenia z URL: https://api.eclesiar.com/market/items/get?country_id=20&item_id=50...
--- Dane o cenach itemu redbull w kraju Slovenia ---
{
  "code": 200,
  "description": "Success"
}

Pobieranie danych: cenach itemu redbull w kraju Croatia z URL: https://api.eclesiar.com/market/items/get?country_id=21&item_id=50...
--- Dane o cenach itemu redbull w kraju Croatia ---
{
  "code": 200,
  "description": "Success"
}

Pobieranie danych: cenach itemu redbull w kraju Bosnia and Herzegovina z URL: https://api.eclesiar.com/market/items/get?country_id=22&item_id=50...
--- Dane o cenach itemu redbull w kraju Bosnia and Herzegovina ---
{
  "code": 200,
  "description": "Success"
}

Pobieranie danych: cenach itemu redbull w kraju Serbia z URL: https://api.eclesiar.com/market/items/get?country_id=23&item_id=50...
--- Dane o cenach itemu redbull w kraju Serbia ---
{
  "code": 200,
  "description": "Success"
}

Pobieranie danych: cenach itemu redbull w kraju North Macedonia z URL: https://api.eclesiar.com/market/items/get?country_id=24&item_id=50...
--- Dane o cenach itemu redbull w kraju North Macedonia ---
{
  "code": 200,
  "description": "Success"
}

Pobieranie danych: cenach itemu redbull w kraju Albania z URL: https://api.eclesiar.com/market/items/get?country_id=25&item_id=50...
--- Dane o cenach itemu redbull w kraju Albania ---
{
  "code": 200,
  "description": "Success"
}

Pobieranie danych: cenach itemu redbull w kraju Greece z URL: https://api.eclesiar.com/market/items/get?country_id=26&item_id=50...
--- Dane o cenach itemu redbull w kraju Greece ---
{
  "code": 200,
  "description": "Success"
}

Pobieranie danych: cenach itemu redbull w kraju Hungary z URL: https://api.eclesiar.com/market/items/get?country_id=27&item_id=50...
--- Dane o cenach itemu redbull w kraju Hungary ---
{
  "code": 200,
  "description": "Success"
}

Pobieranie danych: cenach itemu redbull w kraju Romania z URL: https://api.eclesiar.com/market/items/get?country_id=28&item_id=50...
--- Dane o cenach itemu redbull w kraju Romania ---
{
  "code": 200,
  "description": "Success"
}

Pobieranie danych: cenach itemu redbull w kraju Bulgaria z URL: https://api.eclesiar.com/market/items/get?country_id=30&item_id=50...
--- Dane o cenach itemu redbull w kraju Bulgaria ---
{
  "code": 200,
  "description": "Success"
}

Pobieranie danych: cenach itemu redbull w kraju Turkey z URL: https://api.eclesiar.com/market/items/get?country_id=31&item_id=50...
--- Dane o cenach itemu redbull w kraju Turkey ---
{
  "code": 200,
  "description": "Success"
}

Pobieranie danych: cenach itemu redbull w kraju Ukraine z URL: https://api.eclesiar.com/market/items/get?country_id=32&item_id=50...
--- Dane o cenach itemu redbull w kraju Ukraine ---
{
  "code": 200,
  "description": "Success"
}

Pobieranie danych: cenach itemu redbull w kraju Russia z URL: https://api.eclesiar.com/market/items/get?country_id=33&item_id=50...
--- Dane o cenach itemu redbull w kraju Russia ---
{
  "code": 200,
  "description": "Success"
}

Pobieranie danych: cenach itemu redbull w kraju Georgia z URL: https://api.eclesiar.com/market/items/get?country_id=34&item_id=50...
--- Dane o cenach itemu redbull w kraju Georgia ---
{
  "code": 200,
  "description": "Success"
}

Pobieranie danych: cenach itemu redbull w kraju Israel z URL: https://api.eclesiar.com/market/items/get?country_id=35&item_id=50...
--- Dane o cenach itemu redbull w kraju Israel ---
{
  "code": 200,
  "description": "Success"
}

Pobieranie danych: cenach itemu redbull w kraju Egypt z URL: https://api.eclesiar.com/market/items/get?country_id=36&item_id=50...
--- Dane o cenach itemu redbull w kraju Egypt ---
{
  "code": 200,
  "description": "Success"
}

Pobieranie danych: cenach itemu redbull w kraju South Africa z URL: https://api.eclesiar.com/market/items/get?country_id=37&item_id=50...
--- Dane o cenach itemu redbull w kraju South Africa ---
{
  "code": 200,
  "description": "Success"
}

Pobieranie danych: cenach itemu redbull w kraju Iraq z URL: https://api.eclesiar.com/market/items/get?country_id=38&item_id=50...
--- Dane o cenach itemu redbull w kraju Iraq ---
{
  "code": 200,
  "description": "Success"
}

Pobieranie danych: cenach itemu redbull w kraju Saudi Arabia z URL: https://api.eclesiar.com/market/items/get?country_id=39&item_id=50...
--- Dane o cenach itemu redbull w kraju Saudi Arabia ---
{
  "code": 200,
  "description": "Success"
}

Pobieranie danych: cenach itemu redbull w kraju Iran z URL: https://api.eclesiar.com/market/items/get?country_id=40&item_id=50...
--- Dane o cenach itemu redbull w kraju Iran ---
{
  "code": 200,
  "description": "Success"
}

Pobieranie danych: cenach itemu redbull w kraju Pakistan z URL: https://api.eclesiar.com/market/items/get?country_id=41&item_id=50...
--- Dane o cenach itemu redbull w kraju Pakistan ---
{
  "code": 200,
  "description": "Success"
}

Pobieranie danych: cenach itemu redbull w kraju India z URL: https://api.eclesiar.com/market/items/get?country_id=42&item_id=50...
--- Dane o cenach itemu redbull w kraju India ---
{
  "code": 200,
  "description": "Success"
}

Pobieranie danych: cenach itemu redbull w kraju China z URL: https://api.eclesiar.com/market/items/get?country_id=43&item_id=50...
--- Dane o cenach itemu redbull w kraju China ---
{
  "code": 200,
  "description": "Success"
}

Pobieranie danych: cenach itemu redbull w kraju Japan z URL: https://api.eclesiar.com/market/items/get?country_id=44&item_id=50...
--- Dane o cenach itemu redbull w kraju Japan ---
{
  "code": 200,
  "description": "Success"
}

Pobieranie danych: cenach itemu redbull w kraju South Korea z URL: https://api.eclesiar.com/market/items/get?country_id=45&item_id=50...
--- Dane o cenach itemu redbull w kraju South Korea ---
{
  "code": 200,
  "description": "Success"
}

Pobieranie danych: cenach itemu redbull w kraju Indonesia z URL: https://api.eclesiar.com/market/items/get?country_id=46&item_id=50...
--- Dane o cenach itemu redbull w kraju Indonesia ---
{
  "code": 200,
  "description": "Success"
}

Pobieranie danych: cenach itemu redbull w kraju Australia z URL: https://api.eclesiar.com/market/items/get?country_id=47&item_id=50...
--- Dane o cenach itemu redbull w kraju Australia ---
{
  "code": 200,
  "description": "Success"
}

Pobieranie danych: cenach itemu redbull w kraju Philippines z URL: https://api.eclesiar.com/market/items/get?country_id=48&item_id=50...
--- Dane o cenach itemu redbull w kraju Philippines ---
{
  "code": 200,
  "description": "Success"
}

Pobieranie danych: cenach itemu protein shake w kraju United Kingdom z URL: https://api.eclesiar.com/market/items/get?country_id=2&item_id=51...
--- Dane o cenach itemu protein shake w kraju United Kingdom ---
{
  "code": 200,
  "description": "Success"
}

Pobieranie danych: cenach itemu protein shake w kraju United States of America z URL: https://api.eclesiar.com/market/items/get?country_id=3&item_id=51...
--- Dane o cenach itemu protein shake w kraju United States of America ---
{
  "code": 200,
  "description": "Success"
}

Pobieranie danych: cenach itemu protein shake w kraju Mexico z URL: https://api.eclesiar.com/market/items/get?country_id=4&item_id=51...
--- Dane o cenach itemu protein shake w kraju Mexico ---
{
  "code": 200,
  "description": "Success"
}

Pobieranie danych: cenach itemu protein shake w kraju Colombia z URL: https://api.eclesiar.com/market/items/get?country_id=5&item_id=51...
--- Dane o cenach itemu protein shake w kraju Colombia ---
{
  "code": 200,
  "description": "Success"
}

Pobieranie danych: cenach itemu protein shake w kraju Peru z URL: https://api.eclesiar.com/market/items/get?country_id=6&item_id=51...
--- Dane o cenach itemu protein shake w kraju Peru ---
{
  "code": 200,
  "description": "Success"
}

Pobieranie danych: cenach itemu protein shake w kraju Brazil z URL: https://api.eclesiar.com/market/items/get?country_id=7&item_id=51...
--- Dane o cenach itemu protein shake w kraju Brazil ---
{
  "code": 200,
  "description": "Success"
}

Pobieranie danych: cenach itemu protein shake w kraju Chile z URL: https://api.eclesiar.com/market/items/get?country_id=8&item_id=51...
--- Dane o cenach itemu protein shake w kraju Chile ---
{
  "code": 200,
  "description": "Success"
}

Pobieranie danych: cenach itemu protein shake w kraju Argentina z URL: https://api.eclesiar.com/market/items/get?country_id=10&item_id=51...
--- Dane o cenach itemu protein shake w kraju Argentina ---
{
  "code": 200,
  "description": "Success"
}

Pobieranie danych: cenach itemu protein shake w kraju Ireland z URL: https://api.eclesiar.com/market/items/get?country_id=11&item_id=51...
--- Dane o cenach itemu protein shake w kraju Ireland ---
{
  "code": 200,
  "description": "Success"
}

Pobieranie danych: cenach itemu protein shake w kraju France z URL: https://api.eclesiar.com/market/items/get?country_id=12&item_id=51...
--- Dane o cenach itemu protein shake w kraju France ---
{
  "code": 200,
  "description": "Success"
}

Pobieranie danych: cenach itemu protein shake w kraju Portugal z URL: https://api.eclesiar.com/market/items/get?country_id=13&item_id=51...
--- Dane o cenach itemu protein shake w kraju Portugal ---
{
  "code": 200,
  "description": "Success"
}

Pobieranie danych: cenach itemu protein shake w kraju Spain z URL: https://api.eclesiar.com/market/items/get?country_id=14&item_id=51...
--- Dane o cenach itemu protein shake w kraju Spain ---
{
  "code": 200,
  "description": "Success"
}

Pobieranie danych: cenach itemu protein shake w kraju Germany z URL: https://api.eclesiar.com/market/items/get?country_id=15&item_id=51...
--- Dane o cenach itemu protein shake w kraju Germany ---
{
  "code": 200,
  "description": "Success"
}

Pobieranie danych: cenach itemu protein shake w kraju Sweden z URL: https://api.eclesiar.com/market/items/get?country_id=16&item_id=51...
--- Dane o cenach itemu protein shake w kraju Sweden ---
{
  "code": 200,
  "description": "Success"
}

Pobieranie danych: cenach itemu protein shake w kraju Italy z URL: https://api.eclesiar.com/market/items/get?country_id=17&item_id=51...
--- Dane o cenach itemu protein shake w kraju Italy ---
{
  "code": 200,
  "description": "Success"
}

Pobieranie danych: cenach itemu protein shake w kraju Poland z URL: https://api.eclesiar.com/market/items/get?country_id=18&item_id=51...
--- Dane o cenach itemu protein shake w kraju Poland ---
{
  "code": 200,
  "description": "Success"
}

Pobieranie danych: cenach itemu protein shake w kraju Lithuania z URL: https://api.eclesiar.com/market/items/get?country_id=19&item_id=51...
--- Dane o cenach itemu protein shake w kraju Lithuania ---
{
  "code": 200,
  "description": "Success"
}

Pobieranie danych: cenach itemu protein shake w kraju Slovenia z URL: https://api.eclesiar.com/market/items/get?country_id=20&item_id=51...
--- Dane o cenach itemu protein shake w kraju Slovenia ---
{
  "code": 200,
  "description": "Success"
}

Pobieranie danych: cenach itemu protein shake w kraju Croatia z URL: https://api.eclesiar.com/market/items/get?country_id=21&item_id=51...
--- Dane o cenach itemu protein shake w kraju Croatia ---
{
  "code": 200,
  "description": "Success"
}

Pobieranie danych: cenach itemu protein shake w kraju Bosnia and Herzegovina z URL: https://api.eclesiar.com/market/items/get?country_id=22&item_id=51...
--- Dane o cenach itemu protein shake w kraju Bosnia and Herzegovina ---
{
  "code": 200,
  "description": "Success"
}

Pobieranie danych: cenach itemu protein shake w kraju Serbia z URL: https://api.eclesiar.com/market/items/get?country_id=23&item_id=51...
--- Dane o cenach itemu protein shake w kraju Serbia ---
{
  "code": 200,
  "description": "Success"
}

Pobieranie danych: cenach itemu protein shake w kraju North Macedonia z URL: https://api.eclesiar.com/market/items/get?country_id=24&item_id=51...
--- Dane o cenach itemu protein shake w kraju North Macedonia ---
{
  "code": 200,
  "description": "Success"
}

Pobieranie danych: cenach itemu protein shake w kraju Albania z URL: https://api.eclesiar.com/market/items/get?country_id=25&item_id=51...
--- Dane o cenach itemu protein shake w kraju Albania ---
{
  "code": 200,
  "description": "Success"
}

Pobieranie danych: cenach itemu protein shake w kraju Greece z URL: https://api.eclesiar.com/market/items/get?country_id=26&item_id=51...
--- Dane o cenach itemu protein shake w kraju Greece ---
{
  "code": 200,
  "description": "Success"
}

Pobieranie danych: cenach itemu protein shake w kraju Hungary z URL: https://api.eclesiar.com/market/items/get?country_id=27&item_id=51...
--- Dane o cenach itemu protein shake w kraju Hungary ---
{
  "code": 200,
  "description": "Success"
}

Pobieranie danych: cenach itemu protein shake w kraju Romania z URL: https://api.eclesiar.com/market/items/get?country_id=28&item_id=51...
--- Dane o cenach itemu protein shake w kraju Romania ---
{
  "code": 200,
  "description": "Success"
}

Pobieranie danych: cenach itemu protein shake w kraju Bulgaria z URL: https://api.eclesiar.com/market/items/get?country_id=30&item_id=51...
--- Dane o cenach itemu protein shake w kraju Bulgaria ---
{
  "code": 200,
  "description": "Success"
}

Pobieranie danych: cenach itemu protein shake w kraju Turkey z URL: https://api.eclesiar.com/market/items/get?country_id=31&item_id=51...
--- Dane o cenach itemu protein shake w kraju Turkey ---
{
  "code": 200,
  "description": "Success"
}

Pobieranie danych: cenach itemu protein shake w kraju Ukraine z URL: https://api.eclesiar.com/market/items/get?country_id=32&item_id=51...
--- Dane o cenach itemu protein shake w kraju Ukraine ---
{
  "code": 200,
  "description": "Success"
}

Pobieranie danych: cenach itemu protein shake w kraju Russia z URL: https://api.eclesiar.com/market/items/get?country_id=33&item_id=51...
--- Dane o cenach itemu protein shake w kraju Russia ---
{
  "code": 200,
  "description": "Success"
}

Pobieranie danych: cenach itemu protein shake w kraju Georgia z URL: https://api.eclesiar.com/market/items/get?country_id=34&item_id=51...
--- Dane o cenach itemu protein shake w kraju Georgia ---
{
  "code": 200,
  "description": "Success"
}

Pobieranie danych: cenach itemu protein shake w kraju Israel z URL: https://api.eclesiar.com/market/items/get?country_id=35&item_id=51...
--- Dane o cenach itemu protein shake w kraju Israel ---
{
  "code": 200,
  "description": "Success"
}

Pobieranie danych: cenach itemu protein shake w kraju Egypt z URL: https://api.eclesiar.com/market/items/get?country_id=36&item_id=51...
--- Dane o cenach itemu protein shake w kraju Egypt ---
{
  "code": 200,
  "description": "Success"
}

Pobieranie danych: cenach itemu protein shake w kraju South Africa z URL: https://api.eclesiar.com/market/items/get?country_id=37&item_id=51...
--- Dane o cenach itemu protein shake w kraju South Africa ---
{
  "code": 200,
  "description": "Success"
}

Pobieranie danych: cenach itemu protein shake w kraju Iraq z URL: https://api.eclesiar.com/market/items/get?country_id=38&item_id=51...
--- Dane o cenach itemu protein shake w kraju Iraq ---
{
  "code": 200,
  "description": "Success"
}

Pobieranie danych: cenach itemu protein shake w kraju Saudi Arabia z URL: https://api.eclesiar.com/market/items/get?country_id=39&item_id=51...
--- Dane o cenach itemu protein shake w kraju Saudi Arabia ---
{
  "code": 200,
  "description": "Success"
}

Pobieranie danych: cenach itemu protein shake w kraju Iran z URL: https://api.eclesiar.com/market/items/get?country_id=40&item_id=51...
--- Dane o cenach itemu protein shake w kraju Iran ---
{
  "code": 200,
  "description": "Success"
}

Pobieranie danych: cenach itemu protein shake w kraju Pakistan z URL: https://api.eclesiar.com/market/items/get?country_id=41&item_id=51...
--- Dane o cenach itemu protein shake w kraju Pakistan ---
{
  "code": 200,
  "description": "Success"
}

Pobieranie danych: cenach itemu protein shake w kraju India z URL: https://api.eclesiar.com/market/items/get?country_id=42&item_id=51...
--- Dane o cenach itemu protein shake w kraju India ---
{
  "code": 200,
  "description": "Success"
}

Pobieranie danych: cenach itemu protein shake w kraju China z URL: https://api.eclesiar.com/market/items/get?country_id=43&item_id=51...
--- Dane o cenach itemu protein shake w kraju China ---
{
  "code": 200,
  "description": "Success"
}

Pobieranie danych: cenach itemu protein shake w kraju Japan z URL: https://api.eclesiar.com/market/items/get?country_id=44&item_id=51...
--- Dane o cenach itemu protein shake w kraju Japan ---
{
  "code": 200,
  "description": "Success"
}

Pobieranie danych: cenach itemu protein shake w kraju South Korea z URL: https://api.eclesiar.com/market/items/get?country_id=45&item_id=51...
--- Dane o cenach itemu protein shake w kraju South Korea ---
{
  "code": 200,
  "description": "Success"
}

Pobieranie danych: cenach itemu protein shake w kraju Indonesia z URL: https://api.eclesiar.com/market/items/get?country_id=46&item_id=51...
--- Dane o cenach itemu protein shake w kraju Indonesia ---
{
  "code": 200,
  "description": "Success"
}

Pobieranie danych: cenach itemu protein shake w kraju Australia z URL: https://api.eclesiar.com/market/items/get?country_id=47&item_id=51...
--- Dane o cenach itemu protein shake w kraju Australia ---
{
  "code": 200,
  "description": "Success"
}

Pobieranie danych: cenach itemu protein shake w kraju Philippines z URL: https://api.eclesiar.com/market/items/get?country_id=48&item_id=51...
--- Dane o cenach itemu protein shake w kraju Philippines ---
{
  "code": 200,
  "description": "Success"
}

Pobieranie danych: cenach itemu tactical rucksack w kraju United Kingdom z URL: https://api.eclesiar.com/market/items/get?country_id=2&item_id=52...
--- Dane o cenach itemu tactical rucksack w kraju United Kingdom ---
{
  "code": 200,
  "description": "Success"
}

Pobieranie danych: cenach itemu tactical rucksack w kraju United States of America z URL: https://api.eclesiar.com/market/items/get?country_id=3&item_id=52...
--- Dane o cenach itemu tactical rucksack w kraju United States of America ---
{
  "code": 200,
  "description": "Success"
}

Pobieranie danych: cenach itemu tactical rucksack w kraju Mexico z URL: https://api.eclesiar.com/market/items/get?country_id=4&item_id=52...
--- Dane o cenach itemu tactical rucksack w kraju Mexico ---
{
  "code": 200,
  "description": "Success"
}

Pobieranie danych: cenach itemu tactical rucksack w kraju Colombia z URL: https://api.eclesiar.com/market/items/get?country_id=5&item_id=52...
--- Dane o cenach itemu tactical rucksack w kraju Colombia ---
{
  "code": 200,
  "description": "Success"
}

Pobieranie danych: cenach itemu tactical rucksack w kraju Peru z URL: https://api.eclesiar.com/market/items/get?country_id=6&item_id=52...
--- Dane o cenach itemu tactical rucksack w kraju Peru ---
{
  "code": 200,
  "description": "Success"
}

Pobieranie danych: cenach itemu tactical rucksack w kraju Brazil z URL: https://api.eclesiar.com/market/items/get?country_id=7&item_id=52...
--- Dane o cenach itemu tactical rucksack w kraju Brazil ---
{
  "code": 200,
  "description": "Success"
}

Pobieranie danych: cenach itemu tactical rucksack w kraju Chile z URL: https://api.eclesiar.com/market/items/get?country_id=8&item_id=52...
--- Dane o cenach itemu tactical rucksack w kraju Chile ---
{
  "code": 200,
  "description": "Success"
}

Pobieranie danych: cenach itemu tactical rucksack w kraju Argentina z URL: https://api.eclesiar.com/market/items/get?country_id=10&item_id=52...
--- Dane o cenach itemu tactical rucksack w kraju Argentina ---
{
  "code": 200,
  "description": "Success"
}

Pobieranie danych: cenach itemu tactical rucksack w kraju Ireland z URL: https://api.eclesiar.com/market/items/get?country_id=11&item_id=52...
--- Dane o cenach itemu tactical rucksack w kraju Ireland ---
{
  "code": 200,
  "description": "Success"
}

Pobieranie danych: cenach itemu tactical rucksack w kraju France z URL: https://api.eclesiar.com/market/items/get?country_id=12&item_id=52...
--- Dane o cenach itemu tactical rucksack w kraju France ---
{
  "code": 200,
  "description": "Success"
}

Pobieranie danych: cenach itemu tactical rucksack w kraju Portugal z URL: https://api.eclesiar.com/market/items/get?country_id=13&item_id=52...
--- Dane o cenach itemu tactical rucksack w kraju Portugal ---
{
  "code": 200,
  "description": "Success"
}

Pobieranie danych: cenach itemu tactical rucksack w kraju Spain z URL: https://api.eclesiar.com/market/items/get?country_id=14&item_id=52...
--- Dane o cenach itemu tactical rucksack w kraju Spain ---
{
  "code": 200,
  "description": "Success"
}

Pobieranie danych: cenach itemu tactical rucksack w kraju Germany z URL: https://api.eclesiar.com/market/items/get?country_id=15&item_id=52...
--- Dane o cenach itemu tactical rucksack w kraju Germany ---
{
  "code": 200,
  "description": "Success"
}

Pobieranie danych: cenach itemu tactical rucksack w kraju Sweden z URL: https://api.eclesiar.com/market/items/get?country_id=16&item_id=52...
--- Dane o cenach itemu tactical rucksack w kraju Sweden ---
{
  "code": 200,
  "description": "Success"
}

Pobieranie danych: cenach itemu tactical rucksack w kraju Italy z URL: https://api.eclesiar.com/market/items/get?country_id=17&item_id=52...
--- Dane o cenach itemu tactical rucksack w kraju Italy ---
{
  "code": 200,
  "description": "Success"
}

Pobieranie danych: cenach itemu tactical rucksack w kraju Poland z URL: https://api.eclesiar.com/market/items/get?country_id=18&item_id=52...
--- Dane o cenach itemu tactical rucksack w kraju Poland ---
{
  "code": 200,
  "description": "Success"
}

Pobieranie danych: cenach itemu tactical rucksack w kraju Lithuania z URL: https://api.eclesiar.com/market/items/get?country_id=19&item_id=52...
--- Dane o cenach itemu tactical rucksack w kraju Lithuania ---
{
  "code": 200,
  "description": "Success"
}

Pobieranie danych: cenach itemu tactical rucksack w kraju Slovenia z URL: https://api.eclesiar.com/market/items/get?country_id=20&item_id=52...
--- Dane o cenach itemu tactical rucksack w kraju Slovenia ---
{
  "code": 200,
  "description": "Success"
}

Pobieranie danych: cenach itemu tactical rucksack w kraju Croatia z URL: https://api.eclesiar.com/market/items/get?country_id=21&item_id=52...
--- Dane o cenach itemu tactical rucksack w kraju Croatia ---
{
  "code": 200,
  "description": "Success"
}

Pobieranie danych: cenach itemu tactical rucksack w kraju Bosnia and Herzegovina z URL: https://api.eclesiar.com/market/items/get?country_id=22&item_id=52...
--- Dane o cenach itemu tactical rucksack w kraju Bosnia and Herzegovina ---
{
  "code": 200,
  "description": "Success"
}

Pobieranie danych: cenach itemu tactical rucksack w kraju Serbia z URL: https://api.eclesiar.com/market/items/get?country_id=23&item_id=52...
--- Dane o cenach itemu tactical rucksack w kraju Serbia ---
{
  "code": 200,
  "description": "Success"
}

Pobieranie danych: cenach itemu tactical rucksack w kraju North Macedonia z URL: https://api.eclesiar.com/market/items/get?country_id=24&item_id=52...
--- Dane o cenach itemu tactical rucksack w kraju North Macedonia ---
{
  "code": 200,
  "description": "Success"
}

Pobieranie danych: cenach itemu tactical rucksack w kraju Albania z URL: https://api.eclesiar.com/market/items/get?country_id=25&item_id=52...
--- Dane o cenach itemu tactical rucksack w kraju Albania ---
{
  "code": 200,
  "description": "Success"
}

Pobieranie danych: cenach itemu tactical rucksack w kraju Greece z URL: https://api.eclesiar.com/market/items/get?country_id=26&item_id=52...
--- Dane o cenach itemu tactical rucksack w kraju Greece ---
{
  "code": 200,
  "description": "Success"
}

Pobieranie danych: cenach itemu tactical rucksack w kraju Hungary z URL: https://api.eclesiar.com/market/items/get?country_id=27&item_id=52...
--- Dane o cenach itemu tactical rucksack w kraju Hungary ---
{
  "code": 200,
  "description": "Success"
}

Pobieranie danych: cenach itemu tactical rucksack w kraju Romania z URL: https://api.eclesiar.com/market/items/get?country_id=28&item_id=52...
--- Dane o cenach itemu tactical rucksack w kraju Romania ---
{
  "code": 200,
  "description": "Success"
}

Pobieranie danych: cenach itemu tactical rucksack w kraju Bulgaria z URL: https://api.eclesiar.com/market/items/get?country_id=30&item_id=52...
--- Dane o cenach itemu tactical rucksack w kraju Bulgaria ---
{
  "code": 200,
  "description": "Success"
}

Pobieranie danych: cenach itemu tactical rucksack w kraju Turkey z URL: https://api.eclesiar.com/market/items/get?country_id=31&item_id=52...
--- Dane o cenach itemu tactical rucksack w kraju Turkey ---
{
  "code": 200,
  "description": "Success"
}

Pobieranie danych: cenach itemu tactical rucksack w kraju Ukraine z URL: https://api.eclesiar.com/market/items/get?country_id=32&item_id=52...
--- Dane o cenach itemu tactical rucksack w kraju Ukraine ---
{
  "code": 200,
  "description": "Success"
}

Pobieranie danych: cenach itemu tactical rucksack w kraju Russia z URL: https://api.eclesiar.com/market/items/get?country_id=33&item_id=52...
--- Dane o cenach itemu tactical rucksack w kraju Russia ---
{
  "code": 200,
  "description": "Success"
}

Pobieranie danych: cenach itemu tactical rucksack w kraju Georgia z URL: https://api.eclesiar.com/market/items/get?country_id=34&item_id=52...
--- Dane o cenach itemu tactical rucksack w kraju Georgia ---
{
  "code": 200,
  "description": "Success"
}

Pobieranie danych: cenach itemu tactical rucksack w kraju Israel z URL: https://api.eclesiar.com/market/items/get?country_id=35&item_id=52...
--- Dane o cenach itemu tactical rucksack w kraju Israel ---
{
  "code": 200,
  "description": "Success"
}

Pobieranie danych: cenach itemu tactical rucksack w kraju Egypt z URL: https://api.eclesiar.com/market/items/get?country_id=36&item_id=52...
--- Dane o cenach itemu tactical rucksack w kraju Egypt ---
{
  "code": 200,
  "description": "Success"
}

Pobieranie danych: cenach itemu tactical rucksack w kraju South Africa z URL: https://api.eclesiar.com/market/items/get?country_id=37&item_id=52...
--- Dane o cenach itemu tactical rucksack w kraju South Africa ---
{
  "code": 200,
  "description": "Success"
}

Pobieranie danych: cenach itemu tactical rucksack w kraju Iraq z URL: https://api.eclesiar.com/market/items/get?country_id=38&item_id=52...
--- Dane o cenach itemu tactical rucksack w kraju Iraq ---
{
  "code": 200,
  "description": "Success"
}

Pobieranie danych: cenach itemu tactical rucksack w kraju Saudi Arabia z URL: https://api.eclesiar.com/market/items/get?country_id=39&item_id=52...
--- Dane o cenach itemu tactical rucksack w kraju Saudi Arabia ---
{
  "code": 200,
  "description": "Success"
}

Pobieranie danych: cenach itemu tactical rucksack w kraju Iran z URL: https://api.eclesiar.com/market/items/get?country_id=40&item_id=52...
--- Dane o cenach itemu tactical rucksack w kraju Iran ---
{
  "code": 200,
  "description": "Success"
}

Pobieranie danych: cenach itemu tactical rucksack w kraju Pakistan z URL: https://api.eclesiar.com/market/items/get?country_id=41&item_id=52...
--- Dane o cenach itemu tactical rucksack w kraju Pakistan ---
{
  "code": 200,
  "description": "Success"
}

Pobieranie danych: cenach itemu tactical rucksack w kraju India z URL: https://api.eclesiar.com/market/items/get?country_id=42&item_id=52...
--- Dane o cenach itemu tactical rucksack w kraju India ---
{
  "code": 200,
  "description": "Success"
}

Pobieranie danych: cenach itemu tactical rucksack w kraju China z URL: https://api.eclesiar.com/market/items/get?country_id=43&item_id=52...
--- Dane o cenach itemu tactical rucksack w kraju China ---
{
  "code": 200,
  "description": "Success"
}

Pobieranie danych: cenach itemu tactical rucksack w kraju Japan z URL: https://api.eclesiar.com/market/items/get?country_id=44&item_id=52...
--- Dane o cenach itemu tactical rucksack w kraju Japan ---
{
  "code": 200,
  "description": "Success"
}

Pobieranie danych: cenach itemu tactical rucksack w kraju South Korea z URL: https://api.eclesiar.com/market/items/get?country_id=45&item_id=52...
--- Dane o cenach itemu tactical rucksack w kraju South Korea ---
{
  "code": 200,
  "description": "Success"
}

Pobieranie danych: cenach itemu tactical rucksack w kraju Indonesia z URL: https://api.eclesiar.com/market/items/get?country_id=46&item_id=52...
--- Dane o cenach itemu tactical rucksack w kraju Indonesia ---
{
  "code": 200,
  "description": "Success"
}

Pobieranie danych: cenach itemu tactical rucksack w kraju Australia z URL: https://api.eclesiar.com/market/items/get?country_id=47&item_id=52...
--- Dane o cenach itemu tactical rucksack w kraju Australia ---
{
  "code": 200,
  "description": "Success"
}

Pobieranie danych: cenach itemu tactical rucksack w kraju Philippines z URL: https://api.eclesiar.com/market/items/get?country_id=48&item_id=52...
--- Dane o cenach itemu tactical rucksack w kraju Philippines ---
{
  "code": 200,
  "description": "Success"
}

DEBUG: Zako≈Ñczono pobieranie najta≈Ñszych towar√≥w. Znaleziono 24 typ√≥w towar√≥w
Pobrano 24 najta≈Ñszych towar√≥w
 100% [##############################] 125/125 ETA 00:00 - Ekonomia: najta≈Ñsze towary ze wszystkich kraj√≥w  99% [#############################-] 125/126 ETA 00:01                                                   100% [##############################] 126/126 ETA 00:00 - Ekonomia: kursy skrajne                          99% [#############################-] 126/127 ETA 00:01                                                  Pobieranie danych o regionach z bonusami...
Pobieranie danych: regionach kraju 2 z URL: https://api.eclesiar.com/country/regions?country_id=2...
Pobieranie danych: regionach kraju 3 z URL: https://api.eclesiar.com/country/regions?country_id=3...
Pobieranie danych: regionach kraju 4 z URL: https://api.eclesiar.com/country/regions?country_id=4...
Pobieranie danych: regionach kraju 5 z URL: https://api.eclesiar.com/country/regions?country_id=5...
Pobieranie danych: regionach kraju 6 z URL: https://api.eclesiar.com/country/regions?country_id=6...
Pobieranie danych: regionach kraju 7 z URL: https://api.eclesiar.com/country/regions?country_id=7...
Pobieranie danych: regionach kraju 8 z URL: https://api.eclesiar.com/country/regions?country_id=8...
Pobieranie danych: regionach kraju 10 z URL: https://api.eclesiar.com/country/regions?country_id=10...
--- Dane o regionach kraju 10 ---
{
  "code": 200,
  "description": "Success"
}

Pobieranie danych: regionach kraju 11 z URL: https://api.eclesiar.com/country/regions?country_id=11...
--- Dane o regionach kraju 4 ---
{
  "code": 200,
  "description": "Success",
  "data": [
    {
      "id": 14,
      "name": "Mexico City",
      "type": 0,
      "population": 78,
      "original_country_id": 4,
      "country_id": 4,
      "nb_npcs": 5,
      "pollution": 5.659723166453648,
      "factories": {
        "food": 2,
        "weapon": 1,
        "oil": 0,
        "grain": 3,
        "iron": 0,
        "aircraft": 0,
        "titanium": 2,
        "tickets": 0
      },
      "bonus": []
    }
  ]
}

Pobieranie danych: regionach kraju 12 z URL: https://api.eclesiar.com/country/regions?country_id=12...
--- Dane o regionach kraju 2 ---
{
  "code": 200,
  "description": "Success",
  "data": [
    {
      "id": 5,
      "name": "Belfast",
      "type": 0,
      "population": 71,
      "original_country_id": 2,
      "country_id": 2,
      "nb_npcs": 5,
      "pollution": 17.54020483455123,
      "factories": {
        "food": 3,
        "weapon": 3,
        "oil": 0,
        "grain": 3,
        "iron": 0,
        "aircraft": 0,
        "titanium": 1,
        "tickets": 0
      },
      "bonus": []
    },
    {
      "id": 4,
      "name": "Edinburgh",
      "type": 2,
      "population": 70,
      "original_country_id": 2,
      "country_id": 2,
      "nb_npcs": 7,
      "pollution": 21.428690131950674,
      "factories": {
        "food": 2,
        "weapon": 4,
        "oil": 1,
        "grain": 0,
        "iron": 2,
        "aircraft": 1,
        "titanium": 0,
        "tickets": 0
      },
      "bonus": [
        {
          "type": "OIL",
          "value": 15
        }
      ]
    },
    {
      "id": 1,
      "name": "London",
      "type": 1,
      "population": 129,
      "original_country_id": 2,
      "country_id": 2,
      "nb_npcs": 3,
      "pollution": 23.042343869445276,
      "factories": {
        "food": 3,
        "weapon": 3,
        "oil": 0,
        "grain": 3,
        "iron": 0,
        "aircraft": 0,
        "titanium": 0,
        "tickets": 0
      },
      "bonus": []
    },
    {
      "id": 2,
      "name": "Manchester",
      "type": 0,
      "population": 87,
      "original_country_id": 2,
      "country_id": 2,
      "nb_npcs": 5,
      "pollution": 46.00990460996444,
      "factories": {
        "food": 11,
        "weapon": 0,
        "oil": 0,
        "grain": 1,
        "iron": 0,
        "aircraft": 0,
        "titanium": 0,
        "tickets": 0
      },
      "bonus": [
        {
          "type": "FOOD",
          "value": 30
        }
      ]
    }
  ]
}

Pobieranie danych: regionach kraju 13 z URL: https://api.eclesiar.com/country/regions?country_id=13...
--- Dane o regionach kraju 7 ---
{
  "code": 200,
  "description": "Success",
  "data": [
    {
      "id": 35,
      "name": "Bel\u00e9m",
      "type": 3,
      "population": 85,
      "original_country_id": 7,
      "country_id": 7,
      "nb_npcs": 4,
      "pollution": 21.011182954048643,
      "factories": {
        "food": 4,
        "weapon": 1,
        "oil": 0,
        "grain": 5,
        "iron": 3,
        "aircraft": 1,
        "titanium": 2,
        "tickets": 0
      },
      "bonus": []
    },
    {
      "id": 32,
      "name": "Bras\u00edlia",
      "type": 2,
      "population": 158,
      "original_country_id": 7,
      "country_id": 7,
      "nb_npcs": 3,
      "pollution": 24.543247658712808,
      "factories": {
        "food": 2,
        "weapon": 2,
        "oil": 0,
        "grain": 3,
        "iron": 1,
        "aircraft": 0,
        "titanium": 0,
        "tickets": 0
      },
      "bonus": []
    },
    {
      "id": 37,
      "name": "Cuiab\u00e1",
      "type": 1,
      "population": 62,
      "original_country_id": 7,
      "country_id": 7,
      "nb_npcs": 4,
      "pollution": 19.338150133842625,
      "factories": {
        "food": 2,
        "weapon": 2,
        "oil": 2,
        "grain": 2,
        "iron": 2,
        "aircraft": 0,
        "titanium": 0,
        "tickets": 0
      },
      "bonus": [
        {
          "type": "OIL",
          "value": 5
        }
      ]
    },
    {
      "id": 36,
      "name": "Manaus",
      "type": 2,
      "population": 66,
      "original_country_id": 7,
      "country_id": 7,
      "nb_npcs": 5,
      "pollution": 29.3169040551631,
      "factories": {
        "food": 3,
        "weapon": 3,
        "oil": 0,
        "grain": 0,
        "iron": 2,
        "aircraft": 0,
        "titanium": 5,
        "tickets": 0
      },
      "bonus": [
        {
          "type": "TITANIUM",
          "value": 15
        }
      ]
    },
    {
      "id": 34,
      "name": "Natal",
      "type": 2,
      "population": 83,
      "original_country_id": 7,
      "country_id": 7,
      "nb_npcs": 8,
      "pollution": 21.681354840194206,
      "factories": {
        "food": 2,
        "weapon": 0,
        "oil": 0,
        "grain": 15,
        "iron": 0,
        "aircraft": 0,
        "titanium": 0,
        "tickets": 0
      },
      "bonus": [
        {
          "type": "GRAIN",
          "value": 30
        }
      ]
    },
    {
      "id": 33,
      "name": "Porto Alegre",
      "type": 2,
      "population": 68,
      "original_country_id": 7,
      "country_id": 7,
      "nb_npcs": 8,
      "pollution": 21.54712871135246,
      "factories": {
        "food": 2,
        "weapon": 2,
        "oil": 0,
        "grain": 0,
        "iron": 0,
        "aircraft": 1,
        "titanium": 0,
        "tickets": 0
      },
      "bonus": []
    }
  ]
}

Pobieranie danych: regionach kraju 14 z URL: https://api.eclesiar.com/country/regions?country_id=14...
--- Dane o regionach kraju 8 ---
{
  "code": 200,
  "description": "Success",
  "data": [
    {
      "id": 39,
      "name": "Antofagasta",
      "type": 1,
      "population": 55,
      "original_country_id": 8,
      "country_id": 8,
      "nb_npcs": 6,
      "pollution": 15.67433609199987,
      "factories": {
        "food": 5,
        "weapon": 3,
        "oil": 0,
        "grain": 6,
        "iron": 1,
        "aircraft": 1,
        "titanium": 2,
        "tickets": 0
      },
      "bonus": [
        {
          "type": "GRAIN",
          "value": 15
        }
      ]
    },
    {
      "id": 42,
      "name": "Arica",
      "type": 2,
      "population": 63,
      "original_country_id": 8,
      "country_id": 8,
      "nb_npcs": 9,
      "pollution": 13.08417128788053,
      "factories": {
        "food": 3,
        "weapon": 2,
        "oil": 0,
        "grain": 2,
        "iron": 0,
        "aircraft": 0,
        "titanium": 0,
        "tickets": 0
      },
      "bonus": []
    },
    {
      "id": 44,
      "name": "Buenos Aires",
      "type": 0,
      "population": 239,
      "original_country_id": 10,
      "country_id": 8,
      "nb_npcs": 4,
      "pollution": 25.794986206667332,
      "factories": {
        "food": 2,
        "weapon": 1,
        "oil": 0,
        "grain": 1,
        "iron": 3,
        "aircraft": 0,
        "titanium": 0,
        "tickets": 0
      },
      "bonus": []
    },
    {
      "id": 47,
      "name": "Cordoba",
      "type": 0,
      "population": 56,
      "original_country_id": 10,
      "country_id": 8,
      "nb_npcs": 2,
      "pollution": 21.60325963795901,
      "factories": {
        "food": 0,
        "weapon": 0,
        "oil": 0,
        "grain": 1,
        "iron": 0,
        "aircraft": 0,
        "titanium": 0,
        "tickets": 2
      },
      "bonus": [
        {
          "type": "TICKETS",
          "value": 30
        }
      ]
    },
    {
      "id": 41,
      "name": "Puerto Montt",
      "type": 1,
      "population": 37,
      "original_country_id": 8,
      "country_id": 8,
      "nb_npcs": 7,
      "pollution": 12.477277433903218,
      "factories": {
        "food": 3,
        "weapon": 3,
        "oil": 0,
        "grain": 1,
        "iron": 0,
        "aircraft": 0,
        "titanium": 0,
        "tickets": 0
      },
      "bonus": []
    },
    {
      "id": 40,
      "name": "Punta Arenas",
      "type": 2,
      "population": 40,
      "original_country_id": 8,
      "country_id": 8,
      "nb_npcs": 3,
      "pollution": 25.23930601256356,
      "factories": {
        "food": 0,
        "weapon": 2,
        "oil": 0,
        "grain": 1,
        "iron": 2,
        "aircraft": 0,
        "titanium": 3,
        "tickets": 0
      },
      "bonus": [
        {
          "type": "TITANIUM",
          "value": 5
        }
      ]
    },
    {
      "id": 38,
      "name": "Santiago de Chile",
      "type": 2,
      "population": 56,
      "original_country_id": 8,
      "country_id": 8,
      "nb_npcs":... (truncated)

Pobieranie danych: regionach kraju 15 z URL: https://api.eclesiar.com/country/regions?country_id=15...
--- Dane o regionach kraju 3 ---
{
  "code": 200,
  "description": "Success",
  "data": [
    {
      "id": 9,
      "name": "Anchorage",
      "type": 2,
      "population": 70,
      "original_country_id": 3,
      "country_id": 3,
      "nb_npcs": 2,
      "pollution": 16.448133745471466,
      "factories": {
        "food": 1,
        "weapon": 2,
        "oil": 0,
        "grain": 1,
        "iron": 2,
        "aircraft": 4,
        "titanium": 1,
        "tickets": 0
      },
      "bonus": [
        {
          "type": "AIRCRAFT",
          "value": 15
        }
      ]
    },
    {
      "id": 22,
      "name": "Cali",
      "type": 0,
      "population": 29,
      "original_country_id": 5,
      "country_id": 3,
      "nb_npcs": 1,
      "pollution": 4.2539136504138,
      "factories": {
        "food": 1,
        "weapon": 0,
        "oil": 0,
        "grain": 1,
        "iron": 0,
        "aircraft": 0,
        "titanium": 5,
        "tickets": 0
      },
      "bonus": [
        {
          "type": "TITANIUM",
          "value": 15
        }
      ]
    },
    {
      "id": 17,
      "name": "Guadalajara",
      "type": 0,
      "population": 36,
      "original_country_id": 4,
      "country_id": 3,
      "nb_npcs": 1,
      "pollution": 20.84891315185961,
      "factories": {
        "food": 0,
        "weapon": 0,
        "oil": 0,
        "grain": 0,
        "iron": 1,
        "aircraft": 6,
        "titanium": 0,
        "tickets": 0
      },
      "bonus": [
        {
          "type": "AIRCRAFT",
          "value": 30
        }
      ]
    },
    {
      "id": 16,
      "name": "M\u00e9rida",
      "type": 2,
      "population": 39,
      "original_country_id": 4,
      "country_id": 3,
      "nb_npcs": 1,
      "pollution": 13.17013992754346,
      "factories": {
        "food": 0,
        "weapon": 4,
        "oil": 0,
        "grain": 1,
        "iron": 1,
        "aircraft": 1,
        "titanium": 0,
        "tickets": 0
      },
      "bonus": [
        {
          "type": "WEAPONS",
          "value": 5
        }
      ]
    },
    {
      "id": 292,
      "name": "Miami",
      "type": 1,
      "population": 86,
      "original_country_id": 3,
      "country_id": 3,
      "nb_npcs": 6,
      "pollution": 38.73869943829561,
      "factories": {
        "food": 1,
        "weapon": 7,
        "oil": 1,
        "grain": 1,
        "iron": 1,
        "aircraft": 0,
        "titanium": 0,
        "tickets": 0
      },
      "bonus": [
        {
          "type": "WEAPONS",
          "value": 30
        }
      ]
    },
    {
      "id": 13,
      "name": "Minneapolis",
      "type": 0,
      "population": 76,
      "original_country_id": 3,
      "country_id": 3,
      "nb_npcs": 3,
      "pollution": 22.604981268606757,
      "factories": {
        "food": 7,
        "weapon": 0,
        "oil": 0,
        "grain": 3,
        "iron": 1,
        "aircraft": 0,
        "titanium": 0,
        "tickets": 0
      },
      "bonus": [
        {
          "type": "F... (truncated)

Pobieranie danych: regionach kraju 16 z URL: https://api.eclesiar.com/country/regions?country_id=16...
--- Dane o regionach kraju 5 ---
{
  "code": 200,
  "description": "Success",
  "data": [
    {
      "id": 20,
      "name": "Bogota",
      "type": 3,
      "population": 55,
      "original_country_id": 5,
      "country_id": 5,
      "nb_npcs": 2,
      "pollution": 8.587595971682122,
      "factories": {
        "food": 4,
        "weapon": 0,
        "oil": 1,
        "grain": 3,
        "iron": 0,
        "aircraft": 0,
        "titanium": 0,
        "tickets": 0
      },
      "bonus": []
    }
  ]
}

Pobieranie danych: regionach kraju 17 z URL: https://api.eclesiar.com/country/regions?country_id=17...
--- Dane o regionach kraju 12 ---
{
  "code": 200,
  "description": "Success",
  "data": [
    {
      "id": 57,
      "name": "Ajaccio",
      "type": 2,
      "population": 37,
      "original_country_id": 12,
      "country_id": 12,
      "nb_npcs": 4,
      "pollution": 12.34209254699832,
      "factories": {
        "food": 2,
        "weapon": 2,
        "oil": 0,
        "grain": 0,
        "iron": 2,
        "aircraft": 0,
        "titanium": 0,
        "tickets": 0
      },
      "bonus": []
    },
    {
      "id": 21,
      "name": "Barranquilla",
      "type": 3,
      "population": 35,
      "original_country_id": 5,
      "country_id": 12,
      "nb_npcs": 1,
      "pollution": 6.927410509522384,
      "factories": {
        "food": 1,
        "weapon": 0,
        "oil": 0,
        "grain": 0,
        "iron": 3,
        "aircraft": 0,
        "titanium": 0,
        "tickets": 0
      },
      "bonus": []
    },
    {
      "id": 91,
      "name": "Cagliari",
      "type": 0,
      "population": 123,
      "original_country_id": 17,
      "country_id": 12,
      "nb_npcs": 1,
      "pollution": 21.991225446206002,
      "factories": {
        "food": 10,
        "weapon": 0,
        "oil": 0,
        "grain": 2,
        "iron": 0,
        "aircraft": 0,
        "titanium": 0,
        "tickets": 0
      },
      "bonus": [
        {
          "type": "FOOD",
          "value": 30
        }
      ]
    },
    {
      "id": 25,
      "name": "C\u00facuta",
      "type": 2,
      "population": 26,
      "original_country_id": 5,
      "country_id": 12,
      "nb_npcs": 3,
      "pollution": 12.8265529963107,
      "factories": {
        "food": 5,
        "weapon": 0,
        "oil": 0,
        "grain": 0,
        "iron": 0,
        "aircraft": 0,
        "titanium": 0,
        "tickets": 0
      },
      "bonus": [
        {
          "type": "FOOD",
          "value": 5
        }
      ]
    },
    {
      "id": 58,
      "name": "Marseille",
      "type": 0,
      "population": 35,
      "original_country_id": 12,
      "country_id": 12,
      "nb_npcs": 6,
      "pollution": 26.54053245587795,
      "factories": {
        "food": 2,
        "weapon": 1,
        "oil": 0,
        "grain": 3,
        "iron": 3,
        "aircraft": 2,
        "titanium": 8,
        "tickets": 1
      },
      "bonus": [
        {
          "type": "TITANIUM",
          "value": 15
        }
      ]
    },
    {
      "id": 23,
      "name": "Medell\u00edn",
      "type": 2,
      "population": 35,
      "original_country_id": 5,
      "country_id": 12,
      "nb_npcs": 1,
      "pollution": 6.789061721009074,
      "factories": {
        "food": 2,
        "weapon": 0,
        "oil": 0,
        "grain": 1,
        "iron": 1,
        "aircraft": 0,
        "titanium": 0,
        "tickets": 0
      },
      "bonus": []
    },
    {
      "id": 24,
      "name": "Mit\u00fa",
      "type": 1,
      "population": 26,
      "original_country_id": 5,
      "country_id": 12,
      "nb_npcs": 5,
... (truncated)

Pobieranie danych: regionach kraju 18 z URL: https://api.eclesiar.com/country/regions?country_id=18...
--- Dane o regionach kraju 13 ---
{
  "code": 200,
  "description": "Success",
  "data": [
    {
      "id": 215,
      "name": "Bloemfontein",
      "type": 2,
      "population": 46,
      "original_country_id": 37,
      "country_id": 13,
      "nb_npcs": 5,
      "pollution": 13.79333266859441,
      "factories": {
        "food": 2,
        "weapon": 1,
        "oil": 0,
        "grain": 2,
        "iron": 1,
        "aircraft": 0,
        "titanium": 1,
        "tickets": 0
      },
      "bonus": []
    },
    {
      "id": 66,
      "name": "Braganca",
      "type": 3,
      "population": 43,
      "original_country_id": 13,
      "country_id": 13,
      "nb_npcs": 10,
      "pollution": 12.87071065339088,
      "factories": {
        "food": 2,
        "weapon": 1,
        "oil": 0,
        "grain": 4,
        "iron": 6,
        "aircraft": 0,
        "titanium": 0,
        "tickets": 1
      },
      "bonus": []
    },
    {
      "id": 211,
      "name": "Cape Town",
      "type": 2,
      "population": 43,
      "original_country_id": 37,
      "country_id": 13,
      "nb_npcs": 2,
      "pollution": 15.220284252590563,
      "factories": {
        "food": 1,
        "weapon": 2,
        "oil": 0,
        "grain": 2,
        "iron": 1,
        "aircraft": 0,
        "titanium": 0,
        "tickets": 0
      },
      "bonus": []
    },
    {
      "id": 213,
      "name": "Durban",
      "type": 3,
      "population": 42,
      "original_country_id": 37,
      "country_id": 13,
      "nb_npcs": 2,
      "pollution": 39.413201715026425,
      "factories": {
        "food": 9,
        "weapon": 0,
        "oil": 0,
        "grain": 1,
        "iron": 1,
        "aircraft": 0,
        "titanium": 0,
        "tickets": 0
      },
      "bonus": [
        {
          "type": "FOOD",
          "value": 15
        }
      ]
    },
    {
      "id": 67,
      "name": "Evora",
      "type": 2,
      "population": 44,
      "original_country_id": 13,
      "country_id": 13,
      "nb_npcs": 9,
      "pollution": 22.37345032738392,
      "factories": {
        "food": 0,
        "weapon": 3,
        "oil": 0,
        "grain": 0,
        "iron": 1,
        "aircraft": 0,
        "titanium": 10,
        "tickets": 0
      },
      "bonus": [
        {
          "type": "TITANIUM",
          "value": 15
        }
      ]
    },
    {
      "id": 64,
      "name": "Funchal (Madeira)",
      "type": 0,
      "population": 45,
      "original_country_id": 13,
      "country_id": 13,
      "nb_npcs": 9,
      "pollution": 25.608236115265733,
      "factories": {
        "food": 0,
        "weapon": 2,
        "oil": 10,
        "grain": 1,
        "iron": 1,
        "aircraft": 1,
        "titanium": 0,
        "tickets": 0
      },
      "bonus": [
        {
          "type": "OIL",
          "value": 30
        }
      ]
    },
    {
      "id": 62,
      "name": "Lisbon",
      "type": 1,
      "population": 75,
      "original_country_id": 13,
      "country_id": 13,
      "nb_npcs"... (truncated)

Pobieranie danych: regionach kraju 19 z URL: https://api.eclesiar.com/country/regions?country_id=19...
--- Dane o regionach kraju 14 ---
{
  "code": 200,
  "description": "Success",
  "data": [
    {
      "id": 69,
      "name": "Barcelona",
      "type": 1,
      "population": 76,
      "original_country_id": 14,
      "country_id": 14,
      "nb_npcs": 6,
      "pollution": 22.480639478844683,
      "factories": {
        "food": 2,
        "weapon": 1,
        "oil": 1,
        "grain": 5,
        "iron": 5,
        "aircraft": 1,
        "titanium": 2,
        "tickets": 0
      },
      "bonus": []
    },
    {
      "id": 70,
      "name": "Lugo",
      "type": 0,
      "population": 54,
      "original_country_id": 14,
      "country_id": 14,
      "nb_npcs": 15,
      "pollution": 22.27623225977997,
      "factories": {
        "food": 3,
        "weapon": 6,
        "oil": 3,
        "grain": 3,
        "iron": 4,
        "aircraft": 0,
        "titanium": 0,
        "tickets": 1
      },
      "bonus": []
    },
    {
      "id": 68,
      "name": "Madrid",
      "type": 0,
      "population": 108,
      "original_country_id": 14,
      "country_id": 14,
      "nb_npcs": 10,
      "pollution": 23.748628975969687,
      "factories": {
        "food": 3,
        "weapon": 3,
        "oil": 1,
        "grain": 0,
        "iron": 0,
        "aircraft": 0,
        "titanium": 1,
        "tickets": 0
      },
      "bonus": []
    },
    {
      "id": 71,
      "name": "Palma de Mallorca",
      "type": 1,
      "population": 55,
      "original_country_id": 14,
      "country_id": 14,
      "nb_npcs": 4,
      "pollution": 19.66048459467544,
      "factories": {
        "food": 2,
        "weapon": 4,
        "oil": 0,
        "grain": 0,
        "iron": 2,
        "aircraft": 3,
        "titanium": 1,
        "tickets": 0
      },
      "bonus": [
        {
          "type": "AIRCRAFT",
          "value": 15
        }
      ]
    },
    {
      "id": 73,
      "name": "Santa Cruz de Tenerife",
      "type": 0,
      "population": 59,
      "original_country_id": 14,
      "country_id": 14,
      "nb_npcs": 14,
      "pollution": 28.19323960514508,
      "factories": {
        "food": 4,
        "weapon": 3,
        "oil": 2,
        "grain": 3,
        "iron": 1,
        "aircraft": 0,
        "titanium": 1,
        "tickets": 3
      },
      "bonus": [
        {
          "type": "TICKETS",
          "value": 5
        }
      ]
    },
    {
      "id": 72,
      "name": "Sevilla",
      "type": 2,
      "population": 86,
      "original_country_id": 14,
      "country_id": 14,
      "nb_npcs": 12,
      "pollution": 42.00900721241732,
      "factories": {
        "food": 21,
        "weapon": 0,
        "oil": 0,
        "grain": 2,
        "iron": 0,
        "aircraft": 0,
        "titanium": 0,
        "tickets": 0
      },
      "bonus": [
        {
          "type": "FOOD",
          "value": 30
        }
      ]
    }
  ]
}

Pobieranie danych: regionach kraju 20 z URL: https://api.eclesiar.com/country/regions?country_id=20...
--- Dane o regionach kraju 6 ---
{
  "code": 200,
  "description": "Success",
  "data": [
    {
      "id": 29,
      "name": "Arequipa",
      "type": 0,
      "population": 29,
      "original_country_id": 6,
      "country_id": 6,
      "nb_npcs": 3,
      "pollution": 19.57448399641041,
      "factories": {
        "food": 0,
        "weapon": 0,
        "oil": 0,
        "grain": 0,
        "iron": 15,
        "aircraft": 0,
        "titanium": 0,
        "tickets": 0
      },
      "bonus": [
        {
          "type": "IRON",
          "value": 30
        }
      ]
    },
    {
      "id": 31,
      "name": "Cusco",
      "type": 0,
      "population": 28,
      "original_country_id": 6,
      "country_id": 6,
      "nb_npcs": 4,
      "pollution": 18.053003432901725,
      "factories": {
        "food": 3,
        "weapon": 4,
        "oil": 0,
        "grain": 0,
        "iron": 1,
        "aircraft": 0,
        "titanium": 1,
        "tickets": 0
      },
      "bonus": []
    },
    {
      "id": 27,
      "name": "Iquitos",
      "type": 3,
      "population": 24,
      "original_country_id": 6,
      "country_id": 6,
      "nb_npcs": 5,
      "pollution": 21.279361280856943,
      "factories": {
        "food": 0,
        "weapon": 0,
        "oil": 0,
        "grain": 0,
        "iron": 2,
        "aircraft": 3,
        "titanium": 0,
        "tickets": 0
      },
      "bonus": [
        {
          "type": "AIRCRAFT",
          "value": 5
        }
      ]
    },
    {
      "id": 26,
      "name": "Lima",
      "type": 2,
      "population": 35,
      "original_country_id": 6,
      "country_id": 6,
      "nb_npcs": 1,
      "pollution": 15.265551329715255,
      "factories": {
        "food": 2,
        "weapon": 2,
        "oil": 1,
        "grain": 3,
        "iron": 1,
        "aircraft": 0,
        "titanium": 0,
        "tickets": 0
      },
      "bonus": []
    },
    {
      "id": 30,
      "name": "Pucallpa",
      "type": 2,
      "population": 20,
      "original_country_id": 6,
      "country_id": 6,
      "nb_npcs": 4,
      "pollution": 13.623883594718174,
      "factories": {
        "food": 2,
        "weapon": 3,
        "oil": 0,
        "grain": 0,
        "iron": 0,
        "aircraft": 0,
        "titanium": 1,
        "tickets": 0
      },
      "bonus": []
    },
    {
      "id": 28,
      "name": "Trujillo",
      "type": 3,
      "population": 36,
      "original_country_id": 6,
      "country_id": 6,
      "nb_npcs": 7,
      "pollution": 9.388843781604775,
      "factories": {
        "food": 0,
        "weapon": 0,
        "oil": 0,
        "grain": 11,
        "iron": 0,
        "aircraft": 0,
        "titanium": 0,
        "tickets": 0
      },
      "bonus": [
        {
          "type": "GRAIN",
          "value": 15
        }
      ]
    }
  ]
}

Pobieranie danych: regionach kraju 21 z URL: https://api.eclesiar.com/country/regions?country_id=21...
--- Dane o regionach kraju 15 ---
{
  "code": 200,
  "description": "Success",
  "data": [
    {
      "id": 74,
      "name": "Berlin",
      "type": 1,
      "population": 108,
      "original_country_id": 15,
      "country_id": 15,
      "nb_npcs": 10,
      "pollution": 20.77558413932928,
      "factories": {
        "food": 4,
        "weapon": 0,
        "oil": 0,
        "grain": 7,
        "iron": 4,
        "aircraft": 0,
        "titanium": 2,
        "tickets": 0
      },
      "bonus": []
    },
    {
      "id": 77,
      "name": "Dortmund",
      "type": 1,
      "population": 65,
      "original_country_id": 15,
      "country_id": 15,
      "nb_npcs": 13,
      "pollution": 36.32050387210423,
      "factories": {
        "food": 7,
        "weapon": 0,
        "oil": 0,
        "grain": 1,
        "iron": 1,
        "aircraft": 0,
        "titanium": 1,
        "tickets": 0
      },
      "bonus": [
        {
          "type": "FOOD",
          "value": 15
        }
      ]
    },
    {
      "id": 79,
      "name": "Dresden",
      "type": 3,
      "population": 78,
      "original_country_id": 15,
      "country_id": 15,
      "nb_npcs": 13,
      "pollution": 33.91996543357596,
      "factories": {
        "food": 1,
        "weapon": 4,
        "oil": 1,
        "grain": 4,
        "iron": 2,
        "aircraft": 0,
        "titanium": 1,
        "tickets": 0
      },
      "bonus": []
    },
    {
      "id": 75,
      "name": "Hamburg",
      "type": 0,
      "population": 62,
      "original_country_id": 15,
      "country_id": 15,
      "nb_npcs": 14,
      "pollution": 29.240203410110677,
      "factories": {
        "food": 2,
        "weapon": 0,
        "oil": 1,
        "grain": 2,
        "iron": 6,
        "aircraft": 0,
        "titanium": 1,
        "tickets": 5
      },
      "bonus": [
        {
          "type": "TICKETS",
          "value": 5
        }
      ]
    },
    {
      "id": 76,
      "name": "M\u00fcnchen",
      "type": 1,
      "population": 91,
      "original_country_id": 15,
      "country_id": 15,
      "nb_npcs": 8,
      "pollution": 29.782796556652375,
      "factories": {
        "food": 0,
        "weapon": 5,
        "oil": 2,
        "grain": 3,
        "iron": 5,
        "aircraft": 1,
        "titanium": 1,
        "tickets": 0
      },
      "bonus": []
    },
    {
      "id": 78,
      "name": "Stuttgart",
      "type": 1,
      "population": 79,
      "original_country_id": 15,
      "country_id": 15,
      "nb_npcs": 9,
      "pollution": 40.80998437863529,
      "factories": {
        "food": 0,
        "weapon": 12,
        "oil": 1,
        "grain": 1,
        "iron": 0,
        "aircraft": 1,
        "titanium": 0,
        "tickets": 0
      },
      "bonus": [
        {
          "type": "WEAPONS",
          "value": 30
        }
      ]
    }
  ]
}

Pobieranie danych: regionach kraju 22 z URL: https://api.eclesiar.com/country/regions?country_id=22...
--- Dane o regionach kraju 17 ---
{
  "code": 200,
  "description": "Success",
  "data": [
    {
      "id": 89,
      "name": "Bari",
      "type": 0,
      "population": 130,
      "original_country_id": 17,
      "country_id": 17,
      "nb_npcs": 3,
      "pollution": 7.207507319682013,
      "factories": {
        "food": 0,
        "weapon": 2,
        "oil": 0,
        "grain": 1,
        "iron": 3,
        "aircraft": 1,
        "titanium": 0,
        "tickets": 0
      },
      "bonus": []
    },
    {
      "id": 90,
      "name": "Catania",
      "type": 3,
      "population": 57,
      "original_country_id": 17,
      "country_id": 17,
      "nb_npcs": 2,
      "pollution": 13.960407674885689,
      "factories": {
        "food": 2,
        "weapon": 0,
        "oil": 0,
        "grain": 0,
        "iron": 10,
        "aircraft": 0,
        "titanium": 0,
        "tickets": 0
      },
      "bonus": [
        {
          "type": "IRON",
          "value": 5
        }
      ]
    },
    {
      "id": 87,
      "name": "Milano",
      "type": 0,
      "population": 162,
      "original_country_id": 17,
      "country_id": 17,
      "nb_npcs": 3,
      "pollution": 16.97452388074584,
      "factories": {
        "food": 1,
        "weapon": 0,
        "oil": 2,
        "grain": 1,
        "iron": 2,
        "aircraft": 0,
        "titanium": 0,
        "tickets": 0
      },
      "bonus": [
        {
          "type": "OIL",
          "value": 15
        }
      ]
    },
    {
      "id": 86,
      "name": "Rome",
      "type": 1,
      "population": 166,
      "original_country_id": 17,
      "country_id": 17,
      "nb_npcs": 1,
      "pollution": 10.272709143483896,
      "factories": {
        "food": 2,
        "weapon": 0,
        "oil": 0,
        "grain": 1,
        "iron": 1,
        "aircraft": 0,
        "titanium": 1,
        "tickets": 0
      },
      "bonus": []
    },
    {
      "id": 88,
      "name": "Venice",
      "type": 3,
      "population": 74,
      "original_country_id": 17,
      "country_id": 17,
      "nb_npcs": 1,
      "pollution": 5.547661780835577,
      "factories": {
        "food": 2,
        "weapon": 0,
        "oil": 0,
        "grain": 3,
        "iron": 1,
        "aircraft": 0,
        "titanium": 0,
        "tickets": 0
      },
      "bonus": []
    }
  ]
}

Pobieranie danych: regionach kraju 23 z URL: https://api.eclesiar.com/country/regions?country_id=23...
--- Dane o regionach kraju 19 ---
{
  "code": 200,
  "description": "Success",
  "data": [
    {
      "id": 98,
      "name": "Vilnius",
      "type": 3,
      "population": 35,
      "original_country_id": 19,
      "country_id": 19,
      "nb_npcs": 5,
      "pollution": 13.679080666068403,
      "factories": {
        "food": 4,
        "weapon": 2,
        "oil": 0,
        "grain": 0,
        "iron": 1,
        "aircraft": 0,
        "titanium": 0,
        "tickets": 0
      },
      "bonus": []
    }
  ]
}

Pobieranie danych: regionach kraju 24 z URL: https://api.eclesiar.com/country/regions?country_id=24...
--- Dane o regionach kraju 16 ---
{
  "code": 200,
  "description": "Success",
  "data": [
    {
      "id": 54,
      "name": "Athlone",
      "type": 3,
      "population": 27,
      "original_country_id": 11,
      "country_id": 16,
      "nb_npcs": 1,
      "pollution": 10.704373982118524,
      "factories": {
        "food": 1,
        "weapon": 2,
        "oil": 0,
        "grain": 0,
        "iron": 0,
        "aircraft": 0,
        "titanium": 1,
        "tickets": 0
      },
      "bonus": []
    },
    {
      "id": 51,
      "name": "Cork",
      "type": 1,
      "population": 19,
      "original_country_id": 11,
      "country_id": 16,
      "nb_npcs": 5,
      "pollution": 24.62857712633363,
      "factories": {
        "food": 0,
        "weapon": 1,
        "oil": 0,
        "grain": 0,
        "iron": 1,
        "aircraft": 0,
        "titanium": 1,
        "tickets": 6
      },
      "bonus": [
        {
          "type": "TICKETS",
          "value": 30
        }
      ]
    },
    {
      "id": 52,
      "name": "Galway",
      "type": 2,
      "population": 19,
      "original_country_id": 11,
      "country_id": 16,
      "nb_npcs": 1,
      "pollution": 17.14848368303349,
      "factories": {
        "food": 2,
        "weapon": 1,
        "oil": 0,
        "grain": 2,
        "iron": 0,
        "aircraft": 0,
        "titanium": 1,
        "tickets": 0
      },
      "bonus": []
    },
    {
      "id": 81,
      "name": "G\u00f6teborg",
      "type": 1,
      "population": 26,
      "original_country_id": 16,
      "country_id": 16,
      "nb_npcs": 12,
      "pollution": 27.480129054313917,
      "factories": {
        "food": 2,
        "weapon": 2,
        "oil": 5,
        "grain": 0,
        "iron": 4,
        "aircraft": 0,
        "titanium": 1,
        "tickets": 0
      },
      "bonus": [
        {
          "type": "OIL",
          "value": 5
        }
      ]
    },
    {
      "id": 82,
      "name": "Lule\u00e5",
      "type": 2,
      "population": 22,
      "original_country_id": 16,
      "country_id": 16,
      "nb_npcs": 10,
      "pollution": 34.52296033809644,
      "factories": {
        "food": 1,
        "weapon": 0,
        "oil": 0,
        "grain": 17,
        "iron": 1,
        "aircraft": 0,
        "titanium": 0,
        "tickets": 0
      },
      "bonus": [
        {
          "type": "GRAIN",
          "value": 15
        }
      ]
    },
    {
      "id": 83,
      "name": "Malm\u00f6",
      "type": 3,
      "population": 22,
      "original_country_id": 16,
      "country_id": 16,
      "nb_npcs": 19,
      "pollution": 21.372634743858196,
      "factories": {
        "food": 1,
        "weapon": 6,
        "oil": 0,
        "grain": 0,
        "iron": 6,
        "aircraft": 0,
        "titanium": 2,
        "tickets": 0
      },
      "bonus": []
    },
    {
      "id": 3,
      "name": "Norwich",
      "type": 3,
      "population": 46,
      "original_country_id": 2,
      "country_id": 16,
      "nb_npcs": 6,
      ... (truncated)

Pobieranie danych: regionach kraju 25 z URL: https://api.eclesiar.com/country/regions?country_id=25...
--- Dane o regionach kraju 22 ---
{
  "code": 200,
  "description": "Success",
  "data": [
    {
      "id": 205,
      "name": "Alexandria",
      "type": 1,
      "population": 50,
      "original_country_id": 36,
      "country_id": 22,
      "nb_npcs": 4,
      "pollution": 5.593778043673348,
      "factories": {
        "food": 1,
        "weapon": 0,
        "oil": 0,
        "grain": 6,
        "iron": 0,
        "aircraft": 0,
        "titanium": 0,
        "tickets": 1
      },
      "bonus": [
        {
          "type": "GRAIN",
          "value": 5
        }
      ]
    },
    {
      "id": 118,
      "name": "Banja Luka",
      "type": 0,
      "population": 32,
      "original_country_id": 22,
      "country_id": 22,
      "nb_npcs": 5,
      "pollution": 14.65375411307209,
      "factories": {
        "food": 2,
        "weapon": 1,
        "oil": 0,
        "grain": 2,
        "iron": 0,
        "aircraft": 0,
        "titanium": 0,
        "tickets": 1
      },
      "bonus": []
    },
    {
      "id": 119,
      "name": "Bihac",
      "type": 1,
      "population": 26,
      "original_country_id": 22,
      "country_id": 22,
      "nb_npcs": 6,
      "pollution": 17.85031741283611,
      "factories": {
        "food": 1,
        "weapon": 2,
        "oil": 0,
        "grain": 0,
        "iron": 0,
        "aircraft": 0,
        "titanium": 0,
        "tickets": 0
      },
      "bonus": [
        {
          "type": "TICKETS",
          "value": 5
        }
      ]
    },
    {
      "id": 123,
      "name": "Foca",
      "type": 1,
      "population": 18,
      "original_country_id": 22,
      "country_id": 22,
      "nb_npcs": 0,
      "pollution": 13.658307574700038,
      "factories": {
        "food": 0,
        "weapon": 0,
        "oil": 0,
        "grain": 0,
        "iron": 0,
        "aircraft": 0,
        "titanium": 11,
        "tickets": 0
      },
      "bonus": [
        {
          "type": "TITANIUM",
          "value": 30
        }
      ]
    },
    {
      "id": 207,
      "name": "Mersa Matruh",
      "type": 3,
      "population": 23,
      "original_country_id": 36,
      "country_id": 22,
      "nb_npcs": 0,
      "pollution": 3.15460165519992,
      "factories": {
        "food": 1,
        "weapon": 1,
        "oil": 0,
        "grain": 0,
        "iron": 0,
        "aircraft": 0,
        "titanium": 0,
        "tickets": 0
      },
      "bonus": []
    },
    {
      "id": 122,
      "name": "Neum",
      "type": 1,
      "population": 17,
      "original_country_id": 22,
      "country_id": 22,
      "nb_npcs": 3,
      "pollution": 15.762244037745084,
      "factories": {
        "food": 0,
        "weapon": 0,
        "oil": 0,
        "grain": 0,
        "iron": 8,
        "aircraft": 0,
        "titanium": 0,
        "tickets": 0
      },
      "bonus": [
        {
          "type": "IRON",
          "value": 15
        }
      ]
    },
    {
      "id": 117,
      "name": "Sarajevo",
      "type": 3,
      "population": 26,
    ... (truncated)

Pobieranie danych: regionach kraju 26 z URL: https://api.eclesiar.com/country/regions?country_id=26...
--- Dane o regionach kraju 24 ---
{
  "code": 200,
  "description": "Success",
  "data": [
    {
      "id": 133,
      "name": "Bitola",
      "type": 3,
      "population": 75,
      "original_country_id": 24,
      "country_id": 24,
      "nb_npcs": 0,
      "pollution": 13.826154152956427,
      "factories": {
        "food": 0,
        "weapon": 1,
        "oil": 0,
        "grain": 2,
        "iron": 1,
        "aircraft": 1,
        "titanium": 1,
        "tickets": 0
      },
      "bonus": [
        {
          "type": "AIRCRAFT",
          "value": 5
        }
      ]
    },
    {
      "id": 138,
      "name": "Gostivar",
      "type": 1,
      "population": 13,
      "original_country_id": 24,
      "country_id": 24,
      "nb_npcs": 2,
      "pollution": 7.420979160434739,
      "factories": {
        "food": 0,
        "weapon": 2,
        "oil": 1,
        "grain": 1,
        "iron": 0,
        "aircraft": 0,
        "titanium": 0,
        "tickets": 0
      },
      "bonus": []
    },
    {
      "id": 135,
      "name": "Kocani",
      "type": 3,
      "population": 55,
      "original_country_id": 24,
      "country_id": 24,
      "nb_npcs": 3,
      "pollution": 19.864891813740154,
      "factories": {
        "food": 1,
        "weapon": 0,
        "oil": 5,
        "grain": 2,
        "iron": 0,
        "aircraft": 0,
        "titanium": 0,
        "tickets": 0
      },
      "bonus": [
        {
          "type": "OIL",
          "value": 30
        }
      ]
    },
    {
      "id": 131,
      "name": "Skopje",
      "type": 3,
      "population": 25,
      "original_country_id": 24,
      "country_id": 24,
      "nb_npcs": 1,
      "pollution": 5.133861800777745,
      "factories": {
        "food": 1,
        "weapon": 0,
        "oil": 0,
        "grain": 2,
        "iron": 0,
        "aircraft": 0,
        "titanium": 0,
        "tickets": 0
      },
      "bonus": []
    },
    {
      "id": 134,
      "name": "Strumica",
      "type": 1,
      "population": 15,
      "original_country_id": 24,
      "country_id": 24,
      "nb_npcs": 2,
      "pollution": 14.805813141888525,
      "factories": {
        "food": 0,
        "weapon": 2,
        "oil": 0,
        "grain": 0,
        "iron": 0,
        "aircraft": 0,
        "titanium": 0,
        "tickets": 0
      },
      "bonus": []
    },
    {
      "id": 137,
      "name": "Veles",
      "type": 1,
      "population": 50,
      "original_country_id": 24,
      "country_id": 24,
      "nb_npcs": 3,
      "pollution": 17.875433968763314,
      "factories": {
        "food": 2,
        "weapon": 0,
        "oil": 0,
        "grain": 3,
        "iron": 1,
        "aircraft": 0,
        "titanium": 0,
        "tickets": 0
      },
      "bonus": [
        {
          "type": "FOOD",
          "value": 15
        }
      ]
    }
  ]
}

Pobieranie danych: regionach kraju 27 z URL: https://api.eclesiar.com/country/regions?country_id=27...
--- Dane o regionach kraju 25 ---
{
  "code": 200,
  "description": "Success"
}

Pobieranie danych: regionach kraju 28 z URL: https://api.eclesiar.com/country/regions?country_id=28...
--- Dane o regionach kraju 23 ---
{
  "code": 200,
  "description": "Success",
  "data": [
    {
      "id": 124,
      "name": "Belgrade",
      "type": 3,
      "population": 113,
      "original_country_id": 23,
      "country_id": 23,
      "nb_npcs": 6,
      "pollution": 34.50992122843753,
      "factories": {
        "food": 5,
        "weapon": 5,
        "oil": 0,
        "grain": 6,
        "iron": 3,
        "aircraft": 0,
        "titanium": 0,
        "tickets": 0
      },
      "bonus": []
    },
    {
      "id": 49,
      "name": "Comodoro Rivadavia",
      "type": 2,
      "population": 77,
      "original_country_id": 10,
      "country_id": 23,
      "nb_npcs": 1,
      "pollution": 11.516601854621596,
      "factories": {
        "food": 1,
        "weapon": 1,
        "oil": 0,
        "grain": 3,
        "iron": 0,
        "aircraft": 1,
        "titanium": 0,
        "tickets": 0
      },
      "bonus": []
    },
    {
      "id": 273,
      "name": "Jakarta",
      "type": 1,
      "population": 70,
      "original_country_id": 46,
      "country_id": 23,
      "nb_npcs": 1,
      "pollution": 3.679329943164822,
      "factories": {
        "food": 1,
        "weapon": 1,
        "oil": 0,
        "grain": 2,
        "iron": 2,
        "aircraft": 0,
        "titanium": 0,
        "tickets": 0
      },
      "bonus": []
    },
    {
      "id": 143,
      "name": "Kuk\u00ebs",
      "type": 2,
      "population": 37,
      "original_country_id": 25,
      "country_id": 23,
      "nb_npcs": 1,
      "pollution": 0,
      "factories": {
        "food": 0,
        "weapon": 0,
        "oil": 0,
        "grain": 0,
        "iron": 0,
        "aircraft": 0,
        "titanium": 0,
        "tickets": 0
      },
      "bonus": []
    },
    {
      "id": 130,
      "name": "Negotin",
      "type": 3,
      "population": 22,
      "original_country_id": 23,
      "country_id": 23,
      "nb_npcs": 9,
      "pollution": 21.96879050752817,
      "factories": {
        "food": 0,
        "weapon": 3,
        "oil": 2,
        "grain": 5,
        "iron": 1,
        "aircraft": 1,
        "titanium": 2,
        "tickets": 0
      },
      "bonus": [
        {
          "type": "OIL",
          "value": 5
        }
      ]
    },
    {
      "id": 125,
      "name": "Ni\u0161",
      "type": 3,
      "population": 53,
      "original_country_id": 23,
      "country_id": 23,
      "nb_npcs": 8,
      "pollution": 18.5212882640343,
      "factories": {
        "food": 1,
        "weapon": 2,
        "oil": 0,
        "grain": 0,
        "iron": 0,
        "aircraft": 0,
        "titanium": 0,
        "tickets": 0
      },
      "bonus": []
    },
    {
      "id": 128,
      "name": "Novi Pazar",
      "type": 1,
      "population": 26,
      "original_country_id": 23,
      "country_id": 23,
      "nb_npcs": 9,
      "pollution": 16.56197028617011,
      "factories": {
        "food": 1,
        "weapon": 3,
        "oil": 0,
        "grain": 2,
        "iron": 0,
       ... (truncated)

Pobieranie danych: regionach kraju 30 z URL: https://api.eclesiar.com/country/regions?country_id=30...
--- Dane o regionach kraju 20 ---
{
  "code": 200,
  "description": "Success",
  "data": [
    {
      "id": 208,
      "name": "Aswan",
      "type": 0,
      "population": 28,
      "original_country_id": 36,
      "country_id": 20,
      "nb_npcs": 1,
      "pollution": 36.22100076444976,
      "factories": {
        "food": 0,
        "weapon": 0,
        "oil": 0,
        "grain": 0,
        "iron": 0,
        "aircraft": 10,
        "titanium": 1,
        "tickets": 0
      },
      "bonus": [
        {
          "type": "AIRCRAFT",
          "value": 30
        }
      ]
    },
    {
      "id": 200,
      "name": "Be'er Sheva",
      "type": 0,
      "population": 24,
      "original_country_id": 35,
      "country_id": 20,
      "nb_npcs": 1,
      "pollution": 36.3775408458328,
      "factories": {
        "food": 0,
        "weapon": 8,
        "oil": 0,
        "grain": 0,
        "iron": 0,
        "aircraft": 0,
        "titanium": 0,
        "tickets": 0
      },
      "bonus": [
        {
          "type": "WEAPONS",
          "value": 30
        }
      ]
    },
    {
      "id": 204,
      "name": "Cairo",
      "type": 0,
      "population": 36,
      "original_country_id": 36,
      "country_id": 20,
      "nb_npcs": 1,
      "pollution": 25.89030273744602,
      "factories": {
        "food": 1,
        "weapon": 5,
        "oil": 0,
        "grain": 0,
        "iron": 0,
        "aircraft": 0,
        "titanium": 0,
        "tickets": 0
      },
      "bonus": []
    },
    {
      "id": 201,
      "name": "Eilat",
      "type": 3,
      "population": 18,
      "original_country_id": 35,
      "country_id": 20,
      "nb_npcs": 3,
      "pollution": 2.6273805962708146,
      "factories": {
        "food": 2,
        "weapon": 0,
        "oil": 0,
        "grain": 0,
        "iron": 0,
        "aircraft": 0,
        "titanium": 0,
        "tickets": 0
      },
      "bonus": []
    },
    {
      "id": 199,
      "name": "Haifa",
      "type": 0,
      "population": 22,
      "original_country_id": 35,
      "country_id": 20,
      "nb_npcs": 1,
      "pollution": 5.426762389071691,
      "factories": {
        "food": 0,
        "weapon": 1,
        "oil": 0,
        "grain": 0,
        "iron": 1,
        "aircraft": 0,
        "titanium": 0,
        "tickets": 0
      },
      "bonus": [
        {
          "type": "AIRCRAFT",
          "value": 5
        }
      ]
    },
    {
      "id": 209,
      "name": "Hurghada",
      "type": 0,
      "population": 8,
      "original_country_id": 36,
      "country_id": 20,
      "nb_npcs": 1,
      "pollution": 0,
      "factories": {
        "food": 0,
        "weapon": 0,
        "oil": 0,
        "grain": 0,
        "iron": 0,
        "aircraft": 0,
        "titanium": 0,
        "tickets": 1
      },
      "bonus": [
        {
          "type": "TICKETS",
          "value": 15
        }
      ]
    },
    {
      "id": 198,
      "name": "Jerusalem",
      "type": 3,
      "population": 31,
      "original_coun... (truncated)

Pobieranie danych: regionach kraju 31 z URL: https://api.eclesiar.com/country/regions?country_id=31...
--- Dane o regionach kraju 21 ---
{
  "code": 200,
  "description": "Success",
  "data": [
    {
      "id": 277,
      "name": "Balikpapan",
      "type": 2,
      "population": 37,
      "original_country_id": 46,
      "country_id": 21,
      "nb_npcs": 2,
      "pollution": 26.254071525908202,
      "factories": {
        "food": 0,
        "weapon": 6,
        "oil": 0,
        "grain": 1,
        "iron": 1,
        "aircraft": 0,
        "titanium": 0,
        "tickets": 0
      },
      "bonus": [
        {
          "type": "WEAPONS",
          "value": 15
        }
      ]
    },
    {
      "id": 141,
      "name": "Gjirokast\u00ebr",
      "type": 3,
      "population": 34,
      "original_country_id": 25,
      "country_id": 21,
      "nb_npcs": 2,
      "pollution": 7.409761691095822,
      "factories": {
        "food": 0,
        "weapon": 2,
        "oil": 0,
        "grain": 1,
        "iron": 1,
        "aircraft": 0,
        "titanium": 0,
        "tickets": 0
      },
      "bonus": [
        {
          "type": "TICKETS",
          "value": 5
        }
      ]
    },
    {
      "id": 274,
      "name": "Jayapura",
      "type": 0,
      "population": 28,
      "original_country_id": 46,
      "country_id": 21,
      "nb_npcs": 2,
      "pollution": 3.600807657792402,
      "factories": {
        "food": 1,
        "weapon": 0,
        "oil": 0,
        "grain": 0,
        "iron": 0,
        "aircraft": 0,
        "titanium": 0,
        "tickets": 0
      },
      "bonus": [
        {
          "type": "OIL",
          "value": 5
        }
      ]
    },
    {
      "id": 275,
      "name": "Makassar",
      "type": 0,
      "population": 31,
      "original_country_id": 46,
      "country_id": 21,
      "nb_npcs": 1,
      "pollution": 0.09721806760394855,
      "factories": {
        "food": 0,
        "weapon": 1,
        "oil": 0,
        "grain": 0,
        "iron": 1,
        "aircraft": 0,
        "titanium": 0,
        "tickets": 0
      },
      "bonus": []
    },
    {
      "id": 111,
      "name": "Osijek",
      "type": 3,
      "population": 34,
      "original_country_id": 21,
      "country_id": 21,
      "nb_npcs": 4,
      "pollution": 31.887526174095125,
      "factories": {
        "food": 2,
        "weapon": 2,
        "oil": 0,
        "grain": 0,
        "iron": 2,
        "aircraft": 0,
        "titanium": 3,
        "tickets": 0
      },
      "bonus": []
    },
    {
      "id": 114,
      "name": "Pula",
      "type": 3,
      "population": 25,
      "original_country_id": 21,
      "country_id": 21,
      "nb_npcs": 7,
      "pollution": 32.56722172366803,
      "factories": {
        "food": 1,
        "weapon": 2,
        "oil": 0,
        "grain": 0,
        "iron": 0,
        "aircraft": 9,
        "titanium": 2,
        "tickets": 0
      },
      "bonus": [
        {
          "type": "AIRCRAFT",
          "value": 30
        }
      ]
    },
    {
      "id": 140,
      "name": "Shkod\u00ebr",
      "type": 3,
      "populat... (truncated)

Pobieranie danych: regionach kraju 32 z URL: https://api.eclesiar.com/country/regions?country_id=32...
--- Dane o regionach kraju 28 ---
{
  "code": 200,
  "description": "Success"
}

Pobieranie danych: regionach kraju 33 z URL: https://api.eclesiar.com/country/regions?country_id=33...
--- Dane o regionach kraju 26 ---
{
  "code": 200,
  "description": "Success",
  "data": [
    {
      "id": 145,
      "name": "Athens",
      "type": 0,
      "population": 105,
      "original_country_id": 26,
      "country_id": 26,
      "nb_npcs": 6,
      "pollution": 15.081264333433046,
      "factories": {
        "food": 2,
        "weapon": 1,
        "oil": 1,
        "grain": 6,
        "iron": 0,
        "aircraft": 0,
        "titanium": 0,
        "tickets": 1
      },
      "bonus": []
    },
    {
      "id": 146,
      "name": "Heraklion",
      "type": 0,
      "population": 67,
      "original_country_id": 26,
      "country_id": 26,
      "nb_npcs": 3,
      "pollution": 5.930302123840861,
      "factories": {
        "food": 1,
        "weapon": 3,
        "oil": 1,
        "grain": 2,
        "iron": 0,
        "aircraft": 0,
        "titanium": 0,
        "tickets": 0
      },
      "bonus": []
    },
    {
      "id": 147,
      "name": "Ioannina",
      "type": 1,
      "population": 48,
      "original_country_id": 26,
      "country_id": 26,
      "nb_npcs": 2,
      "pollution": 16.303680863956068,
      "factories": {
        "food": 0,
        "weapon": 1,
        "oil": 0,
        "grain": 0,
        "iron": 4,
        "aircraft": 0,
        "titanium": 0,
        "tickets": 0
      },
      "bonus": [
        {
          "type": "IRON",
          "value": 5
        }
      ]
    },
    {
      "id": 149,
      "name": "Kavala",
      "type": 1,
      "population": 33,
      "original_country_id": 26,
      "country_id": 26,
      "nb_npcs": 4,
      "pollution": 32.75085585136438,
      "factories": {
        "food": 7,
        "weapon": 0,
        "oil": 0,
        "grain": 0,
        "iron": 0,
        "aircraft": 0,
        "titanium": 0,
        "tickets": 0
      },
      "bonus": [
        {
          "type": "FOOD",
          "value": 30
        }
      ]
    },
    {
      "id": 150,
      "name": "Patras",
      "type": 3,
      "population": 65,
      "original_country_id": 26,
      "country_id": 26,
      "nb_npcs": 1,
      "pollution": 12.359158440522485,
      "factories": {
        "food": 2,
        "weapon": 0,
        "oil": 0,
        "grain": 1,
        "iron": 1,
        "aircraft": 1,
        "titanium": 1,
        "tickets": 0
      },
      "bonus": []
    },
    {
      "id": 148,
      "name": "Salonica",
      "type": 1,
      "population": 101,
      "original_country_id": 26,
      "country_id": 26,
      "nb_npcs": 5,
      "pollution": 18.204498620666733,
      "factories": {
        "food": 0,
        "weapon": 1,
        "oil": 0,
        "grain": 1,
        "iron": 1,
        "aircraft": 0,
        "titanium": 0,
        "tickets": 1
      },
      "bonus": [
        {
          "type": "OIL",
          "value": 15
        }
      ]
    }
  ]
}

Pobieranie danych: regionach kraju 34 z URL: https://api.eclesiar.com/country/regions?country_id=34...
--- Dane o regionach kraju 33 ---
{
  "code": 200,
  "description": "Success"
}

Pobieranie danych: regionach kraju 35 z URL: https://api.eclesiar.com/country/regions?country_id=35...
--- Dane o regionach kraju 27 ---
{
  "code": 200,
  "description": "Success",
  "data": [
    {
      "id": 217,
      "name": "Basra",
      "type": 0,
      "population": 24,
      "original_country_id": 38,
      "country_id": 27,
      "nb_npcs": 0,
      "pollution": 19.86259079438858,
      "factories": {
        "food": 2,
        "weapon": 0,
        "oil": 0,
        "grain": 0,
        "iron": 1,
        "aircraft": 0,
        "titanium": 0,
        "tickets": 4
      },
      "bonus": [
        {
          "type": "TICKETS",
          "value": 30
        }
      ]
    },
    {
      "id": 151,
      "name": "Budapest",
      "type": 3,
      "population": 60,
      "original_country_id": 27,
      "country_id": 27,
      "nb_npcs": 9,
      "pollution": 25.877455379399738,
      "factories": {
        "food": 4,
        "weapon": 2,
        "oil": 0,
        "grain": 3,
        "iron": 2,
        "aircraft": 2,
        "titanium": 0,
        "tickets": 1
      },
      "bonus": []
    },
    {
      "id": 152,
      "name": "Debrecen",
      "type": 2,
      "population": 38,
      "original_country_id": 27,
      "country_id": 27,
      "nb_npcs": 5,
      "pollution": 15.52996310698973,
      "factories": {
        "food": 4,
        "weapon": 2,
        "oil": 0,
        "grain": 0,
        "iron": 0,
        "aircraft": 0,
        "titanium": 0,
        "tickets": 0
      },
      "bonus": []
    },
    {
      "id": 155,
      "name": "Gyor",
      "type": 2,
      "population": 27,
      "original_country_id": 27,
      "country_id": 27,
      "nb_npcs": 10,
      "pollution": 18.99574567088776,
      "factories": {
        "food": 2,
        "weapon": 2,
        "oil": 0,
        "grain": 0,
        "iron": 1,
        "aircraft": 0,
        "titanium": 0,
        "tickets": 0
      },
      "bonus": []
    },
    {
      "id": 219,
      "name": "Kut",
      "type": 1,
      "population": 31,
      "original_country_id": 38,
      "country_id": 27,
      "nb_npcs": 1,
      "pollution": 0,
      "factories": {
        "food": 0,
        "weapon": 0,
        "oil": 0,
        "grain": 0,
        "iron": 0,
        "aircraft": 0,
        "titanium": 0,
        "tickets": 0
      },
      "bonus": []
    },
    {
      "id": 154,
      "name": "P\u00e9cs",
      "type": 1,
      "population": 43,
      "original_country_id": 27,
      "country_id": 27,
      "nb_npcs": 9,
      "pollution": 24.105926147505567,
      "factories": {
        "food": 4,
        "weapon": 0,
        "oil": 1,
        "grain": 14,
        "iron": 0,
        "aircraft": 0,
        "titanium": 0,
        "tickets": 0
      },
      "bonus": [
        {
          "type": "GRAIN",
          "value": 5
        }
      ]
    },
    {
      "id": 153,
      "name": "Szeged",
      "type": 3,
      "population": 46,
      "original_country_id": 27,
      "country_id": 27,
      "nb_npcs": 8,
      "pollution": 27.998803469937183,
      "factories": {
        "food": 1,
        "weapon": 4,
    ... (truncated)

Pobieranie danych: regionach kraju 36 z URL: https://api.eclesiar.com/country/regions?country_id=36...
--- Dane o regionach kraju 32 ---
{
  "code": 200,
  "description": "Success"
}

Pobieranie danych: regionach kraju 37 z URL: https://api.eclesiar.com/country/regions?country_id=37...
--- Dane o regionach kraju 18 ---
{
  "code": 200,
  "description": "Success",
  "data": [
    {
      "id": 197,
      "name": "Akhaltsikhe",
      "type": 2,
      "population": 84,
      "original_country_id": 34,
      "country_id": 18,
      "nb_npcs": 4,
      "pollution": 12.16721507627879,
      "factories": {
        "food": 2,
        "weapon": 0,
        "oil": 0,
        "grain": 10,
        "iron": 4,
        "aircraft": 0,
        "titanium": 1,
        "tickets": 0
      },
      "bonus": []
    },
    {
      "id": 103,
      "name": "Alytus",
      "type": 1,
      "population": 144,
      "original_country_id": 19,
      "country_id": 18,
      "nb_npcs": 1,
      "pollution": 32.685979889090866,
      "factories": {
        "food": 2,
        "weapon": 6,
        "oil": 0,
        "grain": 3,
        "iron": 5,
        "aircraft": 6,
        "titanium": 2,
        "tickets": 0
      },
      "bonus": [
        {
          "type": "AIRCRAFT",
          "value": 5
        }
      ]
    },
    {
      "id": 192,
      "name": "Batumi",
      "type": 1,
      "population": 37,
      "original_country_id": 34,
      "country_id": 18,
      "nb_npcs": 2,
      "pollution": 28.190746834180874,
      "factories": {
        "food": 6,
        "weapon": 1,
        "oil": 1,
        "grain": 1,
        "iron": 1,
        "aircraft": 0,
        "titanium": 0,
        "tickets": 1
      },
      "bonus": [
        {
          "type": "FOOD",
          "value": 5
        }
      ]
    },
    {
      "id": 96,
      "name": "Bialystok",
      "type": 3,
      "population": 184,
      "original_country_id": 18,
      "country_id": 18,
      "nb_npcs": 11,
      "pollution": 42.86586755551757,
      "factories": {
        "food": 4,
        "weapon": 4,
        "oil": 0,
        "grain": 7,
        "iron": 18,
        "aircraft": 0,
        "titanium": 1,
        "tickets": 0
      },
      "bonus": [
        {
          "type": "IRON",
          "value": 5
        }
      ]
    },
    {
      "id": 157,
      "name": "Bucharest",
      "type": 2,
      "population": 119,
      "original_country_id": 28,
      "country_id": 18,
      "nb_npcs": 4,
      "pollution": 22.593852826802273,
      "factories": {
        "food": 5,
        "weapon": 1,
        "oil": 0,
        "grain": 2,
        "iron": 2,
        "aircraft": 0,
        "titanium": 0,
        "tickets": 0
      },
      "bonus": []
    },
    {
      "id": 182,
      "name": "Chernihiv",
      "type": 3,
      "population": 164,
      "original_country_id": 32,
      "country_id": 18,
      "nb_npcs": 7,
      "pollution": 31.823960514507927,
      "factories": {
        "food": 2,
        "weapon": 1,
        "oil": 0,
        "grain": 5,
        "iron": 4,
        "aircraft": 2,
        "titanium": 9,
        "tickets": 0
      },
      "bonus": [
        {
          "type": "TITANIUM",
          "value": 5
        }
      ]
    },
    {
      "id": 161,
      "name": "Cluj-Napoca",
      "type": 3,
      "populat... (truncated)

Pobieranie danych: regionach kraju 38 z URL: https://api.eclesiar.com/country/regions?country_id=38...
--- Dane o regionach kraju 31 ---
{
  "code": 200,
  "description": "Success",
  "data": [
    {
      "id": 169,
      "name": "Ankara",
      "type": 2,
      "population": 103,
      "original_country_id": 31,
      "country_id": 31,
      "nb_npcs": 0,
      "pollution": 15.066882962485714,
      "factories": {
        "food": 3,
        "weapon": 1,
        "oil": 0,
        "grain": 0,
        "iron": 0,
        "aircraft": 0,
        "titanium": 0,
        "tickets": 0
      },
      "bonus": []
    },
    {
      "id": 171,
      "name": "Antalya",
      "type": 2,
      "population": 52,
      "original_country_id": 31,
      "country_id": 31,
      "nb_npcs": 3,
      "pollution": 33.79485207184878,
      "factories": {
        "food": 11,
        "weapon": 0,
        "oil": 0,
        "grain": 1,
        "iron": 0,
        "aircraft": 0,
        "titanium": 0,
        "tickets": 0
      },
      "bonus": [
        {
          "type": "FOOD",
          "value": 30
        }
      ]
    },
    {
      "id": 218,
      "name": "Erbil",
      "type": 1,
      "population": 32,
      "original_country_id": 38,
      "country_id": 31,
      "nb_npcs": 0,
      "pollution": 6.3004786120251275,
      "factories": {
        "food": 0,
        "weapon": 1,
        "oil": 0,
        "grain": 3,
        "iron": 0,
        "aircraft": 0,
        "titanium": 0,
        "tickets": 0
      },
      "bonus": [
        {
          "type": "GRAIN",
          "value": 5
        }
      ]
    },
    {
      "id": 173,
      "name": "Erzurum",
      "type": 0,
      "population": 44,
      "original_country_id": 31,
      "country_id": 31,
      "nb_npcs": 2,
      "pollution": 8.538986937880146,
      "factories": {
        "food": 0,
        "weapon": 1,
        "oil": 0,
        "grain": 1,
        "iron": 1,
        "aircraft": 0,
        "titanium": 0,
        "tickets": 0
      },
      "bonus": [
        {
          "type": "TITANIUM",
          "value": 5
        }
      ]
    },
    {
      "id": 172,
      "name": "Gaziantep",
      "type": 3,
      "population": 30,
      "original_country_id": 31,
      "country_id": 31,
      "nb_npcs": 2,
      "pollution": 2.7358161332136803,
      "factories": {
        "food": 1,
        "weapon": 0,
        "oil": 0,
        "grain": 1,
        "iron": 1,
        "aircraft": 0,
        "titanium": 0,
        "tickets": 0
      },
      "bonus": []
    },
    {
      "id": 170,
      "name": "Istanbul",
      "type": 2,
      "population": 83,
      "original_country_id": 31,
      "country_id": 31,
      "nb_npcs": 4,
      "pollution": 17.279435092776403,
      "factories": {
        "food": 1,
        "weapon": 0,
        "oil": 0,
        "grain": 1,
        "iron": 1,
        "aircraft": 0,
        "titanium": 0,
        "tickets": 2
      },
      "bonus": [
        {
          "type": "TICKETS",
          "value": 15
        }
      ]
    },
    {
      "id": 174,
      "name": "Sinop",
      "type": 1,
      "population": 46,
      ... (truncated)

Pobieranie danych: regionach kraju 39 z URL: https://api.eclesiar.com/country/regions?country_id=39...
--- Dane o regionach kraju 35 ---
{
  "code": 200,
  "description": "Success"
}

Pobieranie danych: regionach kraju 40 z URL: https://api.eclesiar.com/country/regions?country_id=40...
--- Dane o regionach kraju 34 ---
{
  "code": 200,
  "description": "Success",
  "data": [
    {
      "id": 191,
      "name": "Tbilisi",
      "type": 2,
      "population": 35,
      "original_country_id": 34,
      "country_id": 34,
      "nb_npcs": 3,
      "pollution": 13.55875652914241,
      "factories": {
        "food": 0,
        "weapon": 2,
        "oil": 0,
        "grain": 2,
        "iron": 0,
        "aircraft": 0,
        "titanium": 0,
        "tickets": 1
      },
      "bonus": []
    }
  ]
}

Pobieranie danych: regionach kraju 41 z URL: https://api.eclesiar.com/country/regions?country_id=41...
--- Dane o regionach kraju 36 ---
{
  "code": 200,
  "description": "Success"
}

Pobieranie danych: regionach kraju 42 z URL: https://api.eclesiar.com/country/regions?country_id=42...
--- Dane o regionach kraju 30 ---
{
  "code": 200,
  "description": "Success",
  "data": [
    {
      "id": 245,
      "name": "Ahmedabad",
      "type": 3,
      "population": 48,
      "original_country_id": 42,
      "country_id": 30,
      "nb_npcs": 6,
      "pollution": 28.291704058231133,
      "factories": {
        "food": 0,
        "weapon": 10,
        "oil": 0,
        "grain": 0,
        "iron": 0,
        "aircraft": 0,
        "titanium": 1,
        "tickets": 0
      },
      "bonus": [
        {
          "type": "WEAPONS",
          "value": 15
        }
      ]
    },
    {
      "id": 243,
      "name": "Bangalore",
      "type": 0,
      "population": 24,
      "original_country_id": 42,
      "country_id": 30,
      "nb_npcs": 1,
      "pollution": 24.240120317745205,
      "factories": {
        "food": 2,
        "weapon": 0,
        "oil": 0,
        "grain": 14,
        "iron": 1,
        "aircraft": 0,
        "titanium": 0,
        "tickets": 0
      },
      "bonus": [
        {
          "type": "GRAIN",
          "value": 30
        }
      ]
    },
    {
      "id": 166,
      "name": "Burgas",
      "type": 1,
      "population": 44,
      "original_country_id": 30,
      "country_id": 30,
      "nb_npcs": 11,
      "pollution": 29.96975437896766,
      "factories": {
        "food": 4,
        "weapon": 4,
        "oil": 1,
        "grain": 5,
        "iron": 2,
        "aircraft": 1,
        "titanium": 1,
        "tickets": 0
      },
      "bonus": []
    },
    {
      "id": 246,
      "name": "Jalandhar",
      "type": 1,
      "population": 16,
      "original_country_id": 42,
      "country_id": 30,
      "nb_npcs": 1,
      "pollution": 12.588493369229234,
      "factories": {
        "food": 0,
        "weapon": 2,
        "oil": 0,
        "grain": 0,
        "iron": 0,
        "aircraft": 1,
        "titanium": 1,
        "tickets": 0
      },
      "bonus": []
    },
    {
      "id": 242,
      "name": "Kolkata",
      "type": 0,
      "population": 10,
      "original_country_id": 42,
      "country_id": 30,
      "nb_npcs": 1,
      "pollution": 8.076577924020341,
      "factories": {
        "food": 1,
        "weapon": 1,
        "oil": 1,
        "grain": 0,
        "iron": 0,
        "aircraft": 0,
        "titanium": 0,
        "tickets": 1
      },
      "bonus": [
        {
          "type": "AIRCRAFT",
          "value": 5
        }
      ]
    },
    {
      "id": 276,
      "name": "Medan",
      "type": 3,
      "population": 30,
      "original_country_id": 46,
      "country_id": 30,
      "nb_npcs": 2,
      "pollution": 12.4351879549307,
      "factories": {
        "food": 3,
        "weapon": 0,
        "oil": 0,
        "grain": 1,
        "iron": 1,
        "aircraft": 1,
        "titanium": 0,
        "tickets": 0
      },
      "bonus": []
    },
    {
      "id": 247,
      "name": "Nagpur",
      "type": 1,
      "population": 17,
      "original_country_id": 42,
      "country_id": 30,
      "nb_npcs": 2,
... (truncated)

Pobieranie danych: regionach kraju 43 z URL: https://api.eclesiar.com/country/regions?country_id=43...
--- Dane o regionach kraju 11 ---
{
  "code": 200,
  "description": "Success",
  "data": [
    {
      "id": 50,
      "name": "Dublin",
      "type": 2,
      "population": 43,
      "original_country_id": 11,
      "country_id": 11,
      "nb_npcs": 1,
      "pollution": 8.110570255350394,
      "factories": {
        "food": 1,
        "weapon": 1,
        "oil": 0,
        "grain": 2,
        "iron": 1,
        "aircraft": 1,
        "titanium": 0,
        "tickets": 0
      },
      "bonus": []
    },
    {
      "id": 55,
      "name": "Waterford",
      "type": 0,
      "population": 24,
      "original_country_id": 11,
      "country_id": 11,
      "nb_npcs": 4,
      "pollution": 0.1657692691195533,
      "factories": {
        "food": 0,
        "weapon": 0,
        "oil": 0,
        "grain": 0,
        "iron": 1,
        "aircraft": 0,
        "titanium": 0,
        "tickets": 0
      },
      "bonus": [
        {
          "type": "TITANIUM",
          "value": 5
        }
      ]
    }
  ]
}

Pobieranie danych: regionach kraju 44 z URL: https://api.eclesiar.com/country/regions?country_id=44...
--- Dane o regionach kraju 44 ---
{
  "code": 200,
  "description": "Success",
  "data": [
    {
      "id": 288,
      "name": "Baguio",
      "type": 0,
      "population": 13,
      "original_country_id": 48,
      "country_id": 44,
      "nb_npcs": 1,
      "pollution": 1.8571143683318376,
      "factories": {
        "food": 0,
        "weapon": 0,
        "oil": 1,
        "grain": 1,
        "iron": 2,
        "aircraft": 0,
        "titanium": 0,
        "tickets": 0
      },
      "bonus": []
    },
    {
      "id": 262,
      "name": "Fukuoka",
      "type": 3,
      "population": 20,
      "original_country_id": 44,
      "country_id": 44,
      "nb_npcs": 3,
      "pollution": 6.811976038718486,
      "factories": {
        "food": 0,
        "weapon": 1,
        "oil": 1,
        "grain": 0,
        "iron": 12,
        "aircraft": 0,
        "titanium": 0,
        "tickets": 0
      },
      "bonus": [
        {
          "type": "IRON",
          "value": 15
        }
      ]
    },
    {
      "id": 285,
      "name": "Manila",
      "type": 0,
      "population": 40,
      "original_country_id": 48,
      "country_id": 44,
      "nb_npcs": 3,
      "pollution": 3.2879649017848243,
      "factories": {
        "food": 1,
        "weapon": 0,
        "oil": 0,
        "grain": 0,
        "iron": 1,
        "aircraft": 0,
        "titanium": 0,
        "tickets": 0
      },
      "bonus": []
    },
    {
      "id": 291,
      "name": "Naha",
      "type": 1,
      "population": 16,
      "original_country_id": 44,
      "country_id": 44,
      "nb_npcs": 5,
      "pollution": 0.14582710140592284,
      "factories": {
        "food": 0,
        "weapon": 0,
        "oil": 0,
        "grain": 0,
        "iron": 1,
        "aircraft": 0,
        "titanium": 0,
        "tickets": 0
      },
      "bonus": []
    },
    {
      "id": 263,
      "name": "Osaka",
      "type": 2,
      "population": 22,
      "original_country_id": 44,
      "country_id": 44,
      "nb_npcs": 3,
      "pollution": 52.943962508724695,
      "factories": {
        "food": 14,
        "weapon": 0,
        "oil": 0,
        "grain": 4,
        "iron": 0,
        "aircraft": 0,
        "titanium": 0,
        "tickets": 0
      },
      "bonus": [
        {
          "type": "FOOD",
          "value": 30
        }
      ]
    },
    {
      "id": 261,
      "name": "Sapporo",
      "type": 2,
      "population": 5,
      "original_country_id": 44,
      "country_id": 44,
      "nb_npcs": 4,
      "pollution": 13.052148768571142,
      "factories": {
        "food": 0,
        "weapon": 0,
        "oil": 0,
        "grain": 1,
        "iron": 0,
        "aircraft": 1,
        "titanium": 1,
        "tickets": 0
      },
      "bonus": [
        {
          "type": "TITANIUM",
          "value": 5
        }
      ]
    },
    {
      "id": 264,
      "name": "Sendai",
      "type": 3,
      "population": 16,
      "original_country_id": 44,
      "country_id": 44,
      "nb_npcs": 4,
      "pollu... (truncated)

Pobieranie danych: regionach kraju 45 z URL: https://api.eclesiar.com/country/regions?country_id=45...
--- Dane o regionach kraju 45 ---
{
  "code": 200,
  "description": "Success",
  "data": [
    {
      "id": 267,
      "name": "Busan",
      "type": 3,
      "population": 22,
      "original_country_id": 45,
      "country_id": 45,
      "nb_npcs": 15,
      "pollution": 53.03619503440024,
      "factories": {
        "food": 0,
        "weapon": 10,
        "oil": 0,
        "grain": 0,
        "iron": 0,
        "aircraft": 0,
        "titanium": 0,
        "tickets": 0
      },
      "bonus": [
        {
          "type": "WEAPONS",
          "value": 30
        }
      ]
    },
    {
      "id": 272,
      "name": "Daejeon",
      "type": 2,
      "population": 11,
      "original_country_id": 45,
      "country_id": 45,
      "nb_npcs": 19,
      "pollution": 31.298520006267537,
      "factories": {
        "food": 2,
        "weapon": 1,
        "oil": 0,
        "grain": 5,
        "iron": 7,
        "aircraft": 0,
        "titanium": 0,
        "tickets": 0
      },
      "bonus": []
    },
    {
      "id": 270,
      "name": "Gangneung",
      "type": 0,
      "population": 11,
      "original_country_id": 45,
      "country_id": 45,
      "nb_npcs": 16,
      "pollution": 43.48306577591651,
      "factories": {
        "food": 9,
        "weapon": 0,
        "oil": 0,
        "grain": 0,
        "iron": 0,
        "aircraft": 0,
        "titanium": 0,
        "tickets": 0
      },
      "bonus": [
        {
          "type": "FOOD",
          "value": 15
        }
      ]
    },
    {
      "id": 268,
      "name": "Gwangju",
      "type": 3,
      "population": 9,
      "original_country_id": 45,
      "country_id": 45,
      "nb_npcs": 15,
      "pollution": 26.582731507200545,
      "factories": {
        "food": 2,
        "weapon": 1,
        "oil": 1,
        "grain": 3,
        "iron": 1,
        "aircraft": 0,
        "titanium": 2,
        "tickets": 1
      },
      "bonus": []
    },
    {
      "id": 234,
      "name": "Islamabad",
      "type": 1,
      "population": 23,
      "original_country_id": 41,
      "country_id": 45,
      "nb_npcs": 5,
      "pollution": 9.28557184165919,
      "factories": {
        "food": 1,
        "weapon": 1,
        "oil": 0,
        "grain": 0,
        "iron": 1,
        "aircraft": 0,
        "titanium": 0,
        "tickets": 0
      },
      "bonus": []
    },
    {
      "id": 269,
      "name": "Jeju City",
      "type": 3,
      "population": 12,
      "original_country_id": 45,
      "country_id": 45,
      "nb_npcs": 18,
      "pollution": 33.4040211956754,
      "factories": {
        "food": 1,
        "weapon": 3,
        "oil": 0,
        "grain": 0,
        "iron": 2,
        "aircraft": 3,
        "titanium": 0,
        "tickets": 0
      },
      "bonus": [
        {
          "type": "AIRCRAFT",
          "value": 5
        }
      ]
    },
    {
      "id": 239,
      "name": "Karachi",
      "type": 3,
      "population": 20,
      "original_country_id": 41,
      "country_id": 45,
      "nb_npcs": 3,... (truncated)

Pobieranie danych: regionach kraju 46 z URL: https://api.eclesiar.com/country/regions?country_id=46...
--- Dane o regionach kraju 46 ---
{
  "code": 200,
  "description": "Success"
}

Pobieranie danych: regionach kraju 47 z URL: https://api.eclesiar.com/country/regions?country_id=47...
--- Dane o regionach kraju 47 ---
{
  "code": 200,
  "description": "Success",
  "data": [
    {
      "id": 280,
      "name": "Adelaide",
      "type": 3,
      "population": 28,
      "original_country_id": 47,
      "country_id": 47,
      "nb_npcs": 7,
      "pollution": 27.6822215574833,
      "factories": {
        "food": 5,
        "weapon": 2,
        "oil": 1,
        "grain": 1,
        "iron": 5,
        "aircraft": 0,
        "titanium": 0,
        "tickets": 1
      },
      "bonus": [
        {
          "type": "TICKETS",
          "value": 15
        }
      ]
    },
    {
      "id": 281,
      "name": "Brisbane",
      "type": 0,
      "population": 13,
      "original_country_id": 47,
      "country_id": 47,
      "nb_npcs": 6,
      "pollution": 24.14082494100442,
      "factories": {
        "food": 2,
        "weapon": 1,
        "oil": 0,
        "grain": 2,
        "iron": 1,
        "aircraft": 5,
        "titanium": 1,
        "tickets": 0
      },
      "bonus": [
        {
          "type": "AIRCRAFT",
          "value": 5
        }
      ]
    },
    {
      "id": 283,
      "name": "Cairns",
      "type": 1,
      "population": 25,
      "original_country_id": 47,
      "country_id": 47,
      "nb_npcs": 7,
      "pollution": 18.84617941303553,
      "factories": {
        "food": 2,
        "weapon": 4,
        "oil": 0,
        "grain": 1,
        "iron": 1,
        "aircraft": 0,
        "titanium": 1,
        "tickets": 0
      },
      "bonus": []
    },
    {
      "id": 279,
      "name": "Canberra",
      "type": 2,
      "population": 22,
      "original_country_id": 47,
      "country_id": 47,
      "nb_npcs": 6,
      "pollution": 21.091335128128428,
      "factories": {
        "food": 2,
        "weapon": 4,
        "oil": 0,
        "grain": 0,
        "iron": 3,
        "aircraft": 0,
        "titanium": 1,
        "tickets": 0
      },
      "bonus": []
    },
    {
      "id": 284,
      "name": "Darwin",
      "type": 0,
      "population": 19,
      "original_country_id": 47,
      "country_id": 47,
      "nb_npcs": 5,
      "pollution": 18.72154086482534,
      "factories": {
        "food": 3,
        "weapon": 1,
        "oil": 1,
        "grain": 1,
        "iron": 1,
        "aircraft": 0,
        "titanium": 0,
        "tickets": 0
      },
      "bonus": []
    },
    {
      "id": 282,
      "name": "Perth",
      "type": 0,
      "population": 21,
      "original_country_id": 47,
      "country_id": 47,
      "nb_npcs": 7,
      "pollution": 29.069864060890083,
      "factories": {
        "food": 0,
        "weapon": 0,
        "oil": 0,
        "grain": 24,
        "iron": 0,
        "aircraft": 0,
        "titanium": 0,
        "tickets": 0
      },
      "bonus": [
        {
          "type": "GRAIN",
          "value": 30
        }
      ]
    },
    {
      "id": 212,
      "name": "Polokwane",
      "type": 2,
      "population": 29,
      "original_country_id": 37,
      "country_id": 47,
      "nb_npcs": 1,
    ... (truncated)

Pobieranie danych: regionach kraju 48 z URL: https://api.eclesiar.com/country/regions?country_id=48...
--- Dane o regionach kraju 37 ---
{
  "code": 200,
  "description": "Success"
}

--- Dane o regionach kraju 38 ---
{
  "code": 200,
  "description": "Success",
  "data": [
    {
      "id": 221,
      "name": "Ar-Rutbah",
      "type": 2,
      "population": 4,
      "original_country_id": 38,
      "country_id": 38,
      "nb_npcs": 0,
      "pollution": 11.194807784697106,
      "factories": {
        "food": 2,
        "weapon": 1,
        "oil": 0,
        "grain": 0,
        "iron": 1,
        "aircraft": 1,
        "titanium": 0,
        "tickets": 0
      },
      "bonus": []
    },
    {
      "id": 216,
      "name": "Baghdad",
      "type": 2,
      "population": 17,
      "original_country_id": 38,
      "country_id": 38,
      "nb_npcs": 3,
      "pollution": 3.7341709043773057,
      "factories": {
        "food": 2,
        "weapon": 0,
        "oil": 0,
        "grain": 0,
        "iron": 0,
        "aircraft": 0,
        "titanium": 0,
        "tickets": 0
      },
      "bonus": []
    }
  ]
}

--- Dane o regionach kraju 48 ---
{
  "code": 200,
  "description": "Success"
}

--- Dane o regionach kraju 42 ---
{
  "code": 200,
  "description": "Success",
  "data": [
    {
      "id": 241,
      "name": "New Delhi",
      "type": 3,
      "population": 41,
      "original_country_id": 42,
      "country_id": 42,
      "nb_npcs": 2,
      "pollution": 1.122993319373816,
      "factories": {
        "food": 0,
        "weapon": 0,
        "oil": 0,
        "grain": 2,
        "iron": 0,
        "aircraft": 0,
        "titanium": 0,
        "tickets": 0
      },
      "bonus": []
    }
  ]
}

--- Dane o regionach kraju 40 ---
{
  "code": 200,
  "description": "Success"
}

--- Dane o regionach kraju 41 ---
{
  "code": 200,
  "description": "Success"
}

--- Dane o regionach kraju 39 ---
{
  "code": 200,
  "description": "Success",
  "data": [
    {
      "id": 227,
      "name": "Abha",
      "type": 0,
      "population": 36,
      "original_country_id": 39,
      "country_id": 39,
      "nb_npcs": 6,
      "pollution": 15.52996310698973,
      "factories": {
        "food": 2,
        "weapon": 2,
        "oil": 4,
        "grain": 1,
        "iron": 0,
        "aircraft": 0,
        "titanium": 2,
        "tickets": 0
      },
      "bonus": [
        {
          "type": "OIL",
          "value": 15
        }
      ]
    },
    {
      "id": 226,
      "name": "Arar",
      "type": 1,
      "population": 10,
      "original_country_id": 39,
      "country_id": 39,
      "nb_npcs": 7,
      "pollution": 16.705304616611826,
      "factories": {
        "food": 0,
        "weapon": 0,
        "oil": 0,
        "grain": 16,
        "iron": 0,
        "aircraft": 0,
        "titanium": 0,
        "tickets": 0
      },
      "bonus": [
        {
          "type": "GRAIN",
          "value": 30
        }
      ]
    },
    {
      "id": 223,
      "name": "Dammam",
      "type": 3,
      "population": 9,
      "original_country_id": 39,
      "country_id": 39,
      "nb_npcs": 5,
      "pollution": 16.63698003063842,
      "factories": {
        "food": 0,
        "weapon": 1,
        "oil": 0,
        "grain": 0,
        "iron": 12,
        "aircraft": 0,
        "titanium": 0,
        "tickets": 0
      },
      "bonus": [
        {
          "type": "IRON",
          "value": 5
        }
      ]
    },
    {
      "id": 224,
      "name": "Jeddah",
      "type": 1,
      "population": 10,
      "original_country_id": 39,
      "country_id": 39,
      "nb_npcs": 6,
      "pollution": 18.158590088742645,
      "factories": {
        "food": 1,
        "weapon": 2,
        "oil": 0,
        "grain": 0,
        "iron": 2,
        "aircraft": 0,
        "titanium": 1,
        "tickets": 1
      },
      "bonus": []
    },
    {
      "id": 231,
      "name": "Mashhad",
      "type": 1,
      "population": 27,
      "original_country_id": 40,
      "country_id": 39,
      "nb_npcs": 1,
      "pollution": 27.702163725196925,
      "factories": {
        "food": 2,
        "weapon": 2,
        "oil": 0,
        "grain": 6,
        "iron": 1,
        "aircraft": 0,
        "titanium": 0,
        "tickets": 1
      },
      "bonus": [
        {
          "type": "GRAIN",
          "value": 30
        }
      ]
    },
    {
      "id": 222,
      "name": "Riyadh",
      "type": 1,
      "population": 24,
      "original_country_id": 39,
      "country_id": 39,
      "nb_npcs": 5,
      "pollution": 15.284840628843021,
      "factories": {
        "food": 3,
        "weapon": 3,
        "oil": 0,
        "grain": 1,
        "iron": 1,
        "aircraft": 0,
        "titanium": 0,
        "tickets": 0
      },
      "bonus": []
    },
    {
      "id": 232,
      "name": "Sanandaj",
      "type": 0,
      "population": 12,
      "original_cou... (truncated)

--- Dane o regionach kraju 43 ---
{
  "code": 200,
  "description": "Success",
  "data": [
    {
      "id": 248,
      "name": "Beijing",
      "type": 0,
      "population": 39,
      "original_country_id": 43,
      "country_id": 43,
      "nb_npcs": 2,
      "pollution": 14.705271379665637,
      "factories": {
        "food": 2,
        "weapon": 0,
        "oil": 0,
        "grain": 3,
        "iron": 3,
        "aircraft": 0,
        "titanium": 0,
        "tickets": 0
      },
      "bonus": []
    },
    {
      "id": 289,
      "name": "Cebu",
      "type": 0,
      "population": 27,
      "original_country_id": 48,
      "country_id": 43,
      "nb_npcs": 1,
      "pollution": 2.5937281882540635,
      "factories": {
        "food": 0,
        "weapon": 0,
        "oil": 1,
        "grain": 0,
        "iron": 2,
        "aircraft": 0,
        "titanium": 0,
        "tickets": 0
      },
      "bonus": [
        {
          "type": "OIL",
          "value": 5
        }
      ]
    },
    {
      "id": 286,
      "name": "Davao City",
      "type": 1,
      "population": 23,
      "original_country_id": 48,
      "country_id": 43,
      "nb_npcs": 0,
      "pollution": 17.9978063615515,
      "factories": {
        "food": 1,
        "weapon": 0,
        "oil": 0,
        "grain": 1,
        "iron": 0,
        "aircraft": 2,
        "titanium": 1,
        "tickets": 1
      },
      "bonus": [
        {
          "type": "AIRCRAFT",
          "value": 15
        }
      ]
    },
    {
      "id": 251,
      "name": "Kashgar",
      "type": 3,
      "population": 14,
      "original_country_id": 43,
      "country_id": 43,
      "nb_npcs": 4,
      "pollution": 14.784624588692791,
      "factories": {
        "food": 0,
        "weapon": 0,
        "oil": 0,
        "grain": 6,
        "iron": 2,
        "aircraft": 0,
        "titanium": 0,
        "tickets": 0
      },
      "bonus": []
    },
    {
      "id": 253,
      "name": "Kunming",
      "type": 3,
      "population": 26,
      "original_country_id": 43,
      "country_id": 43,
      "nb_npcs": 1,
      "pollution": 49.39905044601425,
      "factories": {
        "food": 0,
        "weapon": 7,
        "oil": 0,
        "grain": 0,
        "iron": 0,
        "aircraft": 0,
        "titanium": 0,
        "tickets": 0
      },
      "bonus": [
        {
          "type": "WEAPONS",
          "value": 30
        }
      ]
    },
    {
      "id": 252,
      "name": "Lhasa",
      "type": 3,
      "population": 17,
      "original_country_id": 43,
      "country_id": 43,
      "nb_npcs": 6,
      "pollution": 10.154642445997517,
      "factories": {
        "food": 0,
        "weapon": 0,
        "oil": 0,
        "grain": 4,
        "iron": 3,
        "aircraft": 0,
        "titanium": 0,
        "tickets": 0
      },
      "bonus": []
    },
    {
      "id": 287,
      "name": "Puerto Princesa",
      "type": 1,
      "population": 23,
      "original_country_id": 48,
      "country_id": 43,
      "nb_npcs": 1,
... (truncated)

Znaleziono 135 region√≥w z bonusami.
Pobrano dane o 135 regionach z bonusami
Dane o regionach zosta≈Çy zapisane do bazy danych.
 100% [##############################] 127/127 ETA 00:00 - Ekonomia: regiony z bonusami                   Surowe dane z API zosta≈Çy zapisane do bazy (cache).
DEBUG: need_cheapest_items_all = False
DEBUG: eco_countries_cache: True, currency_rates_cache: True, items_map_cache: True, cheapest_items_exists: True
  99% [#############################-] 127/128 ETA 00:01                                                  Pobieranie danych: ofertach pracy w kraju United Kingdom z URL: https://api.eclesiar.com/market/jobs/get?country_id=2...
--- Dane o ofertach pracy w kraju United Kingdom ---
{
  "code": 200,
  "description": "Success",
  "data": [
    {
      "value": 12,
      "amount": 2,
      "economic_skill": 1,
      "currency_id": 2,
      "business_id": 7948
    },
    {
      "value": 15,
      "amount": 1,
      "economic_skill": 0,
      "currency_id": 2,
      "business_id": 5450
    },
    {
      "value": 10,
      "amount": 1,
      "economic_skill": 0,
      "currency_id": 2,
      "business_id": 7860
    },
    {
      "value": 11,
      "amount": 1,
      "economic_skill": 0,
      "currency_id": 2,
      "business_id": 4067
    },
    {
      "value": 10,
      "amount": 1,
      "economic_skill": 0,
      "currency_id": 2,
      "business_id": 4067
    },
    {
      "value": 25,
      "amount": 2,
      "economic_skill": 0,
      "currency_id": 2,
      "business_id": 4130
    },
    {
      "value": 10,
      "amount": 1,
      "economic_skill": 0,
      "currency_id": 2,
      "business_id": 5672
    },
    {
      "value": 10.5,
      "amount": 1,
      "economic_skill": 0,
      "currency_id": 2,
      "business_id": 5672
    },
    {
      "value": 11,
      "amount": 1,
      "economic_skill": 0,
      "currency_id": 2,
      "business_id": 5672
    },
    {
      "value": 11.5,
      "amount": 3,
      "economic_skill": 0,
      "currency_id": 2,
      "business_id": 4202
    },
    {
      "value": 15,
      "amount": 1,
      "economic_skill": 9,
      "currency_id": 2,
      "business_id": 8179
    },
    {
      "value": 10,
      "amount": 2,
      "economic_skill": 0,
      "currency_id": 2,
      "business_id": 9785
    }
  ]
}

Pobieranie danych: ofertach pracy w kraju United States of America z URL: https://api.eclesiar.com/market/jobs/get?country_id=3...
--- Dane o ofertach pracy w kraju United States of America ---
{
  "code": 200,
  "description": "Success",
  "data": [
    {
      "value": 15,
      "amount": 5,
      "economic_skill": 0,
      "currency_id": 3,
      "business_id": 5318
    },
    {
      "value": 15,
      "amount": 7,
      "economic_skill": 0,
      "currency_id": 3,
      "business_id": 5236
    },
    {
      "value": 15,
      "amount": 1,
      "economic_skill": 6,
      "currency_id": 3,
      "business_id": 10029
    },
    {
      "value": 13,
      "amount": 1,
      "economic_skill": 5,
      "currency_id": 3,
      "business_id": 6117
    },
    {
      "value": 12,
      "amount": 1,
      "economic_skill": 0,
      "currency_id": 3,
      "business_id": 9656
    }
  ]
}

Pobieranie danych: ofertach pracy w kraju Mexico z URL: https://api.eclesiar.com/market/jobs/get?country_id=4...
--- Dane o ofertach pracy w kraju Mexico ---
{
  "code": 200,
  "description": "Success",
  "data": [
    {
      "value": 5,
      "amount": 20,
      "economic_skill": 0,
      "currency_id": 4,
      "business_id": 5
    },
    {
      "value": 5,
      "amount": 29,
      "economic_skill": 0,
      "currency_id": 4,
      "business_id": 9878
    }
  ]
}

Pobieranie danych: ofertach pracy w kraju Colombia z URL: https://api.eclesiar.com/market/jobs/get?country_id=5...
--- Dane o ofertach pracy w kraju Colombia ---
{
  "code": 200,
  "description": "Success",
  "data": [
    {
      "value": 14,
      "amount": 1,
      "economic_skill": 0,
      "currency_id": 5,
      "business_id": 6531
    },
    {
      "value": 14,
      "amount": 1,
      "economic_skill": 0,
      "currency_id": 5,
      "business_id": 3736
    }
  ]
}

Pobieranie danych: ofertach pracy w kraju Peru z URL: https://api.eclesiar.com/market/jobs/get?country_id=6...
--- Dane o ofertach pracy w kraju Peru ---
{
  "code": 200,
  "description": "Success",
  "data": [
    {
      "value": 31,
      "amount": 1,
      "economic_skill": 0,
      "currency_id": 6,
      "business_id": 9528
    },
    {
      "value": 30,
      "amount": 2,
      "economic_skill": 0,
      "currency_id": 6,
      "business_id": 5114
    },
    {
      "value": 31,
      "amount": 3,
      "economic_skill": 7,
      "currency_id": 6,
      "business_id": 7658
    },
    {
      "value": 25,
      "amount": 1,
      "economic_skill": 0,
      "currency_id": 6,
      "business_id": 1803
    },
    {
      "value": 35.02,
      "amount": 2,
      "economic_skill": 3,
      "currency_id": 6,
      "business_id": 9
    },
    {
      "value": 40,
      "amount": 1,
      "economic_skill": 10,
      "currency_id": 6,
      "business_id": 5114
    },
    {
      "value": 45,
      "amount": 1,
      "economic_skill": 20,
      "currency_id": 6,
      "business_id": 5114
    },
    {
      "value": 35.011,
      "amount": 1,
      "economic_skill": 4,
      "currency_id": 6,
      "business_id": 6781
    },
    {
      "value": 25.003,
      "amount": 1,
      "economic_skill": 0,
      "currency_id": 6,
      "business_id": 8582
    },
    {
      "value": 27.5,
      "amount": 1,
      "economic_skill": 3,
      "currency_id": 6,
      "business_id": 9436
    }
  ]
}

Pobieranie danych: ofertach pracy w kraju Brazil z URL: https://api.eclesiar.com/market/jobs/get?country_id=7...
--- Dane o ofertach pracy w kraju Brazil ---
{
  "code": 200,
  "description": "Success",
  "data": [
    {
      "value": 17,
      "amount": 1,
      "economic_skill": 18,
      "currency_id": 7,
      "business_id": 5604
    },
    {
      "value": 17.5,
      "amount": 1,
      "economic_skill": 20,
      "currency_id": 7,
      "business_id": 5604
    },
    {
      "value": 16.1,
      "amount": 1,
      "economic_skill": 8,
      "currency_id": 7,
      "business_id": 7248
    },
    {
      "value": 16.2,
      "amount": 1,
      "economic_skill": 10,
      "currency_id": 7,
      "business_id": 8208
    },
    {
      "value": 15,
      "amount": 2,
      "economic_skill": 0,
      "currency_id": 7,
      "business_id": 6015
    },
    {
      "value": 15,
      "amount": 2,
      "economic_skill": 0,
      "currency_id": 7,
      "business_id": 332
    },
    {
      "value": 15,
      "amount": 1,
      "economic_skill": 0,
      "currency_id": 7,
      "business_id": 552
    },
    {
      "value": 16,
      "amount": 2,
      "economic_skill": 4,
      "currency_id": 7,
      "business_id": 7321
    },
    {
      "value": 15,
      "amount": 2,
      "economic_skill": 0,
      "currency_id": 7,
      "business_id": 220
    }
  ]
}

Pobieranie danych: ofertach pracy w kraju Chile z URL: https://api.eclesiar.com/market/jobs/get?country_id=8...
--- Dane o ofertach pracy w kraju Chile ---
{
  "code": 200,
  "description": "Success",
  "data": [
    {
      "value": 26,
      "amount": 1,
      "economic_skill": 7,
      "currency_id": 8,
      "business_id": 2278
    },
    {
      "value": 22,
      "amount": 1,
      "economic_skill": 20,
      "currency_id": 8,
      "business_id": 9579
    },
    {
      "value": 20,
      "amount": 1,
      "economic_skill": 0,
      "currency_id": 8,
      "business_id": 551
    }
  ]
}

Pobieranie danych: ofertach pracy w kraju Argentina z URL: https://api.eclesiar.com/market/jobs/get?country_id=10...
--- Dane o ofertach pracy w kraju Argentina ---
{
  "code": 200,
  "description": "Success"
}

Pobieranie danych: ofertach pracy w kraju Ireland z URL: https://api.eclesiar.com/market/jobs/get?country_id=11...
--- Dane o ofertach pracy w kraju Ireland ---
{
  "code": 200,
  "description": "Success",
  "data": [
    {
      "value": 10,
      "amount": 1,
      "economic_skill": 0,
      "currency_id": 10,
      "business_id": 8623
    },
    {
      "value": 10,
      "amount": 2,
      "economic_skill": 0,
      "currency_id": 10,
      "business_id": 6174
    },
    {
      "value": 10,
      "amount": 1,
      "economic_skill": 0,
      "currency_id": 10,
      "business_id": 3659
    }
  ]
}

Pobieranie danych: ofertach pracy w kraju France z URL: https://api.eclesiar.com/market/jobs/get?country_id=12...
--- Dane o ofertach pracy w kraju France ---
{
  "code": 200,
  "description": "Success",
  "data": [
    {
      "value": 14.1,
      "amount": 1,
      "economic_skill": 5,
      "currency_id": 11,
      "business_id": 9035
    },
    {
      "value": 20,
      "amount": 1,
      "economic_skill": 20,
      "currency_id": 11,
      "business_id": 7052
    },
    {
      "value": 13,
      "amount": 1,
      "economic_skill": 0,
      "currency_id": 11,
      "business_id": 9755
    },
    {
      "value": 13,
      "amount": 1,
      "economic_skill": 0,
      "currency_id": 11,
      "business_id": 9790
    },
    {
      "value": 13,
      "amount": 1,
      "economic_skill": 0,
      "currency_id": 11,
      "business_id": 3582
    },
    {
      "value": 16,
      "amount": 1,
      "economic_skill": 5,
      "currency_id": 11,
      "business_id": 5703
    },
    {
      "value": 16,
      "amount": 1,
      "economic_skill": 5,
      "currency_id": 11,
      "business_id": 742
    },
    {
      "value": 13,
      "amount": 1,
      "economic_skill": 4,
      "currency_id": 11,
      "business_id": 6022
    },
    {
      "value": 50,
      "amount": 3,
      "economic_skill": 0,
      "currency_id": 5,
      "business_id": 6958
    }
  ]
}

Pobieranie danych: ofertach pracy w kraju Portugal z URL: https://api.eclesiar.com/market/jobs/get?country_id=13...
--- Dane o ofertach pracy w kraju Portugal ---
{
  "code": 200,
  "description": "Success",
  "data": [
    {
      "value": 12.22,
      "amount": 2,
      "economic_skill": 0,
      "currency_id": 12,
      "business_id": 7221
    },
    {
      "value": 18,
      "amount": 1,
      "economic_skill": 0,
      "currency_id": 12,
      "business_id": 515
    },
    {
      "value": 10,
      "amount": 9,
      "economic_skill": 1,
      "currency_id": 12,
      "business_id": 6315
    },
    {
      "value": 15,
      "amount": 2,
      "economic_skill": 5,
      "currency_id": 12,
      "business_id": 9220
    },
    {
      "value": 20,
      "amount": 1,
      "economic_skill": 20,
      "currency_id": 12,
      "business_id": 9220
    },
    {
      "value": 20,
      "amount": 1,
      "economic_skill": 15,
      "currency_id": 12,
      "business_id": 9625
    },
    {
      "value": 10.5,
      "amount": 1,
      "economic_skill": 0,
      "currency_id": 12,
      "business_id": 9789
    },
    {
      "value": 13,
      "amount": 3,
      "economic_skill": 3,
      "currency_id": 12,
      "business_id": 4613
    },
    {
      "value": 20,
      "amount": 1,
      "economic_skill": 20,
      "currency_id": 12,
      "business_id": 9129
    },
    {
      "value": 18,
      "amount": 1,
      "economic_skill": 10,
      "currency_id": 12,
      "business_id": 9625
    },
    {
      "value": 12.9,
      "amount": 1,
      "economic_skill": 3,
      "currency_id": 12,
      "business_id": 8094
    },
    {
      "value": 10,
      "amount": 3,
      "economic_skill": 14,
      "currency_id": 12,
      "business_id": 7241
    },
    {
      "value": 19.5,
      "amount": 1,
      "economic_skill": 20,
      "currency_id": 12,
      "business_id": 5890
    },
    {
      "value": 20,
      "amount": 1,
      "economic_skill": 20,
      "currency_id": 12,
      "business_id": 3073
    },
    {
      "value": 16,
      "amount": 1,
      "economic_skill": 10,
      "currency_id": 12,
      "business_id": 9235
    },
    {
      "value": 14,
      "amount": 1,
      "economic_skill": 5,
      "currency_id": 12,
      "business_id": 1312
    },
    {
      "value": 16,
      "amount": 1,
      "economic_skill": 10,
      "currency_id": 12,
      "business_id": 1312
    },
    {
      "value": 18,
      "amount": 1,
      "economic_skill": 15,
      "currency_id": 12,
      "business_id": 9221
    },
    {
      "value": 15,
      "amount": 1,
      "economic_skill": 8,
      "currency_id": 12,
      "business_id": 5501
    },
    {
      "value": 10.1,
      "amount": 4,
      "economic_skill": 0,
      "currency_id": 12,
      "business_id": 9283
    },
    {
      "value": 10,
      "amount": 2,
      "economic_skill": 0,
      "currency_id": 12,
      "business_id": 9283
    },
    {
      "value": 10,
      "amount": 1,
      "economic_skill": 6,
      "currency_id": 12,
      "business_id": 3778
    },
    {
      "value": 10,
      "amount": 23,
      "economic_skill": 0,
      "curren... (truncated)

Pobieranie danych: ofertach pracy w kraju Spain z URL: https://api.eclesiar.com/market/jobs/get?country_id=14...
--- Dane o ofertach pracy w kraju Spain ---
{
  "code": 200,
  "description": "Success",
  "data": [
    {
      "value": 3,
      "amount": 1,
      "economic_skill": 0,
      "currency_id": 13,
      "business_id": 5080
    },
    {
      "value": 3.2,
      "amount": 2,
      "economic_skill": 2,
      "currency_id": 13,
      "business_id": 6012
    },
    {
      "value": 4.95,
      "amount": 5,
      "economic_skill": 0,
      "currency_id": 13,
      "business_id": 675
    },
    {
      "value": 3.36,
      "amount": 1,
      "economic_skill": 7,
      "currency_id": 13,
      "business_id": 3699
    },
    {
      "value": 3.3,
      "amount": 1,
      "economic_skill": 6,
      "currency_id": 13,
      "business_id": 2084
    },
    {
      "value": 3,
      "amount": 1,
      "economic_skill": 0,
      "currency_id": 13,
      "business_id": 10059
    },
    {
      "value": 3,
      "amount": 9,
      "economic_skill": 16,
      "currency_id": 13,
      "business_id": 10051
    },
    {
      "value": 3,
      "amount": 1,
      "economic_skill": 0,
      "currency_id": 13,
      "business_id": 10042
    },
    {
      "value": 3,
      "amount": 1,
      "economic_skill": 0,
      "currency_id": 13,
      "business_id": 10041
    },
    {
      "value": 3.04,
      "amount": 2,
      "economic_skill": 2,
      "currency_id": 13,
      "business_id": 3800
    }
  ]
}

Pobieranie danych: ofertach pracy w kraju Germany z URL: https://api.eclesiar.com/market/jobs/get?country_id=15...
--- Dane o ofertach pracy w kraju Germany ---
{
  "code": 200,
  "description": "Success",
  "data": [
    {
      "value": 4.5,
      "amount": 3,
      "economic_skill": 0,
      "currency_id": 14,
      "business_id": 8574
    },
    {
      "value": 6,
      "amount": 1,
      "economic_skill": 4,
      "currency_id": 14,
      "business_id": 6580
    },
    {
      "value": 4.5,
      "amount": 12,
      "economic_skill": 5,
      "currency_id": 14,
      "business_id": 6580
    },
    {
      "value": 5,
      "amount": 15,
      "economic_skill": 5,
      "currency_id": 14,
      "business_id": 6580
    },
    {
      "value": 4,
      "amount": 1,
      "economic_skill": 0,
      "currency_id": 14,
      "business_id": 7966
    },
    {
      "value": 4,
      "amount": 7,
      "economic_skill": 0,
      "currency_id": 14,
      "business_id": 7312
    },
    {
      "value": 4,
      "amount": 1,
      "economic_skill": 3,
      "currency_id": 14,
      "business_id": 3719
    },
    {
      "value": 4,
      "amount": 3,
      "economic_skill": 0,
      "currency_id": 14,
      "business_id": 1078
    },
    {
      "value": 4,
      "amount": 1,
      "economic_skill": 0,
      "currency_id": 14,
      "business_id": 5907
    },
    {
      "value": 4,
      "amount": 4,
      "economic_skill": 0,
      "currency_id": 14,
      "business_id": 1231
    },
    {
      "value": 4,
      "amount": 2,
      "economic_skill": 0,
      "currency_id": 14,
      "business_id": 1231
    },
    {
      "value": 4,
      "amount": 1,
      "economic_skill": 0,
      "currency_id": 14,
      "business_id": 555
    },
    {
      "value": 10,
      "amount": 1,
      "economic_skill": 0,
      "currency_id": 14,
      "business_id": 4093
    },
    {
      "value": 4,
      "amount": 1,
      "economic_skill": 0,
      "currency_id": 14,
      "business_id": 1167
    },
    {
      "value": 6,
      "amount": 2,
      "economic_skill": 0,
      "currency_id": 14,
      "business_id": 6321
    },
    {
      "value": 6,
      "amount": 1,
      "economic_skill": 0,
      "currency_id": 14,
      "business_id": 5941
    },
    {
      "value": 7.12,
      "amount": 1,
      "economic_skill": 5,
      "currency_id": 14,
      "business_id": 8385
    },
    {
      "value": 9,
      "amount": 2,
      "economic_skill": 10,
      "currency_id": 14,
      "business_id": 1580
    },
    {
      "value": 5,
      "amount": 1,
      "economic_skill": 0,
      "currency_id": 14,
      "business_id": 4714
    },
    {
      "value": 10,
      "amount": 1,
      "economic_skill": 12,
      "currency_id": 14,
      "business_id": 2739
    },
    {
      "value": 7.1,
      "amount": 1,
      "economic_skill": 5,
      "currency_id": 14,
      "business_id": 8475
    },
    {
      "value": 4,
      "amount": 5,
      "economic_skill": 0,
      "currency_id": 14,
      "business_id": 9986
    },
    {
      "value": 4,
      "amount": 5,
      "economic_skill": 0,
      "currency_id": 14,
      "business_id... (truncated)

Pobieranie danych: ofertach pracy w kraju Sweden z URL: https://api.eclesiar.com/market/jobs/get?country_id=16...
--- Dane o ofertach pracy w kraju Sweden ---
{
  "code": 200,
  "description": "Success",
  "data": [
    {
      "value": 15.01,
      "amount": 93,
      "economic_skill": 0,
      "currency_id": 15,
      "business_id": 3260
    },
    {
      "value": 14.01,
      "amount": 99,
      "economic_skill": 0,
      "currency_id": 15,
      "business_id": 3260
    },
    {
      "value": 13.01,
      "amount": 97,
      "economic_skill": 0,
      "currency_id": 15,
      "business_id": 3260
    },
    {
      "value": 17.2,
      "amount": 1,
      "economic_skill": 7,
      "currency_id": 15,
      "business_id": 1060
    },
    {
      "value": 13,
      "amount": 1,
      "economic_skill": 0,
      "currency_id": 15,
      "business_id": 9943
    },
    {
      "value": 17,
      "amount": 1,
      "economic_skill": 9,
      "currency_id": 15,
      "business_id": 605
    },
    {
      "value": 15,
      "amount": 1,
      "economic_skill": 6,
      "currency_id": 15,
      "business_id": 3149
    },
    {
      "value": 20,
      "amount": 1,
      "economic_skill": 20,
      "currency_id": 15,
      "business_id": 2743
    },
    {
      "value": 17,
      "amount": 1,
      "economic_skill": 15,
      "currency_id": 15,
      "business_id": 2743
    },
    {
      "value": 10,
      "amount": 8,
      "economic_skill": 0,
      "currency_id": 15,
      "business_id": 9944
    },
    {
      "value": 15,
      "amount": 1,
      "economic_skill": 5,
      "currency_id": 15,
      "business_id": 410
    },
    {
      "value": 10,
      "amount": 1,
      "economic_skill": 0,
      "currency_id": 15,
      "business_id": 8224
    },
    {
      "value": 10,
      "amount": 1,
      "economic_skill": 0,
      "currency_id": 15,
      "business_id": 1274
    },
    {
      "value": 10,
      "amount": 4,
      "economic_skill": 0,
      "currency_id": 15,
      "business_id": 7984
    },
    {
      "value": 10,
      "amount": 1,
      "economic_skill": 0,
      "currency_id": 15,
      "business_id": 593
    }
  ]
}

Pobieranie danych: ofertach pracy w kraju Italy z URL: https://api.eclesiar.com/market/jobs/get?country_id=17...
--- Dane o ofertach pracy w kraju Italy ---
{
  "code": 200,
  "description": "Success",
  "data": [
    {
      "value": 6,
      "amount": 1,
      "economic_skill": 0,
      "currency_id": 16,
      "business_id": 5691
    },
    {
      "value": 5.1,
      "amount": 2,
      "economic_skill": 0,
      "currency_id": 16,
      "business_id": 9116
    },
    {
      "value": 5.1,
      "amount": 1,
      "economic_skill": 2,
      "currency_id": 16,
      "business_id": 9116
    },
    {
      "value": 5.1,
      "amount": 2,
      "economic_skill": 0,
      "currency_id": 16,
      "business_id": 8806
    },
    {
      "value": 5,
      "amount": 1,
      "economic_skill": 0,
      "currency_id": 16,
      "business_id": 10009
    },
    {
      "value": 16,
      "amount": 4,
      "economic_skill": 0,
      "currency_id": 16,
      "business_id": 10003
    }
  ]
}

Pobieranie danych: ofertach pracy w kraju Poland z URL: https://api.eclesiar.com/market/jobs/get?country_id=18...
--- Dane o ofertach pracy w kraju Poland ---
{
  "code": 200,
  "description": "Success",
  "data": [
    {
      "value": 4,
      "amount": 1,
      "economic_skill": 10,
      "currency_id": 17,
      "business_id": 8487
    },
    {
      "value": 4,
      "amount": 6,
      "economic_skill": 0,
      "currency_id": 17,
      "business_id": 7678
    },
    {
      "value": 4,
      "amount": 4,
      "economic_skill": 0,
      "currency_id": 17,
      "business_id": 8286
    },
    {
      "value": 4,
      "amount": 1,
      "economic_skill": 0,
      "currency_id": 17,
      "business_id": 6210
    },
    {
      "value": 4,
      "amount": 1,
      "economic_skill": 0,
      "currency_id": 17,
      "business_id": 7557
    },
    {
      "value": 6.5,
      "amount": 1,
      "economic_skill": 10,
      "currency_id": 17,
      "business_id": 7477
    },
    {
      "value": 4.9,
      "amount": 1,
      "economic_skill": 5,
      "currency_id": 17,
      "business_id": 8103
    },
    {
      "value": 4.2,
      "amount": 2,
      "economic_skill": 0,
      "currency_id": 17,
      "business_id": 7444
    },
    {
      "value": 5.2,
      "amount": 4,
      "economic_skill": 5,
      "currency_id": 17,
      "business_id": 8103
    },
    {
      "value": 5,
      "amount": 7,
      "economic_skill": 0,
      "currency_id": 17,
      "business_id": 7744
    },
    {
      "value": 4.01,
      "amount": 19,
      "economic_skill": 0,
      "currency_id": 17,
      "business_id": 7458
    },
    {
      "value": 4.1,
      "amount": 1,
      "economic_skill": 0,
      "currency_id": 17,
      "business_id": 2782
    },
    {
      "value": 5,
      "amount": 2,
      "economic_skill": 0,
      "currency_id": 17,
      "business_id": 6368
    },
    {
      "value": 5,
      "amount": 1,
      "economic_skill": 0,
      "currency_id": 17,
      "business_id": 6323
    },
    {
      "value": 4.1,
      "amount": 1,
      "economic_skill": 0,
      "currency_id": 17,
      "business_id": 9483
    },
    {
      "value": 4.5,
      "amount": 1,
      "economic_skill": 6,
      "currency_id": 17,
      "business_id": 10037
    },
    {
      "value": 5,
      "amount": 1,
      "economic_skill": 8,
      "currency_id": 17,
      "business_id": 9745
    },
    {
      "value": 4.5,
      "amount": 1,
      "economic_skill": 10,
      "currency_id": 17,
      "business_id": 9935
    },
    {
      "value": 4.6,
      "amount": 1,
      "economic_skill": 10,
      "currency_id": 17,
      "business_id": 9403
    },
    {
      "value": 5.9,
      "amount": 1,
      "economic_skill": 20,
      "currency_id": 17,
      "business_id": 7007
    },
    {
      "value": 4,
      "amount": 1,
      "economic_skill": 0,
      "currency_id": 17,
      "business_id": 7737
    },
    {
      "value": 4.2,
      "amount": 1,
      "economic_skill": 0,
      "currency_id": 17,
      "business_id": 9540
    },
    {
      "value": 7.5,
      "amount": 1,
      "economic_skill": 22,
      "currency_id": 1... (truncated)

Pobieranie danych: ofertach pracy w kraju Lithuania z URL: https://api.eclesiar.com/market/jobs/get?country_id=19...
--- Dane o ofertach pracy w kraju Lithuania ---
{
  "code": 200,
  "description": "Success",
  "data": [
    {
      "value": 11,
      "amount": 99,
      "economic_skill": 0,
      "currency_id": 18,
      "business_id": 9840
    },
    {
      "value": 5,
      "amount": 2,
      "economic_skill": 0,
      "currency_id": 18,
      "business_id": 9728
    }
  ]
}

Pobieranie danych: ofertach pracy w kraju Slovenia z URL: https://api.eclesiar.com/market/jobs/get?country_id=20...
--- Dane o ofertach pracy w kraju Slovenia ---
{
  "code": 200,
  "description": "Success",
  "data": [
    {
      "value": 15.001,
      "amount": 1,
      "economic_skill": 12,
      "currency_id": 19,
      "business_id": 7210
    },
    {
      "value": 23,
      "amount": 2,
      "economic_skill": 12,
      "currency_id": 19,
      "business_id": 2974
    },
    {
      "value": 14.23,
      "amount": 1,
      "economic_skill": 0,
      "currency_id": 19,
      "business_id": 992
    },
    {
      "value": 14.23,
      "amount": 2,
      "economic_skill": 0,
      "currency_id": 19,
      "business_id": 173
    },
    {
      "value": 16.2,
      "amount": 1,
      "economic_skill": 5,
      "currency_id": 19,
      "business_id": 3704
    },
    {
      "value": 23.1,
      "amount": 1,
      "economic_skill": 9,
      "currency_id": 19,
      "business_id": 284
    },
    {
      "value": 21,
      "amount": 1,
      "economic_skill": 9,
      "currency_id": 19,
      "business_id": 392
    },
    {
      "value": 21,
      "amount": 1,
      "economic_skill": 9,
      "currency_id": 19,
      "business_id": 978
    },
    {
      "value": 15.1,
      "amount": 1,
      "economic_skill": 12,
      "currency_id": 19,
      "business_id": 1016
    },
    {
      "value": 10,
      "amount": 1,
      "economic_skill": 16,
      "currency_id": 19,
      "business_id": 8172
    }
  ]
}

Pobieranie danych: ofertach pracy w kraju Croatia z URL: https://api.eclesiar.com/market/jobs/get?country_id=21...
--- Dane o ofertach pracy w kraju Croatia ---
{
  "code": 200,
  "description": "Success",
  "data": [
    {
      "value": 12,
      "amount": 1,
      "economic_skill": 0,
      "currency_id": 20,
      "business_id": 6235
    },
    {
      "value": 10,
      "amount": 3,
      "economic_skill": 1,
      "currency_id": 20,
      "business_id": 6886
    },
    {
      "value": 9,
      "amount": 1,
      "economic_skill": 0,
      "currency_id": 20,
      "business_id": 4485
    },
    {
      "value": 9,
      "amount": 2,
      "economic_skill": 0,
      "currency_id": 20,
      "business_id": 8008
    },
    {
      "value": 9,
      "amount": 1,
      "economic_skill": 0,
      "currency_id": 20,
      "business_id": 3239
    },
    {
      "value": 10,
      "amount": 1,
      "economic_skill": 17,
      "currency_id": 20,
      "business_id": 6673
    },
    {
      "value": 9.89,
      "amount": 1,
      "economic_skill": 16,
      "currency_id": 20,
      "business_id": 6673
    },
    {
      "value": 9.79,
      "amount": 1,
      "economic_skill": 15,
      "currency_id": 20,
      "business_id": 6673
    },
    {
      "value": 9.59,
      "amount": 1,
      "economic_skill": 14,
      "currency_id": 20,
      "business_id": 6673
    },
    {
      "value": 9.29,
      "amount": 1,
      "economic_skill": 12,
      "currency_id": 20,
      "business_id": 6673
    },
    {
      "value": 9.09,
      "amount": 1,
      "economic_skill": 11,
      "currency_id": 20,
      "business_id": 6673
    },
    {
      "value": 8.99,
      "amount": 1,
      "economic_skill": 10,
      "currency_id": 20,
      "business_id": 6673
    },
    {
      "value": 8.79,
      "amount": 1,
      "economic_skill": 9,
      "currency_id": 20,
      "business_id": 6673
    },
    {
      "value": 8.69,
      "amount": 1,
      "economic_skill": 8,
      "currency_id": 20,
      "business_id": 6673
    },
    {
      "value": 8.49,
      "amount": 1,
      "economic_skill": 7,
      "currency_id": 20,
      "business_id": 6673
    },
    {
      "value": 8.39,
      "amount": 1,
      "economic_skill": 6,
      "currency_id": 20,
      "business_id": 6673
    },
    {
      "value": 8.19,
      "amount": 1,
      "economic_skill": 5,
      "currency_id": 20,
      "business_id": 6673
    },
    {
      "value": 8.09,
      "amount": 1,
      "economic_skill": 4,
      "currency_id": 20,
      "business_id": 6673
    },
    {
      "value": 7.89,
      "amount": 1,
      "economic_skill": 3,
      "currency_id": 20,
      "business_id": 6673
    },
    {
      "value": 7.79,
      "amount": 1,
      "economic_skill": 2,
      "currency_id": 20,
      "business_id": 6673
    },
    {
      "value": 7.59,
      "amount": 1,
      "economic_skill": 1,
      "currency_id": 20,
      "business_id": 6673
    },
    {
      "value": 7,
      "amount": 1,
      "economic_skill": 0,
      "currency_id": 20,
      "business_id": 6673
    },
    {
      "value": 9,
      "amount": 1,
      "economic_skill": 0,
  ... (truncated)

Pobieranie danych: ofertach pracy w kraju Bosnia and Herzegovina z URL: https://api.eclesiar.com/market/jobs/get?country_id=22...
--- Dane o ofertach pracy w kraju Bosnia and Herzegovina ---
{
  "code": 200,
  "description": "Success",
  "data": [
    {
      "value": 4,
      "amount": 1,
      "economic_skill": 20,
      "currency_id": 21,
      "business_id": 6874
    },
    {
      "value": 5.1,
      "amount": 1,
      "economic_skill": 20,
      "currency_id": 21,
      "business_id": 2818
    }
  ]
}

Pobieranie danych: ofertach pracy w kraju Serbia z URL: https://api.eclesiar.com/market/jobs/get?country_id=23...
--- Dane o ofertach pracy w kraju Serbia ---
{
  "code": 200,
  "description": "Success",
  "data": [
    {
      "value": 10,
      "amount": 1,
      "economic_skill": 4,
      "currency_id": 22,
      "business_id": 10066
    },
    {
      "value": 19.5,
      "amount": 1,
      "economic_skill": 30,
      "currency_id": 22,
      "business_id": 7347
    },
    {
      "value": 10,
      "amount": 1,
      "economic_skill": 0,
      "currency_id": 22,
      "business_id": 3312
    },
    {
      "value": 15,
      "amount": 1,
      "economic_skill": 18,
      "currency_id": 22,
      "business_id": 3190
    },
    {
      "value": 10,
      "amount": 44,
      "economic_skill": 21,
      "currency_id": 22,
      "business_id": 5111
    }
  ]
}

Pobieranie danych: ofertach pracy w kraju North Macedonia z URL: https://api.eclesiar.com/market/jobs/get?country_id=24...
--- Dane o ofertach pracy w kraju North Macedonia ---
{
  "code": 200,
  "description": "Success",
  "data": [
    {
      "value": 26,
      "amount": 2,
      "economic_skill": 0,
      "currency_id": 23,
      "business_id": 1720
    },
    {
      "value": 10,
      "amount": 1,
      "economic_skill": 0,
      "currency_id": 23,
      "business_id": 9182
    },
    {
      "value": 10,
      "amount": 1,
      "economic_skill": 0,
      "currency_id": 23,
      "business_id": 9375
    }
  ]
}

Pobieranie danych: ofertach pracy w kraju Albania z URL: https://api.eclesiar.com/market/jobs/get?country_id=25...
--- Dane o ofertach pracy w kraju Albania ---
{
  "code": 200,
  "description": "Success"
}

Pobieranie danych: ofertach pracy w kraju Greece z URL: https://api.eclesiar.com/market/jobs/get?country_id=26...
--- Dane o ofertach pracy w kraju Greece ---
{
  "code": 200,
  "description": "Success",
  "data": [
    {
      "value": 22,
      "amount": 1,
      "economic_skill": 0,
      "currency_id": 25,
      "business_id": 47
    },
    {
      "value": 20,
      "amount": 2,
      "economic_skill": 0,
      "currency_id": 25,
      "business_id": 5456
    },
    {
      "value": 20.01,
      "amount": 1,
      "economic_skill": 10,
      "currency_id": 25,
      "business_id": 3278
    }
  ]
}

Pobieranie danych: ofertach pracy w kraju Hungary z URL: https://api.eclesiar.com/market/jobs/get?country_id=27...
--- Dane o ofertach pracy w kraju Hungary ---
{
  "code": 200,
  "description": "Success",
  "data": [
    {
      "value": 11.5,
      "amount": 1,
      "economic_skill": 0,
      "currency_id": 26,
      "business_id": 1128
    },
    {
      "value": 7.4,
      "amount": 1,
      "economic_skill": 0,
      "currency_id": 26,
      "business_id": 9216
    },
    {
      "value": 6,
      "amount": 1,
      "economic_skill": 0,
      "currency_id": 26,
      "business_id": 8851
    },
    {
      "value": 7.7,
      "amount": 1,
      "economic_skill": 10,
      "currency_id": 26,
      "business_id": 8707
    },
    {
      "value": 7.5,
      "amount": 1,
      "economic_skill": 2,
      "currency_id": 26,
      "business_id": 422
    },
    {
      "value": 6.01,
      "amount": 1,
      "economic_skill": 20,
      "currency_id": 26,
      "business_id": 10046
    },
    {
      "value": 5,
      "amount": 1,
      "economic_skill": 20,
      "currency_id": 26,
      "business_id": 6296
    },
    {
      "value": 5.01,
      "amount": 5,
      "economic_skill": 0,
      "currency_id": 26,
      "business_id": 8707
    },
    {
      "value": 5,
      "amount": 1,
      "economic_skill": 0,
      "currency_id": 26,
      "business_id": 8997
    },
    {
      "value": 5,
      "amount": 1,
      "economic_skill": 0,
      "currency_id": 26,
      "business_id": 9976
    },
    {
      "value": 7.2,
      "amount": 1,
      "economic_skill": 0,
      "currency_id": 26,
      "business_id": 4505
    },
    {
      "value": 6.1,
      "amount": 2,
      "economic_skill": 0,
      "currency_id": 26,
      "business_id": 9677
    },
    {
      "value": 5,
      "amount": 1,
      "economic_skill": 0,
      "currency_id": 26,
      "business_id": 6480
    },
    {
      "value": 6.2,
      "amount": 1,
      "economic_skill": 0,
      "currency_id": 26,
      "business_id": 9181
    },
    {
      "value": 5,
      "amount": 1,
      "economic_skill": 0,
      "currency_id": 26,
      "business_id": 6089
    },
    {
      "value": 5,
      "amount": 9,
      "economic_skill": 0,
      "currency_id": 26,
      "business_id": 5740
    }
  ]
}

Pobieranie danych: ofertach pracy w kraju Romania z URL: https://api.eclesiar.com/market/jobs/get?country_id=28...
--- Dane o ofertach pracy w kraju Romania ---
{
  "code": 200,
  "description": "Success"
}

Pobieranie danych: ofertach pracy w kraju Bulgaria z URL: https://api.eclesiar.com/market/jobs/get?country_id=30...
--- Dane o ofertach pracy w kraju Bulgaria ---
{
  "code": 200,
  "description": "Success",
  "data": [
    {
      "value": 0.01,
      "amount": 45,
      "economic_skill": 0,
      "currency_id": 28,
      "business_id": 4002
    },
    {
      "value": 0.01,
      "amount": 42,
      "economic_skill": 0,
      "currency_id": 28,
      "business_id": 4678
    },
    {
      "value": 0.01,
      "amount": 4,
      "economic_skill": 0,
      "currency_id": 28,
      "business_id": 3795
    },
    {
      "value": 0.01,
      "amount": 43,
      "economic_skill": 0,
      "currency_id": 28,
      "business_id": 2507
    },
    {
      "value": 5,
      "amount": 15,
      "economic_skill": 0,
      "currency_id": 28,
      "business_id": 3020
    },
    {
      "value": 0.01,
      "amount": 1,
      "economic_skill": 20,
      "currency_id": 28,
      "business_id": 5147
    },
    {
      "value": 0.15,
      "amount": 1,
      "economic_skill": 0,
      "currency_id": 28,
      "business_id": 9052
    },
    {
      "value": 10,
      "amount": 2,
      "economic_skill": 0,
      "currency_id": 28,
      "business_id": 9782
    },
    {
      "value": 10,
      "amount": 4,
      "economic_skill": 0,
      "currency_id": 28,
      "business_id": 9892
    },
    {
      "value": 0.247,
      "amount": 1,
      "economic_skill": 0,
      "currency_id": 28,
      "business_id": 8145
    },
    {
      "value": 0.225,
      "amount": 1,
      "economic_skill": 0,
      "currency_id": 28,
      "business_id": 9174
    },
    {
      "value": 0.43,
      "amount": 1,
      "economic_skill": 0,
      "currency_id": 28,
      "business_id": 8987
    },
    {
      "value": 0.318,
      "amount": 1,
      "economic_skill": 0,
      "currency_id": 28,
      "business_id": 8975
    },
    {
      "value": 0.239,
      "amount": 1,
      "economic_skill": 0,
      "currency_id": 28,
      "business_id": 8444
    },
    {
      "value": 15.01,
      "amount": 1,
      "economic_skill": 19,
      "currency_id": 28,
      "business_id": 517
    },
    {
      "value": 0.167,
      "amount": 1,
      "economic_skill": 0,
      "currency_id": 28,
      "business_id": 8870
    },
    {
      "value": 2.77,
      "amount": 1,
      "economic_skill": 0,
      "currency_id": 28,
      "business_id": 8943
    },
    {
      "value": 2.701,
      "amount": 1,
      "economic_skill": 0,
      "currency_id": 28,
      "business_id": 9320
    },
    {
      "value": 0.264,
      "amount": 1,
      "economic_skill": 0,
      "currency_id": 28,
      "business_id": 9604
    },
    {
      "value": 0.482,
      "amount": 1,
      "economic_skill": 0,
      "currency_id": 28,
      "business_id": 8445
    },
    {
      "value": 15,
      "amount": 1,
      "economic_skill": 19,
      "currency_id": 28,
      "business_id": 9836
    },
    {
      "value": 0.387,
      "amount": 1,
      "economic_skill": 0,
      "currency_id": 28,
      "business_id": 8698
    },
    {
      "value": 11,
      "amount": 3,
      "eco... (truncated)

Pobieranie danych: ofertach pracy w kraju Turkey z URL: https://api.eclesiar.com/market/jobs/get?country_id=31...
--- Dane o ofertach pracy w kraju Turkey ---
{
  "code": 200,
  "description": "Success",
  "data": [
    {
      "value": 4,
      "amount": 1,
      "economic_skill": 0,
      "currency_id": 29,
      "business_id": 6533
    },
    {
      "value": 40,
      "amount": 1,
      "economic_skill": 0,
      "currency_id": 29,
      "business_id": 4088
    },
    {
      "value": 6,
      "amount": 9,
      "economic_skill": 0,
      "currency_id": 29,
      "business_id": 294
    },
    {
      "value": 6.5,
      "amount": 1,
      "economic_skill": 3,
      "currency_id": 29,
      "business_id": 8796
    },
    {
      "value": 4,
      "amount": 1,
      "economic_skill": 0,
      "currency_id": 29,
      "business_id": 9906
    },
    {
      "value": 8,
      "amount": 1,
      "economic_skill": 19,
      "currency_id": 29,
      "business_id": 9837
    },
    {
      "value": 5.6,
      "amount": 3,
      "economic_skill": 0,
      "currency_id": 29,
      "business_id": 9911
    },
    {
      "value": 5.5,
      "amount": 9,
      "economic_skill": 0,
      "currency_id": 29,
      "business_id": 1487
    },
    {
      "value": 4,
      "amount": 1,
      "economic_skill": 0,
      "currency_id": 29,
      "business_id": 7884
    },
    {
      "value": 4.4,
      "amount": 1,
      "economic_skill": 4,
      "currency_id": 29,
      "business_id": 2686
    },
    {
      "value": 4.5,
      "amount": 1,
      "economic_skill": 20,
      "currency_id": 29,
      "business_id": 9778
    },
    {
      "value": 4.5,
      "amount": 1,
      "economic_skill": 0,
      "currency_id": 29,
      "business_id": 4351
    }
  ]
}

Pobieranie danych: ofertach pracy w kraju Ukraine z URL: https://api.eclesiar.com/market/jobs/get?country_id=32...
--- Dane o ofertach pracy w kraju Ukraine ---
{
  "code": 200,
  "description": "Success"
}

Pobieranie danych: ofertach pracy w kraju Russia z URL: https://api.eclesiar.com/market/jobs/get?country_id=33...
--- Dane o ofertach pracy w kraju Russia ---
{
  "code": 200,
  "description": "Success"
}

Pobieranie danych: ofertach pracy w kraju Georgia z URL: https://api.eclesiar.com/market/jobs/get?country_id=34...
--- Dane o ofertach pracy w kraju Georgia ---
{
  "code": 200,
  "description": "Success"
}

Pobieranie danych: ofertach pracy w kraju Israel z URL: https://api.eclesiar.com/market/jobs/get?country_id=35...
--- Dane o ofertach pracy w kraju Israel ---
{
  "code": 200,
  "description": "Success"
}

Pobieranie danych: ofertach pracy w kraju Egypt z URL: https://api.eclesiar.com/market/jobs/get?country_id=36...
--- Dane o ofertach pracy w kraju Egypt ---
{
  "code": 200,
  "description": "Success"
}

Pobieranie danych: ofertach pracy w kraju South Africa z URL: https://api.eclesiar.com/market/jobs/get?country_id=37...
--- Dane o ofertach pracy w kraju South Africa ---
{
  "code": 200,
  "description": "Success"
}

Pobieranie danych: ofertach pracy w kraju Iraq z URL: https://api.eclesiar.com/market/jobs/get?country_id=38...
--- Dane o ofertach pracy w kraju Iraq ---
{
  "code": 200,
  "description": "Success"
}

Pobieranie danych: ofertach pracy w kraju Saudi Arabia z URL: https://api.eclesiar.com/market/jobs/get?country_id=39...
--- Dane o ofertach pracy w kraju Saudi Arabia ---
{
  "code": 200,
  "description": "Success",
  "data": [
    {
      "value": 9.25,
      "amount": 1,
      "economic_skill": 0,
      "currency_id": 36,
      "business_id": 4996
    },
    {
      "value": 9.1,
      "amount": 1,
      "economic_skill": 0,
      "currency_id": 36,
      "business_id": 4996
    }
  ]
}

Pobieranie danych: ofertach pracy w kraju Iran z URL: https://api.eclesiar.com/market/jobs/get?country_id=40...
--- Dane o ofertach pracy w kraju Iran ---
{
  "code": 200,
  "description": "Success"
}

Pobieranie danych: ofertach pracy w kraju Pakistan z URL: https://api.eclesiar.com/market/jobs/get?country_id=41...
--- Dane o ofertach pracy w kraju Pakistan ---
{
  "code": 200,
  "description": "Success"
}

Pobieranie danych: ofertach pracy w kraju India z URL: https://api.eclesiar.com/market/jobs/get?country_id=42...
--- Dane o ofertach pracy w kraju India ---
{
  "code": 200,
  "description": "Success",
  "data": [
    {
      "value": 4,
      "amount": 1,
      "economic_skill": 0,
      "currency_id": 40,
      "business_id": 78
    }
  ]
}

Pobieranie danych: ofertach pracy w kraju China z URL: https://api.eclesiar.com/market/jobs/get?country_id=43...
--- Dane o ofertach pracy w kraju China ---
{
  "code": 200,
  "description": "Success",
  "data": [
    {
      "value": 0.008,
      "amount": 1,
      "economic_skill": 0,
      "currency_id": 41,
      "business_id": 9921
    },
    {
      "value": 0.035,
      "amount": 1,
      "economic_skill": 0,
      "currency_id": 41,
      "business_id": 9164
    },
    {
      "value": 0.113,
      "amount": 1,
      "economic_skill": 0,
      "currency_id": 41,
      "business_id": 8831
    },
    {
      "value": 2,
      "amount": 1,
      "economic_skill": 0,
      "currency_id": 41,
      "business_id": 4864
    },
    {
      "value": 0.111,
      "amount": 1,
      "economic_skill": 0,
      "currency_id": 41,
      "business_id": 8700
    },
    {
      "value": 0.079,
      "amount": 1,
      "economic_skill": 0,
      "currency_id": 41,
      "business_id": 7819
    },
    {
      "value": 3.5,
      "amount": 1,
      "economic_skill": 0,
      "currency_id": 41,
      "business_id": 7086
    },
    {
      "value": 1.2,
      "amount": 1,
      "economic_skill": 0,
      "currency_id": 41,
      "business_id": 9723
    },
    {
      "value": 4,
      "amount": 1,
      "economic_skill": 8,
      "currency_id": 41,
      "business_id": 8005
    },
    {
      "value": 3.4,
      "amount": 1,
      "economic_skill": 4,
      "currency_id": 41,
      "business_id": 8005
    },
    {
      "value": 3.3,
      "amount": 1,
      "economic_skill": 5,
      "currency_id": 41,
      "business_id": 8005
    },
    {
      "value": 1.5,
      "amount": 2,
      "economic_skill": 0,
      "currency_id": 41,
      "business_id": 8197
    },
    {
      "value": 1.1,
      "amount": 1,
      "economic_skill": 2,
      "currency_id": 41,
      "business_id": 8005
    },
    {
      "value": 2,
      "amount": 1,
      "economic_skill": 0,
      "currency_id": 41,
      "business_id": 9963
    },
    {
      "value": 1.9,
      "amount": 1,
      "economic_skill": 0,
      "currency_id": 41,
      "business_id": 9963
    },
    {
      "value": 1.8,
      "amount": 1,
      "economic_skill": 0,
      "currency_id": 41,
      "business_id": 9963
    },
    {
      "value": 1.7,
      "amount": 1,
      "economic_skill": 0,
      "currency_id": 41,
      "business_id": 9963
    },
    {
      "value": 1.6,
      "amount": 1,
      "economic_skill": 0,
      "currency_id": 41,
      "business_id": 9963
    },
    {
      "value": 1.5,
      "amount": 1,
      "economic_skill": 0,
      "currency_id": 41,
      "business_id": 9963
    },
    {
      "value": 1,
      "amount": 5,
      "economic_skill": 0,
      "currency_id": 41,
      "business_id": 9963
    },
    {
      "value": 1,
      "amount": 1,
      "economic_skill": 0,
      "currency_id": 41,
      "business_id": 3392
    },
    {
      "value": 0.5,
      "amount": 1,
      "economic_skill": 0,
      "currency_id": 41,
      "business_id": 7965
    },
    {
      "value": 0.1,
      "amount": 5,
      "economic_skill": 0,
      "curr... (truncated)

Pobieranie danych: ofertach pracy w kraju Japan z URL: https://api.eclesiar.com/market/jobs/get?country_id=44...
--- Dane o ofertach pracy w kraju Japan ---
{
  "code": 200,
  "description": "Success",
  "data": [
    {
      "value": 7,
      "amount": 4,
      "economic_skill": 0,
      "currency_id": 42,
      "business_id": 870
    },
    {
      "value": 55,
      "amount": 1,
      "economic_skill": 18,
      "currency_id": 42,
      "business_id": 8019
    },
    {
      "value": 13,
      "amount": 1,
      "economic_skill": 0,
      "currency_id": 42,
      "business_id": 9470
    },
    {
      "value": 8,
      "amount": 1,
      "economic_skill": 0,
      "currency_id": 42,
      "business_id": 1561
    },
    {
      "value": 7,
      "amount": 1,
      "economic_skill": 0,
      "currency_id": 42,
      "business_id": 7069
    },
    {
      "value": 7,
      "amount": 1,
      "economic_skill": 18,
      "currency_id": 42,
      "business_id": 5873
    },
    {
      "value": 8,
      "amount": 1,
      "economic_skill": 0,
      "currency_id": 42,
      "business_id": 4767
    }
  ]
}

Pobieranie danych: ofertach pracy w kraju South Korea z URL: https://api.eclesiar.com/market/jobs/get?country_id=45...
--- Dane o ofertach pracy w kraju South Korea ---
{
  "code": 200,
  "description": "Success",
  "data": [
    {
      "value": 16,
      "amount": 1,
      "economic_skill": 21,
      "currency_id": 43,
      "business_id": 8390
    }
  ]
}

Pobieranie danych: ofertach pracy w kraju Indonesia z URL: https://api.eclesiar.com/market/jobs/get?country_id=46...
--- Dane o ofertach pracy w kraju Indonesia ---
{
  "code": 200,
  "description": "Success"
}

Pobieranie danych: ofertach pracy w kraju Australia z URL: https://api.eclesiar.com/market/jobs/get?country_id=47...
--- Dane o ofertach pracy w kraju Australia ---
{
  "code": 200,
  "description": "Success",
  "data": [
    {
      "value": 5,
      "amount": 11,
      "economic_skill": 1,
      "currency_id": 45,
      "business_id": 8366
    },
    {
      "value": 5,
      "amount": 1,
      "economic_skill": 0,
      "currency_id": 45,
      "business_id": 6732
    },
    {
      "value": 5,
      "amount": 1,
      "economic_skill": 0,
      "currency_id": 45,
      "business_id": 7247
    },
    {
      "value": 8.5,
      "amount": 1,
      "economic_skill": 12,
      "currency_id": 45,
      "business_id": 2665
    },
    {
      "value": 5.7,
      "amount": 1,
      "economic_skill": 0,
      "currency_id": 45,
      "business_id": 2665
    },
    {
      "value": 5.5,
      "amount": 2,
      "economic_skill": 0,
      "currency_id": 45,
      "business_id": 2665
    },
    {
      "value": 5.5,
      "amount": 1,
      "economic_skill": 6,
      "currency_id": 45,
      "business_id": 2665
    },
    {
      "value": 5.5,
      "amount": 1,
      "economic_skill": 5,
      "currency_id": 45,
      "business_id": 2665
    },
    {
      "value": 5.1,
      "amount": 2,
      "economic_skill": 0,
      "currency_id": 45,
      "business_id": 2665
    },
    {
      "value": 5,
      "amount": 2,
      "economic_skill": 0,
      "currency_id": 45,
      "business_id": 979
    },
    {
      "value": 5,
      "amount": 3,
      "economic_skill": 0,
      "currency_id": 45,
      "business_id": 737
    },
    {
      "value": 5,
      "amount": 2,
      "economic_skill": 0,
      "currency_id": 45,
      "business_id": 5596
    },
    {
      "value": 5,
      "amount": 5,
      "economic_skill": 0,
      "currency_id": 45,
      "business_id": 2665
    },
    {
      "value": 6.5,
      "amount": 1,
      "economic_skill": 12,
      "currency_id": 45,
      "business_id": 2665
    },
    {
      "value": 6,
      "amount": 2,
      "economic_skill": 12,
      "currency_id": 45,
      "business_id": 2665
    },
    {
      "value": 5,
      "amount": 1,
      "economic_skill": 0,
      "currency_id": 45,
      "business_id": 5837
    },
    {
      "value": 5,
      "amount": 1,
      "economic_skill": 0,
      "currency_id": 45,
      "business_id": 5811
    },
    {
      "value": 5,
      "amount": 1,
      "economic_skill": 0,
      "currency_id": 45,
      "business_id": 5957
    },
    {
      "value": 5,
      "amount": 1,
      "economic_skill": 0,
      "currency_id": 45,
      "business_id": 5903
    },
    {
      "value": 5,
      "amount": 1,
      "economic_skill": 0,
      "currency_id": 45,
      "business_id": 4844
    },
    {
      "value": 5,
      "amount": 1,
      "economic_skill": 0,
      "currency_id": 45,
      "business_id": 1329
    },
    {
      "value": 5,
      "amount": 1,
      "economic_skill": 20,
      "currency_id": 45,
      "business_id": 8193
    },
    {
      "value": 6.51,
      "amount": 1,
      "economic_skill": 0,
      "currency_id": 45,
      "busin... (truncated)

Pobieranie danych: ofertach pracy w kraju Philippines z URL: https://api.eclesiar.com/market/jobs/get?country_id=48...
--- Dane o ofertach pracy w kraju Philippines ---
{
  "code": 200,
  "description": "Success"
}

 100% [##############################] 128/128 ETA 00:00 - Ekonomia (cache): oferty pracy uzupe≈Çnione       99% [#############################-] 128/129 ETA 00:01                                                  Pobieranie danych: szczeg√≥≈Çy konta 323 z URL: https://api.eclesiar.com/account?account_id=323...
--- Dane o szczeg√≥≈Çy konta 323 ---
{
  "code": 200,
  "description": "Success",
  "data": {
    "id": 323,
    "username": "1hell",
    "avatar": "https://storage.eclesiar.com/medias/1994.jpg?v=855c1fa9338282356fae9640e38bfed5",
    "region_id": 91,
    "nationality_id": 39,
    "total_damage": 5708922106,
    "total_mined_gold": 0.5,
    "total_builder_progress": 568,
    "day_of_birth": 1
  }
}

Pobieranie danych: szczeg√≥≈Çy konta 12499 z URL: https://api.eclesiar.com/account?account_id=12499...
--- Dane o szczeg√≥≈Çy konta 12499 ---
{
  "code": 200,
  "description": "Success",
  "data": {
    "id": 12499,
    "username": "Colon3lBruce",
    "avatar": "https://storage.eclesiar.com/medias/12230.jpg?v=a24c3b840785cb412ebd2bbd8d820823",
    "region_id": 208,
    "nationality_id": 20,
    "total_damage": 792273640,
    "total_mined_gold": 0.8,
    "total_builder_progress": 520,
    "day_of_birth": 277
  }
}

Pobieranie danych: szczeg√≥≈Çy konta 1849 z URL: https://api.eclesiar.com/account?account_id=1849...
--- Dane o szczeg√≥≈Çy konta 1849 ---
{
  "code": 200,
  "description": "Success",
  "data": {
    "id": 1849,
    "username": "real",
    "avatar": "https://storage.eclesiar.com/medias/976.jpg?v=3a7090594739fe8f52d1414cc60f4651",
    "region_id": 91,
    "nationality_id": 39,
    "total_damage": 1142611622,
    "total_mined_gold": 6,
    "total_builder_progress": 27139,
    "day_of_birth": 1
  }
}

Pobieranie danych: szczeg√≥≈Çy konta 1457 z URL: https://api.eclesiar.com/account?account_id=1457...
--- Dane o szczeg√≥≈Çy konta 1457 ---
{
  "code": 200,
  "description": "Success",
  "data": {
    "id": 1457,
    "username": "Aexil",
    "avatar": "https://storage.eclesiar.com/medias/765.jpg?v=aabd2d525a651c4de4432aca065a69ae",
    "region_id": 133,
    "nationality_id": 24,
    "total_damage": 689304304,
    "total_mined_gold": 25.844,
    "total_builder_progress": 238072.896,
    "day_of_birth": 1
  }
}

Pobieranie danych: szczeg√≥≈Çy konta 321 z URL: https://api.eclesiar.com/account?account_id=321...
--- Dane o szczeg√≥≈Çy konta 321 ---
{
  "code": 200,
  "description": "Success",
  "data": {
    "id": 321,
    "username": "VeleV",
    "avatar": "https://storage.eclesiar.com/medias/713.jpg?v=ed9f98923bac57b69e0b45ed1aa28a10",
    "region_id": 91,
    "nationality_id": 30,
    "total_damage": 1680967477,
    "total_mined_gold": 0.8,
    "total_builder_progress": 4860,
    "day_of_birth": 1
  }
}

Pobieranie danych: szczeg√≥≈Çy konta 1550 z URL: https://api.eclesiar.com/account?account_id=1550...
--- Dane o szczeg√≥≈Çy konta 1550 ---
{
  "code": 200,
  "description": "Success",
  "data": {
    "id": 1550,
    "username": "Kingen88",
    "avatar": "https://storage.eclesiar.com/medias/1281.jpg?v=3f03fb4056de72162efa98c5b655fe7b",
    "region_id": 46,
    "nationality_id": 16,
    "total_damage": 646381023,
    "total_mined_gold": 11.216,
    "total_builder_progress": 122115.122,
    "day_of_birth": 1
  }
}

Pobieranie danych: szczeg√≥≈Çy konta 3252 z URL: https://api.eclesiar.com/account?account_id=3252...
--- Dane o szczeg√≥≈Çy konta 3252 ---
{
  "code": 200,
  "description": "Success",
  "data": {
    "id": 3252,
    "username": "THAN\u041eS",
    "avatar": "https://storage.eclesiar.com/medias/2206.jpg?v=05939794557c5fcfe2ec894e2ab2dfdc",
    "region_id": 163,
    "nationality_id": 30,
    "total_damage": 2366400634,
    "total_mined_gold": 5.636,
    "total_builder_progress": 90609.713,
    "day_of_birth": 17
  }
}

Pobieranie danych: szczeg√≥≈Çy konta 408 z URL: https://api.eclesiar.com/account?account_id=408...
--- Dane o szczeg√≥≈Çy konta 408 ---
{
  "code": 200,
  "description": "Success",
  "data": {
    "id": 408,
    "username": "TheIlluminated",
    "avatar": "https://storage.eclesiar.com/medias/2615.jpg?v=1e77fb1fbd9186638dc57756c4a97812",
    "region_id": 211,
    "nationality_id": 13,
    "total_damage": 653074443,
    "total_mined_gold": 80.744,
    "total_builder_progress": 226481.899,
    "day_of_birth": 1
  }
}

Pobieranie danych: szczeg√≥≈Çy konta 913 z URL: https://api.eclesiar.com/account?account_id=913...
--- Dane o szczeg√≥≈Çy konta 913 ---
{
  "code": 200,
  "description": "Success",
  "data": {
    "id": 913,
    "username": "Djeneral",
    "avatar": "https://storage.eclesiar.com/medias/1029.jpg?v=623be97684a3f690109027c0083cb4b7",
    "region_id": 49,
    "nationality_id": 16,
    "total_damage": 1549846336,
    "total_mined_gold": 82.15,
    "total_builder_progress": 4589,
    "day_of_birth": 1
  }
}

Pobieranie danych: szczeg√≥≈Çy konta 12030 z URL: https://api.eclesiar.com/account?account_id=12030...
--- Dane o szczeg√≥≈Çy konta 12030 ---
{
  "code": 200,
  "description": "Success",
  "data": {
    "id": 12030,
    "username": "Siergiej",
    "avatar": "https://storage.eclesiar.com/medias/11299.jpg?v=4cb1929289709e7a0ef954d5b43e78bd",
    "region_id": 167,
    "nationality_id": 18,
    "total_damage": 275430661,
    "total_mined_gold": 244.907,
    "total_builder_progress": 186,
    "day_of_birth": 237
  }
}

Pobieranie danych: szczeg√≥≈Çy konta 1784 z URL: https://api.eclesiar.com/account?account_id=1784...
--- Dane o szczeg√≥≈Çy konta 1784 ---
{
  "code": 200,
  "description": "Success",
  "data": {
    "id": 1784,
    "username": "maher",
    "avatar": "https://storage.eclesiar.com/medias/955.jpg?v=f6fce1ede6b019c4122e64249c8f1e17",
    "region_id": 208,
    "nationality_id": 20,
    "total_damage": 1025094898,
    "total_mined_gold": 25.762,
    "total_builder_progress": 358953.115,
    "day_of_birth": 1
  }
}

Pobieranie danych: szczeg√≥≈Çy konta 1506 z URL: https://api.eclesiar.com/account?account_id=1506...
--- Dane o szczeg√≥≈Çy konta 1506 ---
{
  "code": 200,
  "description": "Success",
  "data": {
    "id": 1506,
    "username": "Barbarbengt",
    "avatar": "https://storage.eclesiar.com/medias/856.jpg?v=b5b47a21a363f0360287800928a8edc0",
    "region_id": 80,
    "nationality_id": 16,
    "total_damage": 1061707571,
    "total_mined_gold": 4.3,
    "total_builder_progress": 199789.777,
    "day_of_birth": 1
  }
}

Pobieranie danych: szczeg√≥≈Çy konta 4607 z URL: https://api.eclesiar.com/account?account_id=4607...
--- Dane o szczeg√≥≈Çy konta 4607 ---
{
  "code": 200,
  "description": "Success",
  "data": {
    "id": 4607,
    "username": "Ti4go2",
    "avatar": "https://storage.eclesiar.com/medias/4687.jpg?v=864ebadbe6f0c794bfe999bb4442891c",
    "region_id": 42,
    "nationality_id": 13,
    "total_damage": 266917277,
    "total_mined_gold": 25.1,
    "total_builder_progress": 112971,
    "day_of_birth": 39
  }
}

Pobieranie danych: szczeg√≥≈Çy konta 6988 z URL: https://api.eclesiar.com/account?account_id=6988...
--- Dane o szczeg√≥≈Çy konta 6988 ---
{
  "code": 200,
  "description": "Success",
  "data": {
    "id": 6988,
    "username": "ElWito",
    "avatar": "https://storage.eclesiar.com/medias/8730.jpg?v=0416362ec731509fc3136cb57b38c06d",
    "region_id": 133,
    "nationality_id": 45,
    "total_damage": 368232716,
    "total_mined_gold": 32.4,
    "total_builder_progress": 407980.921,
    "day_of_birth": 111
  }
}

Pobieranie danych: szczeg√≥≈Çy konta 2508 z URL: https://api.eclesiar.com/account?account_id=2508...
--- Dane o szczeg√≥≈Çy konta 2508 ---
{
  "code": 200,
  "description": "Success",
  "data": {
    "id": 2508,
    "username": "Bloodice",
    "avatar": "https://storage.eclesiar.com/medias/1949.jpg?v=973d3b61ce0e203290c5c2b2582c548b",
    "region_id": 46,
    "nationality_id": 16,
    "total_damage": 2127149323,
    "total_mined_gold": 0,
    "total_builder_progress": 189765.957,
    "day_of_birth": 5
  }
}

 100% [##############################] 129/129 ETA 00:00 - Przetwarzanie uderze≈Ñ                          Przetworzono dane wojskowe: 0 kraj√≥w
Loaded 24 cheapest items from all countries
Pobieranie danych: statystykach kraj√≥w (npcwage) z URL: https://api.eclesiar.com/statistics/country?statistic=npcwage...
--- Dane o statystykach kraj√≥w (npcwage) ---
{
  "code": 200,
  "description": "Success",
  "data": [
    {
      "country": {
        "id": 44,
        "name": "Japan",
        "avatar": "https://storage.eclesiar.com/medias/684.svg?v=ebd1ec93a6e4643a79e7080a49615751"
      },
      "value": 4.598244620689655
    },
    {
      "country": {
        "id": 38,
        "name": "Iraq",
        "avatar": "https://storage.eclesiar.com/medias/671.svg?v=a0926565a267e72e910d808d9035cf26"
      },
      "value": 3.36
    },
    {
      "country": {
        "id": 6,
        "name": "Peru",
        "avatar": "https://storage.eclesiar.com/medias/603.svg?v=1c5b682ff5505a6c8cc1ac841287c176"
      },
      "value": 2.8780903333333323
    },
    {
      "country": {
        "id": 5,
        "name": "Colombia",
        "avatar": "https://storage.eclesiar.com/medias/600.svg?v=941c77e71cd02c8f5ce637f34667aae1"
      },
      "value": 2.6704285714285714
    },
    {
      "country": {
        "id": 24,
        "name": "North Macedonia",
        "avatar": "https://storage.eclesiar.com/medias/634.svg?v=ac1b73d133b434131bebd59ab46f53c1"
      },
      "value": 2.4081814285714294
    },
    {
      "country": {
        "id": 45,
        "name": "South Korea",
        "avatar": "https://storage.eclesiar.com/medias/686.svg?v=c7b1ddca40db2efe9d11f58c5c8eb706"
      },
      "value": 2.21690518847539
    },
    {
      "country": {
        "id": 31,
        "name": "Turkey",
        "avatar": "https://storage.eclesiar.com/medias/640.svg?v=88efd831fecebcb44ed2a6b490265392"
      },
      "value": 2.214641176470588
    },
    {
      "country": {
        "id": 22,
        "name": "Bosnia and Herzegovina",
        "avatar": "https://storage.eclesiar.com/medias/632.svg?v=f7d85a9ca0691de9fdd4819d2653f694"
      },
      "value": 2.2069565217391305
    },
    {
      "country": {
        "id": 43,
        "name": "China",
        "avatar": "https://storage.eclesiar.com/medias/682.svg?v=82cd81ce176152d7ce00444f61a38dd4"
      },
      "value": 2.0683186878306876
    },
    {
      "country": {
        "id": 26,
        "name": "Greece",
        "avatar": "https://storage.eclesiar.com/medias/636.svg?v=f66917f677d4d642c73a6a6a74f111de"
      },
      "value": 2.036825396825397
    },
    {
      "country": {
        "id": 8,
        "name": "Chile",
        "avatar": "https://storage.eclesiar.com/medias/608.svg?v=b91367bbc6da2b2004639de3bbd6c879"
      },
      "value": 2.011428930612245
    },
    {
      "country": {
        "id": 11,
        "name": "Ireland",
        "avatar": "https://storage.eclesiar.com/medias/614.svg?v=f5b155f6f30319f482ce5c4116bda26a"
      },
      "value": 1.8270000000000002
    },
    {
      "country": {
        "id": 27,
        "name": "Hungary",
        "avatar": "https://storage.eclesiar.com/medias/637.svg?v=e741ac7ddad3dbf4093a345a732108f0"
      },
      "value": 1.809216519756839
    },
    {
      "country": {
        "id": 23,
        "name": "Serbia",
        "avatar": "https://storage.ec... (truncated)

Loaded NPC wages data for 5 countries
Za≈Çadowano dane o 135 regionach z bonusami
  99% [#############################-] 129/130 ETA 00:01                                                   100% [##############################] 130/130 ETA 00:00 - Podsumowanie wojen                             Przetworzono podsumowanie wojen: 0 aktywnych wojen
Pobieranie rzeczywistych danych NPC wages...
Pobieranie danych: krajach i walutach z URL: https://api.eclesiar.com/countries...
--- Dane o krajach i walutach ---
{
  "code": 200,
  "description": "Success",
  "data": [
    {
      "id": 2,
      "name": "United Kingdom",
      "avatar": "https://storage.eclesiar.com/medias/551.svg?v=a4ff574a8970fb4900a616f7c241021e",
      "currency": {
        "id": 2,
        "name": "GBP",
        "symbol": "https://storage.eclesiar.com/medias/556.png?v=40e5d8cba8644c189ca91ddde0a2ee35"
      },
      "is_available": 1
    },
    {
      "id": 3,
      "name": "United States of America",
      "avatar": "https://storage.eclesiar.com/medias/552.svg?v=284cf20740d4651b634bff0c3f039aa2",
      "currency": {
        "id": 3,
        "name": "USD",
        "symbol": "https://storage.eclesiar.com/medias/557.png?v=427855e7481d207545ffece61c323034"
      },
      "is_available": 1
    },
    {
      "id": 4,
      "name": "Mexico",
      "avatar": "https://storage.eclesiar.com/medias/555.svg?v=1a8542ff1e400c500a602294f4e90129",
      "currency": {
        "id": 4,
        "name": "MXN",
        "symbol": "https://storage.eclesiar.com/medias/558.png?v=d1bd6c665275f5ede40e2f7a99236e97"
      },
      "is_available": 1
    },
    {
      "id": 5,
      "name": "Colombia",
      "avatar": "https://storage.eclesiar.com/medias/600.svg?v=941c77e71cd02c8f5ce637f34667aae1",
      "currency": {
        "id": 5,
        "name": "COP",
        "symbol": "https://storage.eclesiar.com/medias/602.png?v=3aaaf8723dc6e22e700d57cd5bfd1dfc"
      },
      "is_available": 1
    },
    {
      "id": 6,
      "name": "Peru",
      "avatar": "https://storage.eclesiar.com/medias/603.svg?v=1c5b682ff5505a6c8cc1ac841287c176",
      "currency": {
        "id": 6,
        "name": "PEN",
        "symbol": "https://storage.eclesiar.com/medias/605.png?v=2363e00ff93ca0af36239847a4e57eb3"
      },
      "is_available": 1
    },
    {
      "id": 7,
      "name": "Brazil",
      "avatar": "https://storage.eclesiar.com/medias/606.svg?v=ce8b667eff1ac9d385a38d4be3401601",
      "currency": {
        "id": 7,
        "name": "BRL",
        "symbol": "https://storage.eclesiar.com/medias/607.png?v=f951d2f75a2651485d6e6224adcda093"
      },
      "is_available": 1
    },
    {
      "id": 8,
      "name": "Chile",
      "avatar": "https://storage.eclesiar.com/medias/608.svg?v=b91367bbc6da2b2004639de3bbd6c879",
      "currency": {
        "id": 8,
        "name": "CLP",
        "symbol": "https://storage.eclesiar.com/medias/609.png?v=218ad6036916ce6fa65123146b4073c5"
      },
      "is_available": 1
    },
    {
      "id": 10,
      "name": "Argentina",
      "avatar": "https://storage.eclesiar.com/medias/611.svg?v=1aa11397b90a60849c1fce81d22927f4",
      "currency": {
        "id": 9,
        "name": "ARS",
        "symbol": "https://storage.eclesiar.com/medias/612.png?v=bf058b446b2437e7ec014a20425f91bd"
      },
      "is_available": 1
    },
    {
      "id": 11,
      "name": "Ireland",
      "avatar": "https://storage.eclesiar.com/medias/614.svg?v=f5b155f6f30319f482ce5c4116bda26a",
      "currency": {
        "id":... (truncated)

Pobieranie danych: kursie waluty 2 z URL: https://api.eclesiar.com/market/coin/get?currency_id=2&transaction=SELL...
--- Dane o kursie waluty 2 ---
{
  "code": 200,
  "description": "Success",
  "data": [
    {
      "rate": 0.102,
      "amount": 4208.045,
      "owner": {
        "id": 2,
        "type": "country"
      }
    },
    {
      "rate": 0.105,
      "amount": 10,
      "owner": {
        "id": 15929,
        "type": "account"
      }
    },
    {
      "rate": 0.3,
      "amount": 1,
      "owner": {
        "id": 6362,
        "type": "account"
      }
    },
    {
      "rate": 0.333,
      "amount": 7.5,
      "owner": {
        "id": 11752,
        "type": "account"
      }
    },
    {
      "rate": 1,
      "amount": 10,
      "owner": {
        "id": 12013,
        "type": "account"
      }
    },
    {
      "rate": 1,
      "amount": 1,
      "owner": {
        "id": 45,
        "type": "account"
      }
    },
    {
      "rate": 1.99,
      "amount": 5.425,
      "owner": {
        "id": 17,
        "type": "holding"
      }
    },
    {
      "rate": 2,
      "amount": 6.5,
      "owner": {
        "id": 3973,
        "type": "account"
      }
    }
  ]
}

Pobieranie danych: kursie waluty 3 z URL: https://api.eclesiar.com/market/coin/get?currency_id=3&transaction=SELL...
--- Dane o kursie waluty 3 ---
{
  "code": 200,
  "description": "Success",
  "data": [
    {
      "rate": 0.101,
      "amount": 130,
      "owner": {
        "id": 117,
        "type": "militaryunit"
      }
    },
    {
      "rate": 0.102,
      "amount": 180.2,
      "owner": {
        "id": 12,
        "type": "country"
      }
    },
    {
      "rate": 0.103,
      "amount": 21.665,
      "owner": {
        "id": 6075,
        "type": "account"
      }
    },
    {
      "rate": 0.104,
      "amount": 894.9,
      "owner": {
        "id": 3,
        "type": "country"
      }
    },
    {
      "rate": 0.215,
      "amount": 200,
      "owner": {
        "id": 10944,
        "type": "account"
      }
    },
    {
      "rate": 0.218,
      "amount": 6.79,
      "owner": {
        "id": 564,
        "type": "holding"
      }
    },
    {
      "rate": 0.22,
      "amount": 418.012,
      "owner": {
        "id": 14572,
        "type": "account"
      }
    },
    {
      "rate": 0.23,
      "amount": 63,
      "owner": {
        "id": 11407,
        "type": "account"
      }
    },
    {
      "rate": 0.27,
      "amount": 36,
      "owner": {
        "id": 935,
        "type": "account"
      }
    },
    {
      "rate": 0.5,
      "amount": 4,
      "owner": {
        "id": 1456,
        "type": "account"
      }
    },
    {
      "rate": 0.8,
      "amount": 0.48,
      "owner": {
        "id": 217,
        "type": "account"
      }
    },
    {
      "rate": 0.9,
      "amount": 0.1,
      "owner": {
        "id": 1133,
        "type": "account"
      }
    },
    {
      "rate": 0.99,
      "amount": 18,
      "owner": {
        "id": 258,
        "type": "account"
      }
    },
    {
      "rate": 1,
      "amount": 1,
      "owner": {
        "id": 412,
        "type": "holding"
      }
    },
    {
      "rate": 1,
      "amount": 0.1,
      "owner": {
        "id": 12568,
        "type": "account"
      }
    },
    {
      "rate": 1,
      "amount": 2,
      "owner": {
        "id": 3945,
        "type": "account"
      }
    },
    {
      "rate": 1,
      "amount": 1,
      "owner": {
        "id": 3874,
        "type": "account"
      }
    },
    {
      "rate": 1,
      "amount": 1,
      "owner": {
        "id": 381,
        "type": "account"
      }
    },
    {
      "rate": 1,
      "amount": 1,
      "owner": {
        "id": 1702,
        "type": "account"
      }
    },
    {
      "rate": 1,
      "amount": 0.223,
      "owner": {
        "id": 1587,
        "type": "account"
      }
    },
    {
      "rate": 1,
      "amount": 1,
      "owner": {
        "id": 4766,
        "type": "account"
      }
    },
    {
      "rate": 1,
      "amount": 3,
      "owner": {
        "id": 1775,
        "type": "account"
      }
    },
    {
      "rate": 1,
      "amount": 1,
      "owner": {
        "id": 5809,
        "type": "account"
      }
    },
    {
      "rate": 1,
      "amount": 0.01,
      "owner": {
        "id": 3315,
        "type": "accou... (truncated)

Pobieranie danych: kursie waluty 4 z URL: https://api.eclesiar.com/market/coin/get?currency_id=4&transaction=SELL...
--- Dane o kursie waluty 4 ---
{
  "code": 200,
  "description": "Success",
  "data": [
    {
      "rate": 0.1,
      "amount": 9996.4,
      "owner": {
        "id": 4,
        "type": "country"
      }
    },
    {
      "rate": 0.128,
      "amount": 181.288,
      "owner": {
        "id": 213,
        "type": "holding"
      }
    },
    {
      "rate": 0.5,
      "amount": 8.956,
      "owner": {
        "id": 5835,
        "type": "account"
      }
    },
    {
      "rate": 1,
      "amount": 0.4,
      "owner": {
        "id": 10879,
        "type": "account"
      }
    },
    {
      "rate": 1,
      "amount": 0.1,
      "owner": {
        "id": 6013,
        "type": "account"
      }
    },
    {
      "rate": 10,
      "amount": 1,
      "owner": {
        "id": 17,
        "type": "holding"
      }
    }
  ]
}

Pobieranie danych: kursie waluty 5 z URL: https://api.eclesiar.com/market/coin/get?currency_id=5&transaction=SELL...
--- Dane o kursie waluty 5 ---
{
  "code": 200,
  "description": "Success",
  "data": [
    {
      "rate": 0.094,
      "amount": 85.355,
      "owner": {
        "id": 213,
        "type": "holding"
      }
    },
    {
      "rate": 0.1,
      "amount": 56.922,
      "owner": {
        "id": 4620,
        "type": "account"
      }
    },
    {
      "rate": 1,
      "amount": 50,
      "owner": {
        "id": 1538,
        "type": "account"
      }
    },
    {
      "rate": 1,
      "amount": 2,
      "owner": {
        "id": 2655,
        "type": "account"
      }
    },
    {
      "rate": 7.4,
      "amount": 5.202,
      "owner": {
        "id": 935,
        "type": "account"
      }
    },
    {
      "rate": 7.45,
      "amount": 7.5,
      "owner": {
        "id": 4416,
        "type": "account"
      }
    },
    {
      "rate": 8.9,
      "amount": 5,
      "owner": {
        "id": 63,
        "type": "account"
      }
    },
    {
      "rate": 8.92,
      "amount": 3,
      "owner": {
        "id": 35,
        "type": "holding"
      }
    },
    {
      "rate": 10,
      "amount": 2,
      "owner": {
        "id": 9589,
        "type": "account"
      }
    },
    {
      "rate": 20,
      "amount": 0.288,
      "owner": {
        "id": 259,
        "type": "account"
      }
    }
  ]
}

Pobieranie danych: kursie waluty 6 z URL: https://api.eclesiar.com/market/coin/get?currency_id=6&transaction=SELL...
--- Dane o kursie waluty 6 ---
{
  "code": 200,
  "description": "Success",
  "data": [
    {
      "rate": 0.083,
      "amount": 10,
      "owner": {
        "id": 117,
        "type": "militaryunit"
      }
    },
    {
      "rate": 0.084,
      "amount": 100,
      "owner": {
        "id": 11311,
        "type": "account"
      }
    },
    {
      "rate": 0.085,
      "amount": 50,
      "owner": {
        "id": 11072,
        "type": "account"
      }
    },
    {
      "rate": 0.086,
      "amount": 100.394,
      "owner": {
        "id": 14227,
        "type": "account"
      }
    },
    {
      "rate": 0.1,
      "amount": 320,
      "owner": {
        "id": 12654,
        "type": "account"
      }
    },
    {
      "rate": 0.1,
      "amount": 595.675,
      "owner": {
        "id": 15907,
        "type": "account"
      }
    },
    {
      "rate": 0.109,
      "amount": 10,
      "owner": {
        "id": 11718,
        "type": "account"
      }
    },
    {
      "rate": 0.152,
      "amount": 50,
      "owner": {
        "id": 11718,
        "type": "account"
      }
    },
    {
      "rate": 0.16,
      "amount": 6.113,
      "owner": {
        "id": 14495,
        "type": "account"
      }
    },
    {
      "rate": 0.165,
      "amount": 30,
      "owner": {
        "id": 14581,
        "type": "account"
      }
    },
    {
      "rate": 0.2,
      "amount": 29.29,
      "owner": {
        "id": 10277,
        "type": "account"
      }
    },
    {
      "rate": 0.21,
      "amount": 1,
      "owner": {
        "id": 11387,
        "type": "account"
      }
    },
    {
      "rate": 0.298,
      "amount": 5,
      "owner": {
        "id": 1517,
        "type": "account"
      }
    },
    {
      "rate": 1,
      "amount": 15,
      "owner": {
        "id": 4564,
        "type": "account"
      }
    },
    {
      "rate": 1,
      "amount": 25,
      "owner": {
        "id": 9664,
        "type": "account"
      }
    },
    {
      "rate": 1,
      "amount": 1,
      "owner": {
        "id": 10041,
        "type": "account"
      }
    },
    {
      "rate": 111,
      "amount": 1,
      "owner": {
        "id": 10427,
        "type": "account"
      }
    },
    {
      "rate": 1000,
      "amount": 0.01,
      "owner": {
        "id": 12673,
        "type": "account"
      }
    }
  ]
}

Pobieranie danych: kursie waluty 7 z URL: https://api.eclesiar.com/market/coin/get?currency_id=7&transaction=SELL...
--- Dane o kursie waluty 7 ---
{
  "code": 200,
  "description": "Success",
  "data": [
    {
      "rate": 0.084,
      "amount": 1.597,
      "owner": {
        "id": 6075,
        "type": "account"
      }
    },
    {
      "rate": 0.084,
      "amount": 11.57,
      "owner": {
        "id": 16267,
        "type": "account"
      }
    },
    {
      "rate": 0.084,
      "amount": 50,
      "owner": {
        "id": 9589,
        "type": "account"
      }
    },
    {
      "rate": 0.085,
      "amount": 361.416,
      "owner": {
        "id": 7,
        "type": "country"
      }
    },
    {
      "rate": 0.1,
      "amount": 40,
      "owner": {
        "id": 526,
        "type": "holding"
      }
    },
    {
      "rate": 0.245,
      "amount": 44,
      "owner": {
        "id": 2577,
        "type": "account"
      }
    },
    {
      "rate": 0.84,
      "amount": 1,
      "owner": {
        "id": 13496,
        "type": "account"
      }
    },
    {
      "rate": 1,
      "amount": 5,
      "owner": {
        "id": 2322,
        "type": "account"
      }
    },
    {
      "rate": 1,
      "amount": 1,
      "owner": {
        "id": 1538,
        "type": "account"
      }
    },
    {
      "rate": 1,
      "amount": 1,
      "owner": {
        "id": 3281,
        "type": "account"
      }
    },
    {
      "rate": 1,
      "amount": 1,
      "owner": {
        "id": 7514,
        "type": "account"
      }
    },
    {
      "rate": 1,
      "amount": 1,
      "owner": {
        "id": 5698,
        "type": "account"
      }
    },
    {
      "rate": 1,
      "amount": 1,
      "owner": {
        "id": 4751,
        "type": "account"
      }
    },
    {
      "rate": 1,
      "amount": 9,
      "owner": {
        "id": 3110,
        "type": "account"
      }
    },
    {
      "rate": 1,
      "amount": 0.01,
      "owner": {
        "id": 1516,
        "type": "account"
      }
    },
    {
      "rate": 1,
      "amount": 1,
      "owner": {
        "id": 7219,
        "type": "account"
      }
    },
    {
      "rate": 2,
      "amount": 1,
      "owner": {
        "id": 5698,
        "type": "account"
      }
    },
    {
      "rate": 5,
      "amount": 1,
      "owner": {
        "id": 5698,
        "type": "account"
      }
    },
    {
      "rate": 5,
      "amount": 1,
      "owner": {
        "id": 3048,
        "type": "account"
      }
    },
    {
      "rate": 10,
      "amount": 6,
      "owner": {
        "id": 16062,
        "type": "account"
      }
    },
    {
      "rate": 10,
      "amount": 1,
      "owner": {
        "id": 6240,
        "type": "account"
      }
    },
    {
      "rate": 10,
      "amount": 1,
      "owner": {
        "id": 11958,
        "type": "account"
      }
    },
    {
      "rate": 10,
      "amount": 1,
      "owner": {
        "id": 7338,
        "type": "account"
      }
    },
    {
      "rate": 10,
      "amount": 7,
      "owner": {
        "id": 16066,
        "type": "account"
      }
    },
    {
      ... (truncated)

Pobieranie danych: kursie waluty 8 z URL: https://api.eclesiar.com/market/coin/get?currency_id=8&transaction=SELL...
--- Dane o kursie waluty 8 ---
{
  "code": 200,
  "description": "Success",
  "data": [
    {
      "rate": 0.08,
      "amount": 79,
      "owner": {
        "id": 8,
        "type": "country"
      }
    },
    {
      "rate": 0.087,
      "amount": 57.832,
      "owner": {
        "id": 11311,
        "type": "account"
      }
    },
    {
      "rate": 0.088,
      "amount": 48.98,
      "owner": {
        "id": 14309,
        "type": "account"
      }
    },
    {
      "rate": 0.089,
      "amount": 1.73,
      "owner": {
        "id": 6075,
        "type": "account"
      }
    },
    {
      "rate": 0.092,
      "amount": 0.091,
      "owner": {
        "id": 14495,
        "type": "account"
      }
    },
    {
      "rate": 0.093,
      "amount": 140,
      "owner": {
        "id": 9877,
        "type": "account"
      }
    },
    {
      "rate": 0.093,
      "amount": 0.55,
      "owner": {
        "id": 1908,
        "type": "account"
      }
    },
    {
      "rate": 0.094,
      "amount": 632,
      "owner": {
        "id": 9014,
        "type": "account"
      }
    },
    {
      "rate": 0.095,
      "amount": 0.701,
      "owner": {
        "id": 9755,
        "type": "account"
      }
    },
    {
      "rate": 0.096,
      "amount": 327,
      "owner": {
        "id": 9014,
        "type": "account"
      }
    },
    {
      "rate": 0.097,
      "amount": 157.5,
      "owner": {
        "id": 8031,
        "type": "account"
      }
    },
    {
      "rate": 0.1,
      "amount": 15,
      "owner": {
        "id": 9342,
        "type": "account"
      }
    },
    {
      "rate": 0.1,
      "amount": 20,
      "owner": {
        "id": 526,
        "type": "holding"
      }
    },
    {
      "rate": 0.1,
      "amount": 70,
      "owner": {
        "id": 10357,
        "type": "account"
      }
    },
    {
      "rate": 0.106,
      "amount": 420,
      "owner": {
        "id": 9028,
        "type": "account"
      }
    },
    {
      "rate": 0.109,
      "amount": 8.434,
      "owner": {
        "id": 9686,
        "type": "account"
      }
    },
    {
      "rate": 0.12,
      "amount": 1,
      "owner": {
        "id": 10510,
        "type": "account"
      }
    },
    {
      "rate": 0.13,
      "amount": 10,
      "owner": {
        "id": 9342,
        "type": "account"
      }
    },
    {
      "rate": 0.14,
      "amount": 45,
      "owner": {
        "id": 11200,
        "type": "account"
      }
    },
    {
      "rate": 0.14,
      "amount": 45,
      "owner": {
        "id": 11650,
        "type": "account"
      }
    },
    {
      "rate": 0.2,
      "amount": 2.857,
      "owner": {
        "id": 9028,
        "type": "account"
      }
    },
    {
      "rate": 0.5,
      "amount": 1,
      "owner": {
        "id": 10707,
        "type": "account"
      }
    },
    {
      "rate": 1,
      "amount": 10,
      "owner": {
        "id": 1577,
        "type": "account"
      }
    },
    {
      "rate": 1,
      "amount": 0.6,
      "owne... (truncated)

Pobieranie danych: kursie waluty 9 z URL: https://api.eclesiar.com/market/coin/get?currency_id=9&transaction=SELL...
--- Dane o kursie waluty 9 ---
{
  "code": 200,
  "description": "Success",
  "data": [
    {
      "rate": 0.173,
      "amount": 192.52,
      "owner": {
        "id": 11904,
        "type": "account"
      }
    },
    {
      "rate": 0.175,
      "amount": 50.093,
      "owner": {
        "id": 213,
        "type": "holding"
      }
    },
    {
      "rate": 0.251,
      "amount": 100,
      "owner": {
        "id": 10,
        "type": "country"
      }
    },
    {
      "rate": 0.669,
      "amount": 0.74,
      "owner": {
        "id": 4509,
        "type": "account"
      }
    },
    {
      "rate": 0.69,
      "amount": 7,
      "owner": {
        "id": 4450,
        "type": "account"
      }
    },
    {
      "rate": 1,
      "amount": 1,
      "owner": {
        "id": 3082,
        "type": "account"
      }
    },
    {
      "rate": 25,
      "amount": 1,
      "owner": {
        "id": 5698,
        "type": "account"
      }
    }
  ]
}

Pobieranie danych: kursie waluty 10 z URL: https://api.eclesiar.com/market/coin/get?currency_id=10&transaction=SELL...
--- Dane o kursie waluty 10 ---
{
  "code": 200,
  "description": "Success",
  "data": [
    {
      "rate": 0.084,
      "amount": 28.996,
      "owner": {
        "id": 14227,
        "type": "account"
      }
    },
    {
      "rate": 0.086,
      "amount": 58.509,
      "owner": {
        "id": 11301,
        "type": "account"
      }
    },
    {
      "rate": 0.096,
      "amount": 200,
      "owner": {
        "id": 1546,
        "type": "account"
      }
    },
    {
      "rate": 0.099,
      "amount": 200,
      "owner": {
        "id": 11,
        "type": "country"
      }
    },
    {
      "rate": 0.1,
      "amount": 50,
      "owner": {
        "id": 10357,
        "type": "account"
      }
    },
    {
      "rate": 0.1,
      "amount": 0.1,
      "owner": {
        "id": 11387,
        "type": "account"
      }
    },
    {
      "rate": 0.1,
      "amount": 58,
      "owner": {
        "id": 412,
        "type": "holding"
      }
    },
    {
      "rate": 0.748,
      "amount": 9.198,
      "owner": {
        "id": 1527,
        "type": "account"
      }
    }
  ]
}

Pobieranie danych: kursie waluty 11 z URL: https://api.eclesiar.com/market/coin/get?currency_id=11&transaction=SELL...
--- Dane o kursie waluty 11 ---
{
  "code": 200,
  "description": "Success",
  "data": [
    {
      "rate": 0.1,
      "amount": 0.46,
      "owner": {
        "id": 11311,
        "type": "account"
      }
    },
    {
      "rate": 0.1,
      "amount": 55,
      "owner": {
        "id": 117,
        "type": "militaryunit"
      }
    },
    {
      "rate": 0.101,
      "amount": 2849.44,
      "owner": {
        "id": 12,
        "type": "country"
      }
    },
    {
      "rate": 1,
      "amount": 0.01,
      "owner": {
        "id": 1630,
        "type": "account"
      }
    },
    {
      "rate": 1,
      "amount": 0.4,
      "owner": {
        "id": 261,
        "type": "account"
      }
    },
    {
      "rate": 1,
      "amount": 1,
      "owner": {
        "id": 7839,
        "type": "account"
      }
    },
    {
      "rate": 5,
      "amount": 1,
      "owner": {
        "id": 13494,
        "type": "account"
      }
    },
    {
      "rate": 9,
      "amount": 1,
      "owner": {
        "id": 6090,
        "type": "account"
      }
    },
    {
      "rate": 10,
      "amount": 0.1,
      "owner": {
        "id": 12903,
        "type": "account"
      }
    },
    {
      "rate": 10,
      "amount": 0.5,
      "owner": {
        "id": 2092,
        "type": "account"
      }
    },
    {
      "rate": 10,
      "amount": 1,
      "owner": {
        "id": 6362,
        "type": "account"
      }
    },
    {
      "rate": 10,
      "amount": 9,
      "owner": {
        "id": 13494,
        "type": "account"
      }
    },
    {
      "rate": 100,
      "amount": 0.625,
      "owner": {
        "id": 477,
        "type": "holding"
      }
    },
    {
      "rate": 100,
      "amount": 0.48,
      "owner": {
        "id": 5558,
        "type": "account"
      }
    },
    {
      "rate": 10000,
      "amount": 0.99,
      "owner": {
        "id": 199,
        "type": "holding"
      }
    },
    {
      "rate": 100000,
      "amount": 0.899,
      "owner": {
        "id": 264,
        "type": "account"
      }
    },
    {
      "rate": 1000000,
      "amount": 0.016,
      "owner": {
        "id": 5549,
        "type": "account"
      }
    }
  ]
}

Pobieranie danych: kursie waluty 12 z URL: https://api.eclesiar.com/market/coin/get?currency_id=12&transaction=SELL...
--- Dane o kursie waluty 12 ---
{
  "code": 200,
  "description": "Success",
  "data": [
    {
      "rate": 0.101,
      "amount": 2330.931,
      "owner": {
        "id": 132,
        "type": "holding"
      }
    },
    {
      "rate": 0.199,
      "amount": 1,
      "owner": {
        "id": 14200,
        "type": "account"
      }
    },
    {
      "rate": 0.199,
      "amount": 8.3,
      "owner": {
        "id": 13629,
        "type": "account"
      }
    },
    {
      "rate": 0.2,
      "amount": 1,
      "owner": {
        "id": 11387,
        "type": "account"
      }
    },
    {
      "rate": 0.275,
      "amount": 8,
      "owner": {
        "id": 11714,
        "type": "account"
      }
    },
    {
      "rate": 0.275,
      "amount": 8,
      "owner": {
        "id": 11793,
        "type": "account"
      }
    },
    {
      "rate": 0.95,
      "amount": 1.99,
      "owner": {
        "id": 2242,
        "type": "account"
      }
    },
    {
      "rate": 1,
      "amount": 1,
      "owner": {
        "id": 2322,
        "type": "account"
      }
    },
    {
      "rate": 1,
      "amount": 0.1,
      "owner": {
        "id": 1577,
        "type": "account"
      }
    },
    {
      "rate": 1,
      "amount": 1,
      "owner": {
        "id": 1538,
        "type": "account"
      }
    },
    {
      "rate": 5,
      "amount": 2,
      "owner": {
        "id": 16490,
        "type": "account"
      }
    },
    {
      "rate": 5,
      "amount": 0.75,
      "owner": {
        "id": 37,
        "type": "account"
      }
    },
    {
      "rate": 10,
      "amount": 2,
      "owner": {
        "id": 16043,
        "type": "account"
      }
    },
    {
      "rate": 10,
      "amount": 1,
      "owner": {
        "id": 12379,
        "type": "account"
      }
    },
    {
      "rate": 10,
      "amount": 1,
      "owner": {
        "id": 14200,
        "type": "account"
      }
    },
    {
      "rate": 16,
      "amount": 0.4,
      "owner": {
        "id": 5285,
        "type": "account"
      }
    },
    {
      "rate": 18,
      "amount": 1,
      "owner": {
        "id": 12378,
        "type": "account"
      }
    },
    {
      "rate": 300,
      "amount": 0.07,
      "owner": {
        "id": 5986,
        "type": "account"
      }
    },
    {
      "rate": 500,
      "amount": 0.1,
      "owner": {
        "id": 3620,
        "type": "account"
      }
    },
    {
      "rate": 1000,
      "amount": 0.79,
      "owner": {
        "id": 5530,
        "type": "account"
      }
    },
    {
      "rate": 1111,
      "amount": 0.264,
      "owner": {
        "id": 1214,
        "type": "account"
      }
    },
    {
      "rate": 25000,
      "amount": 4,
      "owner": {
        "id": 12379,
        "type": "account"
      }
    }
  ]
}

Pobieranie danych: kursie waluty 13 z URL: https://api.eclesiar.com/market/coin/get?currency_id=13&transaction=SELL...
--- Dane o kursie waluty 13 ---
{
  "code": 200,
  "description": "Success",
  "data": [
    {
      "rate": 0.345,
      "amount": 0.099,
      "owner": {
        "id": 3716,
        "type": "npc"
      }
    },
    {
      "rate": 0.346,
      "amount": 0.116,
      "owner": {
        "id": 3219,
        "type": "npc"
      }
    },
    {
      "rate": 0.35,
      "amount": 562.143,
      "owner": {
        "id": 14,
        "type": "country"
      }
    },
    {
      "rate": 0.35,
      "amount": 8.316,
      "owner": {
        "id": 12667,
        "type": "account"
      }
    },
    {
      "rate": 0.352,
      "amount": 66.087,
      "owner": {
        "id": 3481,
        "type": "account"
      }
    },
    {
      "rate": 0.424,
      "amount": 4.449,
      "owner": {
        "id": 10726,
        "type": "account"
      }
    },
    {
      "rate": 0.5,
      "amount": 0.487,
      "owner": {
        "id": 12350,
        "type": "account"
      }
    },
    {
      "rate": 0.519,
      "amount": 19.044,
      "owner": {
        "id": 213,
        "type": "holding"
      }
    },
    {
      "rate": 0.6,
      "amount": 280,
      "owner": {
        "id": 262,
        "type": "account"
      }
    },
    {
      "rate": 0.627,
      "amount": 20,
      "owner": {
        "id": 47,
        "type": "holding"
      }
    },
    {
      "rate": 0.632,
      "amount": 1.98,
      "owner": {
        "id": 3075,
        "type": "account"
      }
    },
    {
      "rate": 1,
      "amount": 1,
      "owner": {
        "id": 13489,
        "type": "account"
      }
    },
    {
      "rate": 1,
      "amount": 1,
      "owner": {
        "id": 13633,
        "type": "account"
      }
    },
    {
      "rate": 1,
      "amount": 3,
      "owner": {
        "id": 13514,
        "type": "account"
      }
    },
    {
      "rate": 1,
      "amount": 1,
      "owner": {
        "id": 9606,
        "type": "account"
      }
    },
    {
      "rate": 1,
      "amount": 0.89,
      "owner": {
        "id": 4312,
        "type": "account"
      }
    },
    {
      "rate": 1,
      "amount": 1,
      "owner": {
        "id": 5408,
        "type": "account"
      }
    },
    {
      "rate": 1,
      "amount": 1,
      "owner": {
        "id": 2658,
        "type": "account"
      }
    },
    {
      "rate": 2,
      "amount": 25,
      "owner": {
        "id": 31,
        "type": "militaryunit"
      }
    },
    {
      "rate": 2,
      "amount": 25,
      "owner": {
        "id": 76,
        "type": "militaryunit"
      }
    },
    {
      "rate": 2.5,
      "amount": 1,
      "owner": {
        "id": 7530,
        "type": "account"
      }
    },
    {
      "rate": 3,
      "amount": 1,
      "owner": {
        "id": 12502,
        "type": "account"
      }
    },
    {
      "rate": 3,
      "amount": 1,
      "owner": {
        "id": 12572,
        "type": "account"
      }
    },
    {
      "rate": 10,
      "amount": 8,
      "owner": {
        "id": 13514,
        "type":... (truncated)

Pobieranie danych: kursie waluty 14 z URL: https://api.eclesiar.com/market/coin/get?currency_id=14&transaction=SELL...
--- Dane o kursie waluty 14 ---
{
  "code": 200,
  "description": "Success",
  "data": [
    {
      "rate": 0.195,
      "amount": 50,
      "owner": {
        "id": 117,
        "type": "militaryunit"
      }
    },
    {
      "rate": 0.196,
      "amount": 20.449,
      "owner": {
        "id": 1849,
        "type": "account"
      }
    },
    {
      "rate": 0.198,
      "amount": 106.78,
      "owner": {
        "id": 2397,
        "type": "account"
      }
    },
    {
      "rate": 0.2,
      "amount": 420.328,
      "owner": {
        "id": 9611,
        "type": "account"
      }
    },
    {
      "rate": 0.2,
      "amount": 75.115,
      "owner": {
        "id": 541,
        "type": "holding"
      }
    },
    {
      "rate": 0.2,
      "amount": 9,
      "owner": {
        "id": 11407,
        "type": "account"
      }
    },
    {
      "rate": 0.2,
      "amount": 10,
      "owner": {
        "id": 1614,
        "type": "account"
      }
    },
    {
      "rate": 0.2,
      "amount": 99,
      "owner": {
        "id": 2589,
        "type": "account"
      }
    },
    {
      "rate": 0.201,
      "amount": 1000,
      "owner": {
        "id": 15,
        "type": "country"
      }
    },
    {
      "rate": 0.202,
      "amount": 50,
      "owner": {
        "id": 2210,
        "type": "account"
      }
    },
    {
      "rate": 0.5,
      "amount": 1,
      "owner": {
        "id": 12340,
        "type": "account"
      }
    },
    {
      "rate": 1,
      "amount": 8.1,
      "owner": {
        "id": 5918,
        "type": "account"
      }
    },
    {
      "rate": 1,
      "amount": 1,
      "owner": {
        "id": 12489,
        "type": "account"
      }
    },
    {
      "rate": 1,
      "amount": 1,
      "owner": {
        "id": 12340,
        "type": "account"
      }
    },
    {
      "rate": 1,
      "amount": 2.95,
      "owner": {
        "id": 12350,
        "type": "account"
      }
    },
    {
      "rate": 1,
      "amount": 0.897,
      "owner": {
        "id": 5282,
        "type": "account"
      }
    },
    {
      "rate": 1,
      "amount": 0.5,
      "owner": {
        "id": 6089,
        "type": "account"
      }
    },
    {
      "rate": 2,
      "amount": 1,
      "owner": {
        "id": 12853,
        "type": "account"
      }
    },
    {
      "rate": 5,
      "amount": 1,
      "owner": {
        "id": 16023,
        "type": "account"
      }
    },
    {
      "rate": 5,
      "amount": 1,
      "owner": {
        "id": 218,
        "type": "account"
      }
    },
    {
      "rate": 5,
      "amount": 1,
      "owner": {
        "id": 13508,
        "type": "account"
      }
    },
    {
      "rate": 10,
      "amount": 5,
      "owner": {
        "id": 13406,
        "type": "account"
      }
    },
    {
      "rate": 10,
      "amount": 1,
      "owner": {
        "id": 6650,
        "type": "account"
      }
    },
    {
      "rate": 10,
      "amount": 1,
      "owner": {
        "id": 13534,
        "type": "acc... (truncated)

Pobieranie danych: kursie waluty 15 z URL: https://api.eclesiar.com/market/coin/get?currency_id=15&transaction=SELL...
--- Dane o kursie waluty 15 ---
{
  "code": 200,
  "description": "Success",
  "data": [
    {
      "rate": 0.101,
      "amount": 533.68,
      "owner": {
        "id": 8036,
        "type": "account"
      }
    },
    {
      "rate": 0.102,
      "amount": 134.274,
      "owner": {
        "id": 2181,
        "type": "account"
      }
    },
    {
      "rate": 0.102,
      "amount": 1,
      "owner": {
        "id": 45,
        "type": "account"
      }
    },
    {
      "rate": 0.102,
      "amount": 23878.386,
      "owner": {
        "id": 16,
        "type": "country"
      }
    },
    {
      "rate": 0.112,
      "amount": 0.009,
      "owner": {
        "id": 36,
        "type": "country"
      }
    },
    {
      "rate": 0.267,
      "amount": 1.2,
      "owner": {
        "id": 12173,
        "type": "account"
      }
    },
    {
      "rate": 0.35,
      "amount": 0.091,
      "owner": {
        "id": 4522,
        "type": "npc"
      }
    },
    {
      "rate": 0.5,
      "amount": 0.5,
      "owner": {
        "id": 12350,
        "type": "account"
      }
    },
    {
      "rate": 0.55,
      "amount": 7.335,
      "owner": {
        "id": 771,
        "type": "account"
      }
    },
    {
      "rate": 0.95,
      "amount": 1,
      "owner": {
        "id": 12433,
        "type": "account"
      }
    },
    {
      "rate": 1,
      "amount": 34,
      "owner": {
        "id": 1558,
        "type": "account"
      }
    },
    {
      "rate": 1,
      "amount": 2,
      "owner": {
        "id": 2595,
        "type": "account"
      }
    },
    {
      "rate": 1,
      "amount": 1,
      "owner": {
        "id": 2382,
        "type": "account"
      }
    },
    {
      "rate": 1,
      "amount": 1,
      "owner": {
        "id": 1136,
        "type": "account"
      }
    },
    {
      "rate": 1,
      "amount": 1,
      "owner": {
        "id": 1538,
        "type": "account"
      }
    },
    {
      "rate": 1,
      "amount": 1,
      "owner": {
        "id": 6625,
        "type": "account"
      }
    },
    {
      "rate": 1,
      "amount": 0.01,
      "owner": {
        "id": 9900,
        "type": "account"
      }
    },
    {
      "rate": 1,
      "amount": 1,
      "owner": {
        "id": 1570,
        "type": "account"
      }
    },
    {
      "rate": 1,
      "amount": 1,
      "owner": {
        "id": 6090,
        "type": "account"
      }
    },
    {
      "rate": 1,
      "amount": 7,
      "owner": {
        "id": 45,
        "type": "account"
      }
    },
    {
      "rate": 1,
      "amount": 1,
      "owner": {
        "id": 202,
        "type": "account"
      }
    },
    {
      "rate": 1,
      "amount": 35,
      "owner": {
        "id": 1587,
        "type": "account"
      }
    },
    {
      "rate": 1,
      "amount": 1,
      "owner": {
        "id": 12433,
        "type": "account"
      }
    },
    {
      "rate": 1,
      "amount": 1,
      "owner": {
        "id": 14406,
        "type": "account"
      }
    ... (truncated)

Pobieranie danych: kursie waluty 16 z URL: https://api.eclesiar.com/market/coin/get?currency_id=16&transaction=SELL...
--- Dane o kursie waluty 16 ---
{
  "code": 200,
  "description": "Success",
  "data": [
    {
      "rate": 0.2,
      "amount": 143.114,
      "owner": {
        "id": 9611,
        "type": "account"
      }
    },
    {
      "rate": 0.2,
      "amount": 21,
      "owner": {
        "id": 233,
        "type": "holding"
      }
    },
    {
      "rate": 0.2,
      "amount": 7,
      "owner": {
        "id": 50,
        "type": "holding"
      }
    },
    {
      "rate": 0.202,
      "amount": 50,
      "owner": {
        "id": 14227,
        "type": "account"
      }
    },
    {
      "rate": 0.203,
      "amount": 14.8,
      "owner": {
        "id": 14309,
        "type": "account"
      }
    },
    {
      "rate": 0.206,
      "amount": 171.504,
      "owner": {
        "id": 541,
        "type": "holding"
      }
    },
    {
      "rate": 0.206,
      "amount": 84.423,
      "owner": {
        "id": 9611,
        "type": "account"
      }
    },
    {
      "rate": 0.207,
      "amount": 35.59,
      "owner": {
        "id": 16,
        "type": "country"
      }
    },
    {
      "rate": 1,
      "amount": 0.01,
      "owner": {
        "id": 326,
        "type": "account"
      }
    },
    {
      "rate": 1,
      "amount": 0.5,
      "owner": {
        "id": 6651,
        "type": "account"
      }
    },
    {
      "rate": 1,
      "amount": 1,
      "owner": {
        "id": 6374,
        "type": "account"
      }
    },
    {
      "rate": 1.06,
      "amount": 1,
      "owner": {
        "id": 5548,
        "type": "account"
      }
    },
    {
      "rate": 10,
      "amount": 1,
      "owner": {
        "id": 13534,
        "type": "account"
      }
    },
    {
      "rate": 30,
      "amount": 1,
      "owner": {
        "id": 331,
        "type": "account"
      }
    },
    {
      "rate": 55,
      "amount": 0.1,
      "owner": {
        "id": 2655,
        "type": "account"
      }
    },
    {
      "rate": 30000,
      "amount": 1,
      "owner": {
        "id": 4190,
        "type": "account"
      }
    }
  ]
}

Pobieranie danych: kursie waluty 17 z URL: https://api.eclesiar.com/market/coin/get?currency_id=17&transaction=SELL...
--- Dane o kursie waluty 17 ---
{
  "code": 200,
  "description": "Success",
  "data": [
    {
      "rate": 0.25,
      "amount": 30,
      "owner": {
        "id": 11019,
        "type": "account"
      }
    },
    {
      "rate": 0.25,
      "amount": 92.588,
      "owner": {
        "id": 498,
        "type": "holding"
      }
    },
    {
      "rate": 0.25,
      "amount": 50,
      "owner": {
        "id": 11311,
        "type": "account"
      }
    },
    {
      "rate": 0.251,
      "amount": 1256.29,
      "owner": {
        "id": 18,
        "type": "country"
      }
    },
    {
      "rate": 0.3,
      "amount": 1,
      "owner": {
        "id": 14518,
        "type": "account"
      }
    },
    {
      "rate": 0.3,
      "amount": 23,
      "owner": {
        "id": 7078,
        "type": "account"
      }
    },
    {
      "rate": 0.3,
      "amount": 10,
      "owner": {
        "id": 14805,
        "type": "account"
      }
    },
    {
      "rate": 0.9,
      "amount": 0.1,
      "owner": {
        "id": 11258,
        "type": "account"
      }
    },
    {
      "rate": 1,
      "amount": 2,
      "owner": {
        "id": 11582,
        "type": "account"
      }
    },
    {
      "rate": 1,
      "amount": 0.02,
      "owner": {
        "id": 12367,
        "type": "account"
      }
    },
    {
      "rate": 1,
      "amount": 0.02,
      "owner": {
        "id": 13097,
        "type": "account"
      }
    },
    {
      "rate": 1,
      "amount": 0.01,
      "owner": {
        "id": 5532,
        "type": "account"
      }
    },
    {
      "rate": 1,
      "amount": 1,
      "owner": {
        "id": 13677,
        "type": "account"
      }
    },
    {
      "rate": 1,
      "amount": 0.01,
      "owner": {
        "id": 2322,
        "type": "account"
      }
    },
    {
      "rate": 1,
      "amount": 0.01,
      "owner": {
        "id": 12017,
        "type": "account"
      }
    },
    {
      "rate": 1,
      "amount": 2,
      "owner": {
        "id": 9872,
        "type": "account"
      }
    },
    {
      "rate": 1,
      "amount": 1,
      "owner": {
        "id": 16217,
        "type": "account"
      }
    },
    {
      "rate": 1,
      "amount": 1,
      "owner": {
        "id": 13898,
        "type": "account"
      }
    },
    {
      "rate": 1,
      "amount": 1,
      "owner": {
        "id": 6782,
        "type": "account"
      }
    },
    {
      "rate": 1,
      "amount": 1,
      "owner": {
        "id": 15105,
        "type": "account"
      }
    },
    {
      "rate": 1,
      "amount": 1,
      "owner": {
        "id": 14319,
        "type": "account"
      }
    },
    {
      "rate": 1,
      "amount": 0.03,
      "owner": {
        "id": 10264,
        "type": "account"
      }
    },
    {
      "rate": 1,
      "amount": 1,
      "owner": {
        "id": 13641,
        "type": "account"
      }
    },
    {
      "rate": 1,
      "amount": 4.06,
      "owner": {
        "id": 12260,
        "type": "account"
     ... (truncated)

Pobieranie danych: kursie waluty 18 z URL: https://api.eclesiar.com/market/coin/get?currency_id=18&transaction=SELL...
--- Dane o kursie waluty 18 ---
{
  "code": 200,
  "description": "Success",
  "data": [
    {
      "rate": 0.039,
      "amount": 0.799,
      "owner": {
        "id": 14227,
        "type": "account"
      }
    },
    {
      "rate": 0.04,
      "amount": 0.8,
      "owner": {
        "id": 10357,
        "type": "account"
      }
    },
    {
      "rate": 0.048,
      "amount": 2912.996,
      "owner": {
        "id": 2397,
        "type": "account"
      }
    },
    {
      "rate": 0.049,
      "amount": 2000,
      "owner": {
        "id": 142,
        "type": "holding"
      }
    },
    {
      "rate": 0.05,
      "amount": 110,
      "owner": {
        "id": 1251,
        "type": "account"
      }
    },
    {
      "rate": 0.05,
      "amount": 0.032,
      "owner": {
        "id": 82,
        "type": "holding"
      }
    },
    {
      "rate": 0.052,
      "amount": 69.71,
      "owner": {
        "id": 1659,
        "type": "account"
      }
    },
    {
      "rate": 0.1,
      "amount": 0.1,
      "owner": {
        "id": 1140,
        "type": "account"
      }
    },
    {
      "rate": 0.101,
      "amount": 0.01,
      "owner": {
        "id": 36,
        "type": "country"
      }
    },
    {
      "rate": 0.195,
      "amount": 2.99,
      "owner": {
        "id": 1251,
        "type": "account"
      }
    },
    {
      "rate": 0.5,
      "amount": 80,
      "owner": {
        "id": 19,
        "type": "country"
      }
    },
    {
      "rate": 1,
      "amount": 1,
      "owner": {
        "id": 1597,
        "type": "account"
      }
    },
    {
      "rate": 1,
      "amount": 30,
      "owner": {
        "id": 5788,
        "type": "account"
      }
    },
    {
      "rate": 1,
      "amount": 19,
      "owner": {
        "id": 1903,
        "type": "account"
      }
    },
    {
      "rate": 1,
      "amount": 27.3,
      "owner": {
        "id": 1249,
        "type": "account"
      }
    },
    {
      "rate": 1,
      "amount": 1,
      "owner": {
        "id": 5244,
        "type": "account"
      }
    },
    {
      "rate": 1,
      "amount": 1,
      "owner": {
        "id": 5947,
        "type": "account"
      }
    },
    {
      "rate": 1,
      "amount": 1,
      "owner": {
        "id": 1255,
        "type": "account"
      }
    },
    {
      "rate": 1,
      "amount": 0.2,
      "owner": {
        "id": 2595,
        "type": "account"
      }
    },
    {
      "rate": 1,
      "amount": 1,
      "owner": {
        "id": 9408,
        "type": "account"
      }
    },
    {
      "rate": 1,
      "amount": 1,
      "owner": {
        "id": 2322,
        "type": "account"
      }
    },
    {
      "rate": 5,
      "amount": 0.035,
      "owner": {
        "id": 5194,
        "type": "account"
      }
    },
    {
      "rate": 30,
      "amount": 0.7,
      "owner": {
        "id": 9408,
        "type": "account"
      }
    },
    {
      "rate": 50,
      "amount": 1,
      "owner": {
        "id": 2529,
        "type": "accou... (truncated)

Pobieranie danych: kursie waluty 19 z URL: https://api.eclesiar.com/market/coin/get?currency_id=19&transaction=SELL...
--- Dane o kursie waluty 19 ---
{
  "code": 200,
  "description": "Success",
  "data": [
    {
      "rate": 0.1,
      "amount": 197.708,
      "owner": {
        "id": 440,
        "type": "holding"
      }
    },
    {
      "rate": 0.1,
      "amount": 1830,
      "owner": {
        "id": 20,
        "type": "country"
      }
    },
    {
      "rate": 0.11,
      "amount": 300,
      "owner": {
        "id": 2178,
        "type": "account"
      }
    },
    {
      "rate": 0.25,
      "amount": 54,
      "owner": {
        "id": 8944,
        "type": "account"
      }
    },
    {
      "rate": 0.5,
      "amount": 0.4,
      "owner": {
        "id": 2394,
        "type": "account"
      }
    },
    {
      "rate": 0.98,
      "amount": 5,
      "owner": {
        "id": 1968,
        "type": "account"
      }
    },
    {
      "rate": 0.99,
      "amount": 10,
      "owner": {
        "id": 1651,
        "type": "account"
      }
    },
    {
      "rate": 0.994,
      "amount": 0.1,
      "owner": {
        "id": 4531,
        "type": "account"
      }
    },
    {
      "rate": 1,
      "amount": 4,
      "owner": {
        "id": 2987,
        "type": "account"
      }
    },
    {
      "rate": 1,
      "amount": 1,
      "owner": {
        "id": 2332,
        "type": "account"
      }
    },
    {
      "rate": 1,
      "amount": 6,
      "owner": {
        "id": 9585,
        "type": "account"
      }
    },
    {
      "rate": 1,
      "amount": 1,
      "owner": {
        "id": 5500,
        "type": "account"
      }
    },
    {
      "rate": 1,
      "amount": 0.1,
      "owner": {
        "id": 8031,
        "type": "account"
      }
    },
    {
      "rate": 1,
      "amount": 2,
      "owner": {
        "id": 331,
        "type": "account"
      }
    },
    {
      "rate": 1,
      "amount": 2,
      "owner": {
        "id": 12336,
        "type": "account"
      }
    },
    {
      "rate": 1,
      "amount": 10.3,
      "owner": {
        "id": 6171,
        "type": "account"
      }
    },
    {
      "rate": 1,
      "amount": 10,
      "owner": {
        "id": 12563,
        "type": "account"
      }
    },
    {
      "rate": 1,
      "amount": 7.857,
      "owner": {
        "id": 12350,
        "type": "account"
      }
    },
    {
      "rate": 1,
      "amount": 0.02,
      "owner": {
        "id": 326,
        "type": "account"
      }
    },
    {
      "rate": 1,
      "amount": 0.999,
      "owner": {
        "id": 654,
        "type": "account"
      }
    },
    {
      "rate": 1,
      "amount": 2,
      "owner": {
        "id": 2286,
        "type": "account"
      }
    },
    {
      "rate": 2,
      "amount": 2,
      "owner": {
        "id": 2382,
        "type": "account"
      }
    },
    {
      "rate": 6,
      "amount": 0.002,
      "owner": {
        "id": 9342,
        "type": "account"
      }
    },
    {
      "rate": 8,
      "amount": 1,
      "owner": {
        "id": 5698,
        "type": "account"
      }
    },
    {
... (truncated)

Pobieranie danych: kursie waluty 20 z URL: https://api.eclesiar.com/market/coin/get?currency_id=20&transaction=SELL...
--- Dane o kursie waluty 20 ---
{
  "code": 200,
  "description": "Success",
  "data": [
    {
      "rate": 0.16,
      "amount": 290,
      "owner": {
        "id": 21,
        "type": "country"
      }
    },
    {
      "rate": 0.16,
      "amount": 200,
      "owner": {
        "id": 10667,
        "type": "account"
      }
    },
    {
      "rate": 0.16,
      "amount": 1,
      "owner": {
        "id": 960,
        "type": "account"
      }
    },
    {
      "rate": 0.18,
      "amount": 0.5,
      "owner": {
        "id": 11391,
        "type": "account"
      }
    },
    {
      "rate": 0.2,
      "amount": 101,
      "owner": {
        "id": 6555,
        "type": "account"
      }
    },
    {
      "rate": 0.2,
      "amount": 1,
      "owner": {
        "id": 12418,
        "type": "account"
      }
    },
    {
      "rate": 0.5,
      "amount": 28,
      "owner": {
        "id": 6006,
        "type": "account"
      }
    },
    {
      "rate": 1,
      "amount": 7,
      "owner": {
        "id": 9663,
        "type": "account"
      }
    },
    {
      "rate": 1,
      "amount": 9,
      "owner": {
        "id": 10900,
        "type": "account"
      }
    },
    {
      "rate": 1,
      "amount": 5,
      "owner": {
        "id": 9418,
        "type": "account"
      }
    },
    {
      "rate": 1,
      "amount": 7.2,
      "owner": {
        "id": 9268,
        "type": "account"
      }
    },
    {
      "rate": 1,
      "amount": 1.1,
      "owner": {
        "id": 9401,
        "type": "account"
      }
    },
    {
      "rate": 1,
      "amount": 4,
      "owner": {
        "id": 10240,
        "type": "account"
      }
    },
    {
      "rate": 1,
      "amount": 3,
      "owner": {
        "id": 3761,
        "type": "account"
      }
    },
    {
      "rate": 1,
      "amount": 2,
      "owner": {
        "id": 9897,
        "type": "account"
      }
    },
    {
      "rate": 1,
      "amount": 1,
      "owner": {
        "id": 7839,
        "type": "account"
      }
    },
    {
      "rate": 1,
      "amount": 1,
      "owner": {
        "id": 16451,
        "type": "account"
      }
    },
    {
      "rate": 1,
      "amount": 10,
      "owner": {
        "id": 10210,
        "type": "account"
      }
    },
    {
      "rate": 1,
      "amount": 1,
      "owner": {
        "id": 960,
        "type": "account"
      }
    },
    {
      "rate": 1,
      "amount": 4.1,
      "owner": {
        "id": 12113,
        "type": "account"
      }
    },
    {
      "rate": 1,
      "amount": 2,
      "owner": {
        "id": 1570,
        "type": "account"
      }
    },
    {
      "rate": 1,
      "amount": 3,
      "owner": {
        "id": 10226,
        "type": "account"
      }
    },
    {
      "rate": 1,
      "amount": 1,
      "owner": {
        "id": 10682,
        "type": "account"
      }
    },
    {
      "rate": 1,
      "amount": 1,
      "owner": {
        "id": 4023,
        "type": "account"
      }
    },
    {
      "rate": 1,
... (truncated)

Pobieranie danych: kursie waluty 21 z URL: https://api.eclesiar.com/market/coin/get?currency_id=21&transaction=SELL...
--- Dane o kursie waluty 21 ---
{
  "code": 200,
  "description": "Success",
  "data": [
    {
      "rate": 0.225,
      "amount": 120,
      "owner": {
        "id": 14059,
        "type": "account"
      }
    },
    {
      "rate": 0.226,
      "amount": 12.298,
      "owner": {
        "id": 14227,
        "type": "account"
      }
    },
    {
      "rate": 0.229,
      "amount": 14.25,
      "owner": {
        "id": 9611,
        "type": "account"
      }
    },
    {
      "rate": 0.231,
      "amount": 40,
      "owner": {
        "id": 567,
        "type": "holding"
      }
    },
    {
      "rate": 0.245,
      "amount": 4,
      "owner": {
        "id": 13769,
        "type": "account"
      }
    },
    {
      "rate": 0.249,
      "amount": 497,
      "owner": {
        "id": 5413,
        "type": "account"
      }
    },
    {
      "rate": 0.25,
      "amount": 300,
      "owner": {
        "id": 22,
        "type": "country"
      }
    },
    {
      "rate": 0.256,
      "amount": 1,
      "owner": {
        "id": 257,
        "type": "account"
      }
    },
    {
      "rate": 0.26,
      "amount": 139.44,
      "owner": {
        "id": 213,
        "type": "holding"
      }
    },
    {
      "rate": 0.374,
      "amount": 0.008,
      "owner": {
        "id": 1797,
        "type": "npc"
      }
    },
    {
      "rate": 0.8,
      "amount": 0.28,
      "owner": {
        "id": 2560,
        "type": "account"
      }
    },
    {
      "rate": 0.93,
      "amount": 1,
      "owner": {
        "id": 9047,
        "type": "account"
      }
    },
    {
      "rate": 1,
      "amount": 1,
      "owner": {
        "id": 2419,
        "type": "account"
      }
    },
    {
      "rate": 1,
      "amount": 1,
      "owner": {
        "id": 10900,
        "type": "account"
      }
    },
    {
      "rate": 1,
      "amount": 1,
      "owner": {
        "id": 9933,
        "type": "account"
      }
    },
    {
      "rate": 1,
      "amount": 1,
      "owner": {
        "id": 6089,
        "type": "account"
      }
    },
    {
      "rate": 1,
      "amount": 3,
      "owner": {
        "id": 6090,
        "type": "account"
      }
    },
    {
      "rate": 1,
      "amount": 3,
      "owner": {
        "id": 8187,
        "type": "account"
      }
    },
    {
      "rate": 1,
      "amount": 1,
      "owner": {
        "id": 9754,
        "type": "account"
      }
    },
    {
      "rate": 1,
      "amount": 0.01,
      "owner": {
        "id": 1554,
        "type": "account"
      }
    },
    {
      "rate": 1,
      "amount": 1,
      "owner": {
        "id": 10041,
        "type": "account"
      }
    },
    {
      "rate": 1,
      "amount": 1,
      "owner": {
        "id": 8028,
        "type": "account"
      }
    },
    {
      "rate": 1,
      "amount": 1,
      "owner": {
        "id": 257,
        "type": "account"
      }
    },
    {
      "rate": 1,
      "amount": 1,
      "owner": {
        "id": 9722,
        "type": "account"
      }
 ... (truncated)

Pobieranie danych: kursie waluty 22 z URL: https://api.eclesiar.com/market/coin/get?currency_id=22&transaction=SELL...
--- Dane o kursie waluty 22 ---
{
  "code": 200,
  "description": "Success",
  "data": [
    {
      "rate": 0.15,
      "amount": 2.063,
      "owner": {
        "id": 13529,
        "type": "account"
      }
    },
    {
      "rate": 0.159,
      "amount": 298.628,
      "owner": {
        "id": 23,
        "type": "country"
      }
    },
    {
      "rate": 0.16,
      "amount": 363.453,
      "owner": {
        "id": 5733,
        "type": "account"
      }
    },
    {
      "rate": 0.267,
      "amount": 22.5,
      "owner": {
        "id": 11546,
        "type": "account"
      }
    },
    {
      "rate": 0.271,
      "amount": 17,
      "owner": {
        "id": 12174,
        "type": "account"
      }
    },
    {
      "rate": 0.28,
      "amount": 30,
      "owner": {
        "id": 11238,
        "type": "account"
      }
    },
    {
      "rate": 1,
      "amount": 0.01,
      "owner": {
        "id": 2322,
        "type": "account"
      }
    },
    {
      "rate": 2,
      "amount": 1,
      "owner": {
        "id": 5599,
        "type": "account"
      }
    },
    {
      "rate": 3,
      "amount": 1,
      "owner": {
        "id": 5599,
        "type": "account"
      }
    },
    {
      "rate": 4.8,
      "amount": 2,
      "owner": {
        "id": 7406,
        "type": "account"
      }
    },
    {
      "rate": 5,
      "amount": 1,
      "owner": {
        "id": 5599,
        "type": "account"
      }
    },
    {
      "rate": 10,
      "amount": 1,
      "owner": {
        "id": 13494,
        "type": "account"
      }
    },
    {
      "rate": 60,
      "amount": 1,
      "owner": {
        "id": 9834,
        "type": "account"
      }
    },
    {
      "rate": 1000,
      "amount": 0.681,
      "owner": {
        "id": 913,
        "type": "account"
      }
    },
    {
      "rate": 25843,
      "amount": 1,
      "owner": {
        "id": 6013,
        "type": "account"
      }
    },
    {
      "rate": 50000,
      "amount": 1,
      "owner": {
        "id": 6013,
        "type": "account"
      }
    }
  ]
}

Pobieranie danych: kursie waluty 23 z URL: https://api.eclesiar.com/market/coin/get?currency_id=23&transaction=SELL...
--- Dane o kursie waluty 23 ---
{
  "code": 200,
  "description": "Success",
  "data": [
    {
      "rate": 0.098,
      "amount": 5,
      "owner": {
        "id": 117,
        "type": "militaryunit"
      }
    },
    {
      "rate": 0.099,
      "amount": 30.491,
      "owner": {
        "id": 6075,
        "type": "account"
      }
    },
    {
      "rate": 0.1,
      "amount": 42.394,
      "owner": {
        "id": 5878,
        "type": "account"
      }
    },
    {
      "rate": 0.1,
      "amount": 196,
      "owner": {
        "id": 24,
        "type": "country"
      }
    },
    {
      "rate": 0.1,
      "amount": 400,
      "owner": {
        "id": 1457,
        "type": "account"
      }
    },
    {
      "rate": 0.1,
      "amount": 38.8,
      "owner": {
        "id": 1614,
        "type": "account"
      }
    },
    {
      "rate": 0.101,
      "amount": 0.002,
      "owner": {
        "id": 227,
        "type": "holding"
      }
    },
    {
      "rate": 0.106,
      "amount": 2,
      "owner": {
        "id": 1202,
        "type": "account"
      }
    },
    {
      "rate": 0.143,
      "amount": 8.99,
      "owner": {
        "id": 1659,
        "type": "account"
      }
    },
    {
      "rate": 0.161,
      "amount": 0.08,
      "owner": {
        "id": 67,
        "type": "holding"
      }
    },
    {
      "rate": 0.164,
      "amount": 1,
      "owner": {
        "id": 1442,
        "type": "account"
      }
    },
    {
      "rate": 0.185,
      "amount": 0.89,
      "owner": {
        "id": 5500,
        "type": "account"
      }
    },
    {
      "rate": 0.4,
      "amount": 1,
      "owner": {
        "id": 1442,
        "type": "account"
      }
    },
    {
      "rate": 0.448,
      "amount": 15.257,
      "owner": {
        "id": 2863,
        "type": "account"
      }
    },
    {
      "rate": 0.48,
      "amount": 1,
      "owner": {
        "id": 2863,
        "type": "account"
      }
    },
    {
      "rate": 1,
      "amount": 1,
      "owner": {
        "id": 10051,
        "type": "account"
      }
    },
    {
      "rate": 1,
      "amount": 1,
      "owner": {
        "id": 6625,
        "type": "account"
      }
    },
    {
      "rate": 1,
      "amount": 1,
      "owner": {
        "id": 12350,
        "type": "account"
      }
    },
    {
      "rate": 1,
      "amount": 0.1,
      "owner": {
        "id": 1577,
        "type": "account"
      }
    },
    {
      "rate": 1,
      "amount": 0.4,
      "owner": {
        "id": 2626,
        "type": "account"
      }
    },
    {
      "rate": 1,
      "amount": 1,
      "owner": {
        "id": 3446,
        "type": "account"
      }
    },
    {
      "rate": 1,
      "amount": 3,
      "owner": {
        "id": 9415,
        "type": "account"
      }
    },
    {
      "rate": 1,
      "amount": 1,
      "owner": {
        "id": 9404,
        "type": "account"
      }
    },
    {
      "rate": 1,
      "amount": 1,
      "owner": {
        "id": 9418,
        "type":... (truncated)

Pobieranie danych: kursie waluty 24 z URL: https://api.eclesiar.com/market/coin/get?currency_id=24&transaction=SELL...
--- Dane o kursie waluty 24 ---
{
  "code": 200,
  "description": "Success",
  "data": [
    {
      "rate": 0.023,
      "amount": 25.987,
      "owner": {
        "id": 11890,
        "type": "account"
      }
    },
    {
      "rate": 0.024,
      "amount": 794,
      "owner": {
        "id": 25,
        "type": "country"
      }
    },
    {
      "rate": 0.029,
      "amount": 83.823,
      "owner": {
        "id": 368,
        "type": "holding"
      }
    },
    {
      "rate": 0.031,
      "amount": 331,
      "owner": {
        "id": 11045,
        "type": "account"
      }
    },
    {
      "rate": 0.032,
      "amount": 7.586,
      "owner": {
        "id": 10182,
        "type": "account"
      }
    },
    {
      "rate": 0.04,
      "amount": 100,
      "owner": {
        "id": 446,
        "type": "holding"
      }
    },
    {
      "rate": 0.057,
      "amount": 212.797,
      "owner": {
        "id": 458,
        "type": "holding"
      }
    },
    {
      "rate": 0.098,
      "amount": 24.528,
      "owner": {
        "id": 11311,
        "type": "account"
      }
    },
    {
      "rate": 0.16,
      "amount": 100,
      "owner": {
        "id": 9705,
        "type": "account"
      }
    },
    {
      "rate": 0.3,
      "amount": 0.97,
      "owner": {
        "id": 3905,
        "type": "account"
      }
    },
    {
      "rate": 0.5,
      "amount": 0.97,
      "owner": {
        "id": 3902,
        "type": "account"
      }
    },
    {
      "rate": 0.5,
      "amount": 1,
      "owner": {
        "id": 7132,
        "type": "account"
      }
    },
    {
      "rate": 1,
      "amount": 10,
      "owner": {
        "id": 9404,
        "type": "account"
      }
    },
    {
      "rate": 1,
      "amount": 1,
      "owner": {
        "id": 9418,
        "type": "account"
      }
    },
    {
      "rate": 1,
      "amount": 1,
      "owner": {
        "id": 9415,
        "type": "account"
      }
    },
    {
      "rate": 1,
      "amount": 1,
      "owner": {
        "id": 7132,
        "type": "account"
      }
    },
    {
      "rate": 1,
      "amount": 4,
      "owner": {
        "id": 3936,
        "type": "account"
      }
    },
    {
      "rate": 1000,
      "amount": 0.99,
      "owner": {
        "id": 477,
        "type": "holding"
      }
    },
    {
      "rate": 1000,
      "amount": 1,
      "owner": {
        "id": 7132,
        "type": "account"
      }
    }
  ]
}

Pobieranie danych: kursie waluty 25 z URL: https://api.eclesiar.com/market/coin/get?currency_id=25&transaction=SELL...
--- Dane o kursie waluty 25 ---
{
  "code": 200,
  "description": "Success",
  "data": [
    {
      "rate": 0.099,
      "amount": 150,
      "owner": {
        "id": 8826,
        "type": "account"
      }
    },
    {
      "rate": 0.1,
      "amount": 1855.856,
      "owner": {
        "id": 26,
        "type": "country"
      }
    },
    {
      "rate": 0.1,
      "amount": 150,
      "owner": {
        "id": 425,
        "type": "holding"
      }
    },
    {
      "rate": 0.118,
      "amount": 17,
      "owner": {
        "id": 15197,
        "type": "account"
      }
    },
    {
      "rate": 0.12,
      "amount": 5,
      "owner": {
        "id": 6798,
        "type": "account"
      }
    },
    {
      "rate": 0.124,
      "amount": 11.7,
      "owner": {
        "id": 1659,
        "type": "account"
      }
    },
    {
      "rate": 0.125,
      "amount": 10,
      "owner": {
        "id": 4804,
        "type": "account"
      }
    },
    {
      "rate": 1,
      "amount": 2,
      "owner": {
        "id": 5583,
        "type": "account"
      }
    },
    {
      "rate": 1,
      "amount": 1,
      "owner": {
        "id": 7033,
        "type": "account"
      }
    },
    {
      "rate": 1,
      "amount": 1,
      "owner": {
        "id": 7177,
        "type": "account"
      }
    },
    {
      "rate": 1,
      "amount": 1,
      "owner": {
        "id": 1255,
        "type": "account"
      }
    },
    {
      "rate": 1,
      "amount": 0.042,
      "owner": {
        "id": 6798,
        "type": "account"
      }
    },
    {
      "rate": 1,
      "amount": 11.9,
      "owner": {
        "id": 4637,
        "type": "account"
      }
    },
    {
      "rate": 9,
      "amount": 0.02,
      "owner": {
        "id": 2655,
        "type": "account"
      }
    },
    {
      "rate": 10,
      "amount": 1,
      "owner": {
        "id": 5227,
        "type": "account"
      }
    },
    {
      "rate": 20,
      "amount": 1,
      "owner": {
        "id": 349,
        "type": "account"
      }
    },
    {
      "rate": 25,
      "amount": 4,
      "owner": {
        "id": 9705,
        "type": "account"
      }
    },
    {
      "rate": 27.4,
      "amount": 5,
      "owner": {
        "id": 5583,
        "type": "account"
      }
    },
    {
      "rate": 30,
      "amount": 1.17,
      "owner": {
        "id": 9705,
        "type": "account"
      }
    }
  ]
}

Pobieranie danych: kursie waluty 26 z URL: https://api.eclesiar.com/market/coin/get?currency_id=26&transaction=SELL...
--- Dane o kursie waluty 26 ---
{
  "code": 200,
  "description": "Success",
  "data": [
    {
      "rate": 0.195,
      "amount": 0.649,
      "owner": {
        "id": 6075,
        "type": "account"
      }
    },
    {
      "rate": 0.198,
      "amount": 16,
      "owner": {
        "id": 14309,
        "type": "account"
      }
    },
    {
      "rate": 0.199,
      "amount": 99.911,
      "owner": {
        "id": 27,
        "type": "country"
      }
    },
    {
      "rate": 0.2,
      "amount": 333.384,
      "owner": {
        "id": 548,
        "type": "holding"
      }
    },
    {
      "rate": 0.215,
      "amount": 0.136,
      "owner": {
        "id": 11752,
        "type": "account"
      }
    },
    {
      "rate": 0.229,
      "amount": 150,
      "owner": {
        "id": 11718,
        "type": "account"
      }
    },
    {
      "rate": 0.23,
      "amount": 1,
      "owner": {
        "id": 16138,
        "type": "account"
      }
    },
    {
      "rate": 0.231,
      "amount": 3.855,
      "owner": {
        "id": 180,
        "type": "holding"
      }
    },
    {
      "rate": 0.274,
      "amount": 11,
      "owner": {
        "id": 13412,
        "type": "account"
      }
    },
    {
      "rate": 0.277,
      "amount": 39.894,
      "owner": {
        "id": 1532,
        "type": "account"
      }
    },
    {
      "rate": 0.284,
      "amount": 11.773,
      "owner": {
        "id": 9611,
        "type": "account"
      }
    },
    {
      "rate": 0.535,
      "amount": 3.75,
      "owner": {
        "id": 13984,
        "type": "account"
      }
    },
    {
      "rate": 0.56,
      "amount": 4.9,
      "owner": {
        "id": 12598,
        "type": "account"
      }
    },
    {
      "rate": 0.989,
      "amount": 13.346,
      "owner": {
        "id": 8826,
        "type": "account"
      }
    },
    {
      "rate": 1,
      "amount": 1,
      "owner": {
        "id": 12572,
        "type": "account"
      }
    },
    {
      "rate": 1,
      "amount": 10,
      "owner": {
        "id": 2276,
        "type": "account"
      }
    },
    {
      "rate": 1,
      "amount": 60,
      "owner": {
        "id": 1530,
        "type": "account"
      }
    },
    {
      "rate": 1,
      "amount": 0.1,
      "owner": {
        "id": 1577,
        "type": "account"
      }
    },
    {
      "rate": 1.001,
      "amount": 0.001,
      "owner": {
        "id": 491,
        "type": "holding"
      }
    },
    {
      "rate": 1000,
      "amount": 0.01,
      "owner": {
        "id": 9716,
        "type": "account"
      }
    },
    {
      "rate": 1000,
      "amount": 1,
      "owner": {
        "id": 12987,
        "type": "account"
      }
    },
    {
      "rate": 10000,
      "amount": 0.1,
      "owner": {
        "id": 3936,
        "type": "account"
      }
    }
  ]
}

Pobieranie danych: kursie waluty 27 z URL: https://api.eclesiar.com/market/coin/get?currency_id=27&transaction=SELL...
--- Dane o kursie waluty 27 ---
{
  "code": 200,
  "description": "Success",
  "data": [
    {
      "rate": 0.079,
      "amount": 222.784,
      "owner": {
        "id": 200,
        "type": "holding"
      }
    },
    {
      "rate": 0.08,
      "amount": 149.98,
      "owner": {
        "id": 282,
        "type": "account"
      }
    },
    {
      "rate": 0.084,
      "amount": 103.955,
      "owner": {
        "id": 1532,
        "type": "account"
      }
    },
    {
      "rate": 0.088,
      "amount": 4.244,
      "owner": {
        "id": 10726,
        "type": "account"
      }
    },
    {
      "rate": 0.088,
      "amount": 118,
      "owner": {
        "id": 74,
        "type": "holding"
      }
    },
    {
      "rate": 0.089,
      "amount": 11,
      "owner": {
        "id": 233,
        "type": "holding"
      }
    },
    {
      "rate": 0.097,
      "amount": 54,
      "owner": {
        "id": 50,
        "type": "holding"
      }
    },
    {
      "rate": 0.099,
      "amount": 500,
      "owner": {
        "id": 2086,
        "type": "account"
      }
    },
    {
      "rate": 0.1,
      "amount": 2.97,
      "owner": {
        "id": 1543,
        "type": "account"
      }
    },
    {
      "rate": 0.1,
      "amount": 2.99,
      "owner": {
        "id": 4995,
        "type": "account"
      }
    },
    {
      "rate": 0.1,
      "amount": 91.088,
      "owner": {
        "id": 262,
        "type": "account"
      }
    },
    {
      "rate": 0.12,
      "amount": 0.009,
      "owner": {
        "id": 491,
        "type": "holding"
      }
    },
    {
      "rate": 0.25,
      "amount": 26.678,
      "owner": {
        "id": 213,
        "type": "holding"
      }
    },
    {
      "rate": 1,
      "amount": 0.1,
      "owner": {
        "id": 1762,
        "type": "account"
      }
    },
    {
      "rate": 1,
      "amount": 1,
      "owner": {
        "id": 398,
        "type": "holding"
      }
    },
    {
      "rate": 1,
      "amount": 2,
      "owner": {
        "id": 2595,
        "type": "account"
      }
    },
    {
      "rate": 1,
      "amount": 1,
      "owner": {
        "id": 4852,
        "type": "account"
      }
    },
    {
      "rate": 1,
      "amount": 3,
      "owner": {
        "id": 2382,
        "type": "account"
      }
    },
    {
      "rate": 1,
      "amount": 37,
      "owner": {
        "id": 1764,
        "type": "account"
      }
    },
    {
      "rate": 1,
      "amount": 11,
      "owner": {
        "id": 1932,
        "type": "account"
      }
    },
    {
      "rate": 1,
      "amount": 0.1,
      "owner": {
        "id": 1517,
        "type": "account"
      }
    },
    {
      "rate": 1,
      "amount": 1,
      "owner": {
        "id": 1064,
        "type": "account"
      }
    },
    {
      "rate": 2.1,
      "amount": 2,
      "owner": {
        "id": 3056,
        "type": "account"
      }
    },
    {
      "rate": 22,
      "amount": 0.009,
      "owner": {
        "id": 2655,
        "ty... (truncated)

Pobieranie danych: kursie waluty 28 z URL: https://api.eclesiar.com/market/coin/get?currency_id=28&transaction=SELL...
--- Dane o kursie waluty 28 ---
{
  "code": 200,
  "description": "Success",
  "data": [
    {
      "rate": 0.089,
      "amount": 40,
      "owner": {
        "id": 117,
        "type": "militaryunit"
      }
    },
    {
      "rate": 0.09,
      "amount": 0.23,
      "owner": {
        "id": 13529,
        "type": "account"
      }
    },
    {
      "rate": 0.1,
      "amount": 496.511,
      "owner": {
        "id": 2406,
        "type": "account"
      }
    },
    {
      "rate": 0.1,
      "amount": 1,
      "owner": {
        "id": 7209,
        "type": "account"
      }
    },
    {
      "rate": 0.102,
      "amount": 57.02,
      "owner": {
        "id": 14227,
        "type": "account"
      }
    },
    {
      "rate": 0.103,
      "amount": 60,
      "owner": {
        "id": 358,
        "type": "holding"
      }
    },
    {
      "rate": 0.105,
      "amount": 50,
      "owner": {
        "id": 14309,
        "type": "account"
      }
    },
    {
      "rate": 0.108,
      "amount": 200,
      "owner": {
        "id": 108,
        "type": "holding"
      }
    },
    {
      "rate": 0.118,
      "amount": 0.05,
      "owner": {
        "id": 7048,
        "type": "account"
      }
    },
    {
      "rate": 0.119,
      "amount": 63.7,
      "owner": {
        "id": 6075,
        "type": "account"
      }
    },
    {
      "rate": 0.128,
      "amount": 1,
      "owner": {
        "id": 2959,
        "type": "account"
      }
    },
    {
      "rate": 0.13,
      "amount": 1.4,
      "owner": {
        "id": 5366,
        "type": "account"
      }
    },
    {
      "rate": 0.15,
      "amount": 0.186,
      "owner": {
        "id": 3542,
        "type": "account"
      }
    },
    {
      "rate": 0.161,
      "amount": 14.335,
      "owner": {
        "id": 9271,
        "type": "account"
      }
    },
    {
      "rate": 0.165,
      "amount": 100,
      "owner": {
        "id": 2472,
        "type": "account"
      }
    },
    {
      "rate": 0.173,
      "amount": 39.9,
      "owner": {
        "id": 343,
        "type": "account"
      }
    },
    {
      "rate": 0.2,
      "amount": 0.003,
      "owner": {
        "id": 2629,
        "type": "account"
      }
    },
    {
      "rate": 0.201,
      "amount": 0.005,
      "owner": {
        "id": 491,
        "type": "holding"
      }
    },
    {
      "rate": 0.473,
      "amount": 33,
      "owner": {
        "id": 204,
        "type": "account"
      }
    },
    {
      "rate": 0.5,
      "amount": 0.49,
      "owner": {
        "id": 1321,
        "type": "account"
      }
    },
    {
      "rate": 0.68,
      "amount": 29,
      "owner": {
        "id": 7738,
        "type": "account"
      }
    },
    {
      "rate": 1,
      "amount": 3,
      "owner": {
        "id": 953,
        "type": "account"
      }
    },
    {
      "rate": 1,
      "amount": 1,
      "owner": {
        "id": 10040,
        "type": "account"
      }
    },
    {
      "rate": 1,
      "amount": 0.074,
      "own... (truncated)

Pobieranie danych: kursie waluty 29 z URL: https://api.eclesiar.com/market/coin/get?currency_id=29&transaction=SELL...
--- Dane o kursie waluty 29 ---
{
  "code": 200,
  "description": "Success",
  "data": [
    {
      "rate": 0.378,
      "amount": 5,
      "owner": {
        "id": 117,
        "type": "militaryunit"
      }
    },
    {
      "rate": 0.379,
      "amount": 8.99,
      "owner": {
        "id": 12431,
        "type": "account"
      }
    },
    {
      "rate": 0.38,
      "amount": 1000,
      "owner": {
        "id": 31,
        "type": "country"
      }
    },
    {
      "rate": 0.383,
      "amount": 10.87,
      "owner": {
        "id": 14227,
        "type": "account"
      }
    },
    {
      "rate": 0.384,
      "amount": 10,
      "owner": {
        "id": 13565,
        "type": "account"
      }
    },
    {
      "rate": 0.387,
      "amount": 1.5,
      "owner": {
        "id": 7474,
        "type": "account"
      }
    },
    {
      "rate": 0.389,
      "amount": 8.39,
      "owner": {
        "id": 12431,
        "type": "account"
      }
    },
    {
      "rate": 0.399,
      "amount": 61.842,
      "owner": {
        "id": 2397,
        "type": "account"
      }
    },
    {
      "rate": 0.58,
      "amount": 1.224,
      "owner": {
        "id": 15,
        "type": "country"
      }
    },
    {
      "rate": 0.586,
      "amount": 24,
      "owner": {
        "id": 8886,
        "type": "account"
      }
    },
    {
      "rate": 0.595,
      "amount": 8.11,
      "owner": {
        "id": 11045,
        "type": "account"
      }
    },
    {
      "rate": 0.597,
      "amount": 2.013,
      "owner": {
        "id": 10726,
        "type": "account"
      }
    },
    {
      "rate": 0.666,
      "amount": 3,
      "owner": {
        "id": 14176,
        "type": "account"
      }
    },
    {
      "rate": 0.7,
      "amount": 0.81,
      "owner": {
        "id": 10182,
        "type": "account"
      }
    },
    {
      "rate": 0.74,
      "amount": 97,
      "owner": {
        "id": 2067,
        "type": "account"
      }
    },
    {
      "rate": 0.9,
      "amount": 1,
      "owner": {
        "id": 2839,
        "type": "account"
      }
    },
    {
      "rate": 1,
      "amount": 1,
      "owner": {
        "id": 4637,
        "type": "account"
      }
    },
    {
      "rate": 1,
      "amount": 1,
      "owner": {
        "id": 5583,
        "type": "account"
      }
    },
    {
      "rate": 1,
      "amount": 3,
      "owner": {
        "id": 1971,
        "type": "account"
      }
    },
    {
      "rate": 2,
      "amount": 1,
      "owner": {
        "id": 2047,
        "type": "account"
      }
    },
    {
      "rate": 2,
      "amount": 1,
      "owner": {
        "id": 2382,
        "type": "account"
      }
    },
    {
      "rate": 5,
      "amount": 1,
      "owner": {
        "id": 2089,
        "type": "account"
      }
    },
    {
      "rate": 15,
      "amount": 1,
      "owner": {
        "id": 2067,
        "type": "account"
      }
    },
    {
      "rate": 16,
      "amount": 1,
      "owner": {
        "id": 1575,
... (truncated)

Pobieranie danych: kursie waluty 30 z URL: https://api.eclesiar.com/market/coin/get?currency_id=30&transaction=SELL...
--- Dane o kursie waluty 30 ---
{
  "code": 200,
  "description": "Success",
  "data": [
    {
      "rate": 0.246,
      "amount": 4.118,
      "owner": {
        "id": 9880,
        "type": "account"
      }
    },
    {
      "rate": 0.247,
      "amount": 249.089,
      "owner": {
        "id": 32,
        "type": "country"
      }
    }
  ]
}

Pobieranie danych: kursie waluty 31 z URL: https://api.eclesiar.com/market/coin/get?currency_id=31&transaction=SELL...
--- Dane o kursie waluty 31 ---
{
  "code": 200,
  "description": "Success",
  "data": [
    {
      "rate": 0.5,
      "amount": 4.761,
      "owner": {
        "id": 11301,
        "type": "account"
      }
    },
    {
      "rate": 1,
      "amount": 8.5,
      "owner": {
        "id": 213,
        "type": "holding"
      }
    }
  ]
}

Pobieranie danych: kursie waluty 32 z URL: https://api.eclesiar.com/market/coin/get?currency_id=32&transaction=SELL...
--- Dane o kursie waluty 32 ---
{
  "code": 200,
  "description": "Success",
  "data": [
    {
      "rate": 20,
      "amount": 0.904,
      "owner": {
        "id": 9236,
        "type": "account"
      }
    }
  ]
}

Pobieranie danych: kursie waluty 33 z URL: https://api.eclesiar.com/market/coin/get?currency_id=33&transaction=SELL...
--- Dane o kursie waluty 33 ---
{
  "code": 200,
  "description": "Success",
  "data": [
    {
      "rate": 3.48,
      "amount": 10.574,
      "owner": {
        "id": 194,
        "type": "holding"
      }
    },
    {
      "rate": 3.485,
      "amount": 12.907,
      "owner": {
        "id": 213,
        "type": "holding"
      }
    },
    {
      "rate": 3.5,
      "amount": 1,
      "owner": {
        "id": 5532,
        "type": "account"
      }
    },
    {
      "rate": 4,
      "amount": 1,
      "owner": {
        "id": 5532,
        "type": "account"
      }
    },
    {
      "rate": 13,
      "amount": 0.462,
      "owner": {
        "id": 358,
        "type": "holding"
      }
    },
    {
      "rate": 13.95,
      "amount": 0.287,
      "owner": {
        "id": 4889,
        "type": "account"
      }
    },
    {
      "rate": 22.44,
      "amount": 1,
      "owner": {
        "id": 9163,
        "type": "account"
      }
    },
    {
      "rate": 100,
      "amount": 0.193,
      "owner": {
        "id": 316,
        "type": "account"
      }
    }
  ]
}

Pobieranie danych: kursie waluty 34 z URL: https://api.eclesiar.com/market/coin/get?currency_id=34&transaction=SELL...
--- Dane o kursie waluty 34 ---
{
  "code": 200,
  "description": "Success",
  "data": [
    {
      "rate": 0.102,
      "amount": 20,
      "owner": {
        "id": 14309,
        "type": "account"
      }
    },
    {
      "rate": 0.103,
      "amount": 177.6,
      "owner": {
        "id": 1849,
        "type": "account"
      }
    },
    {
      "rate": 0.104,
      "amount": 10.7,
      "owner": {
        "id": 9877,
        "type": "account"
      }
    },
    {
      "rate": 0.104,
      "amount": 8,
      "owner": {
        "id": 535,
        "type": "holding"
      }
    },
    {
      "rate": 0.105,
      "amount": 15,
      "owner": {
        "id": 10277,
        "type": "account"
      }
    },
    {
      "rate": 0.199,
      "amount": 0.005,
      "owner": {
        "id": 213,
        "type": "holding"
      }
    },
    {
      "rate": 0.299,
      "amount": 200,
      "owner": {
        "id": 9755,
        "type": "account"
      }
    },
    {
      "rate": 0.3,
      "amount": 0.996,
      "owner": {
        "id": 377,
        "type": "account"
      }
    },
    {
      "rate": 0.39,
      "amount": 0.695,
      "owner": {
        "id": 6013,
        "type": "account"
      }
    },
    {
      "rate": 0.5,
      "amount": 118.215,
      "owner": {
        "id": 1527,
        "type": "account"
      }
    },
    {
      "rate": 1,
      "amount": 1,
      "owner": {
        "id": 5921,
        "type": "account"
      }
    },
    {
      "rate": 1,
      "amount": 0.1,
      "owner": {
        "id": 5698,
        "type": "account"
      }
    },
    {
      "rate": 1,
      "amount": 5.1,
      "owner": {
        "id": 5700,
        "type": "account"
      }
    },
    {
      "rate": 1,
      "amount": 2,
      "owner": {
        "id": 2332,
        "type": "account"
      }
    },
    {
      "rate": 1,
      "amount": 2.8,
      "owner": {
        "id": 4637,
        "type": "account"
      }
    },
    {
      "rate": 1,
      "amount": 1,
      "owner": {
        "id": 465,
        "type": "account"
      }
    },
    {
      "rate": 1,
      "amount": 0.06,
      "owner": {
        "id": 1074,
        "type": "account"
      }
    },
    {
      "rate": 1,
      "amount": 1.1,
      "owner": {
        "id": 5914,
        "type": "account"
      }
    },
    {
      "rate": 1,
      "amount": 2,
      "owner": {
        "id": 5922,
        "type": "account"
      }
    },
    {
      "rate": 3.07,
      "amount": 0.75,
      "owner": {
        "id": 11019,
        "type": "account"
      }
    },
    {
      "rate": 3.07,
      "amount": 0.75,
      "owner": {
        "id": 11072,
        "type": "account"
      }
    },
    {
      "rate": 100,
      "amount": 0.1,
      "owner": {
        "id": 9330,
        "type": "account"
      }
    },
    {
      "rate": 10000,
      "amount": 0.086,
      "owner": {
        "id": 9755,
        "type": "account"
      }
    }
  ]
}

Pobieranie danych: kursie waluty 35 z URL: https://api.eclesiar.com/market/coin/get?currency_id=35&transaction=SELL...
--- Dane o kursie waluty 35 ---
{
  "code": 200,
  "description": "Success",
  "data": [
    {
      "rate": 0.19,
      "amount": 51,
      "owner": {
        "id": 11404,
        "type": "account"
      }
    },
    {
      "rate": 0.198,
      "amount": 0.94,
      "owner": {
        "id": 11045,
        "type": "account"
      }
    },
    {
      "rate": 0.198,
      "amount": 0.015,
      "owner": {
        "id": 36,
        "type": "country"
      }
    },
    {
      "rate": 0.199,
      "amount": 0.999,
      "owner": {
        "id": 12354,
        "type": "account"
      }
    },
    {
      "rate": 0.2,
      "amount": 434,
      "owner": {
        "id": 37,
        "type": "country"
      }
    },
    {
      "rate": 0.2,
      "amount": 110,
      "owner": {
        "id": 1511,
        "type": "account"
      }
    },
    {
      "rate": 0.8,
      "amount": 0.1,
      "owner": {
        "id": 5727,
        "type": "account"
      }
    },
    {
      "rate": 0.8,
      "amount": 1.87,
      "owner": {
        "id": 2332,
        "type": "account"
      }
    },
    {
      "rate": 2,
      "amount": 3,
      "owner": {
        "id": 3424,
        "type": "account"
      }
    },
    {
      "rate": 3,
      "amount": 1,
      "owner": {
        "id": 7012,
        "type": "account"
      }
    },
    {
      "rate": 5,
      "amount": 2,
      "owner": {
        "id": 6344,
        "type": "account"
      }
    },
    {
      "rate": 5,
      "amount": 1,
      "owner": {
        "id": 7073,
        "type": "account"
      }
    }
  ]
}

Pobieranie danych: kursie waluty 37 z URL: https://api.eclesiar.com/market/coin/get?currency_id=37&transaction=SELL...
--- Dane o kursie waluty 37 ---
{
  "code": 200,
  "description": "Success",
  "data": [
    {
      "rate": 0.42,
      "amount": 8.271,
      "owner": {
        "id": 14227,
        "type": "account"
      }
    },
    {
      "rate": 0.43,
      "amount": 32.912,
      "owner": {
        "id": 194,
        "type": "holding"
      }
    },
    {
      "rate": 5,
      "amount": 4.813,
      "owner": {
        "id": 10944,
        "type": "account"
      }
    },
    {
      "rate": 10,
      "amount": 4.998,
      "owner": {
        "id": 5532,
        "type": "account"
      }
    },
    {
      "rate": 99.999,
      "amount": 34.884,
      "owner": {
        "id": 7048,
        "type": "account"
      }
    },
    {
      "rate": 100,
      "amount": 10,
      "owner": {
        "id": 5648,
        "type": "account"
      }
    },
    {
      "rate": 598,
      "amount": 0.003,
      "owner": {
        "id": 8886,
        "type": "account"
      }
    }
  ]
}

Pobieranie danych: kursie waluty 36 z URL: https://api.eclesiar.com/market/coin/get?currency_id=36&transaction=SELL...
--- Dane o kursie waluty 36 ---
{
  "code": 200,
  "description": "Success",
  "data": [
    {
      "rate": 0.045,
      "amount": 112.86,
      "owner": {
        "id": 14227,
        "type": "account"
      }
    },
    {
      "rate": 0.046,
      "amount": 100.9,
      "owner": {
        "id": 14309,
        "type": "account"
      }
    },
    {
      "rate": 0.05,
      "amount": 987,
      "owner": {
        "id": 39,
        "type": "country"
      }
    },
    {
      "rate": 0.059,
      "amount": 75.9,
      "owner": {
        "id": 136,
        "type": "account"
      }
    },
    {
      "rate": 0.06,
      "amount": 1000,
      "owner": {
        "id": 39,
        "type": "country"
      }
    },
    {
      "rate": 0.1,
      "amount": 3,
      "owner": {
        "id": 4995,
        "type": "account"
      }
    },
    {
      "rate": 0.1,
      "amount": 1,
      "owner": {
        "id": 1543,
        "type": "account"
      }
    },
    {
      "rate": 0.1,
      "amount": 150,
      "owner": {
        "id": 446,
        "type": "holding"
      }
    },
    {
      "rate": 0.13,
      "amount": 98.734,
      "owner": {
        "id": 10277,
        "type": "account"
      }
    },
    {
      "rate": 0.132,
      "amount": 57.878,
      "owner": {
        "id": 1506,
        "type": "account"
      }
    },
    {
      "rate": 0.133,
      "amount": 18.276,
      "owner": {
        "id": 2322,
        "type": "account"
      }
    },
    {
      "rate": 0.138,
      "amount": 1,
      "owner": {
        "id": 5951,
        "type": "account"
      }
    },
    {
      "rate": 0.145,
      "amount": 50,
      "owner": {
        "id": 9984,
        "type": "account"
      }
    },
    {
      "rate": 0.146,
      "amount": 83.943,
      "owner": {
        "id": 427,
        "type": "holding"
      }
    },
    {
      "rate": 0.19,
      "amount": 100,
      "owner": {
        "id": 10230,
        "type": "account"
      }
    },
    {
      "rate": 0.486,
      "amount": 84.904,
      "owner": {
        "id": 9709,
        "type": "account"
      }
    },
    {
      "rate": 0.495,
      "amount": 90,
      "owner": {
        "id": 2332,
        "type": "account"
      }
    },
    {
      "rate": 0.497,
      "amount": 299.9,
      "owner": {
        "id": 2332,
        "type": "account"
      }
    },
    {
      "rate": 1,
      "amount": 0.1,
      "owner": {
        "id": 5700,
        "type": "account"
      }
    },
    {
      "rate": 1,
      "amount": 2,
      "owner": {
        "id": 214,
        "type": "account"
      }
    },
    {
      "rate": 1,
      "amount": 0.1,
      "owner": {
        "id": 1842,
        "type": "account"
      }
    },
    {
      "rate": 1,
      "amount": 1.199,
      "owner": {
        "id": 331,
        "type": "account"
      }
    },
    {
      "rate": 1,
      "amount": 3,
      "owner": {
        "id": 10945,
        "type": "account"
      }
    },
    {
      "rate": 1,
      "amount": 2,
      "owner": {
      ... (truncated)

Pobieranie danych: kursie waluty 38 z URL: https://api.eclesiar.com/market/coin/get?currency_id=38&transaction=SELL...
--- Dane o kursie waluty 38 ---
{
  "code": 200,
  "description": "Success",
  "data": [
    {
      "rate": 0.029,
      "amount": 1805.597,
      "owner": {
        "id": 14572,
        "type": "account"
      }
    },
    {
      "rate": 0.03,
      "amount": 190.8,
      "owner": {
        "id": 1064,
        "type": "account"
      }
    },
    {
      "rate": 0.033,
      "amount": 296.85,
      "owner": {
        "id": 1375,
        "type": "account"
      }
    },
    {
      "rate": 0.035,
      "amount": 0.95,
      "owner": {
        "id": 313,
        "type": "account"
      }
    },
    {
      "rate": 0.036,
      "amount": 110,
      "owner": {
        "id": 3677,
        "type": "account"
      }
    },
    {
      "rate": 0.04,
      "amount": 203,
      "owner": {
        "id": 10357,
        "type": "account"
      }
    },
    {
      "rate": 0.043,
      "amount": 167,
      "owner": {
        "id": 5733,
        "type": "account"
      }
    },
    {
      "rate": 0.1,
      "amount": 1,
      "owner": {
        "id": 11311,
        "type": "account"
      }
    },
    {
      "rate": 0.1,
      "amount": 200,
      "owner": {
        "id": 526,
        "type": "holding"
      }
    },
    {
      "rate": 0.19,
      "amount": 10,
      "owner": {
        "id": 2341,
        "type": "account"
      }
    },
    {
      "rate": 0.2,
      "amount": 1,
      "owner": {
        "id": 1442,
        "type": "account"
      }
    },
    {
      "rate": 0.21,
      "amount": 33.9,
      "owner": {
        "id": 5251,
        "type": "account"
      }
    },
    {
      "rate": 0.8,
      "amount": 1,
      "owner": {
        "id": 2332,
        "type": "account"
      }
    },
    {
      "rate": 0.8,
      "amount": 92,
      "owner": {
        "id": 4317,
        "type": "account"
      }
    },
    {
      "rate": 0.9,
      "amount": 2,
      "owner": {
        "id": 1630,
        "type": "account"
      }
    },
    {
      "rate": 1,
      "amount": 28,
      "owner": {
        "id": 2051,
        "type": "account"
      }
    },
    {
      "rate": 1,
      "amount": 3,
      "owner": {
        "id": 1074,
        "type": "account"
      }
    },
    {
      "rate": 1,
      "amount": 1,
      "owner": {
        "id": 3274,
        "type": "account"
      }
    },
    {
      "rate": 1,
      "amount": 1,
      "owner": {
        "id": 2729,
        "type": "account"
      }
    },
    {
      "rate": 1,
      "amount": 1,
      "owner": {
        "id": 2332,
        "type": "account"
      }
    },
    {
      "rate": 1,
      "amount": 1,
      "owner": {
        "id": 1630,
        "type": "account"
      }
    },
    {
      "rate": 1,
      "amount": 1,
      "owner": {
        "id": 3159,
        "type": "account"
      }
    },
    {
      "rate": 1,
      "amount": 1,
      "owner": {
        "id": 5320,
        "type": "account"
      }
    },
    {
      "rate": 1,
      "amount": 2,
      "owner": {
        "id": 5764,
        "type": "account"
... (truncated)

Pobieranie danych: kursie waluty 39 z URL: https://api.eclesiar.com/market/coin/get?currency_id=39&transaction=SELL...
--- Dane o kursie waluty 39 ---
{
  "code": 200,
  "description": "Success",
  "data": [
    {
      "rate": 0.1,
      "amount": 300,
      "owner": {
        "id": 526,
        "type": "holding"
      }
    },
    {
      "rate": 0.1,
      "amount": 5000,
      "owner": {
        "id": 41,
        "type": "country"
      }
    },
    {
      "rate": 0.1,
      "amount": 1,
      "owner": {
        "id": 63,
        "type": "militaryunit"
      }
    },
    {
      "rate": 0.1,
      "amount": 81.6,
      "owner": {
        "id": 10357,
        "type": "account"
      }
    },
    {
      "rate": 9.999,
      "amount": 1.14,
      "owner": {
        "id": 7048,
        "type": "account"
      }
    },
    {
      "rate": 10,
      "amount": 18,
      "owner": {
        "id": 11956,
        "type": "account"
      }
    },
    {
      "rate": 99.995,
      "amount": 13,
      "owner": {
        "id": 8886,
        "type": "account"
      }
    }
  ]
}

Pobieranie danych: kursie waluty 40 z URL: https://api.eclesiar.com/market/coin/get?currency_id=40&transaction=SELL...
--- Dane o kursie waluty 40 ---
{
  "code": 200,
  "description": "Success",
  "data": [
    {
      "rate": 0.447,
      "amount": 11,
      "owner": {
        "id": 14309,
        "type": "account"
      }
    },
    {
      "rate": 0.448,
      "amount": 56,
      "owner": {
        "id": 2191,
        "type": "account"
      }
    },
    {
      "rate": 0.449,
      "amount": 10.751,
      "owner": {
        "id": 1908,
        "type": "account"
      }
    },
    {
      "rate": 0.45,
      "amount": 4.98,
      "owner": {
        "id": 5519,
        "type": "account"
      }
    },
    {
      "rate": 3.1,
      "amount": 5.25,
      "owner": {
        "id": 10182,
        "type": "account"
      }
    },
    {
      "rate": 3.2,
      "amount": 9.999,
      "owner": {
        "id": 11045,
        "type": "account"
      }
    },
    {
      "rate": 8.95,
      "amount": 6.554,
      "owner": {
        "id": 213,
        "type": "holding"
      }
    },
    {
      "rate": 1000,
      "amount": 0.01,
      "owner": {
        "id": 5566,
        "type": "account"
      }
    }
  ]
}

Pobieranie danych: kursie waluty 41 z URL: https://api.eclesiar.com/market/coin/get?currency_id=41&transaction=SELL...
--- Dane o kursie waluty 41 ---
{
  "code": 200,
  "description": "Success",
  "data": [
    {
      "rate": 0.496,
      "amount": 300,
      "owner": {
        "id": 43,
        "type": "country"
      }
    },
    {
      "rate": 0.497,
      "amount": 4.217,
      "owner": {
        "id": 14227,
        "type": "account"
      }
    },
    {
      "rate": 0.499,
      "amount": 44.462,
      "owner": {
        "id": 13574,
        "type": "account"
      }
    },
    {
      "rate": 0.657,
      "amount": 15.994,
      "owner": {
        "id": 2322,
        "type": "account"
      }
    },
    {
      "rate": 0.674,
      "amount": 7.995,
      "owner": {
        "id": 9271,
        "type": "account"
      }
    },
    {
      "rate": 0.695,
      "amount": 5.2,
      "owner": {
        "id": 4721,
        "type": "account"
      }
    },
    {
      "rate": 0.707,
      "amount": 8.4,
      "owner": {
        "id": 5613,
        "type": "account"
      }
    },
    {
      "rate": 0.708,
      "amount": 10.146,
      "owner": {
        "id": 9271,
        "type": "account"
      }
    },
    {
      "rate": 0.712,
      "amount": 5,
      "owner": {
        "id": 3481,
        "type": "account"
      }
    },
    {
      "rate": 0.874,
      "amount": 1.658,
      "owner": {
        "id": 3481,
        "type": "account"
      }
    },
    {
      "rate": 0.94,
      "amount": 1,
      "owner": {
        "id": 7653,
        "type": "account"
      }
    },
    {
      "rate": 0.96,
      "amount": 1.182,
      "owner": {
        "id": 5733,
        "type": "account"
      }
    },
    {
      "rate": 1,
      "amount": 4.2,
      "owner": {
        "id": 14406,
        "type": "account"
      }
    },
    {
      "rate": 1,
      "amount": 1,
      "owner": {
        "id": 1538,
        "type": "account"
      }
    },
    {
      "rate": 1,
      "amount": 1.022,
      "owner": {
        "id": 965,
        "type": "account"
      }
    },
    {
      "rate": 1,
      "amount": 0.1,
      "owner": {
        "id": 1702,
        "type": "account"
      }
    },
    {
      "rate": 1,
      "amount": 1,
      "owner": {
        "id": 261,
        "type": "account"
      }
    },
    {
      "rate": 2.8,
      "amount": 0.75,
      "owner": {
        "id": 14495,
        "type": "account"
      }
    },
    {
      "rate": 9.95,
      "amount": 0.384,
      "owner": {
        "id": 1251,
        "type": "account"
      }
    },
    {
      "rate": 9.99,
      "amount": 0.921,
      "owner": {
        "id": 1279,
        "type": "account"
      }
    },
    {
      "rate": 10,
      "amount": 1,
      "owner": {
        "id": 13494,
        "type": "account"
      }
    },
    {
      "rate": 18,
      "amount": 0.001,
      "owner": {
        "id": 2655,
        "type": "account"
      }
    },
    {
      "rate": 55,
      "amount": 2.003,
      "owner": {
        "id": 5194,
        "type": "account"
      }
    },
    {
      "rate": 1000,
      "amount": 0.005,
      "owner... (truncated)

Pobieranie danych: kursie waluty 42 z URL: https://api.eclesiar.com/market/coin/get?currency_id=42&transaction=SELL...
--- Dane o kursie waluty 42 ---
{
  "code": 200,
  "description": "Success",
  "data": [
    {
      "rate": 0.061,
      "amount": 100,
      "owner": {
        "id": 117,
        "type": "militaryunit"
      }
    },
    {
      "rate": 0.062,
      "amount": 100,
      "owner": {
        "id": 11311,
        "type": "account"
      }
    },
    {
      "rate": 0.066,
      "amount": 119.894,
      "owner": {
        "id": 14227,
        "type": "account"
      }
    },
    {
      "rate": 0.067,
      "amount": 200,
      "owner": {
        "id": 2241,
        "type": "account"
      }
    },
    {
      "rate": 0.091,
      "amount": 98.051,
      "owner": {
        "id": 2397,
        "type": "account"
      }
    },
    {
      "rate": 0.093,
      "amount": 153.12,
      "owner": {
        "id": 2322,
        "type": "account"
      }
    },
    {
      "rate": 0.095,
      "amount": 1.52,
      "owner": {
        "id": 1481,
        "type": "account"
      }
    },
    {
      "rate": 0.1,
      "amount": 175,
      "owner": {
        "id": 526,
        "type": "holding"
      }
    },
    {
      "rate": 0.1,
      "amount": 1000,
      "owner": {
        "id": 1739,
        "type": "account"
      }
    },
    {
      "rate": 0.4,
      "amount": 800,
      "owner": {
        "id": 71,
        "type": "holding"
      }
    },
    {
      "rate": 0.458,
      "amount": 5.25,
      "owner": {
        "id": 9861,
        "type": "account"
      }
    },
    {
      "rate": 0.46,
      "amount": 5.25,
      "owner": {
        "id": 11375,
        "type": "account"
      }
    },
    {
      "rate": 1,
      "amount": 1,
      "owner": {
        "id": 1538,
        "type": "account"
      }
    },
    {
      "rate": 1,
      "amount": 1,
      "owner": {
        "id": 145,
        "type": "account"
      }
    },
    {
      "rate": 1,
      "amount": 0.019,
      "owner": {
        "id": 965,
        "type": "account"
      }
    },
    {
      "rate": 1,
      "amount": 1,
      "owner": {
        "id": 8128,
        "type": "account"
      }
    },
    {
      "rate": 1000,
      "amount": 8.632,
      "owner": {
        "id": 23,
        "type": "holding"
      }
    }
  ]
}

Pobieranie danych: kursie waluty 43 z URL: https://api.eclesiar.com/market/coin/get?currency_id=43&transaction=SELL...
--- Dane o kursie waluty 43 ---
{
  "code": 200,
  "description": "Success",
  "data": [
    {
      "rate": 0.146,
      "amount": 73.594,
      "owner": {
        "id": 14227,
        "type": "account"
      }
    },
    {
      "rate": 0.147,
      "amount": 8.05,
      "owner": {
        "id": 2508,
        "type": "account"
      }
    },
    {
      "rate": 0.148,
      "amount": 0.896,
      "owner": {
        "id": 10944,
        "type": "account"
      }
    },
    {
      "rate": 0.149,
      "amount": 12.631,
      "owner": {
        "id": 15277,
        "type": "account"
      }
    },
    {
      "rate": 0.15,
      "amount": 115.263,
      "owner": {
        "id": 446,
        "type": "holding"
      }
    },
    {
      "rate": 0.158,
      "amount": 1,
      "owner": {
        "id": 5597,
        "type": "account"
      }
    },
    {
      "rate": 0.159,
      "amount": 129.82,
      "owner": {
        "id": 527,
        "type": "holding"
      }
    },
    {
      "rate": 0.16,
      "amount": 681.49,
      "owner": {
        "id": 45,
        "type": "country"
      }
    },
    {
      "rate": 0.161,
      "amount": 21,
      "owner": {
        "id": 9755,
        "type": "account"
      }
    },
    {
      "rate": 0.161,
      "amount": 166.524,
      "owner": {
        "id": 12419,
        "type": "account"
      }
    },
    {
      "rate": 0.165,
      "amount": 281,
      "owner": {
        "id": 11904,
        "type": "account"
      }
    },
    {
      "rate": 0.166,
      "amount": 152.089,
      "owner": {
        "id": 213,
        "type": "holding"
      }
    },
    {
      "rate": 0.167,
      "amount": 26,
      "owner": {
        "id": 11045,
        "type": "account"
      }
    },
    {
      "rate": 0.561,
      "amount": 0.7,
      "owner": {
        "id": 2241,
        "type": "account"
      }
    },
    {
      "rate": 0.59,
      "amount": 7.99,
      "owner": {
        "id": 3075,
        "type": "account"
      }
    },
    {
      "rate": 0.6,
      "amount": 0.09,
      "owner": {
        "id": 1577,
        "type": "account"
      }
    },
    {
      "rate": 1,
      "amount": 1,
      "owner": {
        "id": 10001,
        "type": "account"
      }
    },
    {
      "rate": 1,
      "amount": 0.01,
      "owner": {
        "id": 5629,
        "type": "account"
      }
    },
    {
      "rate": 1,
      "amount": 1,
      "owner": {
        "id": 5535,
        "type": "account"
      }
    },
    {
      "rate": 1,
      "amount": 0.844,
      "owner": {
        "id": 5566,
        "type": "account"
      }
    },
    {
      "rate": 1,
      "amount": 1,
      "owner": {
        "id": 1906,
        "type": "account"
      }
    },
    {
      "rate": 1,
      "amount": 1,
      "owner": {
        "id": 145,
        "type": "account"
      }
    },
    {
      "rate": 1,
      "amount": 0.01,
      "owner": {
        "id": 5532,
        "type": "account"
      }
    },
    {
      "rate": 1,
      "amount": 1,
      "owner":... (truncated)

Pobieranie danych: kursie waluty 44 z URL: https://api.eclesiar.com/market/coin/get?currency_id=44&transaction=SELL...
--- Dane o kursie waluty 44 ---
{
  "code": 200,
  "description": "Success",
  "data": [
    {
      "rate": 0.2,
      "amount": 141.883,
      "owner": {
        "id": 292,
        "type": "holding"
      }
    },
    {
      "rate": 0.25,
      "amount": 1,
      "owner": {
        "id": 7807,
        "type": "account"
      }
    },
    {
      "rate": 0.5,
      "amount": 32,
      "owner": {
        "id": 6835,
        "type": "account"
      }
    },
    {
      "rate": 0.59,
      "amount": 499,
      "owner": {
        "id": 358,
        "type": "holding"
      }
    },
    {
      "rate": 2.85,
      "amount": 16,
      "owner": {
        "id": 17,
        "type": "holding"
      }
    }
  ]
}

Pobieranie danych: kursie waluty 45 z URL: https://api.eclesiar.com/market/coin/get?currency_id=45&transaction=SELL...
--- Dane o kursie waluty 45 ---
{
  "code": 200,
  "description": "Success",
  "data": [
    {
      "rate": 0.199,
      "amount": 9.561,
      "owner": {
        "id": 1908,
        "type": "account"
      }
    },
    {
      "rate": 0.2,
      "amount": 980,
      "owner": {
        "id": 331,
        "type": "holding"
      }
    },
    {
      "rate": 0.2,
      "amount": 0.02,
      "owner": {
        "id": 13769,
        "type": "account"
      }
    },
    {
      "rate": 0.2,
      "amount": 56.11,
      "owner": {
        "id": 1511,
        "type": "account"
      }
    },
    {
      "rate": 0.201,
      "amount": 0.005,
      "owner": {
        "id": 491,
        "type": "holding"
      }
    },
    {
      "rate": 0.56,
      "amount": 3.75,
      "owner": {
        "id": 15126,
        "type": "account"
      }
    },
    {
      "rate": 0.56,
      "amount": 3.75,
      "owner": {
        "id": 14224,
        "type": "account"
      }
    },
    {
      "rate": 0.587,
      "amount": 1.5,
      "owner": {
        "id": 12028,
        "type": "account"
      }
    },
    {
      "rate": 0.587,
      "amount": 3.75,
      "owner": {
        "id": 14710,
        "type": "account"
      }
    },
    {
      "rate": 0.59,
      "amount": 11.33,
      "owner": {
        "id": 1495,
        "type": "account"
      }
    },
    {
      "rate": 0.598,
      "amount": 11.119,
      "owner": {
        "id": 55,
        "type": "holding"
      }
    },
    {
      "rate": 1,
      "amount": 0.03,
      "owner": {
        "id": 12631,
        "type": "account"
      }
    },
    {
      "rate": 1,
      "amount": 1,
      "owner": {
        "id": 10277,
        "type": "account"
      }
    },
    {
      "rate": 5,
      "amount": 1,
      "owner": {
        "id": 16243,
        "type": "account"
      }
    },
    {
      "rate": 100,
      "amount": 11.15,
      "owner": {
        "id": 595,
        "type": "holding"
      }
    },
    {
      "rate": 100,
      "amount": 15.95,
      "owner": {
        "id": 593,
        "type": "holding"
      }
    },
    {
      "rate": 100,
      "amount": 12.15,
      "owner": {
        "id": 594,
        "type": "holding"
      }
    },
    {
      "rate": 100,
      "amount": 7.16,
      "owner": {
        "id": 549,
        "type": "holding"
      }
    },
    {
      "rate": 175,
      "amount": 0.06,
      "owner": {
        "id": 214,
        "type": "account"
      }
    },
    {
      "rate": 999,
      "amount": 1,
      "owner": {
        "id": 1545,
        "type": "account"
      }
    },
    {
      "rate": 1250,
      "amount": 0.996,
      "owner": {
        "id": 11846,
        "type": "account"
      }
    },
    {
      "rate": 20000,
      "amount": 2,
      "owner": {
        "id": 9872,
        "type": "account"
      }
    }
  ]
}

Pobieranie danych: kursie waluty 46 z URL: https://api.eclesiar.com/market/coin/get?currency_id=46&transaction=SELL...
--- Dane o kursie waluty 46 ---
{
  "code": 200,
  "description": "Success",
  "data": [
    {
      "rate": 500,
      "amount": 0.077,
      "owner": {
        "id": 3163,
        "type": "account"
      }
    },
    {
      "rate": 997,
      "amount": 0.02,
      "owner": {
        "id": 51,
        "type": "holding"
      }
    }
  ]
}

Pobieranie danych: statystykach kraj√≥w (npcwage) z URL: https://api.eclesiar.com/statistics/country?statistic=npcwage...
--- Dane o statystykach kraj√≥w (npcwage) ---
{
  "code": 200,
  "description": "Success",
  "data": [
    {
      "country": {
        "id": 44,
        "name": "Japan",
        "avatar": "https://storage.eclesiar.com/medias/684.svg?v=ebd1ec93a6e4643a79e7080a49615751"
      },
      "value": 4.598244620689655
    },
    {
      "country": {
        "id": 38,
        "name": "Iraq",
        "avatar": "https://storage.eclesiar.com/medias/671.svg?v=a0926565a267e72e910d808d9035cf26"
      },
      "value": 3.36
    },
    {
      "country": {
        "id": 6,
        "name": "Peru",
        "avatar": "https://storage.eclesiar.com/medias/603.svg?v=1c5b682ff5505a6c8cc1ac841287c176"
      },
      "value": 2.8780903333333323
    },
    {
      "country": {
        "id": 5,
        "name": "Colombia",
        "avatar": "https://storage.eclesiar.com/medias/600.svg?v=941c77e71cd02c8f5ce637f34667aae1"
      },
      "value": 2.6704285714285714
    },
    {
      "country": {
        "id": 24,
        "name": "North Macedonia",
        "avatar": "https://storage.eclesiar.com/medias/634.svg?v=ac1b73d133b434131bebd59ab46f53c1"
      },
      "value": 2.4081814285714294
    },
    {
      "country": {
        "id": 45,
        "name": "South Korea",
        "avatar": "https://storage.eclesiar.com/medias/686.svg?v=c7b1ddca40db2efe9d11f58c5c8eb706"
      },
      "value": 2.21690518847539
    },
    {
      "country": {
        "id": 31,
        "name": "Turkey",
        "avatar": "https://storage.eclesiar.com/medias/640.svg?v=88efd831fecebcb44ed2a6b490265392"
      },
      "value": 2.214641176470588
    },
    {
      "country": {
        "id": 22,
        "name": "Bosnia and Herzegovina",
        "avatar": "https://storage.eclesiar.com/medias/632.svg?v=f7d85a9ca0691de9fdd4819d2653f694"
      },
      "value": 2.2069565217391305
    },
    {
      "country": {
        "id": 43,
        "name": "China",
        "avatar": "https://storage.eclesiar.com/medias/682.svg?v=82cd81ce176152d7ce00444f61a38dd4"
      },
      "value": 2.0683186878306876
    },
    {
      "country": {
        "id": 26,
        "name": "Greece",
        "avatar": "https://storage.eclesiar.com/medias/636.svg?v=f66917f677d4d642c73a6a6a74f111de"
      },
      "value": 2.036825396825397
    },
    {
      "country": {
        "id": 8,
        "name": "Chile",
        "avatar": "https://storage.eclesiar.com/medias/608.svg?v=b91367bbc6da2b2004639de3bbd6c879"
      },
      "value": 2.011428930612245
    },
    {
      "country": {
        "id": 11,
        "name": "Ireland",
        "avatar": "https://storage.eclesiar.com/medias/614.svg?v=f5b155f6f30319f482ce5c4116bda26a"
      },
      "value": 1.8270000000000002
    },
    {
      "country": {
        "id": 27,
        "name": "Hungary",
        "avatar": "https://storage.eclesiar.com/medias/637.svg?v=e741ac7ddad3dbf4093a345a732108f0"
      },
      "value": 1.809216519756839
    },
    {
      "country": {
        "id": 23,
        "name": "Serbia",
        "avatar": "https://storage.ec... (truncated)

Za≈Çadowano dane NPC wages dla 32 kraj√≥w
Generated productivity data for 1080 regions
  99% [#############################-] 130/131 ETA 00:01                                                  DEBUG: Sections received: {'military': True, 'warriors': True, 'economic': True, 'production': True}
DEBUG: military=True, warriors=True, economic=True, production=True
DEBUG: Found rates from 2025-09-04: True
DEBUG: Yesterday rates keys: ['-1', '2', '3', '4', '5']
DEBUG: has_diff = True, cols = 4
DEBUG: cheapest_items_all_countries found: True
DEBUG: Number of items: 24
DEBUG: Sample keys: [1, 2, 3, 4, 5]
DEBUG: Grouped items: ['Grain (No Quality)', 'Food Q1', 'Food Q2', 'Food Q3', 'Food Q4', 'Food Q5', 'Iron (No Quality)', 'Weapon Q1', 'Weapon Q2', 'Weapon Q3', 'Weapon Q4', 'Weapon Q5', 'Fuel (No Quality)', 'Airplane Ticket Q1', 'Airplane Ticket Q2', 'Airplane Ticket Q3', 'Airplane Ticket Q4', 'Airplane Ticket Q5', 'Titanium (No Quality)', 'Aircraft Q1', 'Aircraft Q2', 'Aircraft Q3', 'Aircraft Q4', 'Aircraft Q5']
Raport DOCX zosta≈Ç pomy≈õlnie wygenerowany jako 'reports/raport_dzienny_2025-09-08_09-39.docx'
 100% [##############################] 131/131 ETA 00:00 - Generowanie raportu DOCX                       Raport DOCX wygenerowany: reports/raport_dzienny_2025-09-08_09-39.docx
Dane historyczne zosta≈Çy zapisane (DB).

‚úÖ Raport DOCX zosta≈Ç pomy≈õlnie wygenerowany: reports/raport_dzienny_2025-09-08_09-39.docx
üìä Dane historyczne zapisane dla: 2025-09-08
 100% [##############################] 131/131 ETA 00:00 - Zako≈Ñczono                                     

‚úÖ Analiza zako≈Ñczona pomy≈õlnie!
‚è∞ Czas zako≈Ñczenia: 2025-09-08 09:39:13
